<!doctype html public "-//w3c//dtd html 4.0 transitional//en">
<html><head>
<title>Static Call Graph - [./Project/Project.axf]</title></head>
<body><HR>
<H1>Static Call Graph for image ./Project/Project.axf</H1><HR>
<BR><P>#&#060CALLGRAPH&#062# ARM Linker, 6210000: Last Updated: Fri Apr 10 14:39:00 2026
<BR><P>
<H3>Maximum Stack Usage =        316 bytes + Unknown(Functions without stacksize, Cycles, Untraceable Function Pointers)</H3><H3>
Call chain for Maximum Stack Depth:</H3>
USB_IRQHandler &rArr; USBD_IRQHandler &rArr; handle_ep0 &rArr; usbd_event_ep0_setup_complete_handler &rArr; usbd_setup_request_handler &rArr; usbd_standard_request_handler &rArr; usbd_std_interface_req_handler &rArr; usbd_set_interface &rArr; usbd_set_endpoint &rArr; usbd_ep_open &rArr; pyusb_get_fifo_size
<P>
<H3>
Functions with no stack information
</H3><UL>
 <LI><a href="#[d3]">__user_initial_stackheap</a>
</UL>
</UL>
<P>
<H3>
Mutually Recursive functions
</H3> <LI><a href="#[1d]">ADC1_2_IRQHandler</a>&nbsp;&nbsp;&nbsp;&rArr;&nbsp;&nbsp;&nbsp;<a href="#[1d]">ADC1_2_IRQHandler</a><BR>
</UL>
<P>
<H3>
Function Pointers
</H3><UL>
 <LI><a href="#[1d]">ADC1_2_IRQHandler</a> from startup_py32f403xx.o(.text) referenced from startup_py32f403xx.o(RESET)
 <LI><a href="#[37]">ADC3_IRQHandler</a> from startup_py32f403xx.o(.text) referenced from startup_py32f403xx.o(RESET)
 <LI><a href="#[5]">BusFault_Handler</a> from py32f403_it.o(.text) referenced from startup_py32f403xx.o(RESET)
 <LI><a href="#[1f]">CAN_IRQHandler</a> from startup_py32f403xx.o(.text) referenced from startup_py32f403xx.o(RESET)
 <LI><a href="#[16]">DMA1_Channel1_IRQHandler</a> from startup_py32f403xx.o(.text) referenced from startup_py32f403xx.o(RESET)
 <LI><a href="#[17]">DMA1_Channel2_IRQHandler</a> from startup_py32f403xx.o(.text) referenced from startup_py32f403xx.o(RESET)
 <LI><a href="#[18]">DMA1_Channel3_IRQHandler</a> from startup_py32f403xx.o(.text) referenced from startup_py32f403xx.o(RESET)
 <LI><a href="#[19]">DMA1_Channel4_IRQHandler</a> from startup_py32f403xx.o(.text) referenced from startup_py32f403xx.o(RESET)
 <LI><a href="#[1a]">DMA1_Channel5_IRQHandler</a> from startup_py32f403xx.o(.text) referenced from startup_py32f403xx.o(RESET)
 <LI><a href="#[1b]">DMA1_Channel6_IRQHandler</a> from startup_py32f403xx.o(.text) referenced from startup_py32f403xx.o(RESET)
 <LI><a href="#[1c]">DMA1_Channel7_IRQHandler</a> from startup_py32f403xx.o(.text) referenced from startup_py32f403xx.o(RESET)
 <LI><a href="#[40]">DMA2_Channel1_IRQHandler</a> from startup_py32f403xx.o(.text) referenced from startup_py32f403xx.o(RESET)
 <LI><a href="#[41]">DMA2_Channel2_IRQHandler</a> from startup_py32f403xx.o(.text) referenced from startup_py32f403xx.o(RESET)
 <LI><a href="#[42]">DMA2_Channel3_IRQHandler</a> from startup_py32f403xx.o(.text) referenced from startup_py32f403xx.o(RESET)
 <LI><a href="#[43]">DMA2_Channel4_5_IRQHandler</a> from startup_py32f403xx.o(.text) referenced from startup_py32f403xx.o(RESET)
 <LI><a href="#[8]">DebugMon_Handler</a> from py32f403_it.o(.text) referenced from startup_py32f403xx.o(RESET)
 <LI><a href="#[38]">ESMC_IRQHandler</a> from startup_py32f403xx.o(.text) referenced from startup_py32f403xx.o(RESET)
 <LI><a href="#[11]">EXTI0_IRQHandler</a> from startup_py32f403xx.o(.text) referenced from startup_py32f403xx.o(RESET)
 <LI><a href="#[31]">EXTI15_10_IRQHandler</a> from startup_py32f403xx.o(.text) referenced from startup_py32f403xx.o(RESET)
 <LI><a href="#[12]">EXTI1_IRQHandler</a> from startup_py32f403xx.o(.text) referenced from startup_py32f403xx.o(RESET)
 <LI><a href="#[13]">EXTI2_IRQHandler</a> from startup_py32f403xx.o(.text) referenced from startup_py32f403xx.o(RESET)
 <LI><a href="#[14]">EXTI3_IRQHandler</a> from startup_py32f403xx.o(.text) referenced from startup_py32f403xx.o(RESET)
 <LI><a href="#[15]">EXTI4_IRQHandler</a> from startup_py32f403xx.o(.text) referenced from startup_py32f403xx.o(RESET)
 <LI><a href="#[20]">EXTI9_5_IRQHandler</a> from startup_py32f403xx.o(.text) referenced from startup_py32f403xx.o(RESET)
 <LI><a href="#[f]">FLASH_IRQHandler</a> from startup_py32f403xx.o(.text) referenced from startup_py32f403xx.o(RESET)
 <LI><a href="#[3]">HardFault_Handler</a> from py32f403_it.o(.text) referenced from startup_py32f403xx.o(RESET)
 <LI><a href="#[29]">I2C1_ER_IRQHandler</a> from startup_py32f403xx.o(.text) referenced from startup_py32f403xx.o(RESET)
 <LI><a href="#[28]">I2C1_EV_IRQHandler</a> from startup_py32f403xx.o(.text) referenced from startup_py32f403xx.o(RESET)
 <LI><a href="#[2b]">I2C2_ER_IRQHandler</a> from startup_py32f403xx.o(.text) referenced from startup_py32f403xx.o(RESET)
 <LI><a href="#[2a]">I2C2_EV_IRQHandler</a> from startup_py32f403xx.o(.text) referenced from startup_py32f403xx.o(RESET)
 <LI><a href="#[4]">MemManage_Handler</a> from py32f403_it.o(.text) referenced from startup_py32f403xx.o(RESET)
 <LI><a href="#[2]">NMI_Handler</a> from py32f403_it.o(.text) referenced from startup_py32f403xx.o(RESET)
 <LI><a href="#[c]">PVD_IRQHandler</a> from startup_py32f403xx.o(.text) referenced from startup_py32f403xx.o(RESET)
 <LI><a href="#[9]">PendSV_Handler</a> from py32f403_it.o(.text) referenced from startup_py32f403xx.o(RESET)
 <LI><a href="#[10]">RCC_CTC_IRQHandler</a> from startup_py32f403xx.o(.text) referenced from startup_py32f403xx.o(RESET)
 <LI><a href="#[32]">RTC_Alarm_IRQHandler</a> from startup_py32f403xx.o(.text) referenced from startup_py32f403xx.o(RESET)
 <LI><a href="#[e]">RTC_IRQHandler</a> from startup_py32f403xx.o(.text) referenced from startup_py32f403xx.o(RESET)
 <LI><a href="#[1]">Reset_Handler</a> from startup_py32f403xx.o(.text) referenced from startup_py32f403xx.o(RESET)
 <LI><a href="#[39]">SDIO_IRQHandler</a> from startup_py32f403xx.o(.text) referenced from startup_py32f403xx.o(RESET)
 <LI><a href="#[2c]">SPI1_IRQHandler</a> from startup_py32f403xx.o(.text) referenced from startup_py32f403xx.o(RESET)
 <LI><a href="#[2d]">SPI2_IRQHandler</a> from startup_py32f403xx.o(.text) referenced from startup_py32f403xx.o(RESET)
 <LI><a href="#[3b]">SPI3_IRQHandler</a> from startup_py32f403xx.o(.text) referenced from startup_py32f403xx.o(RESET)
 <LI><a href="#[7]">SVC_Handler</a> from py32f403_it.o(.text) referenced from startup_py32f403xx.o(RESET)
 <LI><a href="#[a]">SysTick_Handler</a> from py32f403_it.o(.text) referenced from startup_py32f403xx.o(RESET)
 <LI><a href="#[45]">SystemInit</a> from system_py32f403.o(.text) referenced from startup_py32f403xx.o(.text)
 <LI><a href="#[d]">TAMPER_IRQHandler</a> from startup_py32f403xx.o(.text) referenced from startup_py32f403xx.o(RESET)
 <LI><a href="#[21]">TIM1_BRK_TIM9_IRQHandler</a> from startup_py32f403xx.o(.text) referenced from startup_py32f403xx.o(RESET)
 <LI><a href="#[24]">TIM1_CC_IRQHandler</a> from startup_py32f403xx.o(.text) referenced from startup_py32f403xx.o(RESET)
 <LI><a href="#[23]">TIM1_TRG_COM_TIM11_IRQHandler</a> from startup_py32f403xx.o(.text) referenced from startup_py32f403xx.o(RESET)
 <LI><a href="#[22]">TIM1_UP_TIM10_IRQHandler</a> from startup_py32f403xx.o(.text) referenced from startup_py32f403xx.o(RESET)
 <LI><a href="#[25]">TIM2_IRQHandler</a> from startup_py32f403xx.o(.text) referenced from startup_py32f403xx.o(RESET)
 <LI><a href="#[26]">TIM3_IRQHandler</a> from startup_py32f403xx.o(.text) referenced from startup_py32f403xx.o(RESET)
 <LI><a href="#[27]">TIM4_IRQHandler</a> from startup_py32f403xx.o(.text) referenced from startup_py32f403xx.o(RESET)
 <LI><a href="#[3a]">TIM5_IRQHandler</a> from startup_py32f403xx.o(.text) referenced from startup_py32f403xx.o(RESET)
 <LI><a href="#[3e]">TIM6_IRQHandler</a> from startup_py32f403xx.o(.text) referenced from startup_py32f403xx.o(RESET)
 <LI><a href="#[3f]">TIM7_IRQHandler</a> from startup_py32f403xx.o(.text) referenced from startup_py32f403xx.o(RESET)
 <LI><a href="#[33]">TIM8_BRK_TIM12_IRQHandler</a> from startup_py32f403xx.o(.text) referenced from startup_py32f403xx.o(RESET)
 <LI><a href="#[36]">TIM8_CC_IRQHandler</a> from startup_py32f403xx.o(.text) referenced from startup_py32f403xx.o(RESET)
 <LI><a href="#[35]">TIM8_TRG_COM_TIM14_IRQHandler</a> from startup_py32f403xx.o(.text) referenced from startup_py32f403xx.o(RESET)
 <LI><a href="#[34]">TIM8_UP_TIM13_IRQHandler</a> from startup_py32f403xx.o(.text) referenced from startup_py32f403xx.o(RESET)
 <LI><a href="#[2e]">USART1_IRQHandler</a> from startup_py32f403xx.o(.text) referenced from startup_py32f403xx.o(RESET)
 <LI><a href="#[2f]">USART2_IRQHandler</a> from startup_py32f403xx.o(.text) referenced from startup_py32f403xx.o(RESET)
 <LI><a href="#[30]">USART3_IRQHandler</a> from startup_py32f403xx.o(.text) referenced from startup_py32f403xx.o(RESET)
 <LI><a href="#[3c]">USART4_IRQHandler</a> from startup_py32f403xx.o(.text) referenced from startup_py32f403xx.o(RESET)
 <LI><a href="#[3d]">USART5_IRQHandler</a> from startup_py32f403xx.o(.text) referenced from startup_py32f403xx.o(RESET)
 <LI><a href="#[1e]">USB_IRQHandler</a> from py32f403_it.o(.text) referenced from startup_py32f403xx.o(RESET)
 <LI><a href="#[6]">UsageFault_Handler</a> from py32f403_it.o(.text) referenced from startup_py32f403xx.o(RESET)
 <LI><a href="#[b]">WWDG_IRQHandler</a> from startup_py32f403xx.o(.text) referenced from startup_py32f403xx.o(RESET)
 <LI><a href="#[46]">__main</a> from __main.o(!!!main) referenced from startup_py32f403xx.o(.text)
 <LI><a href="#[44]">hid_class_interface_request_handler</a> from usbd_hid.o(.text) referenced 2 times from usbd_hid.o(.text)
 <LI><a href="#[0]">usbd_hid_int_callback</a> from usbd_hid_keyboard_if.o(.text) referenced 2 times from usbd_hid_keyboard_if.o(.data.hid_in_ep)
</UL>
<P>
<H3>
Global Symbols
</H3>
<P><STRONG><a name="[46]"></a>__main</STRONG> (Thumb, 8 bytes, Stack size 0 bytes, __main.o(!!!main))
<BR><BR>[Calls]<UL><LI><a href="#[48]">&gt;&gt;</a>&nbsp;&nbsp;&nbsp;__rt_entry
<LI><a href="#[47]">&gt;&gt;</a>&nbsp;&nbsp;&nbsp;__scatterload
</UL>
<BR>[Address Reference Count : 1]<UL><LI> startup_py32f403xx.o(.text)
</UL>
<P><STRONG><a name="[47]"></a>__scatterload</STRONG> (Thumb, 0 bytes, Stack size unknown bytes, __scatter.o(!!!scatter))
<BR><BR>[Called By]<UL><LI><a href="#[46]">&gt;&gt;</a>&nbsp;&nbsp;&nbsp;__main
</UL>

<P><STRONG><a name="[49]"></a>__scatterload_rt2</STRONG> (Thumb, 84 bytes, Stack size unknown bytes, __scatter.o(!!!scatter), UNUSED)
<BR><BR>[Calls]<UL><LI><a href="#[48]">&gt;&gt;</a>&nbsp;&nbsp;&nbsp;__rt_entry
</UL>

<P><STRONG><a name="[d5]"></a>__scatterload_rt2_thumb_only</STRONG> (Thumb, 0 bytes, Stack size unknown bytes, __scatter.o(!!!scatter), UNUSED)

<P><STRONG><a name="[d6]"></a>__scatterload_loop</STRONG> (Thumb, 0 bytes, Stack size unknown bytes, __scatter.o(!!!scatter), UNUSED)

<P><STRONG><a name="[d7]"></a>__decompress</STRONG> (Thumb, 58 bytes, Stack size unknown bytes, __dczerorl.o(!!dczerorl), UNUSED)

<P><STRONG><a name="[d8]"></a>__decompress0</STRONG> (Thumb, 0 bytes, Stack size unknown bytes, __dczerorl.o(!!dczerorl), UNUSED)

<P><STRONG><a name="[d9]"></a>__scatterload_null</STRONG> (Thumb, 2 bytes, Stack size unknown bytes, __scatter.o(!!handler_null), UNUSED)

<P><STRONG><a name="[da]"></a>__scatterload_zeroinit</STRONG> (Thumb, 28 bytes, Stack size unknown bytes, __scatter_zi.o(!!handler_zi), UNUSED)

<P><STRONG><a name="[4f]"></a>__rt_lib_init</STRONG> (Thumb, 0 bytes, Stack size unknown bytes, libinit.o(.ARM.Collect$$libinit$$00000000))
<BR><BR>[Called By]<UL><LI><a href="#[4e]">&gt;&gt;</a>&nbsp;&nbsp;&nbsp;__rt_entry_li
</UL>

<P><STRONG><a name="[4a]"></a>__rt_lib_init_fp_1</STRONG> (Thumb, 0 bytes, Stack size unknown bytes, libinit2.o(.ARM.Collect$$libinit$$00000001))
<BR><BR>[Calls]<UL><LI><a href="#[4b]">&gt;&gt;</a>&nbsp;&nbsp;&nbsp;_fp_init
</UL>

<P><STRONG><a name="[db]"></a>__rt_lib_init_alloca_1</STRONG> (Thumb, 0 bytes, Stack size unknown bytes, libinit2.o(.ARM.Collect$$libinit$$00000030))

<P><STRONG><a name="[dc]"></a>__rt_lib_init_argv_1</STRONG> (Thumb, 0 bytes, Stack size unknown bytes, libinit2.o(.ARM.Collect$$libinit$$0000002E))

<P><STRONG><a name="[dd]"></a>__rt_lib_init_atexit_1</STRONG> (Thumb, 0 bytes, Stack size unknown bytes, libinit2.o(.ARM.Collect$$libinit$$0000001D))

<P><STRONG><a name="[de]"></a>__rt_lib_init_clock_1</STRONG> (Thumb, 0 bytes, Stack size unknown bytes, libinit2.o(.ARM.Collect$$libinit$$00000023))

<P><STRONG><a name="[df]"></a>__rt_lib_init_cpp_1</STRONG> (Thumb, 0 bytes, Stack size unknown bytes, libinit2.o(.ARM.Collect$$libinit$$00000034))

<P><STRONG><a name="[e0]"></a>__rt_lib_init_exceptions_1</STRONG> (Thumb, 0 bytes, Stack size unknown bytes, libinit2.o(.ARM.Collect$$libinit$$00000032))

<P><STRONG><a name="[e1]"></a>__rt_lib_init_fp_trap_1</STRONG> (Thumb, 0 bytes, Stack size unknown bytes, libinit2.o(.ARM.Collect$$libinit$$00000021))

<P><STRONG><a name="[e2]"></a>__rt_lib_init_getenv_1</STRONG> (Thumb, 0 bytes, Stack size unknown bytes, libinit2.o(.ARM.Collect$$libinit$$00000025))

<P><STRONG><a name="[e3]"></a>__rt_lib_init_heap_1</STRONG> (Thumb, 0 bytes, Stack size unknown bytes, libinit2.o(.ARM.Collect$$libinit$$0000000C))

<P><STRONG><a name="[e4]"></a>__rt_lib_init_lc_collate_1</STRONG> (Thumb, 0 bytes, Stack size unknown bytes, libinit2.o(.ARM.Collect$$libinit$$00000013))

<P><STRONG><a name="[e5]"></a>__rt_lib_init_lc_ctype_1</STRONG> (Thumb, 0 bytes, Stack size unknown bytes, libinit2.o(.ARM.Collect$$libinit$$00000015))

<P><STRONG><a name="[e6]"></a>__rt_lib_init_lc_monetary_1</STRONG> (Thumb, 0 bytes, Stack size unknown bytes, libinit2.o(.ARM.Collect$$libinit$$00000017))

<P><STRONG><a name="[e7]"></a>__rt_lib_init_lc_numeric_1</STRONG> (Thumb, 0 bytes, Stack size unknown bytes, libinit2.o(.ARM.Collect$$libinit$$00000019))

<P><STRONG><a name="[e8]"></a>__rt_lib_init_lc_time_1</STRONG> (Thumb, 0 bytes, Stack size unknown bytes, libinit2.o(.ARM.Collect$$libinit$$0000001B))

<P><STRONG><a name="[e9]"></a>__rt_lib_init_preinit_1</STRONG> (Thumb, 0 bytes, Stack size unknown bytes, libinit2.o(.ARM.Collect$$libinit$$00000006))

<P><STRONG><a name="[ea]"></a>__rt_lib_init_rand_1</STRONG> (Thumb, 0 bytes, Stack size unknown bytes, libinit2.o(.ARM.Collect$$libinit$$00000010))

<P><STRONG><a name="[eb]"></a>__rt_lib_init_relocate_pie_1</STRONG> (Thumb, 0 bytes, Stack size unknown bytes, libinit2.o(.ARM.Collect$$libinit$$00000004))

<P><STRONG><a name="[ec]"></a>__rt_lib_init_return</STRONG> (Thumb, 0 bytes, Stack size unknown bytes, libinit2.o(.ARM.Collect$$libinit$$00000035))

<P><STRONG><a name="[ed]"></a>__rt_lib_init_signal_1</STRONG> (Thumb, 0 bytes, Stack size unknown bytes, libinit2.o(.ARM.Collect$$libinit$$0000001F))

<P><STRONG><a name="[ee]"></a>__rt_lib_init_stdio_1</STRONG> (Thumb, 0 bytes, Stack size unknown bytes, libinit2.o(.ARM.Collect$$libinit$$00000027))

<P><STRONG><a name="[ef]"></a>__rt_lib_init_user_alloc_1</STRONG> (Thumb, 0 bytes, Stack size unknown bytes, libinit2.o(.ARM.Collect$$libinit$$0000000E))

<P><STRONG><a name="[54]"></a>__rt_lib_shutdown</STRONG> (Thumb, 0 bytes, Stack size unknown bytes, libshutdown.o(.ARM.Collect$$libshutdown$$00000000))
<BR><BR>[Called By]<UL><LI><a href="#[53]">&gt;&gt;</a>&nbsp;&nbsp;&nbsp;__rt_exit_ls
</UL>

<P><STRONG><a name="[f0]"></a>__rt_lib_shutdown_cpp_1</STRONG> (Thumb, 0 bytes, Stack size unknown bytes, libshutdown2.o(.ARM.Collect$$libshutdown$$00000002))

<P><STRONG><a name="[f1]"></a>__rt_lib_shutdown_fp_trap_1</STRONG> (Thumb, 0 bytes, Stack size unknown bytes, libshutdown2.o(.ARM.Collect$$libshutdown$$00000007))

<P><STRONG><a name="[f2]"></a>__rt_lib_shutdown_heap_1</STRONG> (Thumb, 0 bytes, Stack size unknown bytes, libshutdown2.o(.ARM.Collect$$libshutdown$$0000000F))

<P><STRONG><a name="[f3]"></a>__rt_lib_shutdown_return</STRONG> (Thumb, 0 bytes, Stack size unknown bytes, libshutdown2.o(.ARM.Collect$$libshutdown$$00000010))

<P><STRONG><a name="[f4]"></a>__rt_lib_shutdown_signal_1</STRONG> (Thumb, 0 bytes, Stack size unknown bytes, libshutdown2.o(.ARM.Collect$$libshutdown$$0000000A))

<P><STRONG><a name="[f5]"></a>__rt_lib_shutdown_stdio_1</STRONG> (Thumb, 0 bytes, Stack size unknown bytes, libshutdown2.o(.ARM.Collect$$libshutdown$$00000004))

<P><STRONG><a name="[f6]"></a>__rt_lib_shutdown_user_alloc_1</STRONG> (Thumb, 0 bytes, Stack size unknown bytes, libshutdown2.o(.ARM.Collect$$libshutdown$$0000000C))

<P><STRONG><a name="[48]"></a>__rt_entry</STRONG> (Thumb, 0 bytes, Stack size unknown bytes, __rtentry.o(.ARM.Collect$$rtentry$$00000000))
<BR><BR>[Called By]<UL><LI><a href="#[46]">&gt;&gt;</a>&nbsp;&nbsp;&nbsp;__main
<LI><a href="#[49]">&gt;&gt;</a>&nbsp;&nbsp;&nbsp;__scatterload_rt2
</UL>

<P><STRONG><a name="[f7]"></a>__rt_entry_presh_1</STRONG> (Thumb, 0 bytes, Stack size unknown bytes, __rtentry2.o(.ARM.Collect$$rtentry$$00000002))

<P><STRONG><a name="[4c]"></a>__rt_entry_sh</STRONG> (Thumb, 0 bytes, Stack size unknown bytes, __rtentry4.o(.ARM.Collect$$rtentry$$00000004))
<BR><BR>[Stack]<UL><LI>Max Depth = 8 + Unknown Stack Size
<LI>Call Chain = __rt_entry_sh &rArr; __user_setup_stackheap
</UL>
<BR>[Calls]<UL><LI><a href="#[4d]">&gt;&gt;</a>&nbsp;&nbsp;&nbsp;__user_setup_stackheap
</UL>

<P><STRONG><a name="[4e]"></a>__rt_entry_li</STRONG> (Thumb, 0 bytes, Stack size unknown bytes, __rtentry2.o(.ARM.Collect$$rtentry$$0000000A))
<BR><BR>[Calls]<UL><LI><a href="#[4f]">&gt;&gt;</a>&nbsp;&nbsp;&nbsp;__rt_lib_init
</UL>

<P><STRONG><a name="[f8]"></a>__rt_entry_postsh_1</STRONG> (Thumb, 0 bytes, Stack size unknown bytes, __rtentry2.o(.ARM.Collect$$rtentry$$00000009))

<P><STRONG><a name="[50]"></a>__rt_entry_main</STRONG> (Thumb, 0 bytes, Stack size unknown bytes, __rtentry2.o(.ARM.Collect$$rtentry$$0000000D))
<BR><BR>[Stack]<UL><LI>Max Depth = 224 + Unknown Stack Size
<LI>Call Chain = __rt_entry_main &rArr; main &rArr; APP_SystemClockConfig &rArr; HAL_RCC_ClockConfig &rArr; HAL_RCC_GetSysClockFreq
</UL>
<BR>[Calls]<UL><LI><a href="#[51]">&gt;&gt;</a>&nbsp;&nbsp;&nbsp;main
<LI><a href="#[52]">&gt;&gt;</a>&nbsp;&nbsp;&nbsp;exit
</UL>

<P><STRONG><a name="[f9]"></a>__rt_entry_postli_1</STRONG> (Thumb, 0 bytes, Stack size unknown bytes, __rtentry2.o(.ARM.Collect$$rtentry$$0000000C))

<P><STRONG><a name="[d4]"></a>__rt_exit</STRONG> (Thumb, 0 bytes, Stack size unknown bytes, rtexit.o(.ARM.Collect$$rtexit$$00000000))
<BR><BR>[Called By]<UL><LI><a href="#[52]">&gt;&gt;</a>&nbsp;&nbsp;&nbsp;exit
</UL>

<P><STRONG><a name="[53]"></a>__rt_exit_ls</STRONG> (Thumb, 0 bytes, Stack size unknown bytes, rtexit2.o(.ARM.Collect$$rtexit$$00000003))
<BR><BR>[Calls]<UL><LI><a href="#[54]">&gt;&gt;</a>&nbsp;&nbsp;&nbsp;__rt_lib_shutdown
</UL>

<P><STRONG><a name="[fa]"></a>__rt_exit_prels_1</STRONG> (Thumb, 0 bytes, Stack size unknown bytes, rtexit2.o(.ARM.Collect$$rtexit$$00000002))

<P><STRONG><a name="[55]"></a>__rt_exit_exit</STRONG> (Thumb, 0 bytes, Stack size unknown bytes, rtexit2.o(.ARM.Collect$$rtexit$$00000004))
<BR><BR>[Calls]<UL><LI><a href="#[56]">&gt;&gt;</a>&nbsp;&nbsp;&nbsp;_sys_exit
</UL>

<P><STRONG><a name="[57]"></a>HAL_Init</STRONG> (Thumb, 22 bytes, Stack size 8 bytes, py32f403_hal.o(.text))
<BR><BR>[Stack]<UL><LI>Max Depth = 88<LI>Call Chain = HAL_Init &rArr; HAL_InitTick &rArr; HAL_NVIC_SetPriority &rArr; NVIC_EncodePriority
</UL>
<BR>[Calls]<UL><LI><a href="#[5a]">&gt;&gt;</a>&nbsp;&nbsp;&nbsp;HAL_MspInit
<LI><a href="#[59]">&gt;&gt;</a>&nbsp;&nbsp;&nbsp;HAL_InitTick
<LI><a href="#[58]">&gt;&gt;</a>&nbsp;&nbsp;&nbsp;HAL_NVIC_SetPriorityGrouping
</UL>
<BR>[Called By]<UL><LI><a href="#[51]">&gt;&gt;</a>&nbsp;&nbsp;&nbsp;main
</UL>

<P><STRONG><a name="[59]"></a>HAL_InitTick</STRONG> (Thumb, 104 bytes, Stack size 16 bytes, py32f403_hal.o(.text))
<BR><BR>[Stack]<UL><LI>Max Depth = 80<LI>Call Chain = HAL_InitTick &rArr; HAL_NVIC_SetPriority &rArr; NVIC_EncodePriority
</UL>
<BR>[Calls]<UL><LI><a href="#[5b]">&gt;&gt;</a>&nbsp;&nbsp;&nbsp;HAL_SYSTICK_Config
<LI><a href="#[5c]">&gt;&gt;</a>&nbsp;&nbsp;&nbsp;HAL_NVIC_SetPriority
</UL>
<BR>[Called By]<UL><LI><a href="#[80]">&gt;&gt;</a>&nbsp;&nbsp;&nbsp;HAL_RCC_ClockConfig
<LI><a href="#[7d]">&gt;&gt;</a>&nbsp;&nbsp;&nbsp;HAL_RCC_DeInit
<LI><a href="#[5f]">&gt;&gt;</a>&nbsp;&nbsp;&nbsp;HAL_SetTickFreq
<LI><a href="#[57]">&gt;&gt;</a>&nbsp;&nbsp;&nbsp;HAL_Init
</UL>

<P><STRONG><a name="[5d]"></a>HAL_DeInit</STRONG> (Thumb, 70 bytes, Stack size 16 bytes, py32f403_hal.o(.text), UNUSED)
<BR><BR>[Calls]<UL><LI><a href="#[5e]">&gt;&gt;</a>&nbsp;&nbsp;&nbsp;HAL_MspDeInit
</UL>

<P><STRONG><a name="[5e]"></a>HAL_MspDeInit</STRONG> (Thumb, 2 bytes, Stack size 0 bytes, py32f403_hal.o(.text), UNUSED)
<BR><BR>[Called By]<UL><LI><a href="#[5d]">&gt;&gt;</a>&nbsp;&nbsp;&nbsp;HAL_DeInit
</UL>

<P><STRONG><a name="[c9]"></a>HAL_IncTick</STRONG> (Thumb, 26 bytes, Stack size 0 bytes, py32f403_hal.o(.text))
<BR><BR>[Called By]<UL><LI><a href="#[a]">&gt;&gt;</a>&nbsp;&nbsp;&nbsp;SysTick_Handler
</UL>

<P><STRONG><a name="[61]"></a>HAL_GetTick</STRONG> (Thumb, 12 bytes, Stack size 0 bytes, py32f403_hal.o(.text))
<BR><BR>[Called By]<UL><LI><a href="#[80]">&gt;&gt;</a>&nbsp;&nbsp;&nbsp;HAL_RCC_ClockConfig
<LI><a href="#[7e]">&gt;&gt;</a>&nbsp;&nbsp;&nbsp;HAL_RCC_OscConfig
<LI><a href="#[7d]">&gt;&gt;</a>&nbsp;&nbsp;&nbsp;HAL_RCC_DeInit
<LI><a href="#[60]">&gt;&gt;</a>&nbsp;&nbsp;&nbsp;HAL_Delay
</UL>

<P><STRONG><a name="[fb]"></a>HAL_GetTickPrio</STRONG> (Thumb, 12 bytes, Stack size 0 bytes, py32f403_hal.o(.text), UNUSED)

<P><STRONG><a name="[5f]"></a>HAL_SetTickFreq</STRONG> (Thumb, 72 bytes, Stack size 16 bytes, py32f403_hal.o(.text), UNUSED)
<BR><BR>[Calls]<UL><LI><a href="#[59]">&gt;&gt;</a>&nbsp;&nbsp;&nbsp;HAL_InitTick
</UL>

<P><STRONG><a name="[fc]"></a>HAL_GetTickFreq</STRONG> (Thumb, 12 bytes, Stack size 0 bytes, py32f403_hal.o(.text), UNUSED)

<P><STRONG><a name="[60]"></a>HAL_Delay</STRONG> (Thumb, 66 bytes, Stack size 24 bytes, py32f403_hal.o(.text), UNUSED)
<BR><BR>[Calls]<UL><LI><a href="#[61]">&gt;&gt;</a>&nbsp;&nbsp;&nbsp;HAL_GetTick
</UL>

<P><STRONG><a name="[fd]"></a>HAL_SuspendTick</STRONG> (Thumb, 18 bytes, Stack size 0 bytes, py32f403_hal.o(.text), UNUSED)

<P><STRONG><a name="[fe]"></a>HAL_ResumeTick</STRONG> (Thumb, 18 bytes, Stack size 0 bytes, py32f403_hal.o(.text), UNUSED)

<P><STRONG><a name="[ff]"></a>HAL_GetHalVersion</STRONG> (Thumb, 6 bytes, Stack size 0 bytes, py32f403_hal.o(.text), UNUSED)

<P><STRONG><a name="[100]"></a>HAL_GetREVID</STRONG> (Thumb, 12 bytes, Stack size 0 bytes, py32f403_hal.o(.text), UNUSED)

<P><STRONG><a name="[101]"></a>HAL_GetDEVID</STRONG> (Thumb, 16 bytes, Stack size 0 bytes, py32f403_hal.o(.text), UNUSED)

<P><STRONG><a name="[102]"></a>HAL_GetUIDw0</STRONG> (Thumb, 12 bytes, Stack size 0 bytes, py32f403_hal.o(.text), UNUSED)

<P><STRONG><a name="[103]"></a>HAL_GetUIDw1</STRONG> (Thumb, 12 bytes, Stack size 0 bytes, py32f403_hal.o(.text), UNUSED)

<P><STRONG><a name="[104]"></a>HAL_GetUIDw2</STRONG> (Thumb, 12 bytes, Stack size 0 bytes, py32f403_hal.o(.text), UNUSED)

<P><STRONG><a name="[105]"></a>HAL_DBGMCU_EnableDBGSleepMode</STRONG> (Thumb, 18 bytes, Stack size 0 bytes, py32f403_hal.o(.text), UNUSED)

<P><STRONG><a name="[106]"></a>HAL_DBGMCU_DisableDBGSleepMode</STRONG> (Thumb, 18 bytes, Stack size 0 bytes, py32f403_hal.o(.text), UNUSED)

<P><STRONG><a name="[107]"></a>HAL_DBGMCU_EnableDBGStopMode</STRONG> (Thumb, 18 bytes, Stack size 0 bytes, py32f403_hal.o(.text), UNUSED)

<P><STRONG><a name="[108]"></a>HAL_DBGMCU_DisableDBGStopMode</STRONG> (Thumb, 18 bytes, Stack size 0 bytes, py32f403_hal.o(.text), UNUSED)

<P><STRONG><a name="[109]"></a>HAL_DBGMCU_EnableDBGStandbyMode</STRONG> (Thumb, 18 bytes, Stack size 0 bytes, py32f403_hal.o(.text), UNUSED)

<P><STRONG><a name="[10a]"></a>HAL_DBGMCU_DisableDBGStandbyMode</STRONG> (Thumb, 18 bytes, Stack size 0 bytes, py32f403_hal.o(.text), UNUSED)

<P><STRONG><a name="[10b]"></a>HAL_DBGMCU_SetTracePinAssignment</STRONG> (Thumb, 28 bytes, Stack size 4 bytes, py32f403_hal.o(.text), UNUSED)

<P><STRONG><a name="[10c]"></a>HAL_DBGMCU_GetTracePinAssignment</STRONG> (Thumb, 16 bytes, Stack size 0 bytes, py32f403_hal.o(.text), UNUSED)

<P><STRONG><a name="[10d]"></a>HAL_SYSCFG_SetRemapMemory</STRONG> (Thumb, 26 bytes, Stack size 4 bytes, py32f403_hal.o(.text), UNUSED)

<P><STRONG><a name="[10e]"></a>HAL_SYSCFG_GetRemapMemory</STRONG> (Thumb, 14 bytes, Stack size 0 bytes, py32f403_hal.o(.text), UNUSED)

<P><STRONG><a name="[10f]"></a>HAL_SYSCFG_EnableGPIOAnalogMode</STRONG> (Thumb, 22 bytes, Stack size 4 bytes, py32f403_hal.o(.text), UNUSED)

<P><STRONG><a name="[110]"></a>HAL_SYSCFG_DisableGPIOAnalogMode</STRONG> (Thumb, 22 bytes, Stack size 4 bytes, py32f403_hal.o(.text), UNUSED)

<P><STRONG><a name="[111]"></a>HAL_SYSCFG_EnableI2CAnalogFilter</STRONG> (Thumb, 22 bytes, Stack size 4 bytes, py32f403_hal.o(.text), UNUSED)

<P><STRONG><a name="[112]"></a>HAL_SYSCFG_DisableI2CAnalogFilter</STRONG> (Thumb, 22 bytes, Stack size 4 bytes, py32f403_hal.o(.text), UNUSED)

<P><STRONG><a name="[113]"></a>HAL_SYSCFG_EnableGPIONoiseFilter</STRONG> (Thumb, 186 bytes, Stack size 8 bytes, py32f403_hal.o(.text), UNUSED)

<P><STRONG><a name="[114]"></a>HAL_SYSCFG_DisableGPIONoiseFilter</STRONG> (Thumb, 186 bytes, Stack size 8 bytes, py32f403_hal.o(.text), UNUSED)

<P><STRONG><a name="[115]"></a>HAL_SYSCFG_EnableTimerClock2xPclk</STRONG> (Thumb, 24 bytes, Stack size 4 bytes, py32f403_hal.o(.text), UNUSED)

<P><STRONG><a name="[116]"></a>HAL_SYSCFG_DisableTimerClock2xPclk</STRONG> (Thumb, 24 bytes, Stack size 4 bytes, py32f403_hal.o(.text), UNUSED)

<P><STRONG><a name="[58]"></a>HAL_NVIC_SetPriorityGrouping</STRONG> (Thumb, 16 bytes, Stack size 16 bytes, py32f403_hal_cortex.o(.text))
<BR><BR>[Stack]<UL><LI>Max Depth = 28<LI>Call Chain = HAL_NVIC_SetPriorityGrouping &rArr; __NVIC_SetPriorityGrouping
</UL>
<BR>[Calls]<UL><LI><a href="#[62]">&gt;&gt;</a>&nbsp;&nbsp;&nbsp;__NVIC_SetPriorityGrouping
</UL>
<BR>[Called By]<UL><LI><a href="#[57]">&gt;&gt;</a>&nbsp;&nbsp;&nbsp;HAL_Init
</UL>

<P><STRONG><a name="[5c]"></a>HAL_NVIC_SetPriority</STRONG> (Thumb, 46 bytes, Stack size 32 bytes, py32f403_hal_cortex.o(.text))
<BR><BR>[Stack]<UL><LI>Max Depth = 64<LI>Call Chain = HAL_NVIC_SetPriority &rArr; NVIC_EncodePriority
</UL>
<BR>[Calls]<UL><LI><a href="#[65]">&gt;&gt;</a>&nbsp;&nbsp;&nbsp;__NVIC_SetPriority
<LI><a href="#[64]">&gt;&gt;</a>&nbsp;&nbsp;&nbsp;NVIC_EncodePriority
<LI><a href="#[63]">&gt;&gt;</a>&nbsp;&nbsp;&nbsp;__NVIC_GetPriorityGrouping
</UL>
<BR>[Called By]<UL><LI><a href="#[59]">&gt;&gt;</a>&nbsp;&nbsp;&nbsp;HAL_InitTick
</UL>

<P><STRONG><a name="[66]"></a>HAL_NVIC_EnableIRQ</STRONG> (Thumb, 16 bytes, Stack size 16 bytes, py32f403_hal_cortex.o(.text), UNUSED)
<BR><BR>[Calls]<UL><LI><a href="#[67]">&gt;&gt;</a>&nbsp;&nbsp;&nbsp;__NVIC_EnableIRQ
</UL>

<P><STRONG><a name="[68]"></a>HAL_NVIC_DisableIRQ</STRONG> (Thumb, 16 bytes, Stack size 16 bytes, py32f403_hal_cortex.o(.text), UNUSED)
<BR><BR>[Calls]<UL><LI><a href="#[69]">&gt;&gt;</a>&nbsp;&nbsp;&nbsp;__NVIC_DisableIRQ
</UL>

<P><STRONG><a name="[6a]"></a>HAL_NVIC_SystemReset</STRONG> (Thumb, 4 bytes, Stack size 0 bytes, py32f403_hal_cortex.o(.text))
<BR><BR>[Calls]<UL><LI><a href="#[6b]">&gt;&gt;</a>&nbsp;&nbsp;&nbsp;__NVIC_SystemReset
</UL>
<BR>[Called By]<UL><LI><a href="#[ca]">&gt;&gt;</a>&nbsp;&nbsp;&nbsp;APP_ErrorProc
</UL>

<P><STRONG><a name="[5b]"></a>HAL_SYSTICK_Config</STRONG> (Thumb, 16 bytes, Stack size 16 bytes, py32f403_hal_cortex.o(.text))
<BR><BR>[Stack]<UL><LI>Max Depth = 48<LI>Call Chain = HAL_SYSTICK_Config &rArr; SysTick_Config &rArr; __NVIC_SetPriority
</UL>
<BR>[Calls]<UL><LI><a href="#[6c]">&gt;&gt;</a>&nbsp;&nbsp;&nbsp;SysTick_Config
</UL>
<BR>[Called By]<UL><LI><a href="#[59]">&gt;&gt;</a>&nbsp;&nbsp;&nbsp;HAL_InitTick
</UL>

<P><STRONG><a name="[6d]"></a>HAL_NVIC_GetPriorityGrouping</STRONG> (Thumb, 8 bytes, Stack size 8 bytes, py32f403_hal_cortex.o(.text), UNUSED)
<BR><BR>[Calls]<UL><LI><a href="#[63]">&gt;&gt;</a>&nbsp;&nbsp;&nbsp;__NVIC_GetPriorityGrouping
</UL>

<P><STRONG><a name="[6e]"></a>HAL_NVIC_GetPriority</STRONG> (Thumb, 32 bytes, Stack size 24 bytes, py32f403_hal_cortex.o(.text), UNUSED)
<BR><BR>[Calls]<UL><LI><a href="#[70]">&gt;&gt;</a>&nbsp;&nbsp;&nbsp;NVIC_DecodePriority
<LI><a href="#[6f]">&gt;&gt;</a>&nbsp;&nbsp;&nbsp;__NVIC_GetPriority
</UL>

<P><STRONG><a name="[71]"></a>HAL_NVIC_SetPendingIRQ</STRONG> (Thumb, 16 bytes, Stack size 16 bytes, py32f403_hal_cortex.o(.text), UNUSED)
<BR><BR>[Calls]<UL><LI><a href="#[72]">&gt;&gt;</a>&nbsp;&nbsp;&nbsp;__NVIC_SetPendingIRQ
</UL>

<P><STRONG><a name="[73]"></a>HAL_NVIC_GetPendingIRQ</STRONG> (Thumb, 16 bytes, Stack size 16 bytes, py32f403_hal_cortex.o(.text), UNUSED)
<BR><BR>[Calls]<UL><LI><a href="#[74]">&gt;&gt;</a>&nbsp;&nbsp;&nbsp;__NVIC_GetPendingIRQ
</UL>

<P><STRONG><a name="[75]"></a>HAL_NVIC_ClearPendingIRQ</STRONG> (Thumb, 16 bytes, Stack size 16 bytes, py32f403_hal_cortex.o(.text), UNUSED)
<BR><BR>[Calls]<UL><LI><a href="#[76]">&gt;&gt;</a>&nbsp;&nbsp;&nbsp;__NVIC_ClearPendingIRQ
</UL>

<P><STRONG><a name="[77]"></a>HAL_NVIC_GetActive</STRONG> (Thumb, 16 bytes, Stack size 16 bytes, py32f403_hal_cortex.o(.text), UNUSED)
<BR><BR>[Calls]<UL><LI><a href="#[78]">&gt;&gt;</a>&nbsp;&nbsp;&nbsp;__NVIC_GetActive
</UL>

<P><STRONG><a name="[117]"></a>HAL_SYSTICK_CLKSourceConfig</STRONG> (Thumb, 52 bytes, Stack size 4 bytes, py32f403_hal_cortex.o(.text), UNUSED)

<P><STRONG><a name="[79]"></a>HAL_SYSTICK_IRQHandler</STRONG> (Thumb, 8 bytes, Stack size 8 bytes, py32f403_hal_cortex.o(.text), UNUSED)
<BR><BR>[Calls]<UL><LI><a href="#[7a]">&gt;&gt;</a>&nbsp;&nbsp;&nbsp;HAL_SYSTICK_Callback
</UL>

<P><STRONG><a name="[7a]"></a>HAL_SYSTICK_Callback</STRONG> (Thumb, 2 bytes, Stack size 0 bytes, py32f403_hal_cortex.o(.text), UNUSED)
<BR><BR>[Called By]<UL><LI><a href="#[79]">&gt;&gt;</a>&nbsp;&nbsp;&nbsp;HAL_SYSTICK_IRQHandler
</UL>

<P><STRONG><a name="[84]"></a>HAL_GPIO_Init</STRONG> (Thumb, 846 bytes, Stack size 40 bytes, py32f403_hal_gpio.o(.text), UNUSED)
<BR><BR>[Called By]<UL><LI><a href="#[83]">&gt;&gt;</a>&nbsp;&nbsp;&nbsp;HAL_RCC_MCOConfig
</UL>

<P><STRONG><a name="[118]"></a>HAL_GPIO_DeInit</STRONG> (Thumb, 444 bytes, Stack size 40 bytes, py32f403_hal_gpio.o(.text), UNUSED)

<P><STRONG><a name="[119]"></a>HAL_GPIO_ReadPin</STRONG> (Thumb, 40 bytes, Stack size 12 bytes, py32f403_hal_gpio.o(.text), UNUSED)

<P><STRONG><a name="[11a]"></a>HAL_GPIO_WritePin</STRONG> (Thumb, 40 bytes, Stack size 12 bytes, py32f403_hal_gpio.o(.text), UNUSED)

<P><STRONG><a name="[11b]"></a>HAL_GPIO_TogglePin</STRONG> (Thumb, 46 bytes, Stack size 8 bytes, py32f403_hal_gpio.o(.text), UNUSED)

<P><STRONG><a name="[11c]"></a>HAL_GPIO_LockPin</STRONG> (Thumb, 80 bytes, Stack size 16 bytes, py32f403_hal_gpio.o(.text), UNUSED)

<P><STRONG><a name="[7c]"></a>HAL_GPIO_EXTI_Callback</STRONG> (Thumb, 10 bytes, Stack size 4 bytes, py32f403_hal_gpio.o(.text), UNUSED)
<BR><BR>[Called By]<UL><LI><a href="#[7b]">&gt;&gt;</a>&nbsp;&nbsp;&nbsp;HAL_GPIO_EXTI_IRQHandler
</UL>

<P><STRONG><a name="[7b]"></a>HAL_GPIO_EXTI_IRQHandler</STRONG> (Thumb, 56 bytes, Stack size 16 bytes, py32f403_hal_gpio.o(.text), UNUSED)
<BR><BR>[Calls]<UL><LI><a href="#[7c]">&gt;&gt;</a>&nbsp;&nbsp;&nbsp;HAL_GPIO_EXTI_Callback
</UL>

<P><STRONG><a name="[11d]"></a>HAL_GPIO_EXTI_Rising_Callback</STRONG> (Thumb, 10 bytes, Stack size 4 bytes, py32f403_hal_gpio.o(.text), UNUSED)

<P><STRONG><a name="[11e]"></a>HAL_GPIO_EXTI_Falling_Callback</STRONG> (Thumb, 10 bytes, Stack size 4 bytes, py32f403_hal_gpio.o(.text), UNUSED)

<P><STRONG><a name="[7d]"></a>HAL_RCC_DeInit</STRONG> (Thumb, 378 bytes, Stack size 16 bytes, py32f403_hal_rcc.o(.text), UNUSED)
<BR><BR>[Calls]<UL><LI><a href="#[61]">&gt;&gt;</a>&nbsp;&nbsp;&nbsp;HAL_GetTick
<LI><a href="#[59]">&gt;&gt;</a>&nbsp;&nbsp;&nbsp;HAL_InitTick
</UL>

<P><STRONG><a name="[7e]"></a>HAL_RCC_OscConfig</STRONG> (Thumb, 2112 bytes, Stack size 32 bytes, py32f403_hal_rcc.o(.text))
<BR><BR>[Stack]<UL><LI>Max Depth = 40<LI>Call Chain = HAL_RCC_OscConfig &rArr; RCC_Delay
</UL>
<BR>[Calls]<UL><LI><a href="#[7f]">&gt;&gt;</a>&nbsp;&nbsp;&nbsp;RCC_Delay
<LI><a href="#[61]">&gt;&gt;</a>&nbsp;&nbsp;&nbsp;HAL_GetTick
</UL>
<BR>[Called By]<UL><LI><a href="#[c2]">&gt;&gt;</a>&nbsp;&nbsp;&nbsp;APP_SystemClockConfig
</UL>

<P><STRONG><a name="[80]"></a>HAL_RCC_ClockConfig</STRONG> (Thumb, 592 bytes, Stack size 24 bytes, py32f403_hal_rcc.o(.text))
<BR><BR>[Stack]<UL><LI>Max Depth = 128<LI>Call Chain = HAL_RCC_ClockConfig &rArr; HAL_RCC_GetSysClockFreq
</UL>
<BR>[Calls]<UL><LI><a href="#[81]">&gt;&gt;</a>&nbsp;&nbsp;&nbsp;HAL_RCC_GetSysClockFreq
<LI><a href="#[61]">&gt;&gt;</a>&nbsp;&nbsp;&nbsp;HAL_GetTick
<LI><a href="#[59]">&gt;&gt;</a>&nbsp;&nbsp;&nbsp;HAL_InitTick
</UL>
<BR>[Called By]<UL><LI><a href="#[c2]">&gt;&gt;</a>&nbsp;&nbsp;&nbsp;APP_SystemClockConfig
</UL>

<P><STRONG><a name="[81]"></a>HAL_RCC_GetSysClockFreq</STRONG> (Thumb, 236 bytes, Stack size 104 bytes, py32f403_hal_rcc.o(.text))
<BR><BR>[Stack]<UL><LI>Max Depth = 104<LI>Call Chain = HAL_RCC_GetSysClockFreq
</UL>
<BR>[Calls]<UL><LI><a href="#[82]">&gt;&gt;</a>&nbsp;&nbsp;&nbsp;__aeabi_memcpy
</UL>
<BR>[Called By]<UL><LI><a href="#[80]">&gt;&gt;</a>&nbsp;&nbsp;&nbsp;HAL_RCC_ClockConfig
</UL>

<P><STRONG><a name="[83]"></a>HAL_RCC_MCOConfig</STRONG> (Thumb, 124 bytes, Stack size 48 bytes, py32f403_hal_rcc.o(.text), UNUSED)
<BR><BR>[Calls]<UL><LI><a href="#[84]">&gt;&gt;</a>&nbsp;&nbsp;&nbsp;HAL_GPIO_Init
</UL>

<P><STRONG><a name="[11f]"></a>HAL_RCC_EnableCSS</STRONG> (Thumb, 18 bytes, Stack size 0 bytes, py32f403_hal_rcc.o(.text), UNUSED)

<P><STRONG><a name="[120]"></a>HAL_RCC_DisableCSS</STRONG> (Thumb, 18 bytes, Stack size 0 bytes, py32f403_hal_rcc.o(.text), UNUSED)

<P><STRONG><a name="[86]"></a>HAL_RCC_GetHCLKFreq</STRONG> (Thumb, 12 bytes, Stack size 0 bytes, py32f403_hal_rcc.o(.text), UNUSED)
<BR><BR>[Called By]<UL><LI><a href="#[87]">&gt;&gt;</a>&nbsp;&nbsp;&nbsp;HAL_RCC_GetPCLK2Freq
<LI><a href="#[85]">&gt;&gt;</a>&nbsp;&nbsp;&nbsp;HAL_RCC_GetPCLK1Freq
</UL>

<P><STRONG><a name="[85]"></a>HAL_RCC_GetPCLK1Freq</STRONG> (Thumb, 34 bytes, Stack size 8 bytes, py32f403_hal_rcc.o(.text), UNUSED)
<BR><BR>[Calls]<UL><LI><a href="#[86]">&gt;&gt;</a>&nbsp;&nbsp;&nbsp;HAL_RCC_GetHCLKFreq
</UL>

<P><STRONG><a name="[87]"></a>HAL_RCC_GetPCLK2Freq</STRONG> (Thumb, 34 bytes, Stack size 8 bytes, py32f403_hal_rcc.o(.text), UNUSED)
<BR><BR>[Calls]<UL><LI><a href="#[86]">&gt;&gt;</a>&nbsp;&nbsp;&nbsp;HAL_RCC_GetHCLKFreq
</UL>

<P><STRONG><a name="[121]"></a>HAL_RCC_GetOscConfig</STRONG> (Thumb, 340 bytes, Stack size 4 bytes, py32f403_hal_rcc.o(.text), UNUSED)

<P><STRONG><a name="[122]"></a>HAL_RCC_GetClockConfig</STRONG> (Thumb, 84 bytes, Stack size 8 bytes, py32f403_hal_rcc.o(.text), UNUSED)

<P><STRONG><a name="[88]"></a>HAL_RCC_NMI_IRQHandler</STRONG> (Thumb, 40 bytes, Stack size 8 bytes, py32f403_hal_rcc.o(.text), UNUSED)
<BR><BR>[Calls]<UL><LI><a href="#[89]">&gt;&gt;</a>&nbsp;&nbsp;&nbsp;HAL_RCC_CSSCallback
</UL>

<P><STRONG><a name="[89]"></a>HAL_RCC_CSSCallback</STRONG> (Thumb, 2 bytes, Stack size 0 bytes, py32f403_hal_rcc.o(.text), UNUSED)
<BR><BR>[Called By]<UL><LI><a href="#[88]">&gt;&gt;</a>&nbsp;&nbsp;&nbsp;HAL_RCC_NMI_IRQHandler
</UL>

<P><STRONG><a name="[cf]"></a>usbd_hid_init_intf</STRONG> (Thumb, 60 bytes, Stack size 16 bytes, usbd_hid.o(.text))
<BR><BR>[Stack]<UL><LI>Max Depth = 16<LI>Call Chain = usbd_hid_init_intf
</UL>
<BR>[Called By]<UL><LI><a href="#[c7]">&gt;&gt;</a>&nbsp;&nbsp;&nbsp;hid_keyboard_init
</UL>

<P><STRONG><a name="[8a]"></a>usbh_hid_get_report</STRONG> (Thumb, 20 bytes, Stack size 4 bytes, usbd_hid.o(.text))
<BR><BR>[Stack]<UL><LI>Max Depth = 4<LI>Call Chain = usbh_hid_get_report
</UL>
<BR>[Called By]<UL><LI><a href="#[44]">&gt;&gt;</a>&nbsp;&nbsp;&nbsp;hid_class_interface_request_handler
</UL>

<P><STRONG><a name="[8c]"></a>usbh_hid_get_protocol</STRONG> (Thumb, 12 bytes, Stack size 4 bytes, usbd_hid.o(.text))
<BR><BR>[Stack]<UL><LI>Max Depth = 4<LI>Call Chain = usbh_hid_get_protocol
</UL>
<BR>[Called By]<UL><LI><a href="#[44]">&gt;&gt;</a>&nbsp;&nbsp;&nbsp;hid_class_interface_request_handler
</UL>

<P><STRONG><a name="[8d]"></a>usbh_hid_set_report</STRONG> (Thumb, 30 bytes, Stack size 20 bytes, usbd_hid.o(.text))
<BR><BR>[Stack]<UL><LI>Max Depth = 20<LI>Call Chain = usbh_hid_set_report
</UL>
<BR>[Called By]<UL><LI><a href="#[44]">&gt;&gt;</a>&nbsp;&nbsp;&nbsp;hid_class_interface_request_handler
</UL>

<P><STRONG><a name="[8f]"></a>usbh_hid_set_protocol</STRONG> (Thumb, 14 bytes, Stack size 4 bytes, usbd_hid.o(.text))
<BR><BR>[Stack]<UL><LI>Max Depth = 4<LI>Call Chain = usbh_hid_set_protocol
</UL>
<BR>[Called By]<UL><LI><a href="#[44]">&gt;&gt;</a>&nbsp;&nbsp;&nbsp;hid_class_interface_request_handler
</UL>

<P><STRONG><a name="[90]"></a>usbd_event_connect_handler</STRONG> (Thumb, 12 bytes, Stack size 8 bytes, usbd_core.o(.text), UNUSED)
<BR><BR>[Calls]<UL><LI><a href="#[91]">&gt;&gt;</a>&nbsp;&nbsp;&nbsp;usbd_class_event_notify_handler
</UL>

<P><STRONG><a name="[92]"></a>usbd_event_disconnect_handler</STRONG> (Thumb, 12 bytes, Stack size 8 bytes, usbd_core.o(.text), UNUSED)
<BR><BR>[Calls]<UL><LI><a href="#[91]">&gt;&gt;</a>&nbsp;&nbsp;&nbsp;usbd_class_event_notify_handler
</UL>

<P><STRONG><a name="[93]"></a>usbd_event_resume_handler</STRONG> (Thumb, 12 bytes, Stack size 8 bytes, usbd_core.o(.text))
<BR><BR>[Stack]<UL><LI>Max Depth = 32<LI>Call Chain = usbd_event_resume_handler &rArr; usbd_class_event_notify_handler
</UL>
<BR>[Calls]<UL><LI><a href="#[91]">&gt;&gt;</a>&nbsp;&nbsp;&nbsp;usbd_class_event_notify_handler
</UL>
<BR>[Called By]<UL><LI><a href="#[be]">&gt;&gt;</a>&nbsp;&nbsp;&nbsp;USBD_IRQHandler
</UL>

<P><STRONG><a name="[94]"></a>usbd_event_suspend_handler</STRONG> (Thumb, 12 bytes, Stack size 8 bytes, usbd_core.o(.text))
<BR><BR>[Stack]<UL><LI>Max Depth = 32<LI>Call Chain = usbd_event_suspend_handler &rArr; usbd_class_event_notify_handler
</UL>
<BR>[Calls]<UL><LI><a href="#[91]">&gt;&gt;</a>&nbsp;&nbsp;&nbsp;usbd_class_event_notify_handler
</UL>
<BR>[Called By]<UL><LI><a href="#[be]">&gt;&gt;</a>&nbsp;&nbsp;&nbsp;USBD_IRQHandler
</UL>

<P><STRONG><a name="[95]"></a>usbd_event_reset_handler</STRONG> (Thumb, 78 bytes, Stack size 24 bytes, usbd_core.o(.text))
<BR><BR>[Stack]<UL><LI>Max Depth = 76<LI>Call Chain = usbd_event_reset_handler &rArr; usbd_ep_open &rArr; pyusb_get_fifo_size
</UL>
<BR>[Calls]<UL><LI><a href="#[97]">&gt;&gt;</a>&nbsp;&nbsp;&nbsp;usbd_ep_open
<LI><a href="#[96]">&gt;&gt;</a>&nbsp;&nbsp;&nbsp;usbd_set_address
<LI><a href="#[91]">&gt;&gt;</a>&nbsp;&nbsp;&nbsp;usbd_class_event_notify_handler
</UL>
<BR>[Called By]<UL><LI><a href="#[be]">&gt;&gt;</a>&nbsp;&nbsp;&nbsp;USBD_IRQHandler
</UL>

<P><STRONG><a name="[98]"></a>usbd_event_ep0_setup_complete_handler</STRONG> (Thumb, 364 bytes, Stack size 32 bytes, usbd_core.o(.text))
<BR><BR>[Stack]<UL><LI>Max Depth = 244<LI>Call Chain = usbd_event_ep0_setup_complete_handler &rArr; usbd_setup_request_handler &rArr; usbd_standard_request_handler &rArr; usbd_std_interface_req_handler &rArr; usbd_set_interface &rArr; usbd_set_endpoint &rArr; usbd_ep_open &rArr; pyusb_get_fifo_size
</UL>
<BR>[Calls]<UL><LI><a href="#[82]">&gt;&gt;</a>&nbsp;&nbsp;&nbsp;__aeabi_memcpy
<LI><a href="#[9d]">&gt;&gt;</a>&nbsp;&nbsp;&nbsp;usbd_ep_start_write
<LI><a href="#[9c]">&gt;&gt;</a>&nbsp;&nbsp;&nbsp;usbd_ep0_set_zlp_flag
<LI><a href="#[9a]">&gt;&gt;</a>&nbsp;&nbsp;&nbsp;usbd_ep_start_read
<LI><a href="#[99]">&gt;&gt;</a>&nbsp;&nbsp;&nbsp;usbd_ep_set_stall
<LI><a href="#[9b]">&gt;&gt;</a>&nbsp;&nbsp;&nbsp;usbd_setup_request_handler
</UL>
<BR>[Called By]<UL><LI><a href="#[c0]">&gt;&gt;</a>&nbsp;&nbsp;&nbsp;handle_ep0
</UL>

<P><STRONG><a name="[a2]"></a>usbd_event_ep_in_complete_handler</STRONG> (Thumb, 212 bytes, Stack size 24 bytes, usbd_core.o(.text))
<BR><BR>[Stack]<UL><LI>Max Depth = 80<LI>Call Chain = usbd_event_ep_in_complete_handler &rArr; usbd_ep_start_write &rArr; pyusb_write_packet
</UL>
<BR>[Calls]<UL><LI><a href="#[9d]">&gt;&gt;</a>&nbsp;&nbsp;&nbsp;usbd_ep_start_write
<LI><a href="#[9a]">&gt;&gt;</a>&nbsp;&nbsp;&nbsp;usbd_ep_start_read
</UL>
<BR>[Called By]<UL><LI><a href="#[be]">&gt;&gt;</a>&nbsp;&nbsp;&nbsp;USBD_IRQHandler
<LI><a href="#[c0]">&gt;&gt;</a>&nbsp;&nbsp;&nbsp;handle_ep0
</UL>

<P><STRONG><a name="[a3]"></a>usbd_event_ep_out_complete_handler</STRONG> (Thumb, 204 bytes, Stack size 24 bytes, usbd_core.o(.text))
<BR><BR>[Stack]<UL><LI>Max Depth = 236<LI>Call Chain = usbd_event_ep_out_complete_handler &rArr; usbd_setup_request_handler &rArr; usbd_standard_request_handler &rArr; usbd_std_interface_req_handler &rArr; usbd_set_interface &rArr; usbd_set_endpoint &rArr; usbd_ep_open &rArr; pyusb_get_fifo_size
</UL>
<BR>[Calls]<UL><LI><a href="#[9d]">&gt;&gt;</a>&nbsp;&nbsp;&nbsp;usbd_ep_start_write
<LI><a href="#[9a]">&gt;&gt;</a>&nbsp;&nbsp;&nbsp;usbd_ep_start_read
<LI><a href="#[99]">&gt;&gt;</a>&nbsp;&nbsp;&nbsp;usbd_ep_set_stall
<LI><a href="#[9b]">&gt;&gt;</a>&nbsp;&nbsp;&nbsp;usbd_setup_request_handler
</UL>
<BR>[Called By]<UL><LI><a href="#[be]">&gt;&gt;</a>&nbsp;&nbsp;&nbsp;USBD_IRQHandler
<LI><a href="#[c0]">&gt;&gt;</a>&nbsp;&nbsp;&nbsp;handle_ep0
</UL>

<P><STRONG><a name="[ce]"></a>usbd_desc_register</STRONG> (Thumb, 26 bytes, Stack size 4 bytes, usbd_core.o(.text))
<BR><BR>[Stack]<UL><LI>Max Depth = 4<LI>Call Chain = usbd_desc_register
</UL>
<BR>[Called By]<UL><LI><a href="#[c7]">&gt;&gt;</a>&nbsp;&nbsp;&nbsp;hid_keyboard_init
</UL>

<P><STRONG><a name="[123]"></a>usbd_msosv1_desc_register</STRONG> (Thumb, 20 bytes, Stack size 4 bytes, usbd_core.o(.text), UNUSED)

<P><STRONG><a name="[124]"></a>usbd_msosv2_desc_register</STRONG> (Thumb, 20 bytes, Stack size 4 bytes, usbd_core.o(.text), UNUSED)

<P><STRONG><a name="[125]"></a>usbd_bos_desc_register</STRONG> (Thumb, 20 bytes, Stack size 4 bytes, usbd_core.o(.text), UNUSED)

<P><STRONG><a name="[a4]"></a>usbd_add_interface</STRONG> (Thumb, 56 bytes, Stack size 16 bytes, usbd_core.o(.text))
<BR><BR>[Stack]<UL><LI>Max Depth = 28<LI>Call Chain = usbd_add_interface &rArr; usb_slist_add_tail
</UL>
<BR>[Calls]<UL><LI><a href="#[a5]">&gt;&gt;</a>&nbsp;&nbsp;&nbsp;usb_slist_add_tail
</UL>
<BR>[Called By]<UL><LI><a href="#[c7]">&gt;&gt;</a>&nbsp;&nbsp;&nbsp;hid_keyboard_init
</UL>

<P><STRONG><a name="[d0]"></a>usbd_add_endpoint</STRONG> (Thumb, 76 bytes, Stack size 4 bytes, usbd_core.o(.text))
<BR><BR>[Stack]<UL><LI>Max Depth = 4<LI>Call Chain = usbd_add_endpoint
</UL>
<BR>[Called By]<UL><LI><a href="#[c7]">&gt;&gt;</a>&nbsp;&nbsp;&nbsp;hid_keyboard_init
</UL>

<P><STRONG><a name="[126]"></a>usb_device_is_configured</STRONG> (Thumb, 18 bytes, Stack size 0 bytes, usbd_core.o(.text), UNUSED)

<P><STRONG><a name="[a6]"></a>usbd_initialize</STRONG> (Thumb, 8 bytes, Stack size 8 bytes, usbd_core.o(.text))
<BR><BR>[Stack]<UL><LI>Max Depth = 28<LI>Call Chain = usbd_initialize &rArr; usb_dc_init &rArr; pyusb_set_active_ep
</UL>
<BR>[Calls]<UL><LI><a href="#[a7]">&gt;&gt;</a>&nbsp;&nbsp;&nbsp;usb_dc_init
</UL>
<BR>[Called By]<UL><LI><a href="#[c7]">&gt;&gt;</a>&nbsp;&nbsp;&nbsp;hid_keyboard_init
</UL>

<P><STRONG><a name="[a8]"></a>usbd_deinitialize</STRONG> (Thumb, 42 bytes, Stack size 16 bytes, usbd_core.o(.text), UNUSED)
<BR><BR>[Calls]<UL><LI><a href="#[aa]">&gt;&gt;</a>&nbsp;&nbsp;&nbsp;usb_dc_deinit
<LI><a href="#[a9]">&gt;&gt;</a>&nbsp;&nbsp;&nbsp;usb_slist_init
</UL>

<P><STRONG><a name="[9c]"></a>usbd_ep0_set_zlp_flag</STRONG> (Thumb, 14 bytes, Stack size 0 bytes, usb_dc_py32.o(.text))
<BR><BR>[Called By]<UL><LI><a href="#[98]">&gt;&gt;</a>&nbsp;&nbsp;&nbsp;usbd_event_ep0_setup_complete_handler
</UL>

<P><STRONG><a name="[bd]"></a>usbd_ep0_reset_zlp_flag</STRONG> (Thumb, 14 bytes, Stack size 0 bytes, usb_dc_py32.o(.text))
<BR><BR>[Called By]<UL><LI><a href="#[9d]">&gt;&gt;</a>&nbsp;&nbsp;&nbsp;usbd_ep_start_write
</UL>

<P><STRONG><a name="[b8]"></a>usb_dc_low_level_init</STRONG> (Thumb, 2 bytes, Stack size 0 bytes, usb_dc_py32.o(.text))
<BR><BR>[Called By]<UL><LI><a href="#[a7]">&gt;&gt;</a>&nbsp;&nbsp;&nbsp;usb_dc_init
</UL>

<P><STRONG><a name="[127]"></a>usb_dc_low_level_deinit</STRONG> (Thumb, 2 bytes, Stack size 0 bytes, usb_dc_py32.o(.text), UNUSED)

<P><STRONG><a name="[a7]"></a>usb_dc_init</STRONG> (Thumb, 66 bytes, Stack size 16 bytes, usb_dc_py32.o(.text))
<BR><BR>[Stack]<UL><LI>Max Depth = 20<LI>Call Chain = usb_dc_init &rArr; pyusb_set_active_ep
</UL>
<BR>[Calls]<UL><LI><a href="#[b8]">&gt;&gt;</a>&nbsp;&nbsp;&nbsp;usb_dc_low_level_init
<LI><a href="#[b9]">&gt;&gt;</a>&nbsp;&nbsp;&nbsp;pyusb_set_active_ep
</UL>
<BR>[Called By]<UL><LI><a href="#[a6]">&gt;&gt;</a>&nbsp;&nbsp;&nbsp;usbd_initialize
</UL>

<P><STRONG><a name="[aa]"></a>usb_dc_deinit</STRONG> (Thumb, 4 bytes, Stack size 0 bytes, usb_dc_py32.o(.text), UNUSED)
<BR><BR>[Called By]<UL><LI><a href="#[a8]">&gt;&gt;</a>&nbsp;&nbsp;&nbsp;usbd_deinitialize
</UL>

<P><STRONG><a name="[96]"></a>usbd_set_address</STRONG> (Thumb, 48 bytes, Stack size 4 bytes, usb_dc_py32.o(.text))
<BR><BR>[Stack]<UL><LI>Max Depth = 4<LI>Call Chain = usbd_set_address
</UL>
<BR>[Called By]<UL><LI><a href="#[95]">&gt;&gt;</a>&nbsp;&nbsp;&nbsp;usbd_event_reset_handler
<LI><a href="#[ab]">&gt;&gt;</a>&nbsp;&nbsp;&nbsp;usbd_std_device_req_handler
</UL>

<P><STRONG><a name="[97]"></a>usbd_ep_open</STRONG> (Thumb, 698 bytes, Stack size 32 bytes, usb_dc_py32.o(.text))
<BR><BR>[Stack]<UL><LI>Max Depth = 52<LI>Call Chain = usbd_ep_open &rArr; pyusb_get_fifo_size
</UL>
<BR>[Calls]<UL><LI><a href="#[bb]">&gt;&gt;</a>&nbsp;&nbsp;&nbsp;pyusb_get_fifo_size
<LI><a href="#[ba]">&gt;&gt;</a>&nbsp;&nbsp;&nbsp;pyusb_get_active_ep
<LI><a href="#[b9]">&gt;&gt;</a>&nbsp;&nbsp;&nbsp;pyusb_set_active_ep
</UL>
<BR>[Called By]<UL><LI><a href="#[95]">&gt;&gt;</a>&nbsp;&nbsp;&nbsp;usbd_event_reset_handler
<LI><a href="#[b6]">&gt;&gt;</a>&nbsp;&nbsp;&nbsp;usbd_set_endpoint
</UL>

<P><STRONG><a name="[b7]"></a>usbd_ep_close</STRONG> (Thumb, 12 bytes, Stack size 4 bytes, usb_dc_py32.o(.text))
<BR><BR>[Stack]<UL><LI>Max Depth = 4<LI>Call Chain = usbd_ep_close
</UL>
<BR>[Called By]<UL><LI><a href="#[b5]">&gt;&gt;</a>&nbsp;&nbsp;&nbsp;usbd_reset_endpoint
</UL>

<P><STRONG><a name="[99]"></a>usbd_ep_set_stall</STRONG> (Thumb, 178 bytes, Stack size 16 bytes, usb_dc_py32.o(.text))
<BR><BR>[Stack]<UL><LI>Max Depth = 20<LI>Call Chain = usbd_ep_set_stall &rArr; pyusb_set_active_ep
</UL>
<BR>[Calls]<UL><LI><a href="#[ba]">&gt;&gt;</a>&nbsp;&nbsp;&nbsp;pyusb_get_active_ep
<LI><a href="#[b9]">&gt;&gt;</a>&nbsp;&nbsp;&nbsp;pyusb_set_active_ep
</UL>
<BR>[Called By]<UL><LI><a href="#[a3]">&gt;&gt;</a>&nbsp;&nbsp;&nbsp;usbd_event_ep_out_complete_handler
<LI><a href="#[98]">&gt;&gt;</a>&nbsp;&nbsp;&nbsp;usbd_event_ep0_setup_complete_handler
<LI><a href="#[ad]">&gt;&gt;</a>&nbsp;&nbsp;&nbsp;usbd_std_endpoint_req_handler
</UL>

<P><STRONG><a name="[b4]"></a>usbd_ep_clear_stall</STRONG> (Thumb, 170 bytes, Stack size 16 bytes, usb_dc_py32.o(.text))
<BR><BR>[Stack]<UL><LI>Max Depth = 20<LI>Call Chain = usbd_ep_clear_stall &rArr; pyusb_set_active_ep
</UL>
<BR>[Calls]<UL><LI><a href="#[ba]">&gt;&gt;</a>&nbsp;&nbsp;&nbsp;pyusb_get_active_ep
<LI><a href="#[b9]">&gt;&gt;</a>&nbsp;&nbsp;&nbsp;pyusb_set_active_ep
</UL>
<BR>[Called By]<UL><LI><a href="#[ad]">&gt;&gt;</a>&nbsp;&nbsp;&nbsp;usbd_std_endpoint_req_handler
</UL>

<P><STRONG><a name="[b3]"></a>usbd_ep_is_stalled</STRONG> (Thumb, 140 bytes, Stack size 24 bytes, usb_dc_py32.o(.text))
<BR><BR>[Stack]<UL><LI>Max Depth = 28<LI>Call Chain = usbd_ep_is_stalled &rArr; pyusb_set_active_ep
</UL>
<BR>[Calls]<UL><LI><a href="#[ba]">&gt;&gt;</a>&nbsp;&nbsp;&nbsp;pyusb_get_active_ep
<LI><a href="#[b9]">&gt;&gt;</a>&nbsp;&nbsp;&nbsp;pyusb_set_active_ep
</UL>
<BR>[Called By]<UL><LI><a href="#[ad]">&gt;&gt;</a>&nbsp;&nbsp;&nbsp;usbd_std_endpoint_req_handler
</UL>

<P><STRONG><a name="[9d]"></a>usbd_ep_start_write</STRONG> (Thumb, 712 bytes, Stack size 32 bytes, usb_dc_py32.o(.text))
<BR><BR>[Stack]<UL><LI>Max Depth = 56<LI>Call Chain = usbd_ep_start_write &rArr; pyusb_write_packet
</UL>
<BR>[Calls]<UL><LI><a href="#[bd]">&gt;&gt;</a>&nbsp;&nbsp;&nbsp;usbd_ep0_reset_zlp_flag
<LI><a href="#[bc]">&gt;&gt;</a>&nbsp;&nbsp;&nbsp;pyusb_write_packet
<LI><a href="#[ba]">&gt;&gt;</a>&nbsp;&nbsp;&nbsp;pyusb_get_active_ep
<LI><a href="#[b9]">&gt;&gt;</a>&nbsp;&nbsp;&nbsp;pyusb_set_active_ep
</UL>
<BR>[Called By]<UL><LI><a href="#[c4]">&gt;&gt;</a>&nbsp;&nbsp;&nbsp;hid_keyboard_test
<LI><a href="#[a3]">&gt;&gt;</a>&nbsp;&nbsp;&nbsp;usbd_event_ep_out_complete_handler
<LI><a href="#[a2]">&gt;&gt;</a>&nbsp;&nbsp;&nbsp;usbd_event_ep_in_complete_handler
<LI><a href="#[98]">&gt;&gt;</a>&nbsp;&nbsp;&nbsp;usbd_event_ep0_setup_complete_handler
</UL>

<P><STRONG><a name="[9a]"></a>usbd_ep_start_read</STRONG> (Thumb, 304 bytes, Stack size 32 bytes, usb_dc_py32.o(.text))
<BR><BR>[Stack]<UL><LI>Max Depth = 36<LI>Call Chain = usbd_ep_start_read &rArr; pyusb_set_active_ep
</UL>
<BR>[Calls]<UL><LI><a href="#[ba]">&gt;&gt;</a>&nbsp;&nbsp;&nbsp;pyusb_get_active_ep
<LI><a href="#[b9]">&gt;&gt;</a>&nbsp;&nbsp;&nbsp;pyusb_set_active_ep
</UL>
<BR>[Called By]<UL><LI><a href="#[a3]">&gt;&gt;</a>&nbsp;&nbsp;&nbsp;usbd_event_ep_out_complete_handler
<LI><a href="#[a2]">&gt;&gt;</a>&nbsp;&nbsp;&nbsp;usbd_event_ep_in_complete_handler
<LI><a href="#[98]">&gt;&gt;</a>&nbsp;&nbsp;&nbsp;usbd_event_ep0_setup_complete_handler
</UL>

<P><STRONG><a name="[be]"></a>USBD_IRQHandler</STRONG> (Thumb, 1070 bytes, Stack size 40 bytes, usb_dc_py32.o(.text))
<BR><BR>[Stack]<UL><LI>Max Depth = 308 + Unknown Stack Size
<LI>Call Chain = USBD_IRQHandler &rArr; handle_ep0 &rArr; usbd_event_ep0_setup_complete_handler &rArr; usbd_setup_request_handler &rArr; usbd_standard_request_handler &rArr; usbd_std_interface_req_handler &rArr; usbd_set_interface &rArr; usbd_set_endpoint &rArr; usbd_ep_open &rArr; pyusb_get_fifo_size
</UL>
<BR>[Calls]<UL><LI><a href="#[bf]">&gt;&gt;</a>&nbsp;&nbsp;&nbsp;__aeabi_memclr8
<LI><a href="#[c1]">&gt;&gt;</a>&nbsp;&nbsp;&nbsp;pyusb_read_packet
<LI><a href="#[c0]">&gt;&gt;</a>&nbsp;&nbsp;&nbsp;handle_ep0
<LI><a href="#[bc]">&gt;&gt;</a>&nbsp;&nbsp;&nbsp;pyusb_write_packet
<LI><a href="#[ba]">&gt;&gt;</a>&nbsp;&nbsp;&nbsp;pyusb_get_active_ep
<LI><a href="#[b9]">&gt;&gt;</a>&nbsp;&nbsp;&nbsp;pyusb_set_active_ep
<LI><a href="#[a3]">&gt;&gt;</a>&nbsp;&nbsp;&nbsp;usbd_event_ep_out_complete_handler
<LI><a href="#[a2]">&gt;&gt;</a>&nbsp;&nbsp;&nbsp;usbd_event_ep_in_complete_handler
<LI><a href="#[95]">&gt;&gt;</a>&nbsp;&nbsp;&nbsp;usbd_event_reset_handler
<LI><a href="#[94]">&gt;&gt;</a>&nbsp;&nbsp;&nbsp;usbd_event_suspend_handler
<LI><a href="#[93]">&gt;&gt;</a>&nbsp;&nbsp;&nbsp;usbd_event_resume_handler
</UL>
<BR>[Called By]<UL><LI><a href="#[1e]">&gt;&gt;</a>&nbsp;&nbsp;&nbsp;USB_IRQHandler
</UL>

<P><STRONG><a name="[128]"></a>usbd_activateremotewakeup</STRONG> (Thumb, 18 bytes, Stack size 0 bytes, usb_dc_py32.o(.text), UNUSED)

<P><STRONG><a name="[129]"></a>usbd_deactivateremotewakeup</STRONG> (Thumb, 18 bytes, Stack size 0 bytes, usb_dc_py32.o(.text), UNUSED)

<P><STRONG><a name="[51]"></a>main</STRONG> (Thumb, 28 bytes, Stack size 16 bytes, main.o(.text))
<BR><BR>[Stack]<UL><LI>Max Depth = 224 + Unknown Stack Size
<LI>Call Chain = main &rArr; APP_SystemClockConfig &rArr; HAL_RCC_ClockConfig &rArr; HAL_RCC_GetSysClockFreq
</UL>
<BR>[Calls]<UL><LI><a href="#[c4]">&gt;&gt;</a>&nbsp;&nbsp;&nbsp;hid_keyboard_test
<LI><a href="#[c3]">&gt;&gt;</a>&nbsp;&nbsp;&nbsp;APP_USBInit
<LI><a href="#[c2]">&gt;&gt;</a>&nbsp;&nbsp;&nbsp;APP_SystemClockConfig
<LI><a href="#[57]">&gt;&gt;</a>&nbsp;&nbsp;&nbsp;HAL_Init
</UL>
<BR>[Called By]<UL><LI><a href="#[50]">&gt;&gt;</a>&nbsp;&nbsp;&nbsp;__rt_entry_main
</UL>

<P><STRONG><a name="[c6]"></a>APP_ErrorHandler</STRONG> (Thumb, 4 bytes, Stack size 0 bytes, main.o(.text))
<BR><BR>[Called By]<UL><LI><a href="#[c2]">&gt;&gt;</a>&nbsp;&nbsp;&nbsp;APP_SystemClockConfig
</UL>

<P><STRONG><a name="[5a]"></a>HAL_MspInit</STRONG> (Thumb, 66 bytes, Stack size 8 bytes, py32f403_hal_msp.o(.text))
<BR><BR>[Stack]<UL><LI>Max Depth = 8<LI>Call Chain = HAL_MspInit
</UL>
<BR>[Called By]<UL><LI><a href="#[57]">&gt;&gt;</a>&nbsp;&nbsp;&nbsp;HAL_Init
</UL>

<P><STRONG><a name="[2]"></a>NMI_Handler</STRONG> (Thumb, 2 bytes, Stack size 0 bytes, py32f403_it.o(.text))
<BR>[Address Reference Count : 1]<UL><LI> startup_py32f403xx.o(RESET)
</UL>
<P><STRONG><a name="[3]"></a>HardFault_Handler</STRONG> (Thumb, 4 bytes, Stack size 0 bytes, py32f403_it.o(.text))
<BR>[Address Reference Count : 1]<UL><LI> startup_py32f403xx.o(RESET)
</UL>
<P><STRONG><a name="[4]"></a>MemManage_Handler</STRONG> (Thumb, 4 bytes, Stack size 0 bytes, py32f403_it.o(.text))
<BR>[Address Reference Count : 1]<UL><LI> startup_py32f403xx.o(RESET)
</UL>
<P><STRONG><a name="[5]"></a>BusFault_Handler</STRONG> (Thumb, 4 bytes, Stack size 0 bytes, py32f403_it.o(.text))
<BR>[Address Reference Count : 1]<UL><LI> startup_py32f403xx.o(RESET)
</UL>
<P><STRONG><a name="[6]"></a>UsageFault_Handler</STRONG> (Thumb, 4 bytes, Stack size 0 bytes, py32f403_it.o(.text))
<BR>[Address Reference Count : 1]<UL><LI> startup_py32f403xx.o(RESET)
</UL>
<P><STRONG><a name="[7]"></a>SVC_Handler</STRONG> (Thumb, 2 bytes, Stack size 0 bytes, py32f403_it.o(.text))
<BR>[Address Reference Count : 1]<UL><LI> startup_py32f403xx.o(RESET)
</UL>
<P><STRONG><a name="[8]"></a>DebugMon_Handler</STRONG> (Thumb, 2 bytes, Stack size 0 bytes, py32f403_it.o(.text))
<BR>[Address Reference Count : 1]<UL><LI> startup_py32f403xx.o(RESET)
</UL>
<P><STRONG><a name="[9]"></a>PendSV_Handler</STRONG> (Thumb, 2 bytes, Stack size 0 bytes, py32f403_it.o(.text))
<BR>[Address Reference Count : 1]<UL><LI> startup_py32f403xx.o(RESET)
</UL>
<P><STRONG><a name="[a]"></a>SysTick_Handler</STRONG> (Thumb, 8 bytes, Stack size 8 bytes, py32f403_it.o(.text))
<BR><BR>[Stack]<UL><LI>Max Depth = 8<LI>Call Chain = SysTick_Handler
</UL>
<BR>[Calls]<UL><LI><a href="#[c9]">&gt;&gt;</a>&nbsp;&nbsp;&nbsp;HAL_IncTick
</UL>
<BR>[Address Reference Count : 1]<UL><LI> startup_py32f403xx.o(RESET)
</UL>
<P><STRONG><a name="[1e]"></a>USB_IRQHandler</STRONG> (Thumb, 8 bytes, Stack size 8 bytes, py32f403_it.o(.text))
<BR><BR>[Stack]<UL><LI>Max Depth = 316 + Unknown Stack Size
<LI>Call Chain = USB_IRQHandler &rArr; USBD_IRQHandler &rArr; handle_ep0 &rArr; usbd_event_ep0_setup_complete_handler &rArr; usbd_setup_request_handler &rArr; usbd_standard_request_handler &rArr; usbd_std_interface_req_handler &rArr; usbd_set_interface &rArr; usbd_set_endpoint &rArr; usbd_ep_open &rArr; pyusb_get_fifo_size
</UL>
<BR>[Calls]<UL><LI><a href="#[be]">&gt;&gt;</a>&nbsp;&nbsp;&nbsp;USBD_IRQHandler
</UL>
<BR>[Address Reference Count : 1]<UL><LI> startup_py32f403xx.o(RESET)
</UL>
<P><STRONG><a name="[ca]"></a>APP_ErrorProc</STRONG> (Thumb, 8 bytes, Stack size 8 bytes, system_py32f403.o(.text))
<BR><BR>[Stack]<UL><LI>Max Depth = 8<LI>Call Chain = APP_ErrorProc
</UL>
<BR>[Calls]<UL><LI><a href="#[6a]">&gt;&gt;</a>&nbsp;&nbsp;&nbsp;HAL_NVIC_SystemReset
</UL>
<BR>[Called By]<UL><LI><a href="#[cb]">&gt;&gt;</a>&nbsp;&nbsp;&nbsp;APP_LoadTrim
</UL>

<P><STRONG><a name="[cb]"></a>APP_LoadTrim</STRONG> (Thumb, 718 bytes, Stack size 296 bytes, system_py32f403.o(.text))
<BR><BR>[Stack]<UL><LI>Max Depth = 304 + Unknown Stack Size
<LI>Call Chain = APP_LoadTrim &rArr; __aeabi_memcpy4
</UL>
<BR>[Calls]<UL><LI><a href="#[c5]">&gt;&gt;</a>&nbsp;&nbsp;&nbsp;__aeabi_memclr4
<LI><a href="#[cc]">&gt;&gt;</a>&nbsp;&nbsp;&nbsp;__aeabi_memcpy4
<LI><a href="#[ca]">&gt;&gt;</a>&nbsp;&nbsp;&nbsp;APP_ErrorProc
</UL>
<BR>[Called By]<UL><LI><a href="#[45]">&gt;&gt;</a>&nbsp;&nbsp;&nbsp;SystemInit
</UL>

<P><STRONG><a name="[45]"></a>SystemInit</STRONG> (Thumb, 38 bytes, Stack size 8 bytes, system_py32f403.o(.text))
<BR><BR>[Stack]<UL><LI>Max Depth = 312 + Unknown Stack Size
<LI>Call Chain = SystemInit &rArr; APP_LoadTrim &rArr; __aeabi_memcpy4
</UL>
<BR>[Calls]<UL><LI><a href="#[cb]">&gt;&gt;</a>&nbsp;&nbsp;&nbsp;APP_LoadTrim
</UL>
<BR>[Address Reference Count : 1]<UL><LI> startup_py32f403xx.o(.text)
</UL>
<P><STRONG><a name="[cd]"></a>SystemCoreClockUpdate</STRONG> (Thumb, 280 bytes, Stack size 104 bytes, system_py32f403.o(.text), UNUSED)
<BR><BR>[Calls]<UL><LI><a href="#[82]">&gt;&gt;</a>&nbsp;&nbsp;&nbsp;__aeabi_memcpy
</UL>

<P><STRONG><a name="[b0]"></a>usbd_configure_done_callback</STRONG> (Thumb, 2 bytes, Stack size 0 bytes, usbd_hid_keyboard_if.o(.text))
<BR><BR>[Called By]<UL><LI><a href="#[ab]">&gt;&gt;</a>&nbsp;&nbsp;&nbsp;usbd_std_device_req_handler
</UL>

<P><STRONG><a name="[0]"></a>usbd_hid_int_callback</STRONG> (Thumb, 24 bytes, Stack size 8 bytes, usbd_hid_keyboard_if.o(.text))
<BR><BR>[Stack]<UL><LI>Max Depth = 8<LI>Call Chain = usbd_hid_int_callback
</UL>
<BR>[Address Reference Count : 1]<UL><LI> usbd_hid_keyboard_if.o(.data.hid_in_ep)
</UL>
<P><STRONG><a name="[c7]"></a>hid_keyboard_init</STRONG> (Thumb, 66 bytes, Stack size 8 bytes, usbd_hid_keyboard_if.o(.text))
<BR><BR>[Stack]<UL><LI>Max Depth = 36<LI>Call Chain = hid_keyboard_init &rArr; usbd_initialize &rArr; usb_dc_init &rArr; pyusb_set_active_ep
</UL>
<BR>[Calls]<UL><LI><a href="#[a6]">&gt;&gt;</a>&nbsp;&nbsp;&nbsp;usbd_initialize
<LI><a href="#[d0]">&gt;&gt;</a>&nbsp;&nbsp;&nbsp;usbd_add_endpoint
<LI><a href="#[a4]">&gt;&gt;</a>&nbsp;&nbsp;&nbsp;usbd_add_interface
<LI><a href="#[ce]">&gt;&gt;</a>&nbsp;&nbsp;&nbsp;usbd_desc_register
<LI><a href="#[cf]">&gt;&gt;</a>&nbsp;&nbsp;&nbsp;usbd_hid_init_intf
</UL>
<BR>[Called By]<UL><LI><a href="#[c3]">&gt;&gt;</a>&nbsp;&nbsp;&nbsp;APP_USBInit
</UL>

<P><STRONG><a name="[c4]"></a>hid_keyboard_test</STRONG> (Thumb, 74 bytes, Stack size 24 bytes, usbd_hid_keyboard_if.o(.text))
<BR><BR>[Stack]<UL><LI>Max Depth = 80<LI>Call Chain = hid_keyboard_test &rArr; usbd_ep_start_write &rArr; pyusb_write_packet
</UL>
<BR>[Calls]<UL><LI><a href="#[9d]">&gt;&gt;</a>&nbsp;&nbsp;&nbsp;usbd_ep_start_write
</UL>
<BR>[Called By]<UL><LI><a href="#[51]">&gt;&gt;</a>&nbsp;&nbsp;&nbsp;main
</UL>

<P><STRONG><a name="[8e]"></a>usbh_hid_set_idle</STRONG> (Thumb, 32 bytes, Stack size 4 bytes, usbd_hid_keyboard_if.o(.text))
<BR><BR>[Stack]<UL><LI>Max Depth = 4<LI>Call Chain = usbh_hid_set_idle
</UL>
<BR>[Called By]<UL><LI><a href="#[44]">&gt;&gt;</a>&nbsp;&nbsp;&nbsp;hid_class_interface_request_handler
</UL>

<P><STRONG><a name="[8b]"></a>usbh_hid_get_idle</STRONG> (Thumb, 24 bytes, Stack size 4 bytes, usbd_hid_keyboard_if.o(.text))
<BR><BR>[Stack]<UL><LI>Max Depth = 4<LI>Call Chain = usbh_hid_get_idle
</UL>
<BR>[Called By]<UL><LI><a href="#[44]">&gt;&gt;</a>&nbsp;&nbsp;&nbsp;hid_class_interface_request_handler
</UL>

<P><STRONG><a name="[1]"></a>Reset_Handler</STRONG> (Thumb, 8 bytes, Stack size 0 bytes, startup_py32f403xx.o(.text))
<BR>[Address Reference Count : 1]<UL><LI> startup_py32f403xx.o(RESET)
</UL>
<P><STRONG><a name="[1d]"></a>ADC1_2_IRQHandler</STRONG> (Thumb, 0 bytes, Stack size 0 bytes, startup_py32f403xx.o(.text))
<BR><BR>[Calls]<UL><LI><a href="#[1d]">&gt;&gt;</a>&nbsp;&nbsp;&nbsp;ADC1_2_IRQHandler
</UL>
<BR>[Called By]<UL><LI><a href="#[1d]">&gt;&gt;</a>&nbsp;&nbsp;&nbsp;ADC1_2_IRQHandler
</UL>
<BR>[Address Reference Count : 1]<UL><LI> startup_py32f403xx.o(RESET)
</UL>
<P><STRONG><a name="[37]"></a>ADC3_IRQHandler</STRONG> (Thumb, 0 bytes, Stack size 0 bytes, startup_py32f403xx.o(.text))
<BR>[Address Reference Count : 1]<UL><LI> startup_py32f403xx.o(RESET)
</UL>
<P><STRONG><a name="[1f]"></a>CAN_IRQHandler</STRONG> (Thumb, 0 bytes, Stack size 0 bytes, startup_py32f403xx.o(.text))
<BR>[Address Reference Count : 1]<UL><LI> startup_py32f403xx.o(RESET)
</UL>
<P><STRONG><a name="[16]"></a>DMA1_Channel1_IRQHandler</STRONG> (Thumb, 0 bytes, Stack size 0 bytes, startup_py32f403xx.o(.text))
<BR>[Address Reference Count : 1]<UL><LI> startup_py32f403xx.o(RESET)
</UL>
<P><STRONG><a name="[17]"></a>DMA1_Channel2_IRQHandler</STRONG> (Thumb, 0 bytes, Stack size 0 bytes, startup_py32f403xx.o(.text))
<BR>[Address Reference Count : 1]<UL><LI> startup_py32f403xx.o(RESET)
</UL>
<P><STRONG><a name="[18]"></a>DMA1_Channel3_IRQHandler</STRONG> (Thumb, 0 bytes, Stack size 0 bytes, startup_py32f403xx.o(.text))
<BR>[Address Reference Count : 1]<UL><LI> startup_py32f403xx.o(RESET)
</UL>
<P><STRONG><a name="[19]"></a>DMA1_Channel4_IRQHandler</STRONG> (Thumb, 0 bytes, Stack size 0 bytes, startup_py32f403xx.o(.text))
<BR>[Address Reference Count : 1]<UL><LI> startup_py32f403xx.o(RESET)
</UL>
<P><STRONG><a name="[1a]"></a>DMA1_Channel5_IRQHandler</STRONG> (Thumb, 0 bytes, Stack size 0 bytes, startup_py32f403xx.o(.text))
<BR>[Address Reference Count : 1]<UL><LI> startup_py32f403xx.o(RESET)
</UL>
<P><STRONG><a name="[1b]"></a>DMA1_Channel6_IRQHandler</STRONG> (Thumb, 0 bytes, Stack size 0 bytes, startup_py32f403xx.o(.text))
<BR>[Address Reference Count : 1]<UL><LI> startup_py32f403xx.o(RESET)
</UL>
<P><STRONG><a name="[1c]"></a>DMA1_Channel7_IRQHandler</STRONG> (Thumb, 0 bytes, Stack size 0 bytes, startup_py32f403xx.o(.text))
<BR>[Address Reference Count : 1]<UL><LI> startup_py32f403xx.o(RESET)
</UL>
<P><STRONG><a name="[40]"></a>DMA2_Channel1_IRQHandler</STRONG> (Thumb, 0 bytes, Stack size 0 bytes, startup_py32f403xx.o(.text))
<BR>[Address Reference Count : 1]<UL><LI> startup_py32f403xx.o(RESET)
</UL>
<P><STRONG><a name="[41]"></a>DMA2_Channel2_IRQHandler</STRONG> (Thumb, 0 bytes, Stack size 0 bytes, startup_py32f403xx.o(.text))
<BR>[Address Reference Count : 1]<UL><LI> startup_py32f403xx.o(RESET)
</UL>
<P><STRONG><a name="[42]"></a>DMA2_Channel3_IRQHandler</STRONG> (Thumb, 0 bytes, Stack size 0 bytes, startup_py32f403xx.o(.text))
<BR>[Address Reference Count : 1]<UL><LI> startup_py32f403xx.o(RESET)
</UL>
<P><STRONG><a name="[43]"></a>DMA2_Channel4_5_IRQHandler</STRONG> (Thumb, 0 bytes, Stack size 0 bytes, startup_py32f403xx.o(.text))
<BR>[Address Reference Count : 1]<UL><LI> startup_py32f403xx.o(RESET)
</UL>
<P><STRONG><a name="[38]"></a>ESMC_IRQHandler</STRONG> (Thumb, 0 bytes, Stack size 0 bytes, startup_py32f403xx.o(.text))
<BR>[Address Reference Count : 1]<UL><LI> startup_py32f403xx.o(RESET)
</UL>
<P><STRONG><a name="[11]"></a>EXTI0_IRQHandler</STRONG> (Thumb, 0 bytes, Stack size 0 bytes, startup_py32f403xx.o(.text))
<BR>[Address Reference Count : 1]<UL><LI> startup_py32f403xx.o(RESET)
</UL>
<P><STRONG><a name="[31]"></a>EXTI15_10_IRQHandler</STRONG> (Thumb, 0 bytes, Stack size 0 bytes, startup_py32f403xx.o(.text))
<BR>[Address Reference Count : 1]<UL><LI> startup_py32f403xx.o(RESET)
</UL>
<P><STRONG><a name="[12]"></a>EXTI1_IRQHandler</STRONG> (Thumb, 0 bytes, Stack size 0 bytes, startup_py32f403xx.o(.text))
<BR>[Address Reference Count : 1]<UL><LI> startup_py32f403xx.o(RESET)
</UL>
<P><STRONG><a name="[13]"></a>EXTI2_IRQHandler</STRONG> (Thumb, 0 bytes, Stack size 0 bytes, startup_py32f403xx.o(.text))
<BR>[Address Reference Count : 1]<UL><LI> startup_py32f403xx.o(RESET)
</UL>
<P><STRONG><a name="[14]"></a>EXTI3_IRQHandler</STRONG> (Thumb, 0 bytes, Stack size 0 bytes, startup_py32f403xx.o(.text))
<BR>[Address Reference Count : 1]<UL><LI> startup_py32f403xx.o(RESET)
</UL>
<P><STRONG><a name="[15]"></a>EXTI4_IRQHandler</STRONG> (Thumb, 0 bytes, Stack size 0 bytes, startup_py32f403xx.o(.text))
<BR>[Address Reference Count : 1]<UL><LI> startup_py32f403xx.o(RESET)
</UL>
<P><STRONG><a name="[20]"></a>EXTI9_5_IRQHandler</STRONG> (Thumb, 0 bytes, Stack size 0 bytes, startup_py32f403xx.o(.text))
<BR>[Address Reference Count : 1]<UL><LI> startup_py32f403xx.o(RESET)
</UL>
<P><STRONG><a name="[f]"></a>FLASH_IRQHandler</STRONG> (Thumb, 0 bytes, Stack size 0 bytes, startup_py32f403xx.o(.text))
<BR>[Address Reference Count : 1]<UL><LI> startup_py32f403xx.o(RESET)
</UL>
<P><STRONG><a name="[29]"></a>I2C1_ER_IRQHandler</STRONG> (Thumb, 0 bytes, Stack size 0 bytes, startup_py32f403xx.o(.text))
<BR>[Address Reference Count : 1]<UL><LI> startup_py32f403xx.o(RESET)
</UL>
<P><STRONG><a name="[28]"></a>I2C1_EV_IRQHandler</STRONG> (Thumb, 0 bytes, Stack size 0 bytes, startup_py32f403xx.o(.text))
<BR>[Address Reference Count : 1]<UL><LI> startup_py32f403xx.o(RESET)
</UL>
<P><STRONG><a name="[2b]"></a>I2C2_ER_IRQHandler</STRONG> (Thumb, 0 bytes, Stack size 0 bytes, startup_py32f403xx.o(.text))
<BR>[Address Reference Count : 1]<UL><LI> startup_py32f403xx.o(RESET)
</UL>
<P><STRONG><a name="[2a]"></a>I2C2_EV_IRQHandler</STRONG> (Thumb, 0 bytes, Stack size 0 bytes, startup_py32f403xx.o(.text))
<BR>[Address Reference Count : 1]<UL><LI> startup_py32f403xx.o(RESET)
</UL>
<P><STRONG><a name="[c]"></a>PVD_IRQHandler</STRONG> (Thumb, 0 bytes, Stack size 0 bytes, startup_py32f403xx.o(.text))
<BR>[Address Reference Count : 1]<UL><LI> startup_py32f403xx.o(RESET)
</UL>
<P><STRONG><a name="[10]"></a>RCC_CTC_IRQHandler</STRONG> (Thumb, 0 bytes, Stack size 0 bytes, startup_py32f403xx.o(.text))
<BR>[Address Reference Count : 1]<UL><LI> startup_py32f403xx.o(RESET)
</UL>
<P><STRONG><a name="[32]"></a>RTC_Alarm_IRQHandler</STRONG> (Thumb, 0 bytes, Stack size 0 bytes, startup_py32f403xx.o(.text))
<BR>[Address Reference Count : 1]<UL><LI> startup_py32f403xx.o(RESET)
</UL>
<P><STRONG><a name="[e]"></a>RTC_IRQHandler</STRONG> (Thumb, 0 bytes, Stack size 0 bytes, startup_py32f403xx.o(.text))
<BR>[Address Reference Count : 1]<UL><LI> startup_py32f403xx.o(RESET)
</UL>
<P><STRONG><a name="[39]"></a>SDIO_IRQHandler</STRONG> (Thumb, 0 bytes, Stack size 0 bytes, startup_py32f403xx.o(.text))
<BR>[Address Reference Count : 1]<UL><LI> startup_py32f403xx.o(RESET)
</UL>
<P><STRONG><a name="[2c]"></a>SPI1_IRQHandler</STRONG> (Thumb, 0 bytes, Stack size 0 bytes, startup_py32f403xx.o(.text))
<BR>[Address Reference Count : 1]<UL><LI> startup_py32f403xx.o(RESET)
</UL>
<P><STRONG><a name="[2d]"></a>SPI2_IRQHandler</STRONG> (Thumb, 0 bytes, Stack size 0 bytes, startup_py32f403xx.o(.text))
<BR>[Address Reference Count : 1]<UL><LI> startup_py32f403xx.o(RESET)
</UL>
<P><STRONG><a name="[3b]"></a>SPI3_IRQHandler</STRONG> (Thumb, 0 bytes, Stack size 0 bytes, startup_py32f403xx.o(.text))
<BR>[Address Reference Count : 1]<UL><LI> startup_py32f403xx.o(RESET)
</UL>
<P><STRONG><a name="[d]"></a>TAMPER_IRQHandler</STRONG> (Thumb, 0 bytes, Stack size 0 bytes, startup_py32f403xx.o(.text))
<BR>[Address Reference Count : 1]<UL><LI> startup_py32f403xx.o(RESET)
</UL>
<P><STRONG><a name="[21]"></a>TIM1_BRK_TIM9_IRQHandler</STRONG> (Thumb, 0 bytes, Stack size 0 bytes, startup_py32f403xx.o(.text))
<BR>[Address Reference Count : 1]<UL><LI> startup_py32f403xx.o(RESET)
</UL>
<P><STRONG><a name="[24]"></a>TIM1_CC_IRQHandler</STRONG> (Thumb, 0 bytes, Stack size 0 bytes, startup_py32f403xx.o(.text))
<BR>[Address Reference Count : 1]<UL><LI> startup_py32f403xx.o(RESET)
</UL>
<P><STRONG><a name="[23]"></a>TIM1_TRG_COM_TIM11_IRQHandler</STRONG> (Thumb, 0 bytes, Stack size 0 bytes, startup_py32f403xx.o(.text))
<BR>[Address Reference Count : 1]<UL><LI> startup_py32f403xx.o(RESET)
</UL>
<P><STRONG><a name="[22]"></a>TIM1_UP_TIM10_IRQHandler</STRONG> (Thumb, 0 bytes, Stack size 0 bytes, startup_py32f403xx.o(.text))
<BR>[Address Reference Count : 1]<UL><LI> startup_py32f403xx.o(RESET)
</UL>
<P><STRONG><a name="[25]"></a>TIM2_IRQHandler</STRONG> (Thumb, 0 bytes, Stack size 0 bytes, startup_py32f403xx.o(.text))
<BR>[Address Reference Count : 1]<UL><LI> startup_py32f403xx.o(RESET)
</UL>
<P><STRONG><a name="[26]"></a>TIM3_IRQHandler</STRONG> (Thumb, 0 bytes, Stack size 0 bytes, startup_py32f403xx.o(.text))
<BR>[Address Reference Count : 1]<UL><LI> startup_py32f403xx.o(RESET)
</UL>
<P><STRONG><a name="[27]"></a>TIM4_IRQHandler</STRONG> (Thumb, 0 bytes, Stack size 0 bytes, startup_py32f403xx.o(.text))
<BR>[Address Reference Count : 1]<UL><LI> startup_py32f403xx.o(RESET)
</UL>
<P><STRONG><a name="[3a]"></a>TIM5_IRQHandler</STRONG> (Thumb, 0 bytes, Stack size 0 bytes, startup_py32f403xx.o(.text))
<BR>[Address Reference Count : 1]<UL><LI> startup_py32f403xx.o(RESET)
</UL>
<P><STRONG><a name="[3e]"></a>TIM6_IRQHandler</STRONG> (Thumb, 0 bytes, Stack size 0 bytes, startup_py32f403xx.o(.text))
<BR>[Address Reference Count : 1]<UL><LI> startup_py32f403xx.o(RESET)
</UL>
<P><STRONG><a name="[3f]"></a>TIM7_IRQHandler</STRONG> (Thumb, 0 bytes, Stack size 0 bytes, startup_py32f403xx.o(.text))
<BR>[Address Reference Count : 1]<UL><LI> startup_py32f403xx.o(RESET)
</UL>
<P><STRONG><a name="[33]"></a>TIM8_BRK_TIM12_IRQHandler</STRONG> (Thumb, 0 bytes, Stack size 0 bytes, startup_py32f403xx.o(.text))
<BR>[Address Reference Count : 1]<UL><LI> startup_py32f403xx.o(RESET)
</UL>
<P><STRONG><a name="[36]"></a>TIM8_CC_IRQHandler</STRONG> (Thumb, 0 bytes, Stack size 0 bytes, startup_py32f403xx.o(.text))
<BR>[Address Reference Count : 1]<UL><LI> startup_py32f403xx.o(RESET)
</UL>
<P><STRONG><a name="[35]"></a>TIM8_TRG_COM_TIM14_IRQHandler</STRONG> (Thumb, 0 bytes, Stack size 0 bytes, startup_py32f403xx.o(.text))
<BR>[Address Reference Count : 1]<UL><LI> startup_py32f403xx.o(RESET)
</UL>
<P><STRONG><a name="[34]"></a>TIM8_UP_TIM13_IRQHandler</STRONG> (Thumb, 0 bytes, Stack size 0 bytes, startup_py32f403xx.o(.text))
<BR>[Address Reference Count : 1]<UL><LI> startup_py32f403xx.o(RESET)
</UL>
<P><STRONG><a name="[2e]"></a>USART1_IRQHandler</STRONG> (Thumb, 0 bytes, Stack size 0 bytes, startup_py32f403xx.o(.text))
<BR>[Address Reference Count : 1]<UL><LI> startup_py32f403xx.o(RESET)
</UL>
<P><STRONG><a name="[2f]"></a>USART2_IRQHandler</STRONG> (Thumb, 0 bytes, Stack size 0 bytes, startup_py32f403xx.o(.text))
<BR>[Address Reference Count : 1]<UL><LI> startup_py32f403xx.o(RESET)
</UL>
<P><STRONG><a name="[30]"></a>USART3_IRQHandler</STRONG> (Thumb, 0 bytes, Stack size 0 bytes, startup_py32f403xx.o(.text))
<BR>[Address Reference Count : 1]<UL><LI> startup_py32f403xx.o(RESET)
</UL>
<P><STRONG><a name="[3c]"></a>USART4_IRQHandler</STRONG> (Thumb, 0 bytes, Stack size 0 bytes, startup_py32f403xx.o(.text))
<BR>[Address Reference Count : 1]<UL><LI> startup_py32f403xx.o(RESET)
</UL>
<P><STRONG><a name="[3d]"></a>USART5_IRQHandler</STRONG> (Thumb, 0 bytes, Stack size 0 bytes, startup_py32f403xx.o(.text))
<BR>[Address Reference Count : 1]<UL><LI> startup_py32f403xx.o(RESET)
</UL>
<P><STRONG><a name="[b]"></a>WWDG_IRQHandler</STRONG> (Thumb, 0 bytes, Stack size 0 bytes, startup_py32f403xx.o(.text))
<BR>[Address Reference Count : 1]<UL><LI> startup_py32f403xx.o(RESET)
</UL>
<P><STRONG><a name="[d3]"></a>__user_initial_stackheap</STRONG> (Thumb, 0 bytes, Stack size unknown bytes, startup_py32f403xx.o(.text))
<BR><BR>[Called By]<UL><LI><a href="#[4d]">&gt;&gt;</a>&nbsp;&nbsp;&nbsp;__user_setup_stackheap
</UL>

<P><STRONG><a name="[82]"></a>__aeabi_memcpy</STRONG> (Thumb, 0 bytes, Stack size 0 bytes, rt_memcpy_v6.o(.text))
<BR><BR>[Called By]<UL><LI><a href="#[cd]">&gt;&gt;</a>&nbsp;&nbsp;&nbsp;SystemCoreClockUpdate
<LI><a href="#[98]">&gt;&gt;</a>&nbsp;&nbsp;&nbsp;usbd_event_ep0_setup_complete_handler
<LI><a href="#[81]">&gt;&gt;</a>&nbsp;&nbsp;&nbsp;HAL_RCC_GetSysClockFreq
</UL>

<P><STRONG><a name="[d1]"></a>__rt_memcpy</STRONG> (Thumb, 138 bytes, Stack size 0 bytes, rt_memcpy_v6.o(.text), UNUSED)
<BR><BR>[Calls]<UL><LI><a href="#[cc]">&gt;&gt;</a>&nbsp;&nbsp;&nbsp;__aeabi_memcpy4
</UL>

<P><STRONG><a name="[12a]"></a>_memcpy_lastbytes</STRONG> (Thumb, 0 bytes, Stack size unknown bytes, rt_memcpy_v6.o(.text), UNUSED)

<P><STRONG><a name="[cc]"></a>__aeabi_memcpy4</STRONG> (Thumb, 0 bytes, Stack size 8 bytes, rt_memcpy_w.o(.text))
<BR><BR>[Stack]<UL><LI>Max Depth = 8<LI>Call Chain = __aeabi_memcpy4
</UL>
<BR>[Called By]<UL><LI><a href="#[d1]">&gt;&gt;</a>&nbsp;&nbsp;&nbsp;__rt_memcpy
<LI><a href="#[cb]">&gt;&gt;</a>&nbsp;&nbsp;&nbsp;APP_LoadTrim
</UL>

<P><STRONG><a name="[12b]"></a>__aeabi_memcpy8</STRONG> (Thumb, 0 bytes, Stack size 8 bytes, rt_memcpy_w.o(.text), UNUSED)

<P><STRONG><a name="[12c]"></a>__rt_memcpy_w</STRONG> (Thumb, 100 bytes, Stack size 8 bytes, rt_memcpy_w.o(.text), UNUSED)

<P><STRONG><a name="[12d]"></a>_memcpy_lastbytes_aligned</STRONG> (Thumb, 0 bytes, Stack size unknown bytes, rt_memcpy_w.o(.text), UNUSED)

<P><STRONG><a name="[c5]"></a>__aeabi_memclr4</STRONG> (Thumb, 0 bytes, Stack size unknown bytes, rt_memclr_w.o(.text))
<BR><BR>[Called By]<UL><LI><a href="#[cb]">&gt;&gt;</a>&nbsp;&nbsp;&nbsp;APP_LoadTrim
<LI><a href="#[c2]">&gt;&gt;</a>&nbsp;&nbsp;&nbsp;APP_SystemClockConfig
</UL>

<P><STRONG><a name="[bf]"></a>__aeabi_memclr8</STRONG> (Thumb, 0 bytes, Stack size unknown bytes, rt_memclr_w.o(.text))
<BR><BR>[Called By]<UL><LI><a href="#[be]">&gt;&gt;</a>&nbsp;&nbsp;&nbsp;USBD_IRQHandler
</UL>

<P><STRONG><a name="[12e]"></a>__rt_memclr_w</STRONG> (Thumb, 0 bytes, Stack size unknown bytes, rt_memclr_w.o(.text), UNUSED)

<P><STRONG><a name="[12f]"></a>_memset_w</STRONG> (Thumb, 74 bytes, Stack size 4 bytes, rt_memclr_w.o(.text), UNUSED)

<P><STRONG><a name="[130]"></a>__use_two_region_memory</STRONG> (Thumb, 2 bytes, Stack size 0 bytes, heapauxi.o(.text), UNUSED)

<P><STRONG><a name="[131]"></a>__rt_heap_escrow</STRONG> (Thumb, 2 bytes, Stack size 0 bytes, heapauxi.o(.text), UNUSED)

<P><STRONG><a name="[132]"></a>__rt_heap_expand</STRONG> (Thumb, 2 bytes, Stack size 0 bytes, heapauxi.o(.text), UNUSED)

<P><STRONG><a name="[4d]"></a>__user_setup_stackheap</STRONG> (Thumb, 74 bytes, Stack size 8 bytes, sys_stackheap_outer.o(.text))
<BR><BR>[Stack]<UL><LI>Max Depth = 8 + Unknown Stack Size
<LI>Call Chain = __user_setup_stackheap
</UL>
<BR>[Calls]<UL><LI><a href="#[d3]">&gt;&gt;</a>&nbsp;&nbsp;&nbsp;__user_initial_stackheap
<LI><a href="#[d2]">&gt;&gt;</a>&nbsp;&nbsp;&nbsp;__user_perproc_libspace
</UL>
<BR>[Called By]<UL><LI><a href="#[4c]">&gt;&gt;</a>&nbsp;&nbsp;&nbsp;__rt_entry_sh
</UL>

<P><STRONG><a name="[52]"></a>exit</STRONG> (Thumb, 18 bytes, Stack size 8 bytes, exit.o(.text))
<BR><BR>[Stack]<UL><LI>Max Depth = 8 + Unknown Stack Size
<LI>Call Chain = exit
</UL>
<BR>[Calls]<UL><LI><a href="#[d4]">&gt;&gt;</a>&nbsp;&nbsp;&nbsp;__rt_exit
</UL>
<BR>[Called By]<UL><LI><a href="#[50]">&gt;&gt;</a>&nbsp;&nbsp;&nbsp;__rt_entry_main
</UL>

<P><STRONG><a name="[56]"></a>_sys_exit</STRONG> (Thumb, 8 bytes, Stack size 0 bytes, sys_exit.o(.text))
<BR><BR>[Called By]<UL><LI><a href="#[55]">&gt;&gt;</a>&nbsp;&nbsp;&nbsp;__rt_exit_exit
</UL>

<P><STRONG><a name="[133]"></a>__user_libspace</STRONG> (Thumb, 8 bytes, Stack size 0 bytes, libspace.o(.text), UNUSED)

<P><STRONG><a name="[d2]"></a>__user_perproc_libspace</STRONG> (Thumb, 0 bytes, Stack size 0 bytes, libspace.o(.text))
<BR><BR>[Called By]<UL><LI><a href="#[4d]">&gt;&gt;</a>&nbsp;&nbsp;&nbsp;__user_setup_stackheap
</UL>

<P><STRONG><a name="[134]"></a>__user_perthread_libspace</STRONG> (Thumb, 0 bytes, Stack size 0 bytes, libspace.o(.text), UNUSED)

<P><STRONG><a name="[135]"></a>__I$use$semihosting</STRONG> (Thumb, 0 bytes, Stack size 0 bytes, use_no_semi.o(.text), UNUSED)

<P><STRONG><a name="[136]"></a>__use_no_semihosting_swi</STRONG> (Thumb, 2 bytes, Stack size 0 bytes, use_no_semi.o(.text), UNUSED)

<P><STRONG><a name="[137]"></a>__semihosting_library_function</STRONG> (Thumb, 0 bytes, Stack size 0 bytes, indicate_semi.o(.text), UNUSED)

<P><STRONG><a name="[4b]"></a>_fp_init</STRONG> (Thumb, 26 bytes, Stack size 0 bytes, fpinit.o(x$fpl$fpinit))
<BR><BR>[Called By]<UL><LI><a href="#[4a]">&gt;&gt;</a>&nbsp;&nbsp;&nbsp;__rt_lib_init_fp_1
</UL>

<P><STRONG><a name="[138]"></a>__fplib_config_fpu_vfp</STRONG> (Thumb, 0 bytes, Stack size unknown bytes, fpinit.o(x$fpl$fpinit), UNUSED)

<P><STRONG><a name="[139]"></a>__fplib_config_pureend_doubles</STRONG> (Thumb, 0 bytes, Stack size unknown bytes, fpinit.o(x$fpl$fpinit), UNUSED)
<P>
<H3>
Local Symbols
</H3>
<P><STRONG><a name="[62]"></a>__NVIC_SetPriorityGrouping</STRONG> (Thumb, 60 bytes, Stack size 12 bytes, py32f403_hal_cortex.o(.text))
<BR><BR>[Stack]<UL><LI>Max Depth = 12<LI>Call Chain = __NVIC_SetPriorityGrouping
</UL>
<BR>[Called By]<UL><LI><a href="#[58]">&gt;&gt;</a>&nbsp;&nbsp;&nbsp;HAL_NVIC_SetPriorityGrouping
</UL>

<P><STRONG><a name="[63]"></a>__NVIC_GetPriorityGrouping</STRONG> (Thumb, 16 bytes, Stack size 0 bytes, py32f403_hal_cortex.o(.text))
<BR><BR>[Called By]<UL><LI><a href="#[6d]">&gt;&gt;</a>&nbsp;&nbsp;&nbsp;HAL_NVIC_GetPriorityGrouping
<LI><a href="#[5c]">&gt;&gt;</a>&nbsp;&nbsp;&nbsp;HAL_NVIC_SetPriority
</UL>

<P><STRONG><a name="[64]"></a>NVIC_EncodePriority</STRONG> (Thumb, 108 bytes, Stack size 32 bytes, py32f403_hal_cortex.o(.text))
<BR><BR>[Stack]<UL><LI>Max Depth = 32<LI>Call Chain = NVIC_EncodePriority
</UL>
<BR>[Called By]<UL><LI><a href="#[5c]">&gt;&gt;</a>&nbsp;&nbsp;&nbsp;HAL_NVIC_SetPriority
</UL>

<P><STRONG><a name="[65]"></a>__NVIC_SetPriority</STRONG> (Thumb, 58 bytes, Stack size 8 bytes, py32f403_hal_cortex.o(.text))
<BR><BR>[Stack]<UL><LI>Max Depth = 8<LI>Call Chain = __NVIC_SetPriority
</UL>
<BR>[Called By]<UL><LI><a href="#[6c]">&gt;&gt;</a>&nbsp;&nbsp;&nbsp;SysTick_Config
<LI><a href="#[5c]">&gt;&gt;</a>&nbsp;&nbsp;&nbsp;HAL_NVIC_SetPriority
</UL>

<P><STRONG><a name="[67]"></a>__NVIC_EnableIRQ</STRONG> (Thumb, 42 bytes, Stack size 4 bytes, py32f403_hal_cortex.o(.text), UNUSED)
<BR><BR>[Called By]<UL><LI><a href="#[66]">&gt;&gt;</a>&nbsp;&nbsp;&nbsp;HAL_NVIC_EnableIRQ
</UL>

<P><STRONG><a name="[69]"></a>__NVIC_DisableIRQ</STRONG> (Thumb, 50 bytes, Stack size 4 bytes, py32f403_hal_cortex.o(.text), UNUSED)
<BR><BR>[Called By]<UL><LI><a href="#[68]">&gt;&gt;</a>&nbsp;&nbsp;&nbsp;HAL_NVIC_DisableIRQ
</UL>

<P><STRONG><a name="[6b]"></a>__NVIC_SystemReset</STRONG> (Thumb, 38 bytes, Stack size 0 bytes, py32f403_hal_cortex.o(.text))
<BR><BR>[Called By]<UL><LI><a href="#[6a]">&gt;&gt;</a>&nbsp;&nbsp;&nbsp;HAL_NVIC_SystemReset
</UL>

<P><STRONG><a name="[6c]"></a>SysTick_Config</STRONG> (Thumb, 84 bytes, Stack size 24 bytes, py32f403_hal_cortex.o(.text))
<BR><BR>[Stack]<UL><LI>Max Depth = 32<LI>Call Chain = SysTick_Config &rArr; __NVIC_SetPriority
</UL>
<BR>[Calls]<UL><LI><a href="#[65]">&gt;&gt;</a>&nbsp;&nbsp;&nbsp;__NVIC_SetPriority
</UL>
<BR>[Called By]<UL><LI><a href="#[5b]">&gt;&gt;</a>&nbsp;&nbsp;&nbsp;HAL_SYSTICK_Config
</UL>

<P><STRONG><a name="[6f]"></a>__NVIC_GetPriority</STRONG> (Thumb, 58 bytes, Stack size 8 bytes, py32f403_hal_cortex.o(.text), UNUSED)
<BR><BR>[Called By]<UL><LI><a href="#[6e]">&gt;&gt;</a>&nbsp;&nbsp;&nbsp;HAL_NVIC_GetPriority
</UL>

<P><STRONG><a name="[70]"></a>NVIC_DecodePriority</STRONG> (Thumb, 118 bytes, Stack size 36 bytes, py32f403_hal_cortex.o(.text), UNUSED)
<BR><BR>[Called By]<UL><LI><a href="#[6e]">&gt;&gt;</a>&nbsp;&nbsp;&nbsp;HAL_NVIC_GetPriority
</UL>

<P><STRONG><a name="[72]"></a>__NVIC_SetPendingIRQ</STRONG> (Thumb, 42 bytes, Stack size 4 bytes, py32f403_hal_cortex.o(.text), UNUSED)
<BR><BR>[Called By]<UL><LI><a href="#[71]">&gt;&gt;</a>&nbsp;&nbsp;&nbsp;HAL_NVIC_SetPendingIRQ
</UL>

<P><STRONG><a name="[74]"></a>__NVIC_GetPendingIRQ</STRONG> (Thumb, 56 bytes, Stack size 8 bytes, py32f403_hal_cortex.o(.text), UNUSED)
<BR><BR>[Called By]<UL><LI><a href="#[73]">&gt;&gt;</a>&nbsp;&nbsp;&nbsp;HAL_NVIC_GetPendingIRQ
</UL>

<P><STRONG><a name="[76]"></a>__NVIC_ClearPendingIRQ</STRONG> (Thumb, 42 bytes, Stack size 4 bytes, py32f403_hal_cortex.o(.text), UNUSED)
<BR><BR>[Called By]<UL><LI><a href="#[75]">&gt;&gt;</a>&nbsp;&nbsp;&nbsp;HAL_NVIC_ClearPendingIRQ
</UL>

<P><STRONG><a name="[78]"></a>__NVIC_GetActive</STRONG> (Thumb, 56 bytes, Stack size 8 bytes, py32f403_hal_cortex.o(.text), UNUSED)
<BR><BR>[Called By]<UL><LI><a href="#[77]">&gt;&gt;</a>&nbsp;&nbsp;&nbsp;HAL_NVIC_GetActive
</UL>

<P><STRONG><a name="[7f]"></a>RCC_Delay</STRONG> (Thumb, 58 bytes, Stack size 8 bytes, py32f403_hal_rcc.o(.text))
<BR><BR>[Stack]<UL><LI>Max Depth = 8<LI>Call Chain = RCC_Delay
</UL>
<BR>[Called By]<UL><LI><a href="#[7e]">&gt;&gt;</a>&nbsp;&nbsp;&nbsp;HAL_RCC_OscConfig
</UL>

<P><STRONG><a name="[44]"></a>hid_class_interface_request_handler</STRONG> (Thumb, 216 bytes, Stack size 40 bytes, usbd_hid.o(.text))
<BR><BR>[Stack]<UL><LI>Max Depth = 60<LI>Call Chain = hid_class_interface_request_handler &rArr; usbh_hid_set_report
</UL>
<BR>[Calls]<UL><LI><a href="#[8b]">&gt;&gt;</a>&nbsp;&nbsp;&nbsp;usbh_hid_get_idle
<LI><a href="#[8e]">&gt;&gt;</a>&nbsp;&nbsp;&nbsp;usbh_hid_set_idle
<LI><a href="#[8f]">&gt;&gt;</a>&nbsp;&nbsp;&nbsp;usbh_hid_set_protocol
<LI><a href="#[8d]">&gt;&gt;</a>&nbsp;&nbsp;&nbsp;usbh_hid_set_report
<LI><a href="#[8c]">&gt;&gt;</a>&nbsp;&nbsp;&nbsp;usbh_hid_get_protocol
<LI><a href="#[8a]">&gt;&gt;</a>&nbsp;&nbsp;&nbsp;usbh_hid_get_report
</UL>
<BR>[Address Reference Count : 1]<UL><LI> usbd_hid.o(.text)
</UL>
<P><STRONG><a name="[91]"></a>usbd_class_event_notify_handler</STRONG> (Thumb, 70 bytes, Stack size 24 bytes, usbd_core.o(.text))
<BR><BR>[Stack]<UL><LI>Max Depth = 24<LI>Call Chain = usbd_class_event_notify_handler
</UL>
<BR>[Called By]<UL><LI><a href="#[95]">&gt;&gt;</a>&nbsp;&nbsp;&nbsp;usbd_event_reset_handler
<LI><a href="#[94]">&gt;&gt;</a>&nbsp;&nbsp;&nbsp;usbd_event_suspend_handler
<LI><a href="#[93]">&gt;&gt;</a>&nbsp;&nbsp;&nbsp;usbd_event_resume_handler
<LI><a href="#[92]">&gt;&gt;</a>&nbsp;&nbsp;&nbsp;usbd_event_disconnect_handler
<LI><a href="#[90]">&gt;&gt;</a>&nbsp;&nbsp;&nbsp;usbd_event_connect_handler
<LI><a href="#[b2]">&gt;&gt;</a>&nbsp;&nbsp;&nbsp;usbd_set_interface
<LI><a href="#[ab]">&gt;&gt;</a>&nbsp;&nbsp;&nbsp;usbd_std_device_req_handler
</UL>

<P><STRONG><a name="[9b]"></a>usbd_setup_request_handler</STRONG> (Thumb, 180 bytes, Stack size 32 bytes, usbd_core.o(.text))
<BR><BR>[Stack]<UL><LI>Max Depth = 212<LI>Call Chain = usbd_setup_request_handler &rArr; usbd_standard_request_handler &rArr; usbd_std_interface_req_handler &rArr; usbd_set_interface &rArr; usbd_set_endpoint &rArr; usbd_ep_open &rArr; pyusb_get_fifo_size
</UL>
<BR>[Calls]<UL><LI><a href="#[a1]">&gt;&gt;</a>&nbsp;&nbsp;&nbsp;usbd_vendor_request_handler
<LI><a href="#[a0]">&gt;&gt;</a>&nbsp;&nbsp;&nbsp;usbd_class_request_handler
<LI><a href="#[9f]">&gt;&gt;</a>&nbsp;&nbsp;&nbsp;usbd_print_setup
<LI><a href="#[9e]">&gt;&gt;</a>&nbsp;&nbsp;&nbsp;usbd_standard_request_handler
</UL>
<BR>[Called By]<UL><LI><a href="#[a3]">&gt;&gt;</a>&nbsp;&nbsp;&nbsp;usbd_event_ep_out_complete_handler
<LI><a href="#[98]">&gt;&gt;</a>&nbsp;&nbsp;&nbsp;usbd_event_ep0_setup_complete_handler
</UL>

<P><STRONG><a name="[9e]"></a>usbd_standard_request_handler</STRONG> (Thumb, 132 bytes, Stack size 32 bytes, usbd_core.o(.text))
<BR><BR>[Stack]<UL><LI>Max Depth = 180<LI>Call Chain = usbd_standard_request_handler &rArr; usbd_std_interface_req_handler &rArr; usbd_set_interface &rArr; usbd_set_endpoint &rArr; usbd_ep_open &rArr; pyusb_get_fifo_size
</UL>
<BR>[Calls]<UL><LI><a href="#[ad]">&gt;&gt;</a>&nbsp;&nbsp;&nbsp;usbd_std_endpoint_req_handler
<LI><a href="#[ac]">&gt;&gt;</a>&nbsp;&nbsp;&nbsp;usbd_std_interface_req_handler
<LI><a href="#[ab]">&gt;&gt;</a>&nbsp;&nbsp;&nbsp;usbd_std_device_req_handler
</UL>
<BR>[Called By]<UL><LI><a href="#[9b]">&gt;&gt;</a>&nbsp;&nbsp;&nbsp;usbd_setup_request_handler
</UL>

<P><STRONG><a name="[9f]"></a>usbd_print_setup</STRONG> (Thumb, 8 bytes, Stack size 4 bytes, usbd_core.o(.text))
<BR><BR>[Stack]<UL><LI>Max Depth = 4<LI>Call Chain = usbd_print_setup
</UL>
<BR>[Called By]<UL><LI><a href="#[9b]">&gt;&gt;</a>&nbsp;&nbsp;&nbsp;usbd_setup_request_handler
</UL>

<P><STRONG><a name="[a0]"></a>usbd_class_request_handler</STRONG> (Thumb, 206 bytes, Stack size 40 bytes, usbd_core.o(.text))
<BR><BR>[Stack]<UL><LI>Max Depth = 40<LI>Call Chain = usbd_class_request_handler
</UL>
<BR>[Called By]<UL><LI><a href="#[9b]">&gt;&gt;</a>&nbsp;&nbsp;&nbsp;usbd_setup_request_handler
</UL>

<P><STRONG><a name="[a1]"></a>usbd_vendor_request_handler</STRONG> (Thumb, 312 bytes, Stack size 40 bytes, usbd_core.o(.text))
<BR><BR>[Stack]<UL><LI>Max Depth = 40<LI>Call Chain = usbd_vendor_request_handler
</UL>
<BR>[Called By]<UL><LI><a href="#[9b]">&gt;&gt;</a>&nbsp;&nbsp;&nbsp;usbd_setup_request_handler
</UL>

<P><STRONG><a name="[a5]"></a>usb_slist_add_tail</STRONG> (Thumb, 44 bytes, Stack size 12 bytes, usbd_core.o(.text))
<BR><BR>[Stack]<UL><LI>Max Depth = 12<LI>Call Chain = usb_slist_add_tail
</UL>
<BR>[Called By]<UL><LI><a href="#[a4]">&gt;&gt;</a>&nbsp;&nbsp;&nbsp;usbd_add_interface
</UL>

<P><STRONG><a name="[a9]"></a>usb_slist_init</STRONG> (Thumb, 14 bytes, Stack size 4 bytes, usbd_core.o(.text), UNUSED)
<BR><BR>[Called By]<UL><LI><a href="#[a8]">&gt;&gt;</a>&nbsp;&nbsp;&nbsp;usbd_deinitialize
</UL>

<P><STRONG><a name="[ab]"></a>usbd_std_device_req_handler</STRONG> (Thumb, 296 bytes, Stack size 32 bytes, usbd_core.o(.text))
<BR><BR>[Stack]<UL><LI>Max Depth = 124<LI>Call Chain = usbd_std_device_req_handler &rArr; usbd_set_configuration &rArr; usbd_set_endpoint &rArr; usbd_ep_open &rArr; pyusb_get_fifo_size
</UL>
<BR>[Calls]<UL><LI><a href="#[b0]">&gt;&gt;</a>&nbsp;&nbsp;&nbsp;usbd_configure_done_callback
<LI><a href="#[96]">&gt;&gt;</a>&nbsp;&nbsp;&nbsp;usbd_set_address
<LI><a href="#[af]">&gt;&gt;</a>&nbsp;&nbsp;&nbsp;usbd_set_configuration
<LI><a href="#[ae]">&gt;&gt;</a>&nbsp;&nbsp;&nbsp;usbd_get_descriptor
<LI><a href="#[91]">&gt;&gt;</a>&nbsp;&nbsp;&nbsp;usbd_class_event_notify_handler
</UL>
<BR>[Called By]<UL><LI><a href="#[9e]">&gt;&gt;</a>&nbsp;&nbsp;&nbsp;usbd_standard_request_handler
</UL>

<P><STRONG><a name="[ac]"></a>usbd_std_interface_req_handler</STRONG> (Thumb, 354 bytes, Stack size 48 bytes, usbd_core.o(.text))
<BR><BR>[Stack]<UL><LI>Max Depth = 148<LI>Call Chain = usbd_std_interface_req_handler &rArr; usbd_set_interface &rArr; usbd_set_endpoint &rArr; usbd_ep_open &rArr; pyusb_get_fifo_size
</UL>
<BR>[Calls]<UL><LI><a href="#[b2]">&gt;&gt;</a>&nbsp;&nbsp;&nbsp;usbd_set_interface
<LI><a href="#[b1]">&gt;&gt;</a>&nbsp;&nbsp;&nbsp;is_device_configured
</UL>
<BR>[Called By]<UL><LI><a href="#[9e]">&gt;&gt;</a>&nbsp;&nbsp;&nbsp;usbd_standard_request_handler
</UL>

<P><STRONG><a name="[ad]"></a>usbd_std_endpoint_req_handler</STRONG> (Thumb, 224 bytes, Stack size 32 bytes, usbd_core.o(.text))
<BR><BR>[Stack]<UL><LI>Max Depth = 60<LI>Call Chain = usbd_std_endpoint_req_handler &rArr; usbd_ep_is_stalled &rArr; pyusb_set_active_ep
</UL>
<BR>[Calls]<UL><LI><a href="#[b4]">&gt;&gt;</a>&nbsp;&nbsp;&nbsp;usbd_ep_clear_stall
<LI><a href="#[b3]">&gt;&gt;</a>&nbsp;&nbsp;&nbsp;usbd_ep_is_stalled
<LI><a href="#[99]">&gt;&gt;</a>&nbsp;&nbsp;&nbsp;usbd_ep_set_stall
<LI><a href="#[b1]">&gt;&gt;</a>&nbsp;&nbsp;&nbsp;is_device_configured
</UL>
<BR>[Called By]<UL><LI><a href="#[9e]">&gt;&gt;</a>&nbsp;&nbsp;&nbsp;usbd_standard_request_handler
</UL>

<P><STRONG><a name="[ae]"></a>usbd_get_descriptor</STRONG> (Thumb, 388 bytes, Stack size 28 bytes, usbd_core.o(.text))
<BR><BR>[Stack]<UL><LI>Max Depth = 28<LI>Call Chain = usbd_get_descriptor
</UL>
<BR>[Called By]<UL><LI><a href="#[ab]">&gt;&gt;</a>&nbsp;&nbsp;&nbsp;usbd_std_device_req_handler
</UL>

<P><STRONG><a name="[af]"></a>usbd_set_configuration</STRONG> (Thumb, 196 bytes, Stack size 24 bytes, usbd_core.o(.text))
<BR><BR>[Stack]<UL><LI>Max Depth = 92<LI>Call Chain = usbd_set_configuration &rArr; usbd_set_endpoint &rArr; usbd_ep_open &rArr; pyusb_get_fifo_size
</UL>
<BR>[Calls]<UL><LI><a href="#[b6]">&gt;&gt;</a>&nbsp;&nbsp;&nbsp;usbd_set_endpoint
<LI><a href="#[b5]">&gt;&gt;</a>&nbsp;&nbsp;&nbsp;usbd_reset_endpoint
</UL>
<BR>[Called By]<UL><LI><a href="#[ab]">&gt;&gt;</a>&nbsp;&nbsp;&nbsp;usbd_std_device_req_handler
</UL>

<P><STRONG><a name="[b1]"></a>is_device_configured</STRONG> (Thumb, 20 bytes, Stack size 0 bytes, usbd_core.o(.text))
<BR><BR>[Called By]<UL><LI><a href="#[ad]">&gt;&gt;</a>&nbsp;&nbsp;&nbsp;usbd_std_endpoint_req_handler
<LI><a href="#[ac]">&gt;&gt;</a>&nbsp;&nbsp;&nbsp;usbd_std_interface_req_handler
</UL>

<P><STRONG><a name="[b2]"></a>usbd_set_interface</STRONG> (Thumb, 220 bytes, Stack size 32 bytes, usbd_core.o(.text))
<BR><BR>[Stack]<UL><LI>Max Depth = 100<LI>Call Chain = usbd_set_interface &rArr; usbd_set_endpoint &rArr; usbd_ep_open &rArr; pyusb_get_fifo_size
</UL>
<BR>[Calls]<UL><LI><a href="#[b6]">&gt;&gt;</a>&nbsp;&nbsp;&nbsp;usbd_set_endpoint
<LI><a href="#[b5]">&gt;&gt;</a>&nbsp;&nbsp;&nbsp;usbd_reset_endpoint
<LI><a href="#[91]">&gt;&gt;</a>&nbsp;&nbsp;&nbsp;usbd_class_event_notify_handler
</UL>
<BR>[Called By]<UL><LI><a href="#[ac]">&gt;&gt;</a>&nbsp;&nbsp;&nbsp;usbd_std_interface_req_handler
</UL>

<P><STRONG><a name="[b5]"></a>usbd_reset_endpoint</STRONG> (Thumb, 56 bytes, Stack size 16 bytes, usbd_core.o(.text))
<BR><BR>[Stack]<UL><LI>Max Depth = 20<LI>Call Chain = usbd_reset_endpoint &rArr; usbd_ep_close
</UL>
<BR>[Calls]<UL><LI><a href="#[b7]">&gt;&gt;</a>&nbsp;&nbsp;&nbsp;usbd_ep_close
</UL>
<BR>[Called By]<UL><LI><a href="#[b2]">&gt;&gt;</a>&nbsp;&nbsp;&nbsp;usbd_set_interface
<LI><a href="#[af]">&gt;&gt;</a>&nbsp;&nbsp;&nbsp;usbd_set_configuration
</UL>

<P><STRONG><a name="[b6]"></a>usbd_set_endpoint</STRONG> (Thumb, 54 bytes, Stack size 16 bytes, usbd_core.o(.text))
<BR><BR>[Stack]<UL><LI>Max Depth = 68<LI>Call Chain = usbd_set_endpoint &rArr; usbd_ep_open &rArr; pyusb_get_fifo_size
</UL>
<BR>[Calls]<UL><LI><a href="#[97]">&gt;&gt;</a>&nbsp;&nbsp;&nbsp;usbd_ep_open
</UL>
<BR>[Called By]<UL><LI><a href="#[b2]">&gt;&gt;</a>&nbsp;&nbsp;&nbsp;usbd_set_interface
<LI><a href="#[af]">&gt;&gt;</a>&nbsp;&nbsp;&nbsp;usbd_set_configuration
</UL>

<P><STRONG><a name="[b9]"></a>pyusb_set_active_ep</STRONG> (Thumb, 24 bytes, Stack size 4 bytes, usb_dc_py32.o(.text))
<BR><BR>[Stack]<UL><LI>Max Depth = 4<LI>Call Chain = pyusb_set_active_ep
</UL>
<BR>[Called By]<UL><LI><a href="#[be]">&gt;&gt;</a>&nbsp;&nbsp;&nbsp;USBD_IRQHandler
<LI><a href="#[b4]">&gt;&gt;</a>&nbsp;&nbsp;&nbsp;usbd_ep_clear_stall
<LI><a href="#[b3]">&gt;&gt;</a>&nbsp;&nbsp;&nbsp;usbd_ep_is_stalled
<LI><a href="#[a7]">&gt;&gt;</a>&nbsp;&nbsp;&nbsp;usb_dc_init
<LI><a href="#[9d]">&gt;&gt;</a>&nbsp;&nbsp;&nbsp;usbd_ep_start_write
<LI><a href="#[9a]">&gt;&gt;</a>&nbsp;&nbsp;&nbsp;usbd_ep_start_read
<LI><a href="#[99]">&gt;&gt;</a>&nbsp;&nbsp;&nbsp;usbd_ep_set_stall
<LI><a href="#[97]">&gt;&gt;</a>&nbsp;&nbsp;&nbsp;usbd_ep_open
</UL>

<P><STRONG><a name="[ba]"></a>pyusb_get_active_ep</STRONG> (Thumb, 12 bytes, Stack size 0 bytes, usb_dc_py32.o(.text))
<BR><BR>[Called By]<UL><LI><a href="#[be]">&gt;&gt;</a>&nbsp;&nbsp;&nbsp;USBD_IRQHandler
<LI><a href="#[b4]">&gt;&gt;</a>&nbsp;&nbsp;&nbsp;usbd_ep_clear_stall
<LI><a href="#[b3]">&gt;&gt;</a>&nbsp;&nbsp;&nbsp;usbd_ep_is_stalled
<LI><a href="#[9d]">&gt;&gt;</a>&nbsp;&nbsp;&nbsp;usbd_ep_start_write
<LI><a href="#[9a]">&gt;&gt;</a>&nbsp;&nbsp;&nbsp;usbd_ep_start_read
<LI><a href="#[99]">&gt;&gt;</a>&nbsp;&nbsp;&nbsp;usbd_ep_set_stall
<LI><a href="#[97]">&gt;&gt;</a>&nbsp;&nbsp;&nbsp;usbd_ep_open
</UL>

<P><STRONG><a name="[bb]"></a>pyusb_get_fifo_size</STRONG> (Thumb, 92 bytes, Stack size 20 bytes, usb_dc_py32.o(.text))
<BR><BR>[Stack]<UL><LI>Max Depth = 20<LI>Call Chain = pyusb_get_fifo_size
</UL>
<BR>[Called By]<UL><LI><a href="#[97]">&gt;&gt;</a>&nbsp;&nbsp;&nbsp;usbd_ep_open
</UL>

<P><STRONG><a name="[bc]"></a>pyusb_write_packet</STRONG> (Thumb, 90 bytes, Stack size 24 bytes, usb_dc_py32.o(.text))
<BR><BR>[Stack]<UL><LI>Max Depth = 24<LI>Call Chain = pyusb_write_packet
</UL>
<BR>[Called By]<UL><LI><a href="#[be]">&gt;&gt;</a>&nbsp;&nbsp;&nbsp;USBD_IRQHandler
<LI><a href="#[9d]">&gt;&gt;</a>&nbsp;&nbsp;&nbsp;usbd_ep_start_write
</UL>

<P><STRONG><a name="[c0]"></a>handle_ep0</STRONG> (Thumb, 508 bytes, Stack size 24 bytes, usb_dc_py32.o(.text))
<BR><BR>[Stack]<UL><LI>Max Depth = 268<LI>Call Chain = handle_ep0 &rArr; usbd_event_ep0_setup_complete_handler &rArr; usbd_setup_request_handler &rArr; usbd_standard_request_handler &rArr; usbd_std_interface_req_handler &rArr; usbd_set_interface &rArr; usbd_set_endpoint &rArr; usbd_ep_open &rArr; pyusb_get_fifo_size
</UL>
<BR>[Calls]<UL><LI><a href="#[c1]">&gt;&gt;</a>&nbsp;&nbsp;&nbsp;pyusb_read_packet
<LI><a href="#[a3]">&gt;&gt;</a>&nbsp;&nbsp;&nbsp;usbd_event_ep_out_complete_handler
<LI><a href="#[a2]">&gt;&gt;</a>&nbsp;&nbsp;&nbsp;usbd_event_ep_in_complete_handler
<LI><a href="#[98]">&gt;&gt;</a>&nbsp;&nbsp;&nbsp;usbd_event_ep0_setup_complete_handler
</UL>
<BR>[Called By]<UL><LI><a href="#[be]">&gt;&gt;</a>&nbsp;&nbsp;&nbsp;USBD_IRQHandler
</UL>

<P><STRONG><a name="[c1]"></a>pyusb_read_packet</STRONG> (Thumb, 90 bytes, Stack size 24 bytes, usb_dc_py32.o(.text))
<BR><BR>[Stack]<UL><LI>Max Depth = 24<LI>Call Chain = pyusb_read_packet
</UL>
<BR>[Called By]<UL><LI><a href="#[be]">&gt;&gt;</a>&nbsp;&nbsp;&nbsp;USBD_IRQHandler
<LI><a href="#[c0]">&gt;&gt;</a>&nbsp;&nbsp;&nbsp;handle_ep0
</UL>

<P><STRONG><a name="[c2]"></a>APP_SystemClockConfig</STRONG> (Thumb, 126 bytes, Stack size 80 bytes, main.o(.text))
<BR><BR>[Stack]<UL><LI>Max Depth = 208 + Unknown Stack Size
<LI>Call Chain = APP_SystemClockConfig &rArr; HAL_RCC_ClockConfig &rArr; HAL_RCC_GetSysClockFreq
</UL>
<BR>[Calls]<UL><LI><a href="#[c5]">&gt;&gt;</a>&nbsp;&nbsp;&nbsp;__aeabi_memclr4
<LI><a href="#[c6]">&gt;&gt;</a>&nbsp;&nbsp;&nbsp;APP_ErrorHandler
<LI><a href="#[80]">&gt;&gt;</a>&nbsp;&nbsp;&nbsp;HAL_RCC_ClockConfig
<LI><a href="#[7e]">&gt;&gt;</a>&nbsp;&nbsp;&nbsp;HAL_RCC_OscConfig
</UL>
<BR>[Called By]<UL><LI><a href="#[51]">&gt;&gt;</a>&nbsp;&nbsp;&nbsp;main
</UL>

<P><STRONG><a name="[c3]"></a>APP_USBInit</STRONG> (Thumb, 94 bytes, Stack size 16 bytes, main.o(.text))
<BR><BR>[Stack]<UL><LI>Max Depth = 52<LI>Call Chain = APP_USBInit &rArr; hid_keyboard_init &rArr; usbd_initialize &rArr; usb_dc_init &rArr; pyusb_set_active_ep
</UL>
<BR>[Calls]<UL><LI><a href="#[c7]">&gt;&gt;</a>&nbsp;&nbsp;&nbsp;hid_keyboard_init
<LI><a href="#[c8]">&gt;&gt;</a>&nbsp;&nbsp;&nbsp;__NVIC_EnableIRQ
</UL>
<BR>[Called By]<UL><LI><a href="#[51]">&gt;&gt;</a>&nbsp;&nbsp;&nbsp;main
</UL>

<P><STRONG><a name="[c8]"></a>__NVIC_EnableIRQ</STRONG> (Thumb, 42 bytes, Stack size 4 bytes, main.o(.text))
<BR><BR>[Stack]<UL><LI>Max Depth = 4<LI>Call Chain = __NVIC_EnableIRQ
</UL>
<BR>[Called By]<UL><LI><a href="#[c3]">&gt;&gt;</a>&nbsp;&nbsp;&nbsp;APP_USBInit
</UL>
<P>
<H3>
Undefined Global Symbols
</H3><HR></body></html>
