Component: ARM Compiler 5.06 update 6 (build 750) Tool: armlink [4d35ed]

==============================================================================

Section Cross References

    startup_py32f403xx.o(RESET) refers to startup_py32f403xx.o(STACK) for __initial_sp
    startup_py32f403xx.o(RESET) refers to startup_py32f403xx.o(.text) for Reset_Handler
    startup_py32f403xx.o(RESET) refers to py32f403_it.o(i.NMI_Handler) for NMI_Handler
    startup_py32f403xx.o(RESET) refers to py32f403_it.o(i.HardFault_Handler) for HardFault_Handler
    startup_py32f403xx.o(RESET) refers to py32f403_it.o(i.MemManage_Handler) for MemManage_Handler
    startup_py32f403xx.o(RESET) refers to py32f403_it.o(i.BusFault_Handler) for BusFault_Handler
    startup_py32f403xx.o(RESET) refers to py32f403_it.o(i.UsageFault_Handler) for UsageFault_Handler
    startup_py32f403xx.o(RESET) refers to py32f403_it.o(i.SVC_Handler) for SVC_Handler
    startup_py32f403xx.o(RESET) refers to py32f403_it.o(i.DebugMon_Handler) for DebugMon_Handler
    startup_py32f403xx.o(RESET) refers to py32f403_it.o(i.PendSV_Handler) for PendSV_Handler
    startup_py32f403xx.o(RESET) refers to py32f403_it.o(i.SysTick_Handler) for SysTick_Handler
    startup_py32f403xx.o(.text) refers to system_py32f403.o(i.SystemInit) for SystemInit
    startup_py32f403xx.o(.text) refers to entry.o(.ARM.Collect$$$$00000000) for __main
    system_py32f403.o(i.APP_ErrorProc) refers to py32f403_hal_cortex.o(i.HAL_NVIC_SystemReset) for HAL_NVIC_SystemReset
    system_py32f403.o(i.APP_LoadTrim) refers to memcpya.o(.text) for __aeabi_memcpy4
    system_py32f403.o(i.APP_LoadTrim) refers to memseta.o(.text) for __aeabi_memclr4
    system_py32f403.o(i.APP_LoadTrim) refers to system_py32f403.o(i.APP_ErrorProc) for APP_ErrorProc
    system_py32f403.o(i.APP_LoadTrim) refers to system_py32f403.o(.constdata) for .constdata
    system_py32f403.o(i.SystemCoreClockUpdate) refers to memcpya.o(.text) for __aeabi_memcpy4
    system_py32f403.o(i.SystemCoreClockUpdate) refers to system_py32f403.o(.data) for SystemCoreClock
    system_py32f403.o(i.SystemCoreClockUpdate) refers to system_py32f403.o(.constdata) for AHBPrescTable
    system_py32f403.o(i.SystemInit) refers to system_py32f403.o(i.APP_LoadTrim) for APP_LoadTrim
    main.o(i.APP_External_FLASH_PageProgram) refers to py32f403_hal_gpio.o(i.HAL_GPIO_WritePin) for HAL_GPIO_WritePin
    main.o(i.APP_External_FLASH_PageProgram) refers to py32f403_hal_spi.o(i.HAL_SPI_Transmit) for HAL_SPI_Transmit
    main.o(i.APP_External_FLASH_PageProgram) refers to main.o(i.APP_ErrorHandler) for APP_ErrorHandler
    main.o(i.APP_External_FLASH_PageProgram) refers to py32f403_hal_spi.o(i.HAL_SPI_Receive) for HAL_SPI_Receive
    main.o(i.APP_External_FLASH_PageProgram) refers to main.o(.data) for Transition
    main.o(i.APP_External_FLASH_PageProgram) refers to main.o(.bss) for Spi1Handle
    main.o(i.APP_External_FLASH_ReadData) refers to py32f403_hal_gpio.o(i.HAL_GPIO_WritePin) for HAL_GPIO_WritePin
    main.o(i.APP_External_FLASH_ReadData) refers to py32f403_hal_spi.o(i.HAL_SPI_Transmit) for HAL_SPI_Transmit
    main.o(i.APP_External_FLASH_ReadData) refers to main.o(i.APP_ErrorHandler) for APP_ErrorHandler
    main.o(i.APP_External_FLASH_ReadData) refers to py32f403_hal_spi.o(i.HAL_SPI_Receive) for HAL_SPI_Receive
    main.o(i.APP_External_FLASH_ReadData) refers to main.o(.data) for Transition
    main.o(i.APP_External_FLASH_ReadData) refers to main.o(.bss) for Spi1Handle
    main.o(i.APP_External_FLASH_SectorErase) refers to py32f403_hal_gpio.o(i.HAL_GPIO_WritePin) for HAL_GPIO_WritePin
    main.o(i.APP_External_FLASH_SectorErase) refers to py32f403_hal_spi.o(i.HAL_SPI_Transmit) for HAL_SPI_Transmit
    main.o(i.APP_External_FLASH_SectorErase) refers to main.o(i.APP_ErrorHandler) for APP_ErrorHandler
    main.o(i.APP_External_FLASH_SectorErase) refers to py32f403_hal_spi.o(i.HAL_SPI_Receive) for HAL_SPI_Receive
    main.o(i.APP_External_FLASH_SectorErase) refers to main.o(.data) for Transition
    main.o(i.APP_External_FLASH_SectorErase) refers to main.o(.bss) for Spi1Handle
    main.o(i.APP_LedBlinking) refers to py32f403xx_start_kit.o(i.BSP_LED_Toggle) for BSP_LED_Toggle
    main.o(i.APP_LedBlinking) refers to py32f403_hal.o(i.HAL_Delay) for HAL_Delay
    main.o(i.APP_SystemClockConfig) refers to memseta.o(.text) for __aeabi_memclr4
    main.o(i.APP_SystemClockConfig) refers to py32f403_hal_rcc.o(i.HAL_RCC_OscConfig) for HAL_RCC_OscConfig
    main.o(i.APP_SystemClockConfig) refers to main.o(i.APP_ErrorHandler) for APP_ErrorHandler
    main.o(i.APP_SystemClockConfig) refers to py32f403_hal_rcc.o(i.HAL_RCC_ClockConfig) for HAL_RCC_ClockConfig
    main.o(i.APP_WaitAndCheckEndOfTransfer) refers to main.o(i.APP_Buffercmp8) for APP_Buffercmp8
    main.o(i.APP_WaitAndCheckEndOfTransfer) refers to main.o(i.APP_LedBlinking) for APP_LedBlinking
    main.o(i.APP_WaitAndCheckEndOfTransfer) refers to py32f403xx_start_kit.o(i.BSP_LED_On) for BSP_LED_On
[...]
    py32f403_hal.o(i.HAL_InitTick) refers to py32f403_hal_cortex.o(i.HAL_SYSTICK_Config) for HAL_SYSTICK_Config
    py32f403_hal.o(i.HAL_InitTick) refers to py32f403_hal_cortex.o(i.HAL_NVIC_SetPriority) for HAL_NVIC_SetPriority
    py32f403_hal.o(i.HAL_InitTick) refers to py32f403_hal.o(.data) for uwTickFreq
    py32f403_hal.o(i.HAL_InitTick) refers to system_py32f403.o(.data) for SystemCoreClock
    py32f403_hal.o(i.HAL_SetTickFreq) refers to py32f403_hal.o(i.HAL_InitTick) for HAL_InitTick
    py32f403_hal.o(i.HAL_SetTickFreq) refers to py32f403_hal.o(.data) for uwTickFreq
    py32f403_hal_rcc.o(i.HAL_RCC_ClockConfig) refers to py32f403_hal.o(i.HAL_GetTick) for HAL_GetTick
    py32f403_hal_rcc.o(i.HAL_RCC_ClockConfig) refers to py32f403_hal_rcc.o(i.HAL_RCC_GetSysClockFreq) for HAL_RCC_GetSysClockFreq
    py32f403_hal_rcc.o(i.HAL_RCC_ClockConfig) refers to py32f403_hal.o(i.HAL_InitTick) for HAL_InitTick
    py32f403_hal_rcc.o(i.HAL_RCC_ClockConfig) refers to system_py32f403.o(.constdata) for AHBPrescTable
    py32f403_hal_rcc.o(i.HAL_RCC_ClockConfig) refers to system_py32f403.o(.data) for SystemCoreClock
    py32f403_hal_rcc.o(i.HAL_RCC_ClockConfig) refers to py32f403_hal.o(.data) for uwTickPrio
    py32f403_hal_rcc.o(i.HAL_RCC_DeInit) refers to py32f403_hal.o(i.HAL_GetTick) for HAL_GetTick
    py32f403_hal_rcc.o(i.HAL_RCC_DeInit) refers to py32f403_hal.o(i.HAL_InitTick) for HAL_InitTick
    py32f403_hal_rcc.o(i.HAL_RCC_DeInit) refers to system_py32f403.o(.data) for SystemCoreClock
    py32f403_hal_rcc.o(i.HAL_RCC_DeInit) refers to py32f403_hal.o(.data) for uwTickPrio
    py32f403_hal_rcc.o(i.HAL_RCC_GetHCLKFreq) refers to system_py32f403.o(.data) for SystemCoreClock
    py32f403_hal_rcc.o(i.HAL_RCC_GetPCLK1Freq) refers to py32f403_hal_rcc.o(i.HAL_RCC_GetHCLKFreq) for HAL_RCC_GetHCLKFreq
    py32f403_hal_rcc.o(i.HAL_RCC_GetPCLK1Freq) refers to system_py32f403.o(.constdata) for APBPrescTable
    py32f403_hal_rcc.o(i.HAL_RCC_GetPCLK2Freq) refers to py32f403_hal_rcc.o(i.HAL_RCC_GetHCLKFreq) for HAL_RCC_GetHCLKFreq
    py32f403_hal_rcc.o(i.HAL_RCC_GetPCLK2Freq) refers to system_py32f403.o(.constdata) for APBPrescTable
    py32f403_hal_rcc.o(i.HAL_RCC_GetSysClockFreq) refers to memcpya.o(.text) for __aeabi_memcpy4
    py32f403_hal_rcc.o(i.HAL_RCC_MCOConfig) refers to memseta.o(.text) for __aeabi_memclr4
    py32f403_hal_rcc.o(i.HAL_RCC_MCOConfig) refers to py32f403_hal_gpio.o(i.HAL_GPIO_Init) for HAL_GPIO_Init
    py32f403_hal_rcc.o(i.HAL_RCC_NMI_IRQHandler) refers to py32f403_hal_rcc.o(i.HAL_RCC_CSSCallback) for HAL_RCC_CSSCallback
    py32f403_hal_rcc.o(i.HAL_RCC_OscConfig) refers to py32f403_hal.o(i.HAL_GetTick) for HAL_GetTick
    py32f403_hal_rcc.o(i.HAL_RCC_OscConfig) refers to py32f403_hal_rcc.o(i.RCC_Delay) for RCC_Delay
    py32f403_hal_rcc.o(i.RCC_Delay) refers to system_py32f403.o(.data) for SystemCoreClock
    py32f403_hal_rcc_ex.o(i.HAL_RCCEx_GetPeriphCLKFreq) refers to memcpya.o(.text) for __aeabi_memcpy4
    py32f403_hal_rcc_ex.o(i.HAL_RCCEx_GetPeriphCLKFreq) refers to py32f403_hal_rcc.o(i.HAL_RCC_GetPCLK2Freq) for HAL_RCC_GetPCLK2Freq
    py32f403_hal_rcc_ex.o(i.HAL_RCCEx_PeriphCLKConfig) refers to py32f403_hal.o(i.HAL_GetTick) for HAL_GetTick
    py32f403_hal_gpio.o(i.HAL_GPIO_EXTI_IRQHandler) refers to py32f403_hal_gpio.o(i.HAL_GPIO_EXTI_Callback) for HAL_GPIO_EXTI_Callback
    py32f403_hal_dma.o(i.HAL_DMA_PollForTransfer) refers to py32f403_hal.o(i.HAL_GetTick) for HAL_GetTick
    py32f403_hal_dma.o(i.HAL_DMA_Start) refers to py32f403_hal_dma.o(i.DMA_SetConfig) for DMA_SetConfig
    py32f403_hal_dma.o(i.HAL_DMA_Start_IT) refers to py32f403_hal_dma.o(i.DMA_SetConfig) for DMA_SetConfig
    py32f403_hal_pwr.o(i.HAL_PWR_EnterSTOPMode) refers to py32f403_hal_pwr.o(i.PWR_OverloadWfe) for PWR_OverloadWfe
    py32f403_hal_pwr.o(i.HAL_PWR_PVD_IRQHandler) refers to py32f403_hal_pwr.o(i.HAL_PWR_PVDCallback) for HAL_PWR_PVDCallback
    py32f403_hal_uart.o(i.HAL_HalfDuplex_Init) refers to py32f403_hal_uart.o(i.HAL_UART_MspInit) for HAL_UART_MspInit
    py32f403_hal_uart.o(i.HAL_HalfDuplex_Init) refers to py32f403_hal_uart.o(i.UART_SetConfig) for UART_SetConfig
    py32f403_hal_uart.o(i.HAL_LIN_Init) refers to py32f403_hal_uart.o(i.HAL_UART_MspInit) for HAL_UART_MspInit
    py32f403_hal_uart.o(i.HAL_LIN_Init) refers to py32f403_hal_uart.o(i.UART_SetConfig) for UART_SetConfig
    py32f403_hal_uart.o(i.HAL_MultiProcessor_Init) refers to py32f403_hal_uart.o(i.HAL_UART_MspInit) for HAL_UART_MspInit
    py32f403_hal_uart.o(i.HAL_MultiProcessor_Init) refers to py32f403_hal_uart.o(i.UART_SetConfig) for UART_SetConfig
    py32f403_hal_uart.o(i.HAL_UART_Abort) refers to py32f403_hal_dma.o(i.HAL_DMA_Abort) for HAL_DMA_Abort
    py32f403_hal_uart.o(i.HAL_UART_Abort) refers to py32f403_hal_dma.o(i.HAL_DMA_GetError) for HAL_DMA_GetError
    py32f403_hal_uart.o(i.HAL_UART_AbortReceive) refers to py32f403_hal_dma.o(i.HAL_DMA_Abort) for HAL_DMA_Abort
    py32f403_hal_uart.o(i.HAL_UART_AbortReceive) refers to py32f403_hal_dma.o(i.HAL_DMA_GetError) for HAL_DMA_GetError
    py32f403_hal_uart.o(i.HAL_UART_AbortReceive_IT) refers to py32f403_hal_dma.o(i.HAL_DMA_Abort_IT) for HAL_DMA_Abort_IT
    py32f403_hal_uart.o(i.HAL_UART_AbortReceive_IT) refers to py32f403_hal_uart.o(i.HAL_UART_AbortReceiveCpltCallback) for HAL_UART_AbortReceiveCpltCallback
    py32f403_hal_uart.o(i.HAL_UART_AbortReceive_IT) refers to py32f403_hal_uart.o(i.UART_DMARxOnlyAbortCallback) for UART_DMARxOnlyAbortCallback
    py32f403_hal_uart.o(i.HAL_UART_AbortTransmit) refers to py32f403_hal_dma.o(i.HAL_DMA_Abort) for HAL_DMA_Abort
    py32f403_hal_uart.o(i.HAL_UART_AbortTransmit) refers to py32f403_hal_dma.o(i.HAL_DMA_GetError) for HAL_DMA_GetError
    py32f403_hal_uart.o(i.HAL_UART_AbortTransmit_IT) refers to py32f403_hal_dma.o(i.HAL_DMA_Abort_IT) for HAL_DMA_Abort_IT
    py32f403_hal_uart.o(i.HAL_UART_AbortTransmit_IT) refers to py32f403_hal_uart.o(i.HAL_UART_AbortTransmitCpltCallback) for HAL_UART_AbortTransmitCpltCallback
    py32f403_hal_uart.o(i.HAL_UART_AbortTransmit_IT) refers to py32f403_hal_uart.o(i.UART_DMATxOnlyAbortCallback) for UART_DMATxOnlyAbortCallback
    py32f403_hal_uart.o(i.HAL_UART_Abort_IT) refers to py32f403_hal_dma.o(i.HAL_DMA_Abort_IT) for HAL_DMA_Abort_IT
    py32f403_hal_uart.o(i.HAL_UART_Abort_IT) refers to py32f403_hal_uart.o(i.HAL_UART_AbortCpltCallback) for HAL_UART_AbortCpltCallback
    py32f403_hal_uart.o(i.HAL_UART_Abort_IT) refers to py32f403_hal_uart.o(i.UART_DMATxAbortCallback) for UART_DMATxAbortCallback
    py32f403_hal_uart.o(i.HAL_UART_Abort_IT) refers to py32f403_hal_uart.o(i.UART_DMARxAbortCallback) for UART_DMARxAbortCallback
    py32f403_hal_uart.o(i.HAL_UART_DMAStop) refers to py32f403_hal_dma.o(i.HAL_DMA_Abort) for HAL_DMA_Abort
    py32f403_hal_uart.o(i.HAL_UART_DMAStop) refers to py32f403_hal_uart.o(i.UART_EndTxTransfer) for UART_EndTxTransfer
    py32f403_hal_uart.o(i.HAL_UART_DMAStop) refers to py32f403_hal_uart.o(i.UART_EndRxTransfer) for UART_EndRxTransfer
    py32f403_hal_uart.o(i.HAL_UART_DeInit) refers to py32f403_hal_uart.o(i.HAL_UART_MspDeInit) for HAL_UART_MspDeInit
    py32f403_hal_uart.o(i.HAL_UART_IRQHandler) refers to py32f403_hal_uart.o(i.UART_Receive_IT) for UART_Receive_IT
    py32f403_hal_uart.o(i.HAL_UART_IRQHandler) refers to py32f403_hal_uart.o(i.UART_EndRxTransfer) for UART_EndRxTransfer
    py32f403_hal_uart.o(i.HAL_UART_IRQHandler) refers to py32f403_hal_dma.o(i.HAL_DMA_Abort_IT) for HAL_DMA_Abort_IT
    py32f403_hal_uart.o(i.HAL_UART_IRQHandler) refers to py32f403_hal_uart.o(i.HAL_UART_ErrorCallback) for HAL_UART_ErrorCallback
    py32f403_hal_uart.o(i.HAL_UART_IRQHandler) refers to py32f403_hal_uart.o(i.HAL_UART_IdleFrameDetectCpltCallback) for HAL_UART_IdleFrameDetectCpltCallback
    py32f403_hal_uart.o(i.HAL_UART_IRQHandler) refers to py32f403_hal_uart.o(i.UART_Transmit_IT) for UART_Transmit_IT
    py32f403_hal_uart.o(i.HAL_UART_IRQHandler) refers to py32f403_hal_uart.o(i.UART_EndTransmit_IT) for UART_EndTransmit_IT
    py32f403_hal_uart.o(i.HAL_UART_IRQHandler) refers to py32f403_hal_uart.o(i.UART_DMAAbortOnError) for UART_DMAAbortOnError
    py32f403_hal_uart.o(i.HAL_UART_Init) refers to py32f403_hal_uart.o(i.HAL_UART_MspInit) for HAL_UART_MspInit
    py32f403_hal_uart.o(i.HAL_UART_Init) refers to py32f403_hal_uart.o(i.UART_SetConfig) for UART_SetConfig
    py32f403_hal_uart.o(i.HAL_UART_Init) refers to py32f403_hal_uart.o(i.UART_AdvFeatureConfig) for UART_AdvFeatureConfig
    py32f403_hal_uart.o(i.HAL_UART_Receive) refers to py32f403_hal.o(i.HAL_GetTick) for HAL_GetTick
    py32f403_hal_uart.o(i.HAL_UART_Receive) refers to py32f403_hal_uart.o(i.UART_WaitOnFlagUntilTimeout) for UART_WaitOnFlagUntilTimeout
    py32f403_hal_uart.o(i.HAL_UART_Receive_DMA) refers to py32f403_hal_dma.o(i.HAL_DMA_Start_IT) for HAL_DMA_Start_IT
    py32f403_hal_uart.o(i.HAL_UART_Receive_DMA) refers to py32f403_hal_uart.o(i.UART_DMAReceiveCplt) for UART_DMAReceiveCplt
    py32f403_hal_uart.o(i.HAL_UART_Receive_DMA) refers to py32f403_hal_uart.o(i.UART_DMARxHalfCplt) for UART_DMARxHalfCplt
    py32f403_hal_uart.o(i.HAL_UART_Receive_DMA) refers to py32f403_hal_uart.o(i.UART_DMAError) for UART_DMAError
    py32f403_hal_uart.o(i.HAL_UART_Transmit) refers to py32f403_hal.o(i.HAL_GetTick) for HAL_GetTick
    py32f403_hal_uart.o(i.HAL_UART_Transmit) refers to py32f403_hal_uart.o(i.UART_WaitOnFlagUntilTimeout) for UART_WaitOnFlagUntilTimeout
    py32f403_hal_uart.o(i.HAL_UART_Transmit_DMA) refers to py32f403_hal_dma.o(i.HAL_DMA_Start_IT) for HAL_DMA_Start_IT
    py32f403_hal_uart.o(i.HAL_UART_Transmit_DMA) refers to py32f403_hal_uart.o(i.UART_DMATransmitCplt) for UART_DMATransmitCplt
    py32f403_hal_uart.o(i.HAL_UART_Transmit_DMA) refers to py32f403_hal_uart.o(i.UART_DMATxHalfCplt) for UART_DMATxHalfCplt
    py32f403_hal_uart.o(i.HAL_UART_Transmit_DMA) refers to py32f403_hal_uart.o(i.UART_DMAError) for UART_DMAError
    py32f403_hal_uart.o(i.UART_DMAAbortOnError) refers to py32f403_hal_uart.o(i.HAL_UART_ErrorCallback) for HAL_UART_ErrorCallback
    py32f403_hal_uart.o(i.UART_DMAError) refers to py32f403_hal_uart.o(i.UART_EndTxTransfer) for UART_EndTxTransfer
    py32f403_hal_uart.o(i.UART_DMAError) refers to py32f403_hal_uart.o(i.UART_EndRxTransfer) for UART_EndRxTransfer
    py32f403_hal_uart.o(i.UART_DMAError) refers to py32f403_hal_uart.o(i.HAL_UART_ErrorCallback) for HAL_UART_ErrorCallback
    py32f403_hal_uart.o(i.UART_DMAReceiveCplt) refers to py32f403_hal_uart.o(i.HAL_UART_RxCpltCallback) for HAL_UART_RxCpltCallback
    py32f403_hal_uart.o(i.UART_DMARxAbortCallback) refers to py32f403_hal_uart.o(i.HAL_UART_AbortCpltCallback) for HAL_UART_AbortCpltCallback
    py32f403_hal_uart.o(i.UART_DMARxHalfCplt) refers to py32f403_hal_uart.o(i.HAL_UART_RxHalfCpltCallback) for HAL_UART_RxHalfCpltCallback
    py32f403_hal_uart.o(i.UART_DMARxOnlyAbortCallback) refers to py32f403_hal_uart.o(i.HAL_UART_AbortReceiveCpltCallback) for HAL_UART_AbortReceiveCpltCallback
    py32f403_hal_uart.o(i.UART_DMATransmitCplt) refers to py32f403_hal_uart.o(i.HAL_UART_TxCpltCallback) for HAL_UART_TxCpltCallback
    py32f403_hal_uart.o(i.UART_DMATxAbortCallback) refers to py32f403_hal_uart.o(i.HAL_UART_AbortCpltCallback) for HAL_UART_AbortCpltCallback
    py32f403_hal_uart.o(i.UART_DMATxHalfCplt) refers to py32f403_hal_uart.o(i.HAL_UART_TxHalfCpltCallback) for HAL_UART_TxHalfCpltCallback
    py32f403_hal_uart.o(i.UART_DMATxOnlyAbortCallback) refers to py32f403_hal_uart.o(i.HAL_UART_AbortTransmitCpltCallback) for HAL_UART_AbortTransmitCpltCallback
    py32f403_hal_uart.o(i.UART_EndTransmit_IT) refers to py32f403_hal_uart.o(i.HAL_UART_TxCpltCallback) for HAL_UART_TxCpltCallback
    py32f403_hal_uart.o(i.UART_Receive_IT) refers to py32f403_hal_uart.o(i.HAL_UART_RxCpltCallback) for HAL_UART_RxCpltCallback
    py32f403_hal_uart.o(i.UART_SetConfig) refers to py32f403_hal_rcc.o(i.HAL_RCC_GetPCLK2Freq) for HAL_RCC_GetPCLK2Freq
    py32f403_hal_uart.o(i.UART_SetConfig) refers to py32f403_hal_rcc.o(i.HAL_RCC_GetPCLK1Freq) for HAL_RCC_GetPCLK1Freq
    py32f403_hal_uart.o(i.UART_WaitOnFlagUntilTimeout) refers to py32f403_hal.o(i.HAL_GetTick) for HAL_GetTick
    py32f403_hal_cortex.o(i.HAL_NVIC_GetPriorityGrouping) refers to py32f403_hal_cortex.o(i.__NVIC_GetPriorityGrouping) for __NVIC_GetPriorityGrouping
    py32f403_hal_cortex.o(i.HAL_NVIC_SetPriority) refers to py32f403_hal_cortex.o(i.__NVIC_GetPriorityGrouping) for __NVIC_GetPriorityGrouping
    py32f403_hal_cortex.o(i.HAL_NVIC_SetPriority) refers to py32f403_hal_cortex.o(i.__NVIC_SetPriority) for __NVIC_SetPriority
    py32f403_hal_cortex.o(i.HAL_SYSTICK_Config) refers to py32f403_hal_cortex.o(i.__NVIC_SetPriority) for __NVIC_SetPriority
    py32f403_hal_cortex.o(i.HAL_SYSTICK_IRQHandler) refers to py32f403_hal_cortex.o(i.HAL_SYSTICK_Callback) for HAL_SYSTICK_Callback
    py32f403_hal_spi.o(i.HAL_SPI_Abort) refers to py32f403_hal_dma.o(i.HAL_DMA_Abort) for HAL_DMA_Abort
    py32f403_hal_spi.o(i.HAL_SPI_Abort) refers to py32f403_hal.o(i.HAL_GetTick) for HAL_GetTick
    py32f403_hal_spi.o(i.HAL_SPI_Abort) refers to py32f403_hal_spi.o(i.SPI_EndRxTxTransaction) for SPI_EndRxTxTransaction
    py32f403_hal_spi.o(i.HAL_SPI_Abort) refers to py32f403_hal_spi.o(i.SPI_WaitFifoStateUntilTimeout) for SPI_WaitFifoStateUntilTimeout
    py32f403_hal_spi.o(i.HAL_SPI_Abort) refers to py32f403_hal_spi.o(i.SPI_WaitFlagStateUntilTimeout) for SPI_WaitFlagStateUntilTimeout
    py32f403_hal_spi.o(i.HAL_SPI_Abort) refers to system_py32f403.o(.data) for SystemCoreClock
    py32f403_hal_spi.o(i.HAL_SPI_Abort) refers to py32f403_hal_spi.o(i.SPI_AbortTx_ISR) for SPI_AbortTx_ISR
    py32f403_hal_spi.o(i.HAL_SPI_Abort) refers to py32f403_hal_spi.o(i.SPI_AbortRx_ISR) for SPI_AbortRx_ISR
    py32f403_hal_spi.o(i.HAL_SPI_Abort_IT) refers to py32f403_hal_dma.o(i.HAL_DMA_Abort_IT) for HAL_DMA_Abort_IT
    py32f403_hal_spi.o(i.HAL_SPI_Abort_IT) refers to py32f403_hal_spi.o(i.HAL_SPI_AbortCpltCallback) for HAL_SPI_AbortCpltCallback
    py32f403_hal_spi.o(i.HAL_SPI_Abort_IT) refers to system_py32f403.o(.data) for SystemCoreClock
    py32f403_hal_spi.o(i.HAL_SPI_Abort_IT) refers to py32f403_hal_spi.o(i.SPI_AbortTx_ISR) for SPI_AbortTx_ISR
    py32f403_hal_spi.o(i.HAL_SPI_Abort_IT) refers to py32f403_hal_spi.o(i.SPI_AbortRx_ISR) for SPI_AbortRx_ISR
    py32f403_hal_spi.o(i.HAL_SPI_Abort_IT) refers to py32f403_hal_spi.o(i.SPI_DMATxAbortCallback) for SPI_DMATxAbortCallback
    py32f403_hal_spi.o(i.HAL_SPI_Abort_IT) refers to py32f403_hal_spi.o(i.SPI_DMARxAbortCallback) for SPI_DMARxAbortCallback
    py32f403_hal_spi.o(i.HAL_SPI_DMAStop) refers to py32f403_hal_dma.o(i.HAL_DMA_Abort) for HAL_DMA_Abort
    py32f403_hal_spi.o(i.HAL_SPI_DeInit) refers to py32f403_hal_msp.o(i.HAL_SPI_MspDeInit) for HAL_SPI_MspDeInit
    py32f403_hal_spi.o(i.HAL_SPI_IRQHandler) refers to py32f403_hal_dma.o(i.HAL_DMA_Abort_IT) for HAL_DMA_Abort_IT
    py32f403_hal_spi.o(i.HAL_SPI_IRQHandler) refers to py32f403_hal_spi.o(i.HAL_SPI_ErrorCallback) for HAL_SPI_ErrorCallback
    py32f403_hal_spi.o(i.HAL_SPI_IRQHandler) refers to py32f403_hal_spi.o(i.SPI_DMAAbortOnError) for SPI_DMAAbortOnError
    py32f403_hal_spi.o(i.HAL_SPI_Init) refers to py32f403_hal_msp.o(i.HAL_SPI_MspInit) for HAL_SPI_MspInit
    py32f403_hal_spi.o(i.HAL_SPI_Receive) refers to py32f403_hal_spi.o(i.HAL_SPI_TransmitReceive) for HAL_SPI_TransmitReceive
    py32f403_hal_spi.o(i.HAL_SPI_Receive) refers to py32f403_hal.o(i.HAL_GetTick) for HAL_GetTick
    py32f403_hal_spi.o(i.HAL_SPI_Receive) refers to py32f403_hal_spi.o(i.SPI_EndRxTransaction) for SPI_EndRxTransaction
    py32f403_hal_spi.o(i.HAL_SPI_Receive_DMA) refers to py32f403_hal_spi.o(i.HAL_SPI_TransmitReceive_DMA) for HAL_SPI_TransmitReceive_DMA
    py32f403_hal_spi.o(i.HAL_SPI_Receive_DMA) refers to py32f403_hal_dma.o(i.HAL_DMA_Start_IT) for HAL_DMA_Start_IT
    py32f403_hal_spi.o(i.HAL_SPI_Receive_DMA) refers to py32f403_hal_spi.o(i.SPI_DMAHalfReceiveCplt) for SPI_DMAHalfReceiveCplt
    py32f403_hal_spi.o(i.HAL_SPI_Receive_DMA) refers to py32f403_hal_spi.o(i.SPI_DMAReceiveCplt) for SPI_DMAReceiveCplt
    py32f403_hal_spi.o(i.HAL_SPI_Receive_DMA) refers to py32f403_hal_spi.o(i.SPI_DMAError) for SPI_DMAError
    py32f403_hal_spi.o(i.HAL_SPI_Receive_IT) refers to py32f403_hal_spi.o(i.HAL_SPI_TransmitReceive_IT) for HAL_SPI_TransmitReceive_IT
    py32f403_hal_spi.o(i.HAL_SPI_Receive_IT) refers to py32f403_hal_spi.o(i.SPI_RxISR_16BIT) for SPI_RxISR_16BIT
    py32f403_hal_spi.o(i.HAL_SPI_Receive_IT) refers to py32f403_hal_spi.o(i.SPI_RxISR_8BIT) for SPI_RxISR_8BIT
    py32f403_hal_spi.o(i.HAL_SPI_Transmit) refers to py32f403_hal.o(i.HAL_GetTick) for HAL_GetTick
    py32f403_hal_spi.o(i.HAL_SPI_Transmit) refers to py32f403_hal_spi.o(i.SPI_EndRxTxTransaction) for SPI_EndRxTxTransaction
    py32f403_hal_spi.o(i.HAL_SPI_TransmitReceive) refers to py32f403_hal.o(i.HAL_GetTick) for HAL_GetTick
    py32f403_hal_spi.o(i.HAL_SPI_TransmitReceive) refers to py32f403_hal_spi.o(i.SPI_EndRxTxTransaction) for SPI_EndRxTxTransaction
    py32f403_hal_spi.o(i.HAL_SPI_TransmitReceive_DMA) refers to py32f403_hal_dma.o(i.HAL_DMA_Start_IT) for HAL_DMA_Start_IT
    py32f403_hal_spi.o(i.HAL_SPI_TransmitReceive_DMA) refers to py32f403_hal_spi.o(i.SPI_DMAHalfReceiveCplt) for SPI_DMAHalfReceiveCplt
    py32f403_hal_spi.o(i.HAL_SPI_TransmitReceive_DMA) refers to py32f403_hal_spi.o(i.SPI_DMAReceiveCplt) for SPI_DMAReceiveCplt
    py32f403_hal_spi.o(i.HAL_SPI_TransmitReceive_DMA) refers to py32f403_hal_spi.o(i.SPI_DMAHalfTransmitReceiveCplt) for SPI_DMAHalfTransmitReceiveCplt
    py32f403_hal_spi.o(i.HAL_SPI_TransmitReceive_DMA) refers to py32f403_hal_spi.o(i.SPI_DMATransmitReceiveCplt) for SPI_DMATransmitReceiveCplt
    py32f403_hal_spi.o(i.HAL_SPI_TransmitReceive_DMA) refers to py32f403_hal_spi.o(i.SPI_DMAError) for SPI_DMAError
    py32f403_hal_spi.o(i.HAL_SPI_TransmitReceive_IT) refers to py32f403_hal_spi.o(i.SPI_2linesRxISR_16BIT) for SPI_2linesRxISR_16BIT
    py32f403_hal_spi.o(i.HAL_SPI_TransmitReceive_IT) refers to py32f403_hal_spi.o(i.SPI_2linesTxISR_16BIT) for SPI_2linesTxISR_16BIT
    py32f403_hal_spi.o(i.HAL_SPI_TransmitReceive_IT) refers to py32f403_hal_spi.o(i.SPI_2linesRxISR_8BIT) for SPI_2linesRxISR_8BIT
    py32f403_hal_spi.o(i.HAL_SPI_TransmitReceive_IT) refers to py32f403_hal_spi.o(i.SPI_2linesTxISR_8BIT) for SPI_2linesTxISR_8BIT
    py32f403_hal_spi.o(i.HAL_SPI_Transmit_DMA) refers to py32f403_hal_dma.o(i.HAL_DMA_Start_IT) for HAL_DMA_Start_IT
    py32f403_hal_spi.o(i.HAL_SPI_Transmit_DMA) refers to py32f403_hal_spi.o(i.SPI_DMAHalfTransmitCplt) for SPI_DMAHalfTransmitCplt
    py32f403_hal_spi.o(i.HAL_SPI_Transmit_DMA) refers to py32f403_hal_spi.o(i.SPI_DMATransmitCplt) for SPI_DMATransmitCplt
    py32f403_hal_spi.o(i.HAL_SPI_Transmit_DMA) refers to py32f403_hal_spi.o(i.SPI_DMAError) for SPI_DMAError
    py32f403_hal_spi.o(i.HAL_SPI_Transmit_IT) refers to py32f403_hal_spi.o(i.SPI_TxISR_16BIT) for SPI_TxISR_16BIT
    py32f403_hal_spi.o(i.HAL_SPI_Transmit_IT) refers to py32f403_hal_spi.o(i.SPI_TxISR_8BIT) for SPI_TxISR_8BIT
    py32f403_hal_spi.o(i.SPI_2linesRxISR_16BIT) refers to py32f403_hal_spi.o(i.SPI_CloseRxTx_ISR) for SPI_CloseRxTx_ISR
    py32f403_hal_spi.o(i.SPI_2linesRxISR_8BIT) refers to py32f403_hal_spi.o(i.SPI_CloseRxTx_ISR) for SPI_CloseRxTx_ISR
    py32f403_hal_spi.o(i.SPI_2linesTxISR_16BIT) refers to py32f403_hal_spi.o(i.SPI_CloseRxTx_ISR) for SPI_CloseRxTx_ISR
    py32f403_hal_spi.o(i.SPI_2linesTxISR_8BIT) refers to py32f403_hal_spi.o(i.SPI_CloseRxTx_ISR) for SPI_CloseRxTx_ISR
    py32f403_hal_spi.o(i.SPI_AbortRx_ISR) refers to py32f403_hal.o(i.HAL_GetTick) for HAL_GetTick
    py32f403_hal_spi.o(i.SPI_AbortRx_ISR) refers to py32f403_hal_spi.o(i.SPI_WaitFlagStateUntilTimeout) for SPI_WaitFlagStateUntilTimeout
    py32f403_hal_spi.o(i.SPI_AbortRx_ISR) refers to py32f403_hal_spi.o(i.SPI_WaitFifoStateUntilTimeout) for SPI_WaitFifoStateUntilTimeout
    py32f403_hal_spi.o(i.SPI_AbortRx_ISR) refers to system_py32f403.o(.data) for SystemCoreClock
    py32f403_hal_spi.o(i.SPI_AbortTx_ISR) refers to py32f403_hal.o(i.HAL_GetTick) for HAL_GetTick
    py32f403_hal_spi.o(i.SPI_AbortTx_ISR) refers to py32f403_hal_spi.o(i.SPI_EndRxTxTransaction) for SPI_EndRxTxTransaction
    py32f403_hal_spi.o(i.SPI_AbortTx_ISR) refers to py32f403_hal_spi.o(i.SPI_WaitFifoStateUntilTimeout) for SPI_WaitFifoStateUntilTimeout
    py32f403_hal_spi.o(i.SPI_AbortTx_ISR) refers to py32f403_hal_spi.o(i.SPI_WaitFlagStateUntilTimeout) for SPI_WaitFlagStateUntilTimeout
    py32f403_hal_spi.o(i.SPI_AbortTx_ISR) refers to system_py32f403.o(.data) for SystemCoreClock
    py32f403_hal_spi.o(i.SPI_CloseRxTx_ISR) refers to py32f403_hal.o(i.HAL_GetTick) for HAL_GetTick
    py32f403_hal_spi.o(i.SPI_CloseRxTx_ISR) refers to py32f403_hal_spi.o(i.SPI_EndRxTxTransaction) for SPI_EndRxTxTransaction
    py32f403_hal_spi.o(i.SPI_CloseRxTx_ISR) refers to py32f403_hal_spi.o(i.HAL_SPI_RxCpltCallback) for HAL_SPI_RxCpltCallback
    py32f403_hal_spi.o(i.SPI_CloseRxTx_ISR) refers to py32f403_hal_spi.o(i.HAL_SPI_TxRxCpltCallback) for HAL_SPI_TxRxCpltCallback
    py32f403_hal_spi.o(i.SPI_CloseRxTx_ISR) refers to py32f403_hal_spi.o(i.HAL_SPI_ErrorCallback) for HAL_SPI_ErrorCallback
    py32f403_hal_spi.o(i.SPI_CloseRx_ISR) refers to py32f403_hal.o(i.HAL_GetTick) for HAL_GetTick
    py32f403_hal_spi.o(i.SPI_CloseRx_ISR) refers to py32f403_hal_spi.o(i.SPI_EndRxTransaction) for SPI_EndRxTransaction
    py32f403_hal_spi.o(i.SPI_CloseRx_ISR) refers to py32f403_hal_spi.o(i.HAL_SPI_RxCpltCallback) for HAL_SPI_RxCpltCallback
    py32f403_hal_spi.o(i.SPI_CloseRx_ISR) refers to py32f403_hal_spi.o(i.HAL_SPI_ErrorCallback) for HAL_SPI_ErrorCallback
    py32f403_hal_spi.o(i.SPI_CloseTx_ISR) refers to py32f403_hal.o(i.HAL_GetTick) for HAL_GetTick
    py32f403_hal_spi.o(i.SPI_CloseTx_ISR) refers to py32f403_hal_spi.o(i.SPI_EndRxTxTransaction) for SPI_EndRxTxTransaction
    py32f403_hal_spi.o(i.SPI_CloseTx_ISR) refers to py32f403_hal_spi.o(i.HAL_SPI_ErrorCallback) for HAL_SPI_ErrorCallback
    py32f403_hal_spi.o(i.SPI_CloseTx_ISR) refers to py32f403_hal_spi.o(i.HAL_SPI_TxCpltCallback) for HAL_SPI_TxCpltCallback
    py32f403_hal_spi.o(i.SPI_DMAAbortOnError) refers to py32f403_hal_spi.o(i.HAL_SPI_ErrorCallback) for HAL_SPI_ErrorCallback
    py32f403_hal_spi.o(i.SPI_DMAError) refers to py32f403_hal_spi.o(i.HAL_SPI_ErrorCallback) for HAL_SPI_ErrorCallback
    py32f403_hal_spi.o(i.SPI_DMAHalfReceiveCplt) refers to py32f403_hal_spi.o(i.HAL_SPI_RxHalfCpltCallback) for HAL_SPI_RxHalfCpltCallback
    py32f403_hal_spi.o(i.SPI_DMAHalfTransmitCplt) refers to py32f403_hal_spi.o(i.HAL_SPI_TxHalfCpltCallback) for HAL_SPI_TxHalfCpltCallback
    py32f403_hal_spi.o(i.SPI_DMAHalfTransmitReceiveCplt) refers to py32f403_hal_spi.o(i.HAL_SPI_TxRxHalfCpltCallback) for HAL_SPI_TxRxHalfCpltCallback
    py32f403_hal_spi.o(i.SPI_DMAReceiveCplt) refers to py32f403_hal.o(i.HAL_GetTick) for HAL_GetTick
    py32f403_hal_spi.o(i.SPI_DMAReceiveCplt) refers to py32f403_hal_spi.o(i.SPI_EndRxTransaction) for SPI_EndRxTransaction
    py32f403_hal_spi.o(i.SPI_DMAReceiveCplt) refers to py32f403_hal_spi.o(i.HAL_SPI_ErrorCallback) for HAL_SPI_ErrorCallback
    py32f403_hal_spi.o(i.SPI_DMAReceiveCplt) refers to py32f403_hal_spi.o(i.HAL_SPI_RxCpltCallback) for HAL_SPI_RxCpltCallback
    py32f403_hal_spi.o(i.SPI_DMARxAbortCallback) refers to py32f403_hal.o(i.HAL_GetTick) for HAL_GetTick
    py32f403_hal_spi.o(i.SPI_DMARxAbortCallback) refers to py32f403_hal_spi.o(i.SPI_WaitFlagStateUntilTimeout) for SPI_WaitFlagStateUntilTimeout
    py32f403_hal_spi.o(i.SPI_DMARxAbortCallback) refers to py32f403_hal_spi.o(i.SPI_WaitFifoStateUntilTimeout) for SPI_WaitFifoStateUntilTimeout
    py32f403_hal_spi.o(i.SPI_DMARxAbortCallback) refers to py32f403_hal_spi.o(i.HAL_SPI_AbortCpltCallback) for HAL_SPI_AbortCpltCallback
    py32f403_hal_spi.o(i.SPI_DMATransmitCplt) refers to py32f403_hal.o(i.HAL_GetTick) for HAL_GetTick
    py32f403_hal_spi.o(i.SPI_DMATransmitCplt) refers to py32f403_hal_spi.o(i.SPI_EndRxTxTransaction) for SPI_EndRxTxTransaction
    py32f403_hal_spi.o(i.SPI_DMATransmitCplt) refers to py32f403_hal_spi.o(i.HAL_SPI_ErrorCallback) for HAL_SPI_ErrorCallback
    py32f403_hal_spi.o(i.SPI_DMATransmitCplt) refers to py32f403_hal_spi.o(i.HAL_SPI_TxCpltCallback) for HAL_SPI_TxCpltCallback
    py32f403_hal_spi.o(i.SPI_DMATransmitReceiveCplt) refers to py32f403_hal.o(i.HAL_GetTick) for HAL_GetTick
    py32f403_hal_spi.o(i.SPI_DMATransmitReceiveCplt) refers to py32f403_hal_spi.o(i.SPI_EndRxTxTransaction) for SPI_EndRxTxTransaction
    py32f403_hal_spi.o(i.SPI_DMATransmitReceiveCplt) refers to py32f403_hal_spi.o(i.HAL_SPI_ErrorCallback) for HAL_SPI_ErrorCallback
    py32f403_hal_spi.o(i.SPI_DMATransmitReceiveCplt) refers to py32f403_hal_spi.o(i.HAL_SPI_TxRxCpltCallback) for HAL_SPI_TxRxCpltCallback
    py32f403_hal_spi.o(i.SPI_DMATxAbortCallback) refers to py32f403_hal.o(i.HAL_GetTick) for HAL_GetTick
    py32f403_hal_spi.o(i.SPI_DMATxAbortCallback) refers to py32f403_hal_spi.o(i.SPI_EndRxTxTransaction) for SPI_EndRxTxTransaction
    py32f403_hal_spi.o(i.SPI_DMATxAbortCallback) refers to py32f403_hal_spi.o(i.SPI_WaitFifoStateUntilTimeout) for SPI_WaitFifoStateUntilTimeout
    py32f403_hal_spi.o(i.SPI_DMATxAbortCallback) refers to py32f403_hal_spi.o(i.HAL_SPI_AbortCpltCallback) for HAL_SPI_AbortCpltCallback
    py32f403_hal_spi.o(i.SPI_EndRxTransaction) refers to py32f403_hal_spi.o(i.SPI_WaitFlagStateUntilTimeout) for SPI_WaitFlagStateUntilTimeout
    py32f403_hal_spi.o(i.SPI_EndRxTransaction) refers to py32f403_hal_spi.o(i.SPI_WaitFifoStateUntilTimeout) for SPI_WaitFifoStateUntilTimeout
    py32f403_hal_spi.o(i.SPI_EndRxTxTransaction) refers to py32f403_hal_spi.o(i.SPI_WaitFifoStateUntilTimeout) for SPI_WaitFifoStateUntilTimeout
    py32f403_hal_spi.o(i.SPI_EndRxTxTransaction) refers to py32f403_hal_spi.o(i.SPI_WaitFlagStateUntilTimeout) for SPI_WaitFlagStateUntilTimeout
    py32f403_hal_spi.o(i.SPI_RxISR_16BIT) refers to py32f403_hal_spi.o(i.SPI_CloseRx_ISR) for SPI_CloseRx_ISR
    py32f403_hal_spi.o(i.SPI_RxISR_8BIT) refers to py32f403_hal_spi.o(i.SPI_CloseRx_ISR) for SPI_CloseRx_ISR
    py32f403_hal_spi.o(i.SPI_TxISR_16BIT) refers to py32f403_hal_spi.o(i.SPI_CloseTx_ISR) for SPI_CloseTx_ISR
    py32f403_hal_spi.o(i.SPI_TxISR_8BIT) refers to py32f403_hal_spi.o(i.SPI_CloseTx_ISR) for SPI_CloseTx_ISR
    py32f403_hal_spi.o(i.SPI_WaitFifoStateUntilTimeout) refers to py32f403_hal.o(i.HAL_GetTick) for HAL_GetTick
    py32f403_hal_spi.o(i.SPI_WaitFifoStateUntilTimeout) refers to system_py32f403.o(.data) for SystemCoreClock
    py32f403_hal_spi.o(i.SPI_WaitFlagStateUntilTimeout) refers to py32f403_hal.o(i.HAL_GetTick) for HAL_GetTick
    py32f403_hal_spi.o(i.SPI_WaitFlagStateUntilTimeout) refers to system_py32f403.o(.data) for SystemCoreClock
    entry.o(.ARM.Collect$$$$00000000) refers (Special) to entry10a.o(.ARM.Collect$$$$0000000D) for __rt_final_cpp
    entry.o(.ARM.Collect$$$$00000000) refers (Special) to entry11a.o(.ARM.Collect$$$$0000000F) for __rt_final_exit
    entry.o(.ARM.Collect$$$$00000000) refers (Special) to entry7b.o(.ARM.Collect$$$$00000008) for _main_clock
    entry.o(.ARM.Collect$$$$00000000) refers (Special) to entry8b.o(.ARM.Collect$$$$0000000A) for _main_cpp_init
    entry.o(.ARM.Collect$$$$00000000) refers (Special) to entry9a.o(.ARM.Collect$$$$0000000B) for _main_init
    entry.o(.ARM.Collect$$$$00000000) refers (Special) to entry5.o(.ARM.Collect$$$$00000004) for _main_scatterload
    entry.o(.ARM.Collect$$$$00000000) refers (Special) to entry2.o(.ARM.Collect$$$$00000001) for _main_stk
    entry2.o(.ARM.Collect$$$$00000001) refers to entry2.o(.ARM.Collect$$$$00002712) for __lit__00000000
    entry2.o(.ARM.Collect$$$$00002712) refers to startup_py32f403xx.o(STACK) for __initial_sp
    entry2.o(__vectab_stack_and_reset_area) refers to startup_py32f403xx.o(STACK) for __initial_sp
    entry2.o(__vectab_stack_and_reset_area) refers to entry.o(.ARM.Collect$$$$00000000) for __main
    entry5.o(.ARM.Collect$$$$00000004) refers to init.o(.text) for __scatterload
    entry9a.o(.ARM.Collect$$$$0000000B) refers to main.o(i.main) for main
    entry9b.o(.ARM.Collect$$$$0000000C) refers to main.o(i.main) for main
    init.o(.text) refers to entry5.o(.ARM.Collect$$$$00000004) for __main_after_scatterload


==============================================================================

Removing Unused input sections from the image.

    Removing startup_py32f403xx.o(HEAP), (512 bytes).
    Removing system_py32f403.o(.rev16_text), (4 bytes).
    Removing system_py32f403.o(.revsh_text), (4 bytes).
    Removing system_py32f403.o(.rrx_text), (6 bytes).
    Removing system_py32f403.o(i.SystemCoreClockUpdate), (256 bytes).
    Removing main.o(.rev16_text), (4 bytes).
    Removing main.o(.revsh_text), (4 bytes).
    Removing main.o(.rrx_text), (6 bytes).
    Removing py32f403_hal_msp.o(.rev16_text), (4 bytes).
    Removing py32f403_hal_msp.o(.revsh_text), (4 bytes).
    Removing py32f403_hal_msp.o(.rrx_text), (6 bytes).
    Removing py32f403_it.o(.rev16_text), (4 bytes).
    Removing py32f403_it.o(.revsh_text), (4 bytes).
    Removing py32f403_it.o(.rrx_text), (6 bytes).
    Removing py32f403xx_start_kit.o(.rev16_text), (4 bytes).
    Removing py32f403xx_start_kit.o(.revsh_text), (4 bytes).
    Removing py32f403xx_start_kit.o(.rrx_text), (6 bytes).
    Removing py32f403xx_start_kit.o(i.BSP_GetVersion), (6 bytes).
    Removing py32f403xx_start_kit.o(i.BSP_LED_DeInit), (64 bytes).
    Removing py32f403xx_start_kit.o(i.BSP_LED_Off), (32 bytes).
    Removing py32f403xx_start_kit.o(i.BSP_PB_DeInit), (60 bytes).
    Removing py32f403xx_start_kit.o(i.BSP_USART_Config), (224 bytes).
    Removing py32f403xx_start_kit.o(i.fgetc), (28 bytes).
    Removing py32f403xx_start_kit.o(i.fputc), (28 bytes).
    Removing py32f403xx_start_kit.o(.bss), (76 bytes).
    Removing py32f403_hal.o(.rev16_text), (4 bytes).
    Removing py32f403_hal.o(.revsh_text), (4 bytes).
    Removing py32f403_hal.o(.rrx_text), (6 bytes).
    Removing py32f403_hal.o(i.HAL_DBGMCU_DisableDBGSleepMode), (20 bytes).
    Removing py32f403_hal.o(i.HAL_DBGMCU_DisableDBGStandbyMode), (20 bytes).
    Removing py32f403_hal.o(i.HAL_DBGMCU_DisableDBGStopMode), (20 bytes).
    Removing py32f403_hal.o(i.HAL_DBGMCU_EnableDBGSleepMode), (20 bytes).
    Removing py32f403_hal.o(i.HAL_DBGMCU_EnableDBGStandbyMode), (20 bytes).
    Removing py32f403_hal.o(i.HAL_DBGMCU_EnableDBGStopMode), (20 bytes).
    Removing py32f403_hal.o(i.HAL_DBGMCU_GetTracePinAssignment), (16 bytes).
    Removing py32f403_hal.o(i.HAL_DBGMCU_SetTracePinAssignment), (20 bytes).
    Removing py32f403_hal.o(i.HAL_DeInit), (52 bytes).
    Removing py32f403_hal.o(i.HAL_GetDEVID), (16 bytes).
    Removing py32f403_hal.o(i.HAL_GetHalVersion), (6 bytes).
    Removing py32f403_hal.o(i.HAL_GetREVID), (12 bytes).
    Removing py32f403_hal.o(i.HAL_GetTickFreq), (12 bytes).
    Removing py32f403_hal.o(i.HAL_GetTickPrio), (12 bytes).
    Removing py32f403_hal.o(i.HAL_GetUIDw0), (12 bytes).
    Removing py32f403_hal.o(i.HAL_GetUIDw1), (12 bytes).
    Removing py32f403_hal.o(i.HAL_GetUIDw2), (12 bytes).
    Removing py32f403_hal.o(i.HAL_MspDeInit), (2 bytes).
    Removing py32f403_hal.o(i.HAL_MspInit), (2 bytes).
    Removing py32f403_hal.o(i.HAL_ResumeTick), (18 bytes).
    Removing py32f403_hal.o(i.HAL_SYSCFG_DisableGPIOAnalogMode), (16 bytes).
    Removing py32f403_hal.o(i.HAL_SYSCFG_DisableGPIONoiseFilter), (112 bytes).
    Removing py32f403_hal.o(i.HAL_SYSCFG_DisableI2CAnalogFilter), (16 bytes).
    Removing py32f403_hal.o(i.HAL_SYSCFG_DisableTimerClock2xPclk), (24 bytes).
    Removing py32f403_hal.o(i.HAL_SYSCFG_EnableGPIOAnalogMode), (16 bytes).
    Removing py32f403_hal.o(i.HAL_SYSCFG_EnableGPIONoiseFilter), (112 bytes).
    Removing py32f403_hal.o(i.HAL_SYSCFG_EnableI2CAnalogFilter), (16 bytes).
    Removing py32f403_hal.o(i.HAL_SYSCFG_EnableTimerClock2xPclk), (24 bytes).
    Removing py32f403_hal.o(i.HAL_SYSCFG_GetRemapMemory), (16 bytes).
    Removing py32f403_hal.o(i.HAL_SYSCFG_SetRemapMemory), (20 bytes).
    Removing py32f403_hal.o(i.HAL_SetTickFreq), (44 bytes).
    Removing py32f403_hal.o(i.HAL_SuspendTick), (18 bytes).
    Removing py32f403_hal_rcc.o(.rev16_text), (4 bytes).
    Removing py32f403_hal_rcc.o(.revsh_text), (4 bytes).
    Removing py32f403_hal_rcc.o(.rrx_text), (6 bytes).
    Removing py32f403_hal_rcc.o(i.HAL_RCC_CSSCallback), (2 bytes).
    Removing py32f403_hal_rcc.o(i.HAL_RCC_DeInit), (260 bytes).
    Removing py32f403_hal_rcc.o(i.HAL_RCC_DisableCSS), (20 bytes).
    Removing py32f403_hal_rcc.o(i.HAL_RCC_EnableCSS), (20 bytes).
    Removing py32f403_hal_rcc.o(i.HAL_RCC_GetClockConfig), (68 bytes).
    Removing py32f403_hal_rcc.o(i.HAL_RCC_GetHCLKFreq), (12 bytes).
    Removing py32f403_hal_rcc.o(i.HAL_RCC_GetOscConfig), (224 bytes).
    Removing py32f403_hal_rcc.o(i.HAL_RCC_GetPCLK1Freq), (32 bytes).
    Removing py32f403_hal_rcc.o(i.HAL_RCC_GetPCLK2Freq), (32 bytes).
    Removing py32f403_hal_rcc.o(i.HAL_RCC_MCOConfig), (112 bytes).
    Removing py32f403_hal_rcc.o(i.HAL_RCC_NMI_IRQHandler), (32 bytes).
    Removing py32f403_hal_rcc_ex.o(.rev16_text), (4 bytes).
    Removing py32f403_hal_rcc_ex.o(.revsh_text), (4 bytes).
    Removing py32f403_hal_rcc_ex.o(.rrx_text), (6 bytes).
    Removing py32f403_hal_rcc_ex.o(i.HAL_RCCEx_GetPeriphCLKConfig), (108 bytes).
    Removing py32f403_hal_rcc_ex.o(i.HAL_RCCEx_GetPeriphCLKFreq), (768 bytes).
    Removing py32f403_hal_rcc_ex.o(i.HAL_RCCEx_PeriphCLKConfig), (380 bytes).
    Removing py32f403_hal_gpio.o(.rev16_text), (4 bytes).
    Removing py32f403_hal_gpio.o(.revsh_text), (4 bytes).
    Removing py32f403_hal_gpio.o(.rrx_text), (6 bytes).
    Removing py32f403_hal_gpio.o(i.HAL_GPIO_EXTI_Callback), (2 bytes).
    Removing py32f403_hal_gpio.o(i.HAL_GPIO_EXTI_Falling_Callback), (2 bytes).
    Removing py32f403_hal_gpio.o(i.HAL_GPIO_EXTI_IRQHandler), (28 bytes).
    Removing py32f403_hal_gpio.o(i.HAL_GPIO_EXTI_Rising_Callback), (2 bytes).
    Removing py32f403_hal_gpio.o(i.HAL_GPIO_LockPin), (46 bytes).
    Removing py32f403_hal_dma.o(.rev16_text), (4 bytes).
    Removing py32f403_hal_dma.o(.revsh_text), (4 bytes).
    Removing py32f403_hal_dma.o(.rrx_text), (6 bytes).
    Removing py32f403_hal_dma.o(i.DMA_SetConfig), (44 bytes).
    Removing py32f403_hal_dma.o(i.HAL_DMA_Abort), (86 bytes).
    Removing py32f403_hal_dma.o(i.HAL_DMA_Abort_IT), (424 bytes).
    Removing py32f403_hal_dma.o(i.HAL_DMA_ChannelMap), (132 bytes).
    Removing py32f403_hal_dma.o(i.HAL_DMA_DeInit), (140 bytes).
    Removing py32f403_hal_dma.o(i.HAL_DMA_GetError), (6 bytes).
    Removing py32f403_hal_dma.o(i.HAL_DMA_GetState), (8 bytes).
    Removing py32f403_hal_dma.o(i.HAL_DMA_IRQHandler), (920 bytes).
    Removing py32f403_hal_dma.o(i.HAL_DMA_Init), (140 bytes).
    Removing py32f403_hal_dma.o(i.HAL_DMA_PollForTransfer), (1620 bytes).
    Removing py32f403_hal_dma.o(i.HAL_DMA_RegisterCallback), (90 bytes).
    Removing py32f403_hal_dma.o(i.HAL_DMA_Start), (114 bytes).
    Removing py32f403_hal_dma.o(i.HAL_DMA_Start_IT), (156 bytes).
    Removing py32f403_hal_dma.o(i.HAL_DMA_UnRegisterCallback), (106 bytes).
    Removing py32f403_hal_pwr.o(.rev16_text), (4 bytes).
    Removing py32f403_hal_pwr.o(.revsh_text), (4 bytes).
    Removing py32f403_hal_pwr.o(.rrx_text), (6 bytes).
    Removing py32f403_hal_pwr.o(i.HAL_PWR_ConfigPVD), (196 bytes).
    Removing py32f403_hal_pwr.o(i.HAL_PWR_DeInit), (28 bytes).
    Removing py32f403_hal_pwr.o(i.HAL_PWR_DisableBkUpAccess), (20 bytes).
    Removing py32f403_hal_pwr.o(i.HAL_PWR_DisablePVD), (20 bytes).
    Removing py32f403_hal_pwr.o(i.HAL_PWR_DisableSEVOnPend), (20 bytes).
    Removing py32f403_hal_pwr.o(i.HAL_PWR_DisableSleepOnExit), (20 bytes).
    Removing py32f403_hal_pwr.o(i.HAL_PWR_DisableWakeUpPin), (16 bytes).
    Removing py32f403_hal_pwr.o(i.HAL_PWR_EnableBkUpAccess), (20 bytes).
    Removing py32f403_hal_pwr.o(i.HAL_PWR_EnablePVD), (20 bytes).
    Removing py32f403_hal_pwr.o(i.HAL_PWR_EnableSEVOnPend), (20 bytes).
    Removing py32f403_hal_pwr.o(i.HAL_PWR_EnableSleepOnExit), (20 bytes).
    Removing py32f403_hal_pwr.o(i.HAL_PWR_EnableWakeUpPin), (16 bytes).
    Removing py32f403_hal_pwr.o(i.HAL_PWR_EnterSLEEPMode), (32 bytes).
    Removing py32f403_hal_pwr.o(i.HAL_PWR_EnterSTANDBYMode), (52 bytes).
    Removing py32f403_hal_pwr.o(i.HAL_PWR_EnterSTOPMode), (84 bytes).
    Removing py32f403_hal_pwr.o(i.HAL_PWR_PVDCallback), (2 bytes).
    Removing py32f403_hal_pwr.o(i.HAL_PWR_PVD_IRQHandler), (32 bytes).
    Removing py32f403_hal_pwr.o(i.PWR_OverloadWfe), (6 bytes).
    Removing py32f403_hal_pwr_ex.o(.rev16_text), (4 bytes).
    Removing py32f403_hal_pwr_ex.o(.revsh_text), (4 bytes).
    Removing py32f403_hal_pwr_ex.o(.rrx_text), (6 bytes).
    Removing py32f403_hal_pwr_ex.o(i.HAL_PWREx_ControlBkUpVoltageScaling), (76 bytes).
    Removing py32f403_hal_pwr_ex.o(i.HAL_PWREx_ControlVoltageScaling), (76 bytes).
    Removing py32f403_hal_pwr_ex.o(i.HAL_PWREx_DisableHSIWakeupWait), (20 bytes).
    Removing py32f403_hal_pwr_ex.o(i.HAL_PWREx_EnableHSIWakeupWait), (20 bytes).
    Removing py32f403_hal_pwr_ex.o(i.HAL_PWREx_GetBkUpVoltageRange), (16 bytes).
    Removing py32f403_hal_pwr_ex.o(i.HAL_PWREx_GetVoltageRange), (16 bytes).
    Removing py32f403_hal_pwr_ex.o(i.HAL_PWREx_GetWakeupFlashDelay), (16 bytes).
    Removing py32f403_hal_pwr_ex.o(i.HAL_PWREx_GetWakeupMrReadyDelay), (16 bytes).
    Removing py32f403_hal_pwr_ex.o(i.HAL_PWREx_SetWakeupFlashDelay), (20 bytes).
    Removing py32f403_hal_pwr_ex.o(i.HAL_PWREx_SetWakeupMrReadyDelay), (20 bytes).
    Removing py32f403_hal_uart.o(.rev16_text), (4 bytes).
    Removing py32f403_hal_uart.o(.revsh_text), (4 bytes).
    Removing py32f403_hal_uart.o(.rrx_text), (6 bytes).
    Removing py32f403_hal_uart.o(i.HAL_HalfDuplex_EnableReceiver), (68 bytes).
    Removing py32f403_hal_uart.o(i.HAL_HalfDuplex_EnableTransmitter), (68 bytes).
    Removing py32f403_hal_uart.o(i.HAL_HalfDuplex_Init), (118 bytes).
    Removing py32f403_hal_uart.o(i.HAL_LIN_Init), (150 bytes).
    Removing py32f403_hal_uart.o(i.HAL_LIN_SendBreak), (62 bytes).
    Removing py32f403_hal_uart.o(i.HAL_MultiProcessor_EnterMuteMode), (62 bytes).
    Removing py32f403_hal_uart.o(i.HAL_MultiProcessor_ExitMuteMode), (62 bytes).
    Removing py32f403_hal_uart.o(i.HAL_MultiProcessor_Init), (154 bytes).
    Removing py32f403_hal_uart.o(i.HAL_UART_Abort), (166 bytes).
    Removing py32f403_hal_uart.o(i.HAL_UART_AbortCpltCallback), (2 bytes).
    Removing py32f403_hal_uart.o(i.HAL_UART_AbortReceive), (100 bytes).
    Removing py32f403_hal_uart.o(i.HAL_UART_AbortReceiveCpltCallback), (2 bytes).
    Removing py32f403_hal_uart.o(i.HAL_UART_AbortReceive_IT), (120 bytes).
    Removing py32f403_hal_uart.o(i.HAL_UART_AbortTransmit), (88 bytes).
    Removing py32f403_hal_uart.o(i.HAL_UART_AbortTransmitCpltCallback), (2 bytes).
    Removing py32f403_hal_uart.o(i.HAL_UART_AbortTransmit_IT), (108 bytes).
    Removing py32f403_hal_uart.o(i.HAL_UART_Abort_IT), (216 bytes).
    Removing py32f403_hal_uart.o(i.HAL_UART_DMAPause), (124 bytes).
    Removing py32f403_hal_uart.o(i.HAL_UART_DMAResume), (126 bytes).
    Removing py32f403_hal_uart.o(i.HAL_UART_DMAStop), (102 bytes).
    Removing py32f403_hal_uart.o(i.HAL_UART_DeInit), (58 bytes).
    Removing py32f403_hal_uart.o(i.HAL_UART_ErrorCallback), (2 bytes).
    Removing py32f403_hal_uart.o(i.HAL_UART_GetError), (6 bytes).
    Removing py32f403_hal_uart.o(i.HAL_UART_GetState), (20 bytes).
    Removing py32f403_hal_uart.o(i.HAL_UART_IRQHandler), (372 bytes).
    Removing py32f403_hal_uart.o(i.HAL_UART_IdleFrameDetectCpltCallback), (2 bytes).
    Removing py32f403_hal_uart.o(i.HAL_UART_Init), (124 bytes).
    Removing py32f403_hal_uart.o(i.HAL_UART_MspDeInit), (2 bytes).
    Removing py32f403_hal_uart.o(i.HAL_UART_MspInit), (2 bytes).
    Removing py32f403_hal_uart.o(i.HAL_UART_Receive), (208 bytes).
    Removing py32f403_hal_uart.o(i.HAL_UART_Receive_DMA), (208 bytes).
    Removing py32f403_hal_uart.o(i.HAL_UART_Receive_IT), (112 bytes).
    Removing py32f403_hal_uart.o(i.HAL_UART_RxCpltCallback), (2 bytes).
    Removing py32f403_hal_uart.o(i.HAL_UART_RxHalfCpltCallback), (2 bytes).
    Removing py32f403_hal_uart.o(i.HAL_UART_Transmit), (230 bytes).
    Removing py32f403_hal_uart.o(i.HAL_UART_Transmit_DMA), (184 bytes).
    Removing py32f403_hal_uart.o(i.HAL_UART_Transmit_IT), (88 bytes).
    Removing py32f403_hal_uart.o(i.HAL_UART_TxCpltCallback), (2 bytes).
    Removing py32f403_hal_uart.o(i.HAL_UART_TxHalfCpltCallback), (2 bytes).
    Removing py32f403_hal_uart.o(i.UART_AdvFeatureConfig), (52 bytes).
    Removing py32f403_hal_uart.o(i.UART_DMAAbortOnError), (20 bytes).
    Removing py32f403_hal_uart.o(i.UART_DMAError), (80 bytes).
    Removing py32f403_hal_uart.o(i.UART_DMAReceiveCplt), (70 bytes).
    Removing py32f403_hal_uart.o(i.UART_DMARxAbortCallback), (52 bytes).
    Removing py32f403_hal_uart.o(i.UART_DMARxHalfCplt), (14 bytes).
    Removing py32f403_hal_uart.o(i.UART_DMARxOnlyAbortCallback), (24 bytes).
    Removing py32f403_hal_uart.o(i.UART_DMATransmitCplt), (54 bytes).
    Removing py32f403_hal_uart.o(i.UART_DMATxAbortCallback), (52 bytes).
    Removing py32f403_hal_uart.o(i.UART_DMATxHalfCplt), (14 bytes).
    Removing py32f403_hal_uart.o(i.UART_DMATxOnlyAbortCallback), (24 bytes).
    Removing py32f403_hal_uart.o(i.UART_EndRxTransfer), (32 bytes).
    Removing py32f403_hal_uart.o(i.UART_EndTransmit_IT), (32 bytes).
    Removing py32f403_hal_uart.o(i.UART_EndTxTransfer), (20 bytes).
    Removing py32f403_hal_uart.o(i.UART_Receive_IT), (128 bytes).
    Removing py32f403_hal_uart.o(i.UART_SetConfig), (796 bytes).
    Removing py32f403_hal_uart.o(i.UART_Transmit_IT), (108 bytes).
    Removing py32f403_hal_uart.o(i.UART_WaitOnFlagUntilTimeout), (108 bytes).
    Removing py32f403_hal_cortex.o(.rev16_text), (4 bytes).
    Removing py32f403_hal_cortex.o(.revsh_text), (4 bytes).
    Removing py32f403_hal_cortex.o(.rrx_text), (6 bytes).
    Removing py32f403_hal_cortex.o(i.HAL_NVIC_ClearPendingIRQ), (36 bytes).
    Removing py32f403_hal_cortex.o(i.HAL_NVIC_DisableIRQ), (44 bytes).
    Removing py32f403_hal_cortex.o(i.HAL_NVIC_GetActive), (48 bytes).
    Removing py32f403_hal_cortex.o(i.HAL_NVIC_GetPendingIRQ), (48 bytes).
    Removing py32f403_hal_cortex.o(i.HAL_NVIC_GetPriority), (148 bytes).
    Removing py32f403_hal_cortex.o(i.HAL_NVIC_GetPriorityGrouping), (8 bytes).
    Removing py32f403_hal_cortex.o(i.HAL_NVIC_SetPendingIRQ), (36 bytes).
    Removing py32f403_hal_cortex.o(i.HAL_SYSTICK_CLKSourceConfig), (40 bytes).
    Removing py32f403_hal_cortex.o(i.HAL_SYSTICK_Callback), (2 bytes).
    Removing py32f403_hal_cortex.o(i.HAL_SYSTICK_IRQHandler), (8 bytes).
    Removing py32f403_hal_spi.o(.rev16_text), (4 bytes).
    Removing py32f403_hal_spi.o(.revsh_text), (4 bytes).
    Removing py32f403_hal_spi.o(.rrx_text), (6 bytes).
    Removing py32f403_hal_spi.o(i.HAL_SPI_Abort), (444 bytes).
    Removing py32f403_hal_spi.o(i.HAL_SPI_AbortCpltCallback), (2 bytes).
    Removing py32f403_hal_spi.o(i.HAL_SPI_Abort_IT), (376 bytes).
    Removing py32f403_hal_spi.o(i.HAL_SPI_DMAPause), (50 bytes).
    Removing py32f403_hal_spi.o(i.HAL_SPI_DMAResume), (50 bytes).
    Removing py32f403_hal_spi.o(i.HAL_SPI_DMAStop), (72 bytes).
    Removing py32f403_hal_spi.o(i.HAL_SPI_ErrorCallback), (2 bytes).
    Removing py32f403_hal_spi.o(i.HAL_SPI_GetError), (6 bytes).
    Removing py32f403_hal_spi.o(i.HAL_SPI_GetState), (8 bytes).
    Removing py32f403_hal_spi.o(i.HAL_SPI_IRQHandler), (308 bytes).
    Removing py32f403_hal_spi.o(i.HAL_SPI_MspDeInit), (2 bytes).
    Removing py32f403_hal_spi.o(i.HAL_SPI_MspInit), (2 bytes).
    Removing py32f403_hal_spi.o(i.HAL_SPI_Receive_DMA), (400 bytes).
    Removing py32f403_hal_spi.o(i.HAL_SPI_Receive_IT), (244 bytes).
    Removing py32f403_hal_spi.o(i.HAL_SPI_RxCpltCallback), (2 bytes).
    Removing py32f403_hal_spi.o(i.HAL_SPI_RxHalfCpltCallback), (2 bytes).
    Removing py32f403_hal_spi.o(i.HAL_SPI_TransmitReceive_DMA), (544 bytes).
    Removing py32f403_hal_spi.o(i.HAL_SPI_TransmitReceive_IT), (240 bytes).
    Removing py32f403_hal_spi.o(i.HAL_SPI_Transmit_DMA), (332 bytes).
    Removing py32f403_hal_spi.o(i.HAL_SPI_Transmit_IT), (184 bytes).
    Removing py32f403_hal_spi.o(i.HAL_SPI_TxCpltCallback), (2 bytes).
    Removing py32f403_hal_spi.o(i.HAL_SPI_TxHalfCpltCallback), (2 bytes).
    Removing py32f403_hal_spi.o(i.HAL_SPI_TxRxCpltCallback), (2 bytes).
    Removing py32f403_hal_spi.o(i.HAL_SPI_TxRxHalfCpltCallback), (2 bytes).
    Removing py32f403_hal_spi.o(i.SPI_2linesRxISR_16BIT), (52 bytes).
    Removing py32f403_hal_spi.o(i.SPI_2linesRxISR_8BIT), (52 bytes).
    Removing py32f403_hal_spi.o(i.SPI_2linesTxISR_16BIT), (52 bytes).
    Removing py32f403_hal_spi.o(i.SPI_2linesTxISR_8BIT), (52 bytes).
    Removing py32f403_hal_spi.o(i.SPI_AbortRx_ISR), (156 bytes).
    Removing py32f403_hal_spi.o(i.SPI_AbortTx_ISR), (264 bytes).
    Removing py32f403_hal_spi.o(i.SPI_CloseRxTx_ISR), (96 bytes).
    Removing py32f403_hal_spi.o(i.SPI_CloseRx_ISR), (68 bytes).
    Removing py32f403_hal_spi.o(i.SPI_CloseTx_ISR), (94 bytes).
    Removing py32f403_hal_spi.o(i.SPI_DMAAbortOnError), (20 bytes).
    Removing py32f403_hal_spi.o(i.SPI_DMAError), (40 bytes).
    Removing py32f403_hal_spi.o(i.SPI_DMAHalfReceiveCplt), (14 bytes).
    Removing py32f403_hal_spi.o(i.SPI_DMAHalfTransmitCplt), (14 bytes).
    Removing py32f403_hal_spi.o(i.SPI_DMAHalfTransmitReceiveCplt), (14 bytes).
    Removing py32f403_hal_spi.o(i.SPI_DMAReceiveCplt), (122 bytes).
    Removing py32f403_hal_spi.o(i.SPI_DMARxAbortCallback), (172 bytes).
    Removing py32f403_hal_spi.o(i.SPI_DMATransmitCplt), (126 bytes).
    Removing py32f403_hal_spi.o(i.SPI_DMATransmitReceiveCplt), (102 bytes).
    Removing py32f403_hal_spi.o(i.SPI_DMATxAbortCallback), (168 bytes).
    Removing py32f403_hal_spi.o(i.SPI_RxISR_16BIT), (36 bytes).
    Removing py32f403_hal_spi.o(i.SPI_RxISR_8BIT), (36 bytes).
    Removing py32f403_hal_spi.o(i.SPI_TxISR_16BIT), (36 bytes).
    Removing py32f403_hal_spi.o(i.SPI_TxISR_8BIT), (36 bytes).
    Removing py32f403_hal_spi_ex.o(.rev16_text), (4 bytes).
    Removing py32f403_hal_spi_ex.o(.revsh_text), (4 bytes).
    Removing py32f403_hal_spi_ex.o(.rrx_text), (6 bytes).
    Removing py32f403_hal_spi_ex.o(i.HAL_SPIEx_FlushRxFifo), (44 bytes).

266 unused section(s) (total 20092 bytes) removed from the image.

==============================================================================

Image Symbol Table

    Local Symbols

    Symbol Name                              Value     Ov Type        Size  Object(Section)

    ../clib/microlib/init/entry.s            0x00000000   Number         0  entry.o ABSOLUTE
    ../clib/microlib/init/entry.s            0x00000000   Number         0  entry8b.o ABSOLUTE
    ../clib/microlib/init/entry.s            0x00000000   Number         0  entry9b.o ABSOLUTE
    ../clib/microlib/init/entry.s            0x00000000   Number         0  entry10a.o ABSOLUTE
    ../clib/microlib/init/entry.s            0x00000000   Number         0  entry10b.o ABSOLUTE
    ../clib/microlib/init/entry.s            0x00000000   Number         0  entry5.o ABSOLUTE
    ../clib/microlib/init/entry.s            0x00000000   Number         0  entry11a.o ABSOLUTE
    ../clib/microlib/init/entry.s            0x00000000   Number         0  entry11b.o ABSOLUTE
    ../clib/microlib/init/entry.s            0x00000000   Number         0  entry7b.o ABSOLUTE
    ../clib/microlib/init/entry.s            0x00000000   Number         0  entry8a.o ABSOLUTE
    ../clib/microlib/init/entry.s            0x00000000   Number         0  entry7a.o ABSOLUTE
    ../clib/microlib/init/entry.s            0x00000000   Number         0  entry9a.o ABSOLUTE
    ../clib/microlib/init/entry.s            0x00000000   Number         0  entry2.o ABSOLUTE
    ../clib/microlib/string/memcpy.c         0x00000000   Number         0  memcpya.o ABSOLUTE
    ../clib/microlib/string/memcpy.c         0x00000000   Number         0  memcpyb.o ABSOLUTE
    ../clib/microlib/string/memset.c         0x00000000   Number         0  memseta.o ABSOLUTE
    ..\..\..\..\..\..\Drivers\BSP\PY32F403xx_Start_Kit\py32f403xx_Start_Kit.c 0x00000000   Number         0  py32f403xx_start_kit.o ABSOLUTE
    ..\..\..\..\..\..\Drivers\PY32F403_HAL_Driver\Src\py32f403_hal.c 0x00000000   Number         0  py32f403_hal.o ABSOLUTE
    ..\..\..\..\..\..\Drivers\PY32F403_HAL_Driver\Src\py32f403_hal_cortex.c 0x00000000   Number         0  py32f403_hal_cortex.o ABSOLUTE
    ..\..\..\..\..\..\Drivers\PY32F403_HAL_Driver\Src\py32f403_hal_dma.c 0x00000000   Number         0  py32f403_hal_dma.o ABSOLUTE
    ..\..\..\..\..\..\Drivers\PY32F403_HAL_Driver\Src\py32f403_hal_gpio.c 0x00000000   Number         0  py32f403_hal_gpio.o ABSOLUTE
    ..\..\..\..\..\..\Drivers\PY32F403_HAL_Driver\Src\py32f403_hal_pwr.c 0x00000000   Number         0  py32f403_hal_pwr.o ABSOLUTE
    ..\..\..\..\..\..\Drivers\PY32F403_HAL_Driver\Src\py32f403_hal_pwr_ex.c 0x00000000   Number         0  py32f403_hal_pwr_ex.o ABSOLUTE
    ..\..\..\..\..\..\Drivers\PY32F403_HAL_Driver\Src\py32f403_hal_rcc.c 0x00000000   Number         0  py32f403_hal_rcc.o ABSOLUTE
    ..\..\..\..\..\..\Drivers\PY32F403_HAL_Driver\Src\py32f403_hal_rcc_ex.c 0x00000000   Number         0  py32f403_hal_rcc_ex.o ABSOLUTE
    ..\..\..\..\..\..\Drivers\PY32F403_HAL_Driver\Src\py32f403_hal_spi.c 0x00000000   Number         0  py32f403_hal_spi.o ABSOLUTE
    ..\..\..\..\..\..\Drivers\PY32F403_HAL_Driver\Src\py32f403_hal_spi_ex.c 0x00000000   Number         0  py32f403_hal_spi_ex.o ABSOLUTE
    ..\..\..\..\..\..\Drivers\PY32F403_HAL_Driver\Src\py32f403_hal_uart.c 0x00000000   Number         0  py32f403_hal_uart.o ABSOLUTE
    ..\Src\main.c                            0x00000000   Number         0  main.o ABSOLUTE
    ..\Src\py32f403_hal_msp.c                0x00000000   Number         0  py32f403_hal_msp.o ABSOLUTE
    ..\Src\py32f403_it.c                     0x00000000   Number         0  py32f403_it.o ABSOLUTE
    ..\Src\system_py32f403.c                 0x00000000   Number         0  system_py32f403.o ABSOLUTE
    ..\\..\\..\\..\\..\\..\\Drivers\\BSP\\PY32F403xx_Start_Kit\\py32f403xx_Start_Kit.c 0x00000000   Number         0  py32f403xx_start_kit.o ABSOLUTE
    ..\\..\\..\\..\\..\\..\\Drivers\\PY32F403_HAL_Driver\\Src\\py32f403_hal.c 0x00000000   Number         0  py32f403_hal.o ABSOLUTE
    ..\\..\\..\\..\\..\\..\\Drivers\\PY32F403_HAL_Driver\\Src\\py32f403_hal_cortex.c 0x00000000   Number         0  py32f403_hal_cortex.o ABSOLUTE
    ..\\..\\..\\..\\..\\..\\Drivers\\PY32F403_HAL_Driver\\Src\\py32f403_hal_dma.c 0x00000000   Number         0  py32f403_hal_dma.o ABSOLUTE
    ..\\..\\..\\..\\..\\..\\Drivers\\PY32F403_HAL_Driver\\Src\\py32f403_hal_gpio.c 0x00000000   Number         0  py32f403_hal_gpio.o ABSOLUTE
    ..\\..\\..\\..\\..\\..\\Drivers\\PY32F403_HAL_Driver\\Src\\py32f403_hal_pwr.c 0x00000000   Number         0  py32f403_hal_pwr.o ABSOLUTE
    ..\\..\\..\\..\\..\\..\\Drivers\\PY32F403_HAL_Driver\\Src\\py32f403_hal_pwr_ex.c 0x00000000   Number         0  py32f403_hal_pwr_ex.o ABSOLUTE
    ..\\..\\..\\..\\..\\..\\Drivers\\PY32F403_HAL_Driver\\Src\\py32f403_hal_rcc.c 0x00000000   Number         0  py32f403_hal_rcc.o ABSOLUTE
    ..\\..\\..\\..\\..\\..\\Drivers\\PY32F403_HAL_Driver\\Src\\py32f403_hal_rcc_ex.c 0x00000000   Number         0  py32f403_hal_rcc_ex.o ABSOLUTE
    ..\\..\\..\\..\\..\\..\\Drivers\\PY32F403_HAL_Driver\\Src\\py32f403_hal_spi.c 0x00000000   Number         0  py32f403_hal_spi.o ABSOLUTE
    ..\\..\\..\\..\\..\\..\\Drivers\\PY32F403_HAL_Driver\\Src\\py32f403_hal_spi_ex.c 0x00000000   Number         0  py32f403_hal_spi_ex.o ABSOLUTE
    ..\\..\\..\\..\\..\\..\\Drivers\\PY32F403_HAL_Driver\\Src\\py32f403_hal_uart.c 0x00000000   Number         0  py32f403_hal_uart.o ABSOLUTE
    ..\\Src\\main.c                          0x00000000   Number         0  main.o ABSOLUTE
    ..\\Src\\py32f403_hal_msp.c              0x00000000   Number         0  py32f403_hal_msp.o ABSOLUTE
    ..\\Src\\py32f403_it.c                   0x00000000   Number         0  py32f403_it.o ABSOLUTE
    ..\\Src\\system_py32f403.c               0x00000000   Number         0  system_py32f403.o ABSOLUTE
    dc.s                                     0x00000000   Number         0  dc.o ABSOLUTE
    handlers.s                               0x00000000   Number         0  handlers.o ABSOLUTE
    init.s                                   0x00000000   Number         0  init.o ABSOLUTE
    startup_py32f403xx.s                     0x00000000   Number         0  startup_py32f403xx.o ABSOLUTE
    RESET                                    0x08000000   Section      304  startup_py32f403xx.o(RESET)
    .ARM.Collect$$$$00000000                 0x08000130   Section        0  entry.o(.ARM.Collect$$$$00000000)
    .ARM.Collect$$$$00000001                 0x08000130   Section        4  entry2.o(.ARM.Collect$$$$00000001)
    .ARM.Collect$$$$00000004                 0x08000134   Section        4  entry5.o(.ARM.Collect$$$$00000004)
    .ARM.Collect$$$$00000008                 0x08000138   Section        0  entry7b.o(.ARM.Collect$$$$00000008)
    .ARM.Collect$$$$0000000A                 0x08000138   Section        0  entry8b.o(.ARM.Collect$$$$0000000A)
    .ARM.Collect$$$$0000000B                 0x08000138   Section        8  entry9a.o(.ARM.Collect$$$$0000000B)
    .ARM.Collect$$$$0000000D                 0x08000140   Section        0  entry10a.o(.ARM.Collect$$$$0000000D)
    .ARM.Collect$$$$0000000F                 0x08000140   Section        0  entry11a.o(.ARM.Collect$$$$0000000F)
    .ARM.Collect$$$$00002712                 0x08000140   Section        4  entry2.o(.ARM.Collect$$$$00002712)
    __lit__00000000                          0x08000140   Data           4  entry2.o(.ARM.Collect$$$$00002712)
    .text                                    0x08000144   Section       36  startup_py32f403xx.o(.text)
    $v0                                      0x08000144   Number         0  startup_py32f403xx.o(.text)
    .text                                    0x08000168   Section        0  memcpya.o(.text)
    .text                                    0x0800018c   Section        0  memseta.o(.text)
    .text                                    0x080001b0   Section       36  init.o(.text)
    i.APP_Buffercmp8                         0x080001d4   Section        0  main.o(i.APP_Buffercmp8)
    APP_Buffercmp8                           0x080001d5   Thumb Code    36  main.o(i.APP_Buffercmp8)
    i.APP_ErrorHandler                       0x080001f8   Section        0  main.o(i.APP_ErrorHandler)
    i.APP_ErrorProc                          0x080001fc   Section        0  system_py32f403.o(i.APP_ErrorProc)
    i.APP_External_FLASH_PageProgram         0x08000204   Section        0  main.o(i.APP_External_FLASH_PageProgram)
    APP_External_FLASH_PageProgram           0x08000205   Thumb Code   244  main.o(i.APP_External_FLASH_PageProgram)
    i.APP_External_FLASH_ReadData            0x08000304   Section        0  main.o(i.APP_External_FLASH_ReadData)
    APP_External_FLASH_ReadData              0x08000305   Thumb Code   110  main.o(i.APP_External_FLASH_ReadData)
    i.APP_External_FLASH_SectorErase         0x0800037c   Section        0  main.o(i.APP_External_FLASH_SectorErase)
    APP_External_FLASH_SectorErase           0x0800037d   Thumb Code   220  main.o(i.APP_External_FLASH_SectorErase)
    i.APP_LedBlinking                        0x08000464   Section        0  main.o(i.APP_LedBlinking)
    APP_LedBlinking                          0x08000465   Thumb Code    18  main.o(i.APP_LedBlinking)
    i.APP_LoadTrim                           0x08000478   Section        0  system_py32f403.o(i.APP_LoadTrim)
    i.APP_SystemClockConfig                  0x08000670   Section        0  main.o(i.APP_SystemClockConfig)
    APP_SystemClockConfig                    0x08000671   Thumb Code    92  main.o(i.APP_SystemClockConfig)
    i.APP_WaitAndCheckEndOfTransfer          0x080006cc   Section        0  main.o(i.APP_WaitAndCheckEndOfTransfer)
    APP_WaitAndCheckEndOfTransfer            0x080006cd   Thumb Code    38  main.o(i.APP_WaitAndCheckEndOfTransfer)
    i.BSP_LED_Init                           0x08000700   Section        0  py32f403xx_start_kit.o(i.BSP_LED_Init)
    i.BSP_LED_On                             0x08000770   Section        0  py32f403xx_start_kit.o(i.BSP_LED_On)
    i.BSP_LED_Toggle                         0x08000790   Section        0  py32f403xx_start_kit.o(i.BSP_LED_Toggle)
    i.BSP_PB_GetState                        0x080007b0   Section        0  py32f403xx_start_kit.o(i.BSP_PB_GetState)
    i.BSP_PB_Init                            0x080007d8   Section        0  py32f403xx_start_kit.o(i.BSP_PB_Init)
    i.BusFault_Handler                       0x08000870   Section        0  py32f403_it.o(i.BusFault_Handler)
    i.DebugMon_Handler                       0x08000874   Section        0  py32f403_it.o(i.DebugMon_Handler)
    i.HAL_Delay                              0x08000878   Section        0  py32f403_hal.o(i.HAL_Delay)
    i.HAL_GPIO_DeInit                        0x080008a0   Section        0  py32f403_hal_gpio.o(i.HAL_GPIO_DeInit)
    i.HAL_GPIO_Init                          0x080009b8   Section        0  py32f403_hal_gpio.o(i.HAL_GPIO_Init)
    i.HAL_GPIO_ReadPin                       0x08000b80   Section        0  py32f403_hal_gpio.o(i.HAL_GPIO_ReadPin)
    i.HAL_GPIO_TogglePin                     0x08000b90   Section        0  py32f403_hal_gpio.o(i.HAL_GPIO_TogglePin)
    i.HAL_GPIO_WritePin                      0x08000b9e   Section        0  py32f403_hal_gpio.o(i.HAL_GPIO_WritePin)
    i.HAL_GetTick                            0x08000ba8   Section        0  py32f403_hal.o(i.HAL_GetTick)
    i.HAL_IncTick                            0x08000bb4   Section        0  py32f403_hal.o(i.HAL_IncTick)
    i.HAL_Init                               0x08000bcc   Section        0  py32f403_hal.o(i.HAL_Init)
    i.HAL_InitTick                           0x08000be4   Section        0  py32f403_hal.o(i.HAL_InitTick)
    i.HAL_MspInit                            0x08000c30   Section        0  py32f403_hal_msp.o(i.HAL_MspInit)
    i.HAL_NVIC_EnableIRQ                     0x08000c70   Section        0  py32f403_hal_cortex.o(i.HAL_NVIC_EnableIRQ)
    i.HAL_NVIC_SetPriority                   0x08000c98   Section        0  py32f403_hal_cortex.o(i.HAL_NVIC_SetPriority)
    i.HAL_NVIC_SetPriorityGrouping           0x08000d14   Section        0  py32f403_hal_cortex.o(i.HAL_NVIC_SetPriorityGrouping)
    i.HAL_NVIC_SystemReset                   0x08000d3c   Section        0  py32f403_hal_cortex.o(i.HAL_NVIC_SystemReset)
    i.HAL_RCC_ClockConfig                    0x08000d68   Section        0  py32f403_hal_rcc.o(i.HAL_RCC_ClockConfig)
    i.HAL_RCC_GetSysClockFreq                0x08000ef4   Section        0  py32f403_hal_rcc.o(i.HAL_RCC_GetSysClockFreq)
    i.HAL_RCC_OscConfig                      0x08000fd8   Section        0  py32f403_hal_rcc.o(i.HAL_RCC_OscConfig)
    i.HAL_SPI_DeInit                         0x08001558   Section        0  py32f403_hal_spi.o(i.HAL_SPI_DeInit)
    i.HAL_SPI_Init                           0x0800158e   Section        0  py32f403_hal_spi.o(i.HAL_SPI_Init)
    i.HAL_SPI_MspDeInit                      0x08001674   Section        0  py32f403_hal_msp.o(i.HAL_SPI_MspDeInit)
    i.HAL_SPI_MspInit                        0x080016b8   Section        0  py32f403_hal_msp.o(i.HAL_SPI_MspInit)
    i.HAL_SPI_Receive                        0x08001784   Section        0  py32f403_hal_spi.o(i.HAL_SPI_Receive)
    i.HAL_SPI_Transmit                       0x0800191a   Section        0  py32f403_hal_spi.o(i.HAL_SPI_Transmit)
    i.HAL_SPI_TransmitReceive                0x08001ac8   Section        0  py32f403_hal_spi.o(i.HAL_SPI_TransmitReceive)
    i.HAL_SYSTICK_Config                     0x08001cf6   Section        0  py32f403_hal_cortex.o(i.HAL_SYSTICK_Config)
    i.HardFault_Handler                      0x08001d2a   Section        0  py32f403_it.o(i.HardFault_Handler)
    i.MemManage_Handler                      0x08001d2e   Section        0  py32f403_it.o(i.MemManage_Handler)
    i.NMI_Handler                            0x08001d32   Section        0  py32f403_it.o(i.NMI_Handler)
    i.PendSV_Handler                         0x08001d34   Section        0  py32f403_it.o(i.PendSV_Handler)
    i.RCC_Delay                              0x08001d38   Section        0  py32f403_hal_rcc.o(i.RCC_Delay)
    RCC_Delay                                0x08001d39   Thumb Code    36  py32f403_hal_rcc.o(i.RCC_Delay)
    i.SPI_EndRxTransaction                   0x08001d60   Section        0  py32f403_hal_spi.o(i.SPI_EndRxTransaction)
    SPI_EndRxTransaction                     0x08001d61   Thumb Code   130  py32f403_hal_spi.o(i.SPI_EndRxTransaction)
    i.SPI_EndRxTxTransaction                 0x08001de2   Section        0  py32f403_hal_spi.o(i.SPI_EndRxTxTransaction)
    SPI_EndRxTxTransaction                   0x08001de3   Thumb Code   100  py32f403_hal_spi.o(i.SPI_EndRxTxTransaction)
    i.SPI_WaitFifoStateUntilTimeout          0x08001e48   Section        0  py32f403_hal_spi.o(i.SPI_WaitFifoStateUntilTimeout)
    SPI_WaitFifoStateUntilTimeout            0x08001e49   Thumb Code   242  py32f403_hal_spi.o(i.SPI_WaitFifoStateUntilTimeout)
    i.SPI_WaitFlagStateUntilTimeout          0x08001f40   Section        0  py32f403_hal_spi.o(i.SPI_WaitFlagStateUntilTimeout)
    SPI_WaitFlagStateUntilTimeout            0x08001f41   Thumb Code   210  py32f403_hal_spi.o(i.SPI_WaitFlagStateUntilTimeout)
    i.SVC_Handler                            0x08002018   Section        0  py32f403_it.o(i.SVC_Handler)
    i.SysTick_Handler                        0x0800201a   Section        0  py32f403_it.o(i.SysTick_Handler)
    i.SystemInit                             0x08002024   Section        0  system_py32f403.o(i.SystemInit)
    i.UsageFault_Handler                     0x08002048   Section        0  py32f403_it.o(i.UsageFault_Handler)
    i.__NVIC_GetPriorityGrouping             0x0800204c   Section        0  py32f403_hal_cortex.o(i.__NVIC_GetPriorityGrouping)
    __NVIC_GetPriorityGrouping               0x0800204d   Thumb Code    10  py32f403_hal_cortex.o(i.__NVIC_GetPriorityGrouping)
    i.__NVIC_SetPriority                     0x0800205c   Section        0  py32f403_hal_cortex.o(i.__NVIC_SetPriority)
    __NVIC_SetPriority                       0x0800205d   Thumb Code    32  py32f403_hal_cortex.o(i.__NVIC_SetPriority)
    i.__scatterload_copy                     0x08002084   Section       14  handlers.o(i.__scatterload_copy)
    i.__scatterload_null                     0x08002092   Section        2  handlers.o(i.__scatterload_null)
    i.__scatterload_zeroinit                 0x08002094   Section       14  handlers.o(i.__scatterload_zeroinit)
    i.main                                   0x080020a4   Section        0  main.o(i.main)
    .constdata                               0x08002140   Section      176  system_py32f403.o(.constdata)
    .constdata                               0x080021f0   Section        5  py32f403xx_start_kit.o(.constdata)
    .data                                    0x20000000   Section        4  system_py32f403.o(.data)
    .data                                    0x20000004   Section       19  main.o(.data)
    .data                                    0x20000018   Section        8  py32f403xx_start_kit.o(.data)
    .data                                    0x20000020   Section        9  py32f403_hal.o(.data)
    .bss                                     0x2000002c   Section      107  main.o(.bss)
    STACK                                    0x20000098   Section     1024  startup_py32f403xx.o(STACK)

    Global Symbols

    Symbol Name                              Value     Ov Type        Size  Object(Section)

    BuildAttributes$$THM_ISAv4$E$P$D$K$B$S$7EM$VFPi3$EXTD16$VFPS$VFMA$PE$A:L22UL41UL21$X:L11$S22US41US21$IEEE1$IW$USESV6$~STKCKD$USESV7$~SHL$OSPACE$EBA8$MICROLIB$REQ8$PRES8$EABIv2 0x00000000   Number         0  anon$$obj.o ABSOLUTE
    __ARM_use_no_argv                        0x00000000   Number         0  main.o ABSOLUTE
    __cpp_initialize__aeabi_                  - Undefined Weak Reference
    __cxa_finalize                            - Undefined Weak Reference
    __decompress                              - Undefined Weak Reference
    _clock_init                               - Undefined Weak Reference
    _microlib_exit                            - Undefined Weak Reference
    __Vectors_Size                           0x00000130   Number         0  startup_py32f403xx.o ABSOLUTE
    __Vectors                                0x08000000   Data           4  startup_py32f403xx.o(RESET)
    __Vectors_End                            0x08000130   Data           0  startup_py32f403xx.o(RESET)
    __main                                   0x08000131   Thumb Code     0  entry.o(.ARM.Collect$$$$00000000)
    _main_stk                                0x08000131   Thumb Code     0  entry2.o(.ARM.Collect$$$$00000001)
    _main_scatterload                        0x08000135   Thumb Code     0  entry5.o(.ARM.Collect$$$$00000004)
    __main_after_scatterload                 0x08000139   Thumb Code     0  entry5.o(.ARM.Collect$$$$00000004)
    _main_clock                              0x08000139   Thumb Code     0  entry7b.o(.ARM.Collect$$$$00000008)
    _main_cpp_init                           0x08000139   Thumb Code     0  entry8b.o(.ARM.Collect$$$$0000000A)
    _main_init                               0x08000139   Thumb Code     0  entry9a.o(.ARM.Collect$$$$0000000B)
    __rt_final_cpp                           0x08000141   Thumb Code     0  entry10a.o(.ARM.Collect$$$$0000000D)
    __rt_final_exit                          0x08000141   Thumb Code     0  entry11a.o(.ARM.Collect$$$$0000000F)
    Reset_Handler                            0x08000145   Thumb Code     8  startup_py32f403xx.o(.text)
    ADC1_2_IRQHandler                        0x0800015f   Thumb Code     0  startup_py32f403xx.o(.text)
    ADC3_IRQHandler                          0x0800015f   Thumb Code     0  startup_py32f403xx.o(.text)
    CAN_IRQHandler                           0x0800015f   Thumb Code     0  startup_py32f403xx.o(.text)
    DMA1_Channel1_IRQHandler                 0x0800015f   Thumb Code     0  startup_py32f403xx.o(.text)
    DMA1_Channel2_IRQHandler                 0x0800015f   Thumb Code     0  startup_py32f403xx.o(.text)
    DMA1_Channel3_IRQHandler                 0x0800015f   Thumb Code     0  startup_py32f403xx.o(.text)
    DMA1_Channel4_IRQHandler                 0x0800015f   Thumb Code     0  startup_py32f403xx.o(.text)
    DMA1_Channel5_IRQHandler                 0x0800015f   Thumb Code     0  startup_py32f403xx.o(.text)
    DMA1_Channel6_IRQHandler                 0x0800015f   Thumb Code     0  startup_py32f403xx.o(.text)
    DMA1_Channel7_IRQHandler                 0x0800015f   Thumb Code     0  startup_py32f403xx.o(.text)
    DMA2_Channel1_IRQHandler                 0x0800015f   Thumb Code     0  startup_py32f403xx.o(.text)
    DMA2_Channel2_IRQHandler                 0x0800015f   Thumb Code     0  startup_py32f403xx.o(.text)
    DMA2_Channel3_IRQHandler                 0x0800015f   Thumb Code     0  startup_py32f403xx.o(.text)
    DMA2_Channel4_5_IRQHandler               0x0800015f   Thumb Code     0  startup_py32f403xx.o(.text)
    ESMC_IRQHandler                          0x0800015f   Thumb Code     0  startup_py32f403xx.o(.text)
    EXTI0_IRQHandler                         0x0800015f   Thumb Code     0  startup_py32f403xx.o(.text)
    EXTI15_10_IRQHandler                     0x0800015f   Thumb Code     0  startup_py32f403xx.o(.text)
    EXTI1_IRQHandler                         0x0800015f   Thumb Code     0  startup_py32f403xx.o(.text)
    EXTI2_IRQHandler                         0x0800015f   Thumb Code     0  startup_py32f403xx.o(.text)
    EXTI3_IRQHandler                         0x0800015f   Thumb Code     0  startup_py32f403xx.o(.text)
    EXTI4_IRQHandler                         0x0800015f   Thumb Code     0  startup_py32f403xx.o(.text)
    EXTI9_5_IRQHandler                       0x0800015f   Thumb Code     0  startup_py32f403xx.o(.text)
    FLASH_IRQHandler                         0x0800015f   Thumb Code     0  startup_py32f403xx.o(.text)
    I2C1_ER_IRQHandler                       0x0800015f   Thumb Code     0  startup_py32f403xx.o(.text)
    I2C1_EV_IRQHandler                       0x0800015f   Thumb Code     0  startup_py32f403xx.o(.text)
    I2C2_ER_IRQHandler                       0x0800015f   Thumb Code     0  startup_py32f403xx.o(.text)
    I2C2_EV_IRQHandler                       0x0800015f   Thumb Code     0  startup_py32f403xx.o(.text)
    PVD_IRQHandler                           0x0800015f   Thumb Code     0  startup_py32f403xx.o(.text)
    RCC_CTC_IRQHandler                       0x0800015f   Thumb Code     0  startup_py32f403xx.o(.text)
    RTC_Alarm_IRQHandler                     0x0800015f   Thumb Code     0  startup_py32f403xx.o(.text)
    RTC_IRQHandler                           0x0800015f   Thumb Code     0  startup_py32f403xx.o(.text)
    SDIO_IRQHandler                          0x0800015f   Thumb Code     0  startup_py32f403xx.o(.text)
    SPI1_IRQHandler                          0x0800015f   Thumb Code     0  startup_py32f403xx.o(.text)
    SPI2_IRQHandler                          0x0800015f   Thumb Code     0  startup_py32f403xx.o(.text)
    SPI3_IRQHandler                          0x0800015f   Thumb Code     0  startup_py32f403xx.o(.text)
    TAMPER_IRQHandler                        0x0800015f   Thumb Code     0  startup_py32f403xx.o(.text)
    TIM1_BRK_TIM9_IRQHandler                 0x0800015f   Thumb Code     0  startup_py32f403xx.o(.text)
    TIM1_CC_IRQHandler                       0x0800015f   Thumb Code     0  startup_py32f403xx.o(.text)
    TIM1_TRG_COM_TIM11_IRQHandler            0x0800015f   Thumb Code     0  startup_py32f403xx.o(.text)
    TIM1_UP_TIM10_IRQHandler                 0x0800015f   Thumb Code     0  startup_py32f403xx.o(.text)
    TIM2_IRQHandler                          0x0800015f   Thumb Code     0  startup_py32f403xx.o(.text)
    TIM3_IRQHandler                          0x0800015f   Thumb Code     0  startup_py32f403xx.o(.text)
    TIM4_IRQHandler                          0x0800015f   Thumb Code     0  startup_py32f403xx.o(.text)
    TIM5_IRQHandler                          0x0800015f   Thumb Code     0  startup_py32f403xx.o(.text)
    TIM6_IRQHandler                          0x0800015f   Thumb Code     0  startup_py32f403xx.o(.text)
    TIM7_IRQHandler                          0x0800015f   Thumb Code     0  startup_py32f403xx.o(.text)
    TIM8_BRK_TIM12_IRQHandler                0x0800015f   Thumb Code     0  startup_py32f403xx.o(.text)
    TIM8_CC_IRQHandler                       0x0800015f   Thumb Code     0  startup_py32f403xx.o(.text)
    TIM8_TRG_COM_TIM14_IRQHandler            0x0800015f   Thumb Code     0  startup_py32f403xx.o(.text)
    TIM8_UP_TIM13_IRQHandler                 0x0800015f   Thumb Code     0  startup_py32f403xx.o(.text)
    USART1_IRQHandler                        0x0800015f   Thumb Code     0  startup_py32f403xx.o(.text)
    USART2_IRQHandler                        0x0800015f   Thumb Code     0  startup_py32f403xx.o(.text)
    USART3_IRQHandler                        0x0800015f   Thumb Code     0  startup_py32f403xx.o(.text)
    USART4_IRQHandler                        0x0800015f   Thumb Code     0  startup_py32f403xx.o(.text)
    USART5_IRQHandler                        0x0800015f   Thumb Code     0  startup_py32f403xx.o(.text)
    USB_IRQHandler                           0x0800015f   Thumb Code     0  startup_py32f403xx.o(.text)
    WWDG_IRQHandler                          0x0800015f   Thumb Code     0  startup_py32f403xx.o(.text)
    __aeabi_memcpy                           0x08000169   Thumb Code    36  memcpya.o(.text)
    __aeabi_memcpy4                          0x08000169   Thumb Code     0  memcpya.o(.text)
    __aeabi_memcpy8                          0x08000169   Thumb Code     0  memcpya.o(.text)
    __aeabi_memset                           0x0800018d   Thumb Code    14  memseta.o(.text)
    __aeabi_memset4                          0x0800018d   Thumb Code     0  memseta.o(.text)
    __aeabi_memset8                          0x0800018d   Thumb Code     0  memseta.o(.text)
    __aeabi_memclr                           0x0800019b   Thumb Code     4  memseta.o(.text)
    __aeabi_memclr4                          0x0800019b   Thumb Code     0  memseta.o(.text)
    __aeabi_memclr8                          0x0800019b   Thumb Code     0  memseta.o(.text)
    _memset$wrapper                          0x0800019f   Thumb Code    18  memseta.o(.text)
    __scatterload                            0x080001b1   Thumb Code    28  init.o(.text)
    __scatterload_rt2                        0x080001b1   Thumb Code     0  init.o(.text)
    APP_ErrorHandler                         0x080001f9   Thumb Code     4  main.o(i.APP_ErrorHandler)
    APP_ErrorProc                            0x080001fd   Thumb Code     8  system_py32f403.o(i.APP_ErrorProc)
    APP_LoadTrim                             0x08000479   Thumb Code   468  system_py32f403.o(i.APP_LoadTrim)
    BSP_LED_Init                             0x08000701   Thumb Code   100  py32f403xx_start_kit.o(i.BSP_LED_Init)
    BSP_LED_On                               0x08000771   Thumb Code    24  py32f403xx_start_kit.o(i.BSP_LED_On)
    BSP_LED_Toggle                           0x08000791   Thumb Code    22  py32f403xx_start_kit.o(i.BSP_LED_Toggle)
    BSP_PB_GetState                          0x080007b1   Thumb Code    30  py32f403xx_start_kit.o(i.BSP_PB_GetState)
    BSP_PB_Init                              0x080007d9   Thumb Code   132  py32f403xx_start_kit.o(i.BSP_PB_Init)
    BusFault_Handler                         0x08000871   Thumb Code     4  py32f403_it.o(i.BusFault_Handler)
    DebugMon_Handler                         0x08000875   Thumb Code     2  py32f403_it.o(i.DebugMon_Handler)
    HAL_Delay                                0x08000879   Thumb Code    36  py32f403_hal.o(i.HAL_Delay)
    HAL_GPIO_DeInit                          0x080008a1   Thumb Code   256  py32f403_hal_gpio.o(i.HAL_GPIO_DeInit)
    HAL_GPIO_Init                            0x080009b9   Thumb Code   426  py32f403_hal_gpio.o(i.HAL_GPIO_Init)
    HAL_GPIO_ReadPin                         0x08000b81   Thumb Code    16  py32f403_hal_gpio.o(i.HAL_GPIO_ReadPin)
    HAL_GPIO_TogglePin                       0x08000b91   Thumb Code    14  py32f403_hal_gpio.o(i.HAL_GPIO_TogglePin)
    HAL_GPIO_WritePin                        0x08000b9f   Thumb Code    10  py32f403_hal_gpio.o(i.HAL_GPIO_WritePin)
    HAL_GetTick                              0x08000ba9   Thumb Code     6  py32f403_hal.o(i.HAL_GetTick)
    HAL_IncTick                              0x08000bb5   Thumb Code    16  py32f403_hal.o(i.HAL_IncTick)
    HAL_Init                                 0x08000bcd   Thumb Code    22  py32f403_hal.o(i.HAL_Init)
    HAL_InitTick                             0x08000be5   Thumb Code    64  py32f403_hal.o(i.HAL_InitTick)
    HAL_MspInit                              0x08000c31   Thumb Code    58  py32f403_hal_msp.o(i.HAL_MspInit)
    HAL_NVIC_EnableIRQ                       0x08000c71   Thumb Code    40  py32f403_hal_cortex.o(i.HAL_NVIC_EnableIRQ)
    HAL_NVIC_SetPriority                     0x08000c99   Thumb Code   124  py32f403_hal_cortex.o(i.HAL_NVIC_SetPriority)
    HAL_NVIC_SetPriorityGrouping             0x08000d15   Thumb Code    32  py32f403_hal_cortex.o(i.HAL_NVIC_SetPriorityGrouping)
    HAL_NVIC_SystemReset                     0x08000d3d   Thumb Code    36  py32f403_hal_cortex.o(i.HAL_NVIC_SystemReset)
    HAL_RCC_ClockConfig                      0x08000d69   Thumb Code   376  py32f403_hal_rcc.o(i.HAL_RCC_ClockConfig)
    HAL_RCC_GetSysClockFreq                  0x08000ef5   Thumb Code   148  py32f403_hal_rcc.o(i.HAL_RCC_GetSysClockFreq)
    HAL_RCC_OscConfig                        0x08000fd9   Thumb Code  1396  py32f403_hal_rcc.o(i.HAL_RCC_OscConfig)
    HAL_SPI_DeInit                           0x08001559   Thumb Code    54  py32f403_hal_spi.o(i.HAL_SPI_DeInit)
    HAL_SPI_Init                             0x0800158f   Thumb Code   228  py32f403_hal_spi.o(i.HAL_SPI_Init)
    HAL_SPI_MspDeInit                        0x08001675   Thumb Code    56  py32f403_hal_msp.o(i.HAL_SPI_MspDeInit)
    HAL_SPI_MspInit                          0x080016b9   Thumb Code   192  py32f403_hal_msp.o(i.HAL_SPI_MspInit)
    HAL_SPI_Receive                          0x08001785   Thumb Code   406  py32f403_hal_spi.o(i.HAL_SPI_Receive)
    HAL_SPI_Transmit                         0x0800191b   Thumb Code   430  py32f403_hal_spi.o(i.HAL_SPI_Transmit)
    HAL_SPI_TransmitReceive                  0x08001ac9   Thumb Code   558  py32f403_hal_spi.o(i.HAL_SPI_TransmitReceive)
    HAL_SYSTICK_Config                       0x08001cf7   Thumb Code    52  py32f403_hal_cortex.o(i.HAL_SYSTICK_Config)
    HardFault_Handler                        0x08001d2b   Thumb Code     4  py32f403_it.o(i.HardFault_Handler)
    MemManage_Handler                        0x08001d2f   Thumb Code     4  py32f403_it.o(i.MemManage_Handler)
    NMI_Handler                              0x08001d33   Thumb Code     2  py32f403_it.o(i.NMI_Handler)
    PendSV_Handler                           0x08001d35   Thumb Code     2  py32f403_it.o(i.PendSV_Handler)
    SVC_Handler                              0x08002019   Thumb Code     2  py32f403_it.o(i.SVC_Handler)
    SysTick_Handler                          0x0800201b   Thumb Code     8  py32f403_it.o(i.SysTick_Handler)
    SystemInit                               0x08002025   Thumb Code    30  system_py32f403.o(i.SystemInit)
    UsageFault_Handler                       0x08002049   Thumb Code     4  py32f403_it.o(i.UsageFault_Handler)
    __scatterload_copy                       0x08002085   Thumb Code    14  handlers.o(i.__scatterload_copy)
    __scatterload_null                       0x08002093   Thumb Code     2  handlers.o(i.__scatterload_null)
    __scatterload_zeroinit                   0x08002095   Thumb Code    14  handlers.o(i.__scatterload_zeroinit)
    main                                     0x080020a5   Thumb Code   140  main.o(i.main)
    AHBPrescTable                            0x08002140   Data          16  system_py32f403.o(.constdata)
    APBPrescTable                            0x08002150   Data           8  system_py32f403.o(.constdata)
    LED_PIN                                  0x080021f0   Data           2  py32f403xx_start_kit.o(.constdata)
    BUTTON_PIN                               0x080021f2   Data           2  py32f403xx_start_kit.o(.constdata)
    BUTTON_IRQn                              0x080021f4   Data           1  py32f403xx_start_kit.o(.constdata)
    Region$$Table$$Base                      0x080021f8   Number         0  anon$$obj.o(Region$$Table)
    Region$$Table$$Limit                     0x08002218   Number         0  anon$$obj.o(Region$$Table)
    SystemCoreClock                          0x20000000   Data           4  system_py32f403.o(.data)
    TxBuff                                   0x20000004   Data          15  main.o(.data)
    Transition                               0x20000013   Data           3  main.o(.data)
    FlashStatus                              0x20000016   Data           1  main.o(.data)
    LED_PORT                                 0x20000018   Data           4  py32f403xx_start_kit.o(.data)
    BUTTON_PORT                              0x2000001c   Data           4  py32f403xx_start_kit.o(.data)
    uwTick                                   0x20000020   Data           4  py32f403_hal.o(.data)
    uwTickPrio                               0x20000024   Data           4  py32f403_hal.o(.data)
    uwTickFreq                               0x20000028   Data           1  py32f403_hal.o(.data)
    Spi1Handle                               0x2000002c   Data          92  main.o(.bss)
    RxBuff                                   0x20000088   Data          15  main.o(.bss)
    __initial_sp                             0x20000498   Data           0  startup_py32f403xx.o(STACK)



==============================================================================

Memory Map of the image

  Image Entry point : 0x08000131

  Load Region LR_IROM1 (Base: 0x08000000, Size: 0x00002244, Max: 0x00060000, ABSOLUTE)

    Execution Region ER_IROM1 (Exec base: 0x08000000, Load base: 0x08000000, Size: 0x00002218, Max: 0x00060000, ABSOLUTE)

    Exec Addr    Load Addr    Size         Type   Attr      Idx    E Section Name        Object

    0x08000000   0x08000000   0x00000130   Data   RO            3    RESET               startup_py32f403xx.o
    0x08000130   0x08000130   0x00000000   Code   RO         2018  * .ARM.Collect$$$$00000000  mc_w.l(entry.o)
    0x08000130   0x08000130   0x00000004   Code   RO         2027    .ARM.Collect$$$$00000001  mc_w.l(entry2.o)
    0x08000134   0x08000134   0x00000004   Code   RO         2030    .ARM.Collect$$$$00000004  mc_w.l(entry5.o)
    0x08000138   0x08000138   0x00000000   Code   RO         2032    .ARM.Collect$$$$00000008  mc_w.l(entry7b.o)
    0x08000138   0x08000138   0x00000000   Code   RO         2034    .ARM.Collect$$$$0000000A  mc_w.l(entry8b.o)
    0x08000138   0x08000138   0x00000008   Code   RO         2035    .ARM.Collect$$$$0000000B  mc_w.l(entry9a.o)
    0x08000140   0x08000140   0x00000000   Code   RO         2037    .ARM.Collect$$$$0000000D  mc_w.l(entry10a.o)
    0x08000140   0x08000140   0x00000000   Code   RO         2039    .ARM.Collect$$$$0000000F  mc_w.l(entry11a.o)
    0x08000140   0x08000140   0x00000004   Code   RO         2028    .ARM.Collect$$$$00002712  mc_w.l(entry2.o)
    0x08000144   0x08000144   0x00000024   Code   RO            4    .text               startup_py32f403xx.o
    0x08000168   0x08000168   0x00000024   Code   RO         2021    .text               mc_w.l(memcpya.o)
    0x0800018c   0x0800018c   0x00000024   Code   RO         2023    .text               mc_w.l(memseta.o)
    0x080001b0   0x080001b0   0x00000024   Code   RO         2041    .text               mc_w.l(init.o)
    0x080001d4   0x080001d4   0x00000024   Code   RO          142    i.APP_Buffercmp8    main.o
    0x080001f8   0x080001f8   0x00000004   Code   RO          143    i.APP_ErrorHandler  main.o
    0x080001fc   0x080001fc   0x00000008   Code   RO           13    i.APP_ErrorProc     system_py32f403.o
    0x08000204   0x08000204   0x00000100   Code   RO          144    i.APP_External_FLASH_PageProgram  main.o
    0x08000304   0x08000304   0x00000078   Code   RO          145    i.APP_External_FLASH_ReadData  main.o
    0x0800037c   0x0800037c   0x000000e8   Code   RO          146    i.APP_External_FLASH_SectorErase  main.o
    0x08000464   0x08000464   0x00000012   Code   RO          147    i.APP_LedBlinking   main.o
    0x08000476   0x08000476   0x00000002   PAD
    0x08000478   0x08000478   0x000001f8   Code   RO           14    i.APP_LoadTrim      system_py32f403.o
    0x08000670   0x08000670   0x0000005c   Code   RO          148    i.APP_SystemClockConfig  main.o
    0x080006cc   0x080006cc   0x00000034   Code   RO          149    i.APP_WaitAndCheckEndOfTransfer  main.o
    0x08000700   0x08000700   0x00000070   Code   RO          339    i.BSP_LED_Init      py32f403xx_start_kit.o
    0x08000770   0x08000770   0x00000020   Code   RO          341    i.BSP_LED_On        py32f403xx_start_kit.o
    0x08000790   0x08000790   0x00000020   Code   RO          342    i.BSP_LED_Toggle    py32f403xx_start_kit.o
    0x080007b0   0x080007b0   0x00000028   Code   RO          344    i.BSP_PB_GetState   py32f403xx_start_kit.o
    0x080007d8   0x080007d8   0x00000098   Code   RO          345    i.BSP_PB_Init       py32f403xx_start_kit.o
    0x08000870   0x08000870   0x00000004   Code   RO          262    i.BusFault_Handler  py32f403_it.o
    0x08000874   0x08000874   0x00000002   Code   RO          263    i.DebugMon_Handler  py32f403_it.o
    0x08000876   0x08000876   0x00000002   PAD
    0x08000878   0x08000878   0x00000028   Code   RO          444    i.HAL_Delay         py32f403_hal.o
    0x080008a0   0x080008a0   0x00000118   Code   RO          824    i.HAL_GPIO_DeInit   py32f403_hal_gpio.o
    0x080009b8   0x080009b8   0x000001c8   Code   RO          829    i.HAL_GPIO_Init     py32f403_hal_gpio.o
    0x08000b80   0x08000b80   0x00000010   Code   RO          831    i.HAL_GPIO_ReadPin  py32f403_hal_gpio.o
    0x08000b90   0x08000b90   0x0000000e   Code   RO          832    i.HAL_GPIO_TogglePin  py32f403_hal_gpio.o
    0x08000b9e   0x08000b9e   0x0000000a   Code   RO          833    i.HAL_GPIO_WritePin  py32f403_hal_gpio.o
    0x08000ba8   0x08000ba8   0x0000000c   Code   RO          448    i.HAL_GetTick       py32f403_hal.o
    0x08000bb4   0x08000bb4   0x00000018   Code   RO          454    i.HAL_IncTick       py32f403_hal.o
    0x08000bcc   0x08000bcc   0x00000016   Code   RO          455    i.HAL_Init          py32f403_hal.o
    0x08000be2   0x08000be2   0x00000002   PAD
    0x08000be4   0x08000be4   0x0000004c   Code   RO          456    i.HAL_InitTick      py32f403_hal.o
    0x08000c30   0x08000c30   0x00000040   Code   RO          222    i.HAL_MspInit       py32f403_hal_msp.o
    0x08000c70   0x08000c70   0x00000028   Code   RO         1550    i.HAL_NVIC_EnableIRQ  py32f403_hal_cortex.o
    0x08000c98   0x08000c98   0x0000007c   Code   RO         1556    i.HAL_NVIC_SetPriority  py32f403_hal_cortex.o
    0x08000d14   0x08000d14   0x00000028   Code   RO         1557    i.HAL_NVIC_SetPriorityGrouping  py32f403_hal_cortex.o
    0x08000d3c   0x08000d3c   0x0000002c   Code   RO         1558    i.HAL_NVIC_SystemReset  py32f403_hal_cortex.o
    0x08000d68   0x08000d68   0x0000018c   Code   RO          682    i.HAL_RCC_ClockConfig  py32f403_hal_rcc.o
    0x08000ef4   0x08000ef4   0x000000e4   Code   RO          691    i.HAL_RCC_GetSysClockFreq  py32f403_hal_rcc.o
    0x08000fd8   0x08000fd8   0x00000580   Code   RO          694    i.HAL_RCC_OscConfig  py32f403_hal_rcc.o
    0x08001558   0x08001558   0x00000036   Code   RO         1676    i.HAL_SPI_DeInit    py32f403_hal_spi.o
    0x0800158e   0x0800158e   0x000000e4   Code   RO         1681    i.HAL_SPI_Init      py32f403_hal_spi.o
    0x08001672   0x08001672   0x00000002   PAD
    0x08001674   0x08001674   0x00000044   Code   RO          223    i.HAL_SPI_MspDeInit  py32f403_hal_msp.o
    0x080016b8   0x080016b8   0x000000cc   Code   RO          224    i.HAL_SPI_MspInit   py32f403_hal_msp.o
    0x08001784   0x08001784   0x00000196   Code   RO         1684    i.HAL_SPI_Receive   py32f403_hal_spi.o
    0x0800191a   0x0800191a   0x000001ae   Code   RO         1689    i.HAL_SPI_Transmit  py32f403_hal_spi.o
    0x08001ac8   0x08001ac8   0x0000022e   Code   RO         1690    i.HAL_SPI_TransmitReceive  py32f403_hal_spi.o
    0x08001cf6   0x08001cf6   0x00000034   Code   RO         1561    i.HAL_SYSTICK_Config  py32f403_hal_cortex.o
    0x08001d2a   0x08001d2a   0x00000004   Code   RO          264    i.HardFault_Handler  py32f403_it.o
    0x08001d2e   0x08001d2e   0x00000004   Code   RO          265    i.MemManage_Handler  py32f403_it.o
    0x08001d32   0x08001d32   0x00000002   Code   RO          266    i.NMI_Handler       py32f403_it.o
    0x08001d34   0x08001d34   0x00000002   Code   RO          267    i.PendSV_Handler    py32f403_it.o
    0x08001d36   0x08001d36   0x00000002   PAD
    0x08001d38   0x08001d38   0x00000028   Code   RO          695    i.RCC_Delay         py32f403_hal_rcc.o
    0x08001d60   0x08001d60   0x00000082   Code   RO         1718    i.SPI_EndRxTransaction  py32f403_hal_spi.o
    0x08001de2   0x08001de2   0x00000064   Code   RO         1719    i.SPI_EndRxTxTransaction  py32f403_hal_spi.o
    0x08001e46   0x08001e46   0x00000002   PAD
    0x08001e48   0x08001e48   0x000000f8   Code   RO         1724    i.SPI_WaitFifoStateUntilTimeout  py32f403_hal_spi.o
    0x08001f40   0x08001f40   0x000000d8   Code   RO         1725    i.SPI_WaitFlagStateUntilTimeout  py32f403_hal_spi.o
    0x08002018   0x08002018   0x00000002   Code   RO          268    i.SVC_Handler       py32f403_it.o
    0x0800201a   0x0800201a   0x00000008   Code   RO          269    i.SysTick_Handler   py32f403_it.o
    0x08002022   0x08002022   0x00000002   PAD
    0x08002024   0x08002024   0x00000024   Code   RO           16    i.SystemInit        system_py32f403.o
    0x08002048   0x08002048   0x00000004   Code   RO          270    i.UsageFault_Handler  py32f403_it.o
    0x0800204c   0x0800204c   0x00000010   Code   RO         1563    i.__NVIC_GetPriorityGrouping  py32f403_hal_cortex.o
    0x0800205c   0x0800205c   0x00000028   Code   RO         1564    i.__NVIC_SetPriority  py32f403_hal_cortex.o
    0x08002084   0x08002084   0x0000000e   Code   RO         2045    i.__scatterload_copy  mc_w.l(handlers.o)
    0x08002092   0x08002092   0x00000002   Code   RO         2046    i.__scatterload_null  mc_w.l(handlers.o)
    0x08002094   0x08002094   0x0000000e   Code   RO         2047    i.__scatterload_zeroinit  mc_w.l(handlers.o)
    0x080020a2   0x080020a2   0x00000002   PAD
    0x080020a4   0x080020a4   0x0000009c   Code   RO          150    i.main              main.o
    0x08002140   0x08002140   0x000000b0   Data   RO           17    .constdata          system_py32f403.o
    0x080021f0   0x080021f0   0x00000005   Data   RO          350    .constdata          py32f403xx_start_kit.o
    0x080021f5   0x080021f5   0x00000003   PAD
    0x080021f8   0x080021f8   0x00000020   Data   RO         2043    Region$$Table       anon$$obj.o


    Execution Region RW_IRAM1 (Exec base: 0x20000000, Load base: 0x08002218, Size: 0x00000498, Max: 0x00010000, ABSOLUTE)

    Exec Addr    Load Addr    Size         Type   Attr      Idx    E Section Name        Object

    0x20000000   0x08002218   0x00000004   Data   RW           18    .data               system_py32f403.o
    0x20000004   0x0800221c   0x00000013   Data   RW          152    .data               main.o
    0x20000017   0x0800222f   0x00000001   PAD
    0x20000018   0x08002230   0x00000008   Data   RW          351    .data               py32f403xx_start_kit.o
    0x20000020   0x08002238   0x00000009   Data   RW          472    .data               py32f403_hal.o
    0x20000029   0x08002241   0x00000003   PAD
    0x2000002c        -       0x0000006b   Zero   RW          151    .bss                main.o
    0x20000097   0x08002241   0x00000001   PAD
    0x20000098        -       0x00000400   Zero   RW            1    STACK               startup_py32f403xx.o


==============================================================================

Image component sizes


      Code (inc. data)   RO Data    RW Data    ZI Data      Debug   Object Name

       966         64          0         19        107       6432   main.o
       174         30          0          9          0      12049   py32f403_hal.o
       356         30          0          0          0      34082   py32f403_hal_cortex.o
       776         54          0          0          0       4934   py32f403_hal_gpio.o
       336         30          0          0          0       2424   py32f403_hal_msp.o
      2072        124          0          0          0       5136   py32f403_hal_rcc.o
      2370         12          0          0          0      10567   py32f403_hal_spi.o
        32          0          0          0          0       4670   py32f403_it.o
       368         60          5          8          0       7835   py32f403xx_start_kit.o
        36          8        304          0       1024        900   startup_py32f403xx.o
       548         42        176          4          0     324410   system_py32f403.o

    ----------------------------------------------------------------------
      8048        454        520         44       1132     413439   Object Totals
         0          0         32          0          0          0   (incl. Generated)
        14          0          3          4          1          0   (incl. Padding)

    ----------------------------------------------------------------------

      Code (inc. data)   RO Data    RW Data    ZI Data      Debug   Library Member Name

         0          0          0          0          0          0   entry.o
         0          0          0          0          0          0   entry10a.o
         0          0          0          0          0          0   entry11a.o
         8          4          0          0          0          0   entry2.o
         4          0          0          0          0          0   entry5.o
         0          0          0          0          0          0   entry7b.o
         0          0          0          0          0          0   entry8b.o
         8          4          0          0          0          0   entry9a.o
        30          0          0          0          0          0   handlers.o
        36          8          0          0          0         68   init.o
        36          0          0          0          0         68   memcpya.o
        36          0          0          0          0        108   memseta.o

    ----------------------------------------------------------------------
       160         16          0          0          0        244   Library Totals
         2          0          0          0          0          0   (incl. Padding)

    ----------------------------------------------------------------------

      Code (inc. data)   RO Data    RW Data    ZI Data      Debug   Library Name

       158         16          0          0          0        244   mc_w.l

    ----------------------------------------------------------------------
       160         16          0          0          0        244   Library Totals

    ----------------------------------------------------------------------

==============================================================================


      Code (inc. data)   RO Data    RW Data    ZI Data      Debug   

      8208        470        520         44       1132     408535   Grand Totals
      8208        470        520         44       1132     408535   ELF Image Totals
      8208        470        520         44          0          0   ROM Totals

==============================================================================

    Total RO  Size (Code + RO Data)                 8728 (   8.52kB)
    Total RW  Size (RW Data + ZI Data)              1176 (   1.15kB)
    Total ROM Size (Code + RO Data + RW Data)       8772 (   8.57kB)

==============================================================================

