
=================================================== keil-build-viewer v1.6 ==================================================
 
[Search keil project] 1 item(s)
	D:\sike_local\AiKeyBoard\Project\py32f403r1.uvprojx

[User input] 
[Current folder] D:\sike_local\AiKeyBoard\Project
[Encoding] 936
[Keil project path] D:\sike_local\AiKeyBoard\Project\py32f403r1.uvprojx
[Keil project name] py32f403r1.uvprojx
[Is keil v4] 0
[target name] Target 1
[final target name] Target 1

[Device] PY32F403xC
[Target name] 
[Output name] py32f403r1
[Output path] .\Objects\
[Listing path] .\Listings\
[Is has pack] 1
[Is enbale LTO] 0
[Is has user library] 0
[Is custom scatter file] 0

[py32f403r1.uvprojx]  [Target 1]  [PY32F403xC]  [LTO disable]
 
[memory info]
[name] IRAM [base addr] 0x20000000 [size] 0x00010000 [type] 1 [off-chip] 0 [is pack] 1 [ID] 2 
[name] IROM [base addr] 0x08000000 [size] 0x00040000 [type] 2 [off-chip] 0 [is pack] 1 [ID] 3 


[map file path] D:\sike_local\AiKeyBoard\Project\Listings\py32f403r1.map

[region info]
[load region] LR_IROM1
	[execution region] ER_IROM1, 0x08000000, 0x00050000, 0x0000659C [memory type] 2 [memory ID] 3

	[execution region] RW_IRAM1, 0x20000000, 0x00010000, 0x00001D18 [memory type] 1 [memory ID] 2
		[ZI block] addr: 0x20000214, size: 0x00001B04 (6916)


[object name max length] 24
[object path max length] 43

[object in map file]
[object name] app.o                     [path] ..\App\src\App.c
[object name] app_key.o                 [path] ..\App\src\App_key.c
[object name] app_lighting.o            [path] ..\App\src\App_lighting.c
[object name] app_protocol.o            [path] ..\App\src\App_protocol.c
[object name] app_usb.o                 [path] ..\App\src\App_usb.c
[object name] bsp_adc_dma.o             [path] ..\Bsp\src\bsp_adc_dma.c
[object name] bsp_delay.o               [path] ..\Bsp\src\bsp_delay.c
[object name] bsp_gpio.o                [path] ..\Bsp\src\bsp_gpio.c
[object name] bsp_spi_dma.o             [path] ..\Bsp\src\bsp_spi_dma.c
[object name] bsp_tim.o                 [path] ..\Bsp\src\bsp_tim.c
[object name] bsp_uart.o                [path] ..\Bsp\src\bsp_uart.c
[object name] lib_hall_sensor.o         [path] ..\Lib\src\lib_hall_sensor.c
[object name] lib_ws2812.o              [path] ..\Lib\src\lib_ws2812.c
[object name] main.o                    [path] ..\User\Src\main.c
[object name] py32f403_hal.o            [path] ..\Frimware\Src\py32f403_hal.c
[object name] py32f403_hal_adc.o        [path] ..\Frimware\Src\py32f403_hal_adc.c
[object name] py32f403_hal_adc_ex.o     [path] ..\Frimware\Src\py32f403_hal_adc_ex.c
[object name] py32f403_hal_cortex.o     [path] ..\Frimware\Src\py32f403_hal_cortex.c
[object name] py32f403_hal_dma.o        [path] ..\Frimware\Src\py32f403_hal_dma.c
[object name] py32f403_hal_gpio.o       [path] ..\Frimware\Src\py32f403_hal_gpio.c
[object name] py32f403_hal_msp.o        [path] ..\User\Src\py32f403_hal_msp.c
[object name] py32f403_hal_rcc.o        [path] ..\Frimware\Src\py32f403_hal_rcc.c
[object name] py32f403_hal_rcc_ex.o     [path] ..\Frimware\Src\py32f403_hal_rcc_ex.c
[object name] py32f403_hal_spi.o        [path] ..\Frimware\Src\py32f403_hal_spi.c
[object name] py32f403_hal_tim.o        [path] ..\Frimware\Src\py32f403_hal_tim.c
[object name] py32f403_hal_tim_ex.o     [path] ..\Frimware\Src\py32f403_hal_tim_ex.c
[object name] py32f403_hal_uart.o       [path] ..\Frimware\Src\py32f403_hal_uart.c
[object name] py32f403_it.o             [path] ..\User\Src\py32f403_it.c
[object name] segger_rtt.o              [path] ..\SEGGER_RTT_V754a\RTT\SEGGER_RTT.c
[object name] segger_rtt_printf.o       [path] ..\SEGGER_RTT_V754a\RTT\SEGGER_RTT_printf.c
[object name] startup_py32f403xx.o      [path] ..\Com\startup_py32f403xx.s
[object name] system_py32f403.o         [path] ..\Com\system_py32f403.c
[object name] task.o                    [path] ..\User\Src\task.c
[object name] usb_dc_py32.o             [path] ..\CherryUSB\port\usb_dc_py32.c
[object name] usbd_core.o               [path] ..\CherryUSB\core\usbd_core.c
[object name] usbd_hid.o                [path] ..\CherryUSB\class\hid\usbd_hid.c
[object name] usbd_hid_keyboard_if.o    [path] ..\User\Src\usbd_hid_keyboard_if.c

[file path in keil project]
[old name] startup_py32f403xx.s      [type] 1   [path] ..\Com\startup_py32f403xx.s
[old name] system_py32f403.c         [type] 1   [path] ..\Com\system_py32f403.c
[old name] App.c                     [type] 1   [path] ..\App\src\App.c
[old name] App_protocol.c            [type] 1   [path] ..\App\src\App_protocol.c
[old name] App_key.c                 [type] 1   [path] ..\App\src\App_key.c
[old name] App_lighting.c            [type] 1   [path] ..\App\src\App_lighting.c
[old name] App_usb.c                 [type] 1   [path] ..\App\src\App_usb.c
[old name] main.c                    [type] 1   [path] ..\User\Src\main.c
[old name] py32f403_hal_msp.c        [type] 1   [path] ..\User\Src\py32f403_hal_msp.c
[old name] py32f403_it.c             [type] 1   [path] ..\User\Src\py32f403_it.c
[old name] usbd_hid_keyboard_if.c    [type] 1   [path] ..\User\Src\usbd_hid_keyboard_if.c
[old name] task.c                    [type] 1   [path] ..\User\Src\task.c
[old name] bsp_adc_dma.c             [type] 1   [path] ..\Bsp\src\bsp_adc_dma.c
[old name] bsp_spi_dma.c             [type] 1   [path] ..\Bsp\src\bsp_spi_dma.c
[old name] bsp_tim.c                 [type] 1   [path] ..\Bsp\src\bsp_tim.c
[old name] bsp_uart.c                [type] 1   [path] ..\Bsp\src\bsp_uart.c
[old name] bsp_gpio.c                [type] 1   [path] ..\Bsp\src\bsp_gpio.c
[old name] bsp_delay.c               [type] 1   [path] ..\Bsp\src\bsp_delay.c
[old name] lib_hall_sensor.c         [type] 1   [path] ..\Lib\src\lib_hall_sensor.c
[old name] lib_ws2812.c              [type] 1   [path] ..\Lib\src\lib_ws2812.c
[old name] usbd_hid.c                [type] 1   [path] ..\CherryUSB\class\hid\usbd_hid.c
[old name] usbd_core.c               [type] 1   [path] ..\CherryUSB\core\usbd_core.c
[old name] usb_dc_py32.c             [type] 1   [path] ..\CherryUSB\port\usb_dc_py32.c
[old name] py32f403_hal.c            [type] 1   [path] ..\Frimware\Src\py32f403_hal.c
[old name] py32f403_hal_adc.c        [type] 1   [path] ..\Frimware\Src\py32f403_hal_adc.c
[old name] py32f403_hal_adc_ex.c     [type] 1   [path] ..\Frimware\Src\py32f403_hal_adc_ex.c
[old name] py32f403_hal_canfd.c      [type] 1   [path] ..\Frimware\Src\py32f403_hal_canfd.c
[old name] py32f403_hal_cortex.c     [type] 1   [path] ..\Frimware\Src\py32f403_hal_cortex.c
[old name] py32f403_hal_crc.c        [type] 1   [path] ..\Frimware\Src\py32f403_hal_crc.c
[old name] py32f403_hal_ctc.c        [type] 1   [path] ..\Frimware\Src\py32f403_hal_ctc.c
[old name] py32f403_hal_dac.c        [type] 1   [path] ..\Frimware\Src\py32f403_hal_dac.c
[old name] py32f403_hal_dac_ex.c     [type] 1   [path] ..\Frimware\Src\py32f403_hal_dac_ex.c
[old name] py32f403_hal_dma.c        [type] 1   [path] ..\Frimware\Src\py32f403_hal_dma.c
[old name] py32f403_hal_esmc.c       [type] 1   [path] ..\Frimware\Src\py32f403_hal_esmc.c
[old name] py32f403_hal_exti.c       [type] 1   [path] ..\Frimware\Src\py32f403_hal_exti.c
[old name] py32f403_hal_flash.c      [type] 1   [path] ..\Frimware\Src\py32f403_hal_flash.c
[old name] py32f403_hal_gpio.c       [type] 1   [path] ..\Frimware\Src\py32f403_hal_gpio.c
[old name] py32f403_hal_i2c.c        [type] 1   [path] ..\Frimware\Src\py32f403_hal_i2c.c
[old name] py32f403_hal_i2s.c        [type] 1   [path] ..\Frimware\Src\py32f403_hal_i2s.c
[old name] py32f403_hal_irda.c       [type] 1   [path] ..\Frimware\Src\py32f403_hal_irda.c
[old name] py32f403_hal_iwdg.c       [type] 1   [path] ..\Frimware\Src\py32f403_hal_iwdg.c
[old name] py32f403_hal_pwr.c        [type] 1   [path] ..\Frimware\Src\py32f403_hal_pwr.c
[old name] py32f403_hal_pwr_ex.c     [type] 1   [path] ..\Frimware\Src\py32f403_hal_pwr_ex.c
[old name] py32f403_hal_rcc.c        [type] 1   [path] ..\Frimware\Src\py32f403_hal_rcc.c
[old name] py32f403_hal_rcc_ex.c     [type] 1   [path] ..\Frimware\Src\py32f403_hal_rcc_ex.c
[old name] py32f403_hal_rtc.c        [type] 1   [path] ..\Frimware\Src\py32f403_hal_rtc.c
[old name] py32f403_hal_rtc_ex.c     [type] 1   [path] ..\Frimware\Src\py32f403_hal_rtc_ex.c
[old name] py32f403_hal_sd.c         [type] 1   [path] ..\Frimware\Src\py32f403_hal_sd.c
[old name] py32f403_hal_smartcard.c  [type] 1   [path] ..\Frimware\Src\py32f403_hal_smartcard.c
[old name] py32f403_hal_spi.c        [type] 1   [path] ..\Frimware\Src\py32f403_hal_spi.c
[old name] py32f403_hal_spi_ex.c     [type] 1   [path] ..\Frimware\Src\py32f403_hal_spi_ex.c
[old name] py32f403_hal_tim.c        [type] 1   [path] ..\Frimware\Src\py32f403_hal_tim.c
[old name] py32f403_hal_tim_ex.c     [type] 1   [path] ..\Frimware\Src\py32f403_hal_tim_ex.c
[old name] py32f403_hal_uart.c       [type] 1   [path] ..\Frimware\Src\py32f403_hal_uart.c
[old name] py32f403_hal_usart.c      [type] 1   [path] ..\Frimware\Src\py32f403_hal_usart.c
[old name] py32f403_hal_wwdg.c       [type] 1   [path] ..\Frimware\Src\py32f403_hal_wwdg.c
[old name] SEGGER_RTT.c              [type] 1   [path] ..\SEGGER_RTT_V754a\RTT\SEGGER_RTT.c
[old name] SEGGER_RTT_printf.c       [type] 1   [path] ..\SEGGER_RTT_V754a\RTT\SEGGER_RTT_printf.c

[record region info]
[load region] LR_IROM1
	[execution region] ER_IROM1, 0x08000000, 0x00050000, 0x00006418 [type] 2 [ID] 3
	[execution region] RW_IRAM1, 0x20000000, 0x00010000, 0x00001D18 [type] 1 [ID] 2
-------------------------------------------------------------------------------------------------------
                     FILE(s)                    |         RAM (byte)       |       FLASH (byte)       |
-------------------------------------------------------------------------------------------------------
..\App\src\App.c():                             |           0              |          60              |
..\App\src\App_key.c():                         |         205              |         473              |
..\App\src\App_lighting.c():                    |          84              |        1830  [+388]      |
..\App\src\App_protocol.c():                    |         129              |         291              |
..\App\src\App_usb.c():                         |           8              |         420              |
..\Bsp\src\bsp_adc_dma.c():                     |         148              |         544              |
..\Bsp\src\bsp_delay.c():                       |           0              |          36              |
..\Bsp\src\bsp_gpio.c():                        |           0              |         108              |
..\Bsp\src\bsp_spi_dma.c():                     |         160              |         328              |
..\Bsp\src\bsp_tim.c():                         |          64              |         156              |
..\Bsp\src\bsp_uart.c():                        |          76              |          28              |
..\Lib\src\lib_hall_sensor.c():                 |        1543              |        1389              |
..\Lib\src\lib_ws2812.c():                      |        1767              |        1409              |
..\User\Src\main.c():                           |           0              |         396              |
..\Frimware\Src\py32f403_hal.c():               |           9              |         143              |
..\Frimware\Src\py32f403_hal_adc.c():           |           0              |         806              |
..\Frimware\Src\py32f403_hal_adc_ex.c():        |           0              |         292              |
..\Frimware\Src\py32f403_hal_cortex.c():        |           0              |         356              |
..\Frimware\Src\py32f403_hal_dma.c():           |           0              |        1532              |
..\Frimware\Src\py32f403_hal_gpio.c():          |           0              |         466              |
..\User\Src\py32f403_hal_msp.c():               |           0              |          64              |
..\Frimware\Src\py32f403_hal_rcc.c():           |           0              |        2112              |
..\Frimware\Src\py32f403_hal_rcc_ex.c():        |           0              |        1140              |
..\Frimware\Src\py32f403_hal_spi.c():           |           0              |        1370              |
..\Frimware\Src\py32f403_hal_tim.c():           |           0              |         726              |
..\Frimware\Src\py32f403_hal_tim_ex.c():        |           0              |           4              |
..\Frimware\Src\py32f403_hal_uart.c():          |           0              |         338              |
..\User\Src\py32f403_it.c():                    |           0              |          40              |
..\SEGGER_RTT_V754a\RTT\SEGGER_RTT.c():         |        1208              |         555              |
..\SEGGER_RTT_V754a\RTT\SEGGER_RTT_printf.c():  |           0              |        1112              |
..\Com\startup_py32f403xx.s():                  |        1024              |         340              |
..\Com\system_py32f403.c():                     |           4              |         728              |
..\User\Src\task.c():                           |          66              |         170              |
..\CherryUSB\port\usb_dc_py32.c():              |         386              |        2864              |
..\CherryUSB\core\usbd_core.c():                |         368              |        2800              |
..\CherryUSB\class\hid\usbd_hid.c():            |           0              |         192              |
..\User\Src\usbd_hid_keyboard_if.c():           |         173              |         526              |
-------------------------------------------------------------------------------------------------------
[memory print mode]: 0
LR_IROM1
        RAM 1             [0x20000000 | 0x00010000 (65536)]
                [zi start] 1   [zi end] 5
                RW_IRAM1  [0x20000000]|¡ö¡õ¡õ¡õ¡õ_____________________________________________| (   7.2 KB /  64.0 KB )  11.4%  
 
        FLASH 1           [0x08000000 | 0x00040000 (262144)]
                ER_IROM1  [0x08000000]|¡ö¡ö¡ö_______________________________________________| (  25.4 KB / 320.0 KB )   7.9%  [+388]
 
[htm file path] D:\sike_local\AiKeyBoard\Project\Objects\py32f403r1.htm
Maximum Stack Usage =        376 bytes + Unknown(Cycles, Untraceable Function Pointers)
 
=============================================================================================================================

run time: 0.092 s
