Component: ARM Compiler 5.06 update 6 (build 750) Tool: armlink [4d35ed]

==============================================================================

Section Cross References

    startup_py32f403xx.o(RESET) refers to startup_py32f403xx.o(STACK) for __initial_sp
    startup_py32f403xx.o(RESET) refers to startup_py32f403xx.o(.text) for Reset_Handler
    startup_py32f403xx.o(RESET) refers to py32f403_it.o(i.NMI_Handler) for NMI_Handler
    startup_py32f403xx.o(RESET) refers to py32f403_it.o(i.HardFault_Handler) for HardFault_Handler
    startup_py32f403xx.o(RESET) refers to py32f403_it.o(i.MemManage_Handler) for MemManage_Handler
    startup_py32f403xx.o(RESET) refers to py32f403_it.o(i.BusFault_Handler) for BusFault_Handler
    startup_py32f403xx.o(RESET) refers to py32f403_it.o(i.UsageFault_Handler) for UsageFault_Handler
    startup_py32f403xx.o(RESET) refers to py32f403_it.o(i.SVC_Handler) for SVC_Handler
    startup_py32f403xx.o(RESET) refers to py32f403_it.o(i.DebugMon_Handler) for DebugMon_Handler
    startup_py32f403xx.o(RESET) refers to py32f403_it.o(i.PendSV_Handler) for PendSV_Handler
    startup_py32f403xx.o(RESET) refers to py32f403_it.o(i.SysTick_Handler) for SysTick_Handler
    startup_py32f403xx.o(RESET) refers to lib_hall_sensor.o(i.DMA1_Channel1_IRQHandler) for DMA1_Channel1_IRQHandler
    startup_py32f403xx.o(RESET) refers to bsp_spi_dma.o(i.DMA1_Channel2_IRQHandler) for DMA1_Channel2_IRQHandler
    startup_py32f403xx.o(RESET) refers to py32f403_it.o(i.USB_IRQHandler) for USB_IRQHandler
    startup_py32f403xx.o(RESET) refers to bsp_tim.o(i.TIM6_IRQHandler) for TIM6_IRQHandler
    startup_py32f403xx.o(.text) refers to system_py32f403.o(i.SystemInit) for SystemInit
    startup_py32f403xx.o(.text) refers to entry.o(.ARM.Collect$$$$00000000) for __main
    system_py32f403.o(i.APP_ErrorProc) refers to py32f403_hal_cortex.o(i.HAL_NVIC_SystemReset) for HAL_NVIC_SystemReset
    system_py32f403.o(i.APP_LoadTrim) refers to memcpya.o(.text) for __aeabi_memcpy4
    system_py32f403.o(i.APP_LoadTrim) refers to memseta.o(.text) for __aeabi_memclr4
    system_py32f403.o(i.APP_LoadTrim) refers to system_py32f403.o(i.APP_ErrorProc) for APP_ErrorProc
    system_py32f403.o(i.APP_LoadTrim) refers to system_py32f403.o(.constdata) for .constdata
    system_py32f403.o(i.SystemCoreClockUpdate) refers to memcpya.o(.text) for __aeabi_memcpy4
    system_py32f403.o(i.SystemCoreClockUpdate) refers to system_py32f403.o(.data) for SystemCoreClock
    system_py32f403.o(i.SystemCoreClockUpdate) refers to system_py32f403.o(.constdata) for AHBPrescTable
    system_py32f403.o(i.SystemInit) refers to system_py32f403.o(i.APP_LoadTrim) for APP_LoadTrim
    app.o(i.App_adkey_scan_task) refers to lib_hall_sensor.o(i.lib_hall_sensor_task) for lib_hall_sensor_task
    app.o(i.App_adkey_scan_task) refers to app.o(.data) for dbg_scan_task_cnt
    app.o(i.App_adkey_scan_task) refers to lib_hall_sensor.o(.constdata) for key_mask
    app.o(i.App_adkey_scan_task) refers to lib_hall_sensor.o(.bss) for keys
    app.o(i.App_adkey_scan_task) refers to app.o(.bss) for last_key_state
    app.o(i.App_handle_internal_key) refers to lib_ws2812.o(i.lib_ws2812_set_all) for lib_ws2812_set_all
    app.o(i.App_handle_internal_key) refers to app.o(.data) for g_light_mode
    app.o(i.App_init) refers to memseta.o(.text) for __aeabi_memclr
    app.o(i.App_init) refers to app.o(.data) for report_dirty
    app.o(i.App_init) refers to app.o(.bss) for last_key_state
    app.o(i.App_led_animation_task) refers to lib_ws2812.o(i.lib_ws2812_breath_mode) for lib_ws2812_breath_mode
    app.o(i.App_led_animation_task) refers to lib_ws2812.o(i.lib_ws2812_rainbow_mode) for lib_ws2812_rainbow_mode
    app.o(i.App_led_animation_task) refers to lib_ws2812.o(i.lib_ws2812_set_all) for lib_ws2812_set_all
    app.o(i.App_led_animation_task) refers to lib_ws2812.o(i.lib_ws2812_set_key_color) for lib_ws2812_set_key_color
    app.o(i.App_led_animation_task) refers to lib_ws2812.o(i.lib_ws2812_collide_ripple_mode) for lib_ws2812_collide_ripple_mode
    app.o(i.App_led_animation_task) refers to lib_ws2812.o(i.lib_ws2812_dazzle_marquee_mode) for lib_ws2812_dazzle_marquee_mode
    app.o(i.App_led_animation_task) refers to app.o(.data) for g_light_mode
    app.o(i.App_led_animation_task) refers to lib_hall_sensor.o(.constdata) for key_mask
    app.o(i.App_led_animation_task) refers to lib_hall_sensor.o(.bss) for keys
    app.o(i.App_led_display_task) refers to lib_ws2812.o(i.lib_ws2812_update) for lib_ws2812_update
    app.o(i.App_led_display_task) refers to app.o(.data) for g_led_dirty
    app.o(i.App_led_logic_task) refers to app.o(i.App_handle_internal_key) for App_handle_internal_key
    app.o(i.App_led_logic_task) refers to app.o(.data) for g_pending_internal_key
    app.o(i.App_usb_process_task) refers to memcmp.o(.text) for memcmp
    app.o(i.App_usb_process_task) refers to usb_dc_py32.o(i.usbd_ep_start_write) for usbd_ep_start_write
[...]
    Removing segger_rtt.o(i.SEGGER_RTT_SetFlagsDownBuffer), (92 bytes).
    Removing segger_rtt.o(i.SEGGER_RTT_SetFlagsUpBuffer), (92 bytes).
    Removing segger_rtt.o(i.SEGGER_RTT_SetNameDownBuffer), (92 bytes).
    Removing segger_rtt.o(i.SEGGER_RTT_SetNameUpBuffer), (92 bytes).
    Removing segger_rtt.o(i.SEGGER_RTT_SetTerminal), (160 bytes).
    Removing segger_rtt.o(i.SEGGER_RTT_TerminalOut), (260 bytes).
    Removing segger_rtt.o(i.SEGGER_RTT_WaitKey), (14 bytes).
    Removing segger_rtt.o(i.SEGGER_RTT_WriteDownBuffer), (72 bytes).
    Removing segger_rtt.o(i.SEGGER_RTT_WriteDownBufferNoLock), (132 bytes).
    Removing segger_rtt.o(i.SEGGER_RTT_WriteSkipNoLock), (152 bytes).
    Removing segger_rtt.o(i.SEGGER_RTT_WriteWithOverwriteNoLock), (180 bytes).
    Removing segger_rtt.o(i._PostTerminalSwitch), (36 bytes).
    Removing segger_rtt.o(.data), (17 bytes).
    Removing dadd.o(.text), (334 bytes).
    Removing dmul.o(.text), (228 bytes).
    Removing ddiv.o(.text), (222 bytes).
    Removing dfixul.o(.text), (48 bytes).
    Removing cdrcmple.o(.text), (48 bytes).
    Removing depilogue.o(.text), (186 bytes).

680 unused section(s) (total 52175 bytes) removed from the image.

==============================================================================

Image Symbol Table

    Local Symbols

    Symbol Name                              Value     Ov Type        Size  Object(Section)

    ../clib/../cmprslib/zerorunl2.c          0x00000000   Number         0  __dczerorl2.o ABSOLUTE
    ../clib/microlib/division.c              0x00000000   Number         0  uldiv.o ABSOLUTE
    ../clib/microlib/division.c              0x00000000   Number         0  uidiv.o ABSOLUTE
    ../clib/microlib/init/entry.s            0x00000000   Number         0  entry11a.o ABSOLUTE
    ../clib/microlib/init/entry.s            0x00000000   Number         0  entry10a.o ABSOLUTE
    ../clib/microlib/init/entry.s            0x00000000   Number         0  entry9b.o ABSOLUTE
    ../clib/microlib/init/entry.s            0x00000000   Number         0  entry9a.o ABSOLUTE
    ../clib/microlib/init/entry.s            0x00000000   Number         0  entry8b.o ABSOLUTE
    ../clib/microlib/init/entry.s            0x00000000   Number         0  entry7b.o ABSOLUTE
    ../clib/microlib/init/entry.s            0x00000000   Number         0  entry8a.o ABSOLUTE
    ../clib/microlib/init/entry.s            0x00000000   Number         0  entry7a.o ABSOLUTE
    ../clib/microlib/init/entry.s            0x00000000   Number         0  entry5.o ABSOLUTE
    ../clib/microlib/init/entry.s            0x00000000   Number         0  entry2.o ABSOLUTE
    ../clib/microlib/init/entry.s            0x00000000   Number         0  entry11b.o ABSOLUTE
    ../clib/microlib/init/entry.s            0x00000000   Number         0  entry.o ABSOLUTE
    ../clib/microlib/init/entry.s            0x00000000   Number         0  entry10b.o ABSOLUTE
    ../clib/microlib/longlong.c              0x00000000   Number         0  llushr.o ABSOLUTE
    ../clib/microlib/longlong.c              0x00000000   Number         0  llshl.o ABSOLUTE
    ../clib/microlib/longlong.c              0x00000000   Number         0  llsshr.o ABSOLUTE
    ../clib/microlib/printf/printf.c         0x00000000   Number         0  printf0.o ABSOLUTE
    ../clib/microlib/printf/printf.c         0x00000000   Number         0  printfa.o ABSOLUTE
    ../clib/microlib/printf/printf.c         0x00000000   Number         0  printf8.o ABSOLUTE
    ../clib/microlib/printf/printf.c         0x00000000   Number         0  printf6.o ABSOLUTE
    ../clib/microlib/printf/printf.c         0x00000000   Number         0  printf7.o ABSOLUTE
    ../clib/microlib/printf/printf.c         0x00000000   Number         0  printf4.o ABSOLUTE
    ../clib/microlib/printf/printf.c         0x00000000   Number         0  printf5.o ABSOLUTE
    ../clib/microlib/printf/printf.c         0x00000000   Number         0  printf3.o ABSOLUTE
    ../clib/microlib/printf/printf.c         0x00000000   Number         0  printf2.o ABSOLUTE
    ../clib/microlib/printf/printf.c         0x00000000   Number         0  printf1.o ABSOLUTE
    ../clib/microlib/printf/printf.c         0x00000000   Number         0  printfb.o ABSOLUTE
    ../clib/microlib/stdio/streams.c         0x00000000   Number         0  stdout.o ABSOLUTE
    ../clib/microlib/string/memcmp.c         0x00000000   Number         0  memcmp.o ABSOLUTE
    ../clib/microlib/string/memcpy.c         0x00000000   Number         0  memcpya.o ABSOLUTE
    ../clib/microlib/string/memcpy.c         0x00000000   Number         0  memcpyb.o ABSOLUTE
    ../clib/microlib/string/memset.c         0x00000000   Number         0  memseta.o ABSOLUTE
    ../clib/microlib/string/strlen.c         0x00000000   Number         0  strlen.o ABSOLUTE
    ../clib/microlib/stubs.s                 0x00000000   Number         0  iusefp.o ABSOLUTE
    ../fplib/microlib/fpadd.c                0x00000000   Number         0  dadd.o ABSOLUTE
    ../fplib/microlib/fpdiv.c                0x00000000   Number         0  ddiv.o ABSOLUTE
    ../fplib/microlib/fpepilogue.c           0x00000000   Number         0  depilogue.o ABSOLUTE
    ../fplib/microlib/fpfix.c                0x00000000   Number         0  dfixul.o ABSOLUTE
    ../fplib/microlib/fpmul.c                0x00000000   Number         0  dmul.o ABSOLUTE
    ..\App\src\App.c                         0x00000000   Number         0  app.o ABSOLUTE
    ..\App\src\App_protocol.c                0x00000000   Number         0  app_protocol.o ABSOLUTE
    ..\Bsp\src\bsp_adc_dma.c                 0x00000000   Number         0  bsp_adc_dma.o ABSOLUTE
    ..\Bsp\src\bsp_delay.c                   0x00000000   Number         0  bsp_delay.o ABSOLUTE
    ..\Bsp\src\bsp_gpio.c                    0x00000000   Number         0  bsp_gpio.o ABSOLUTE
    ..\Bsp\src\bsp_spi_dma.c                 0x00000000   Number         0  bsp_spi_dma.o ABSOLUTE
    ..\Bsp\src\bsp_tim.c                     0x00000000   Number         0  bsp_tim.o ABSOLUTE
    ..\Bsp\src\bsp_uart.c                    0x00000000   Number         0  bsp_uart.o ABSOLUTE
    ..\CherryUSB\class\hid\usbd_hid.c        0x00000000   Number         0  usbd_hid.o ABSOLUTE
    ..\CherryUSB\core\usbd_core.c            0x00000000   Number         0  usbd_core.o ABSOLUTE
    ..\CherryUSB\port\usb_dc_py32.c          0x00000000   Number         0  usb_dc_py32.o ABSOLUTE
    ..\Com\startup_py32f403xx.s              0x00000000   Number         0  startup_py32f403xx.o ABSOLUTE
    ..\Com\system_py32f403.c                 0x00000000   Number         0  system_py32f403.o ABSOLUTE
    ..\Frimware\Src\py32f403_hal.c           0x00000000   Number         0  py32f403_hal.o ABSOLUTE
    ..\Frimware\Src\py32f403_hal_adc.c       0x00000000   Number         0  py32f403_hal_adc.o ABSOLUTE
    ..\Frimware\Src\py32f403_hal_adc_ex.c    0x00000000   Number         0  py32f403_hal_adc_ex.o ABSOLUTE
    ..\Frimware\Src\py32f403_hal_canfd.c     0x00000000   Number         0  py32f403_hal_canfd.o ABSOLUTE
    ..\Frimware\Src\py32f403_hal_cortex.c    0x00000000   Number         0  py32f403_hal_cortex.o ABSOLUTE
    ..\Frimware\Src\py32f403_hal_crc.c       0x00000000   Number         0  py32f403_hal_crc.o ABSOLUTE
    ..\Frimware\Src\py32f403_hal_ctc.c       0x00000000   Number         0  py32f403_hal_ctc.o ABSOLUTE
    ..\Frimware\Src\py32f403_hal_dac.c       0x00000000   Number         0  py32f403_hal_dac.o ABSOLUTE
    ..\Frimware\Src\py32f403_hal_dac_ex.c    0x00000000   Number         0  py32f403_hal_dac_ex.o ABSOLUTE
    ..\Frimware\Src\py32f403_hal_dma.c       0x00000000   Number         0  py32f403_hal_dma.o ABSOLUTE
    ..\Frimware\Src\py32f403_hal_esmc.c      0x00000000   Number         0  py32f403_hal_esmc.o ABSOLUTE
    ..\Frimware\Src\py32f403_hal_exti.c      0x00000000   Number         0  py32f403_hal_exti.o ABSOLUTE
    ..\Frimware\Src\py32f403_hal_flash.c     0x00000000   Number         0  py32f403_hal_flash.o ABSOLUTE
    ..\Frimware\Src\py32f403_hal_gpio.c      0x00000000   Number         0  py32f403_hal_gpio.o ABSOLUTE
    ..\Frimware\Src\py32f403_hal_i2c.c       0x00000000   Number         0  py32f403_hal_i2c.o ABSOLUTE
    ..\Frimware\Src\py32f403_hal_i2s.c       0x00000000   Number         0  py32f403_hal_i2s.o ABSOLUTE
    ..\Frimware\Src\py32f403_hal_irda.c      0x00000000   Number         0  py32f403_hal_irda.o ABSOLUTE
    ..\Frimware\Src\py32f403_hal_iwdg.c      0x00000000   Number         0  py32f403_hal_iwdg.o ABSOLUTE
    ..\Frimware\Src\py32f403_hal_pwr.c       0x00000000   Number         0  py32f403_hal_pwr.o ABSOLUTE
    ..\Frimware\Src\py32f403_hal_pwr_ex.c    0x00000000   Number         0  py32f403_hal_pwr_ex.o ABSOLUTE
    ..\Frimware\Src\py32f403_hal_rcc.c       0x00000000   Number         0  py32f403_hal_rcc.o ABSOLUTE
    ..\Frimware\Src\py32f403_hal_rcc_ex.c    0x00000000   Number         0  py32f403_hal_rcc_ex.o ABSOLUTE
    ..\Frimware\Src\py32f403_hal_rtc.c       0x00000000   Number         0  py32f403_hal_rtc.o ABSOLUTE
    ..\Frimware\Src\py32f403_hal_rtc_ex.c    0x00000000   Number         0  py32f403_hal_rtc_ex.o ABSOLUTE
    ..\Frimware\Src\py32f403_hal_sd.c        0x00000000   Number         0  py32f403_hal_sd.o ABSOLUTE
    ..\Frimware\Src\py32f403_hal_smartcard.c 0x00000000   Number         0  py32f403_hal_smartcard.o ABSOLUTE
    ..\Frimware\Src\py32f403_hal_spi.c       0x00000000   Number         0  py32f403_hal_spi.o ABSOLUTE
    ..\Frimware\Src\py32f403_hal_spi_ex.c    0x00000000   Number         0  py32f403_hal_spi_ex.o ABSOLUTE
    ..\Frimware\Src\py32f403_hal_tim.c       0x00000000   Number         0  py32f403_hal_tim.o ABSOLUTE
    ..\Frimware\Src\py32f403_hal_tim_ex.c    0x00000000   Number         0  py32f403_hal_tim_ex.o ABSOLUTE
    ..\Frimware\Src\py32f403_hal_uart.c      0x00000000   Number         0  py32f403_hal_uart.o ABSOLUTE
    ..\Frimware\Src\py32f403_hal_usart.c     0x00000000   Number         0  py32f403_hal_usart.o ABSOLUTE
    ..\Frimware\Src\py32f403_hal_wwdg.c      0x00000000   Number         0  py32f403_hal_wwdg.o ABSOLUTE
    ..\Lib\src\lib_hall_sensor.c             0x00000000   Number         0  lib_hall_sensor.o ABSOLUTE
    ..\Lib\src\lib_key_map.c                 0x00000000   Number         0  lib_key_map.o ABSOLUTE
    ..\Lib\src\lib_ws2812.c                  0x00000000   Number         0  lib_ws2812.o ABSOLUTE
    ..\SEGGER_RTT_V754a\RTT\SEGGER_RTT.c     0x00000000   Number         0  segger_rtt.o ABSOLUTE
    ..\SEGGER_RTT_V754a\RTT\SEGGER_RTT_printf.c 0x00000000   Number         0  segger_rtt_printf.o ABSOLUTE
    ..\User\Src\main.c                       0x00000000   Number         0  main.o ABSOLUTE
    ..\User\Src\py32f403_hal_msp.c           0x00000000   Number         0  py32f403_hal_msp.o ABSOLUTE
    ..\User\Src\py32f403_it.c                0x00000000   Number         0  py32f403_it.o ABSOLUTE
    ..\User\Src\task.c                       0x00000000   Number         0  task.o ABSOLUTE
    ..\User\Src\usbd_hid_keyboard_if.c       0x00000000   Number         0  usbd_hid_keyboard_if.o ABSOLUTE
    ..\\App\\src\\App.c                      0x00000000   Number         0  app.o ABSOLUTE
    ..\\Bsp\\src\\bsp_adc_dma.c              0x00000000   Number         0  bsp_adc_dma.o ABSOLUTE
    ..\\Bsp\\src\\bsp_delay.c                0x00000000   Number         0  bsp_delay.o ABSOLUTE
    ..\\Bsp\\src\\bsp_gpio.c                 0x00000000   Number         0  bsp_gpio.o ABSOLUTE
    ..\\Bsp\\src\\bsp_spi_dma.c              0x00000000   Number         0  bsp_spi_dma.o ABSOLUTE
    ..\\Bsp\\src\\bsp_tim.c                  0x00000000   Number         0  bsp_tim.o ABSOLUTE
    ..\\Bsp\\src\\bsp_uart.c                 0x00000000   Number         0  bsp_uart.o ABSOLUTE
    ..\\CherryUSB\\class\\hid\\usbd_hid.c    0x00000000   Number         0  usbd_hid.o ABSOLUTE
    ..\\CherryUSB\\core\\usbd_core.c         0x00000000   Number         0  usbd_core.o ABSOLUTE
    ..\\CherryUSB\\port\\usb_dc_py32.c       0x00000000   Number         0  usb_dc_py32.o ABSOLUTE
    ..\\Com\\system_py32f403.c               0x00000000   Number         0  system_py32f403.o ABSOLUTE
    ..\\Frimware\\Src\\py32f403_hal.c        0x00000000   Number         0  py32f403_hal.o ABSOLUTE
    ..\\Frimware\\Src\\py32f403_hal_adc.c    0x00000000   Number         0  py32f403_hal_adc.o ABSOLUTE
    ..\\Frimware\\Src\\py32f403_hal_adc_ex.c 0x00000000   Number         0  py32f403_hal_adc_ex.o ABSOLUTE
    ..\\Frimware\\Src\\py32f403_hal_canfd.c  0x00000000   Number         0  py32f403_hal_canfd.o ABSOLUTE
    ..\\Frimware\\Src\\py32f403_hal_cortex.c 0x00000000   Number         0  py32f403_hal_cortex.o ABSOLUTE
    ..\\Frimware\\Src\\py32f403_hal_crc.c    0x00000000   Number         0  py32f403_hal_crc.o ABSOLUTE
    ..\\Frimware\\Src\\py32f403_hal_ctc.c    0x00000000   Number         0  py32f403_hal_ctc.o ABSOLUTE
    ..\\Frimware\\Src\\py32f403_hal_dac.c    0x00000000   Number         0  py32f403_hal_dac.o ABSOLUTE
    ..\\Frimware\\Src\\py32f403_hal_dac_ex.c 0x00000000   Number         0  py32f403_hal_dac_ex.o ABSOLUTE
    ..\\Frimware\\Src\\py32f403_hal_dma.c    0x00000000   Number         0  py32f403_hal_dma.o ABSOLUTE
    ..\\Frimware\\Src\\py32f403_hal_esmc.c   0x00000000   Number         0  py32f403_hal_esmc.o ABSOLUTE
    ..\\Frimware\\Src\\py32f403_hal_exti.c   0x00000000   Number         0  py32f403_hal_exti.o ABSOLUTE
    ..\\Frimware\\Src\\py32f403_hal_flash.c  0x00000000   Number         0  py32f403_hal_flash.o ABSOLUTE
    ..\\Frimware\\Src\\py32f403_hal_gpio.c   0x00000000   Number         0  py32f403_hal_gpio.o ABSOLUTE
    ..\\Frimware\\Src\\py32f403_hal_i2c.c    0x00000000   Number         0  py32f403_hal_i2c.o ABSOLUTE
    ..\\Frimware\\Src\\py32f403_hal_i2s.c    0x00000000   Number         0  py32f403_hal_i2s.o ABSOLUTE
    ..\\Frimware\\Src\\py32f403_hal_irda.c   0x00000000   Number         0  py32f403_hal_irda.o ABSOLUTE
    ..\\Frimware\\Src\\py32f403_hal_iwdg.c   0x00000000   Number         0  py32f403_hal_iwdg.o ABSOLUTE
    ..\\Frimware\\Src\\py32f403_hal_pwr.c    0x00000000   Number         0  py32f403_hal_pwr.o ABSOLUTE
    ..\\Frimware\\Src\\py32f403_hal_pwr_ex.c 0x00000000   Number         0  py32f403_hal_pwr_ex.o ABSOLUTE
    ..\\Frimware\\Src\\py32f403_hal_rcc.c    0x00000000   Number         0  py32f403_hal_rcc.o ABSOLUTE
    ..\\Frimware\\Src\\py32f403_hal_rcc_ex.c 0x00000000   Number         0  py32f403_hal_rcc_ex.o ABSOLUTE
    ..\\Frimware\\Src\\py32f403_hal_rtc.c    0x00000000   Number         0  py32f403_hal_rtc.o ABSOLUTE
    ..\\Frimware\\Src\\py32f403_hal_rtc_ex.c 0x00000000   Number         0  py32f403_hal_rtc_ex.o ABSOLUTE
    ..\\Frimware\\Src\\py32f403_hal_sd.c     0x00000000   Number         0  py32f403_hal_sd.o ABSOLUTE
    ..\\Frimware\\Src\\py32f403_hal_smartcard.c 0x00000000   Number         0  py32f403_hal_smartcard.o ABSOLUTE
    ..\\Frimware\\Src\\py32f403_hal_spi.c    0x00000000   Number         0  py32f403_hal_spi.o ABSOLUTE
    ..\\Frimware\\Src\\py32f403_hal_spi_ex.c 0x00000000   Number         0  py32f403_hal_spi_ex.o ABSOLUTE
    ..\\Frimware\\Src\\py32f403_hal_tim.c    0x00000000   Number         0  py32f403_hal_tim.o ABSOLUTE
    ..\\Frimware\\Src\\py32f403_hal_tim_ex.c 0x00000000   Number         0  py32f403_hal_tim_ex.o ABSOLUTE
    ..\\Frimware\\Src\\py32f403_hal_uart.c   0x00000000   Number         0  py32f403_hal_uart.o ABSOLUTE
    ..\\Frimware\\Src\\py32f403_hal_usart.c  0x00000000   Number         0  py32f403_hal_usart.o ABSOLUTE
    ..\\Frimware\\Src\\py32f403_hal_wwdg.c   0x00000000   Number         0  py32f403_hal_wwdg.o ABSOLUTE
    ..\\Lib\\src\\lib_hall_sensor.c          0x00000000   Number         0  lib_hall_sensor.o ABSOLUTE
    ..\\Lib\\src\\lib_ws2812.c               0x00000000   Number         0  lib_ws2812.o ABSOLUTE
    ..\\User\\Src\\main.c                    0x00000000   Number         0  main.o ABSOLUTE
    ..\\User\\Src\\py32f403_hal_msp.c        0x00000000   Number         0  py32f403_hal_msp.o ABSOLUTE
    ..\\User\\Src\\py32f403_it.c             0x00000000   Number         0  py32f403_it.o ABSOLUTE
    ..\\User\\Src\\task.c                    0x00000000   Number         0  task.o ABSOLUTE
    ..\\User\\Src\\usbd_hid_keyboard_if.c    0x00000000   Number         0  usbd_hid_keyboard_if.o ABSOLUTE
    cdrcmple.s                               0x00000000   Number         0  cdrcmple.o ABSOLUTE
    dc.s                                     0x00000000   Number         0  dc.o ABSOLUTE
    handlers.s                               0x00000000   Number         0  handlers.o ABSOLUTE
    init.s                                   0x00000000   Number         0  init.o ABSOLUTE
    RESET                                    0x08000000   Section      304  startup_py32f403xx.o(RESET)
    .ARM.Collect$$$$00000000                 0x08000130   Section        0  entry.o(.ARM.Collect$$$$00000000)
    .ARM.Collect$$$$00000001                 0x08000130   Section        4  entry2.o(.ARM.Collect$$$$00000001)
    .ARM.Collect$$$$00000004                 0x08000134   Section        4  entry5.o(.ARM.Collect$$$$00000004)
    .ARM.Collect$$$$00000008                 0x08000138   Section        0  entry7b.o(.ARM.Collect$$$$00000008)
    .ARM.Collect$$$$0000000A                 0x08000138   Section        0  entry8b.o(.ARM.Collect$$$$0000000A)
    .ARM.Collect$$$$0000000B                 0x08000138   Section        8  entry9a.o(.ARM.Collect$$$$0000000B)
    .ARM.Collect$$$$0000000D                 0x08000140   Section        0  entry10a.o(.ARM.Collect$$$$0000000D)
    .ARM.Collect$$$$0000000F                 0x08000140   Section        0  entry11a.o(.ARM.Collect$$$$0000000F)
    .ARM.Collect$$$$00002712                 0x08000140   Section        4  entry2.o(.ARM.Collect$$$$00002712)
    __lit__00000000                          0x08000140   Data           4  entry2.o(.ARM.Collect$$$$00002712)
    .text                                    0x08000144   Section       36  startup_py32f403xx.o(.text)
    $v0                                      0x08000144   Number         0  startup_py32f403xx.o(.text)
    .text                                    0x08000168   Section        0  memcpya.o(.text)
    .text                                    0x0800018c   Section        0  memseta.o(.text)
    .text                                    0x080001b0   Section        0  strlen.o(.text)
    .text                                    0x080001be   Section        0  memcmp.o(.text)
    .text                                    0x080001d8   Section       36  init.o(.text)
    .text                                    0x080001fc   Section        0  __dczerorl2.o(.text)
    i.APP_ErrorHandler                       0x08000252   Section        0  main.o(i.APP_ErrorHandler)
    i.APP_ErrorProc                          0x08000256   Section        0  system_py32f403.o(i.APP_ErrorProc)
    i.APP_LoadTrim                           0x08000260   Section        0  system_py32f403.o(i.APP_LoadTrim)
    i.APP_SystemClockConfig                  0x08000458   Section        0  main.o(i.APP_SystemClockConfig)
    APP_SystemClockConfig                    0x08000459   Thumb Code   112  main.o(i.APP_SystemClockConfig)
    i.App_adkey_scan_task                    0x080004c8   Section        0  app.o(i.App_adkey_scan_task)
    i.App_handle_internal_key                0x080005a8   Section        0  app.o(i.App_handle_internal_key)
    App_handle_internal_key                  0x080005a9   Thumb Code    52  app.o(i.App_handle_internal_key)
    i.App_led_animation_task                 0x080005e8   Section        0  app.o(i.App_led_animation_task)
    i.App_led_display_task                   0x080006fc   Section        0  app.o(i.App_led_display_task)
    i.App_led_logic_task                     0x08000718   Section        0  app.o(i.App_led_logic_task)
    i.App_usb_process_task                   0x08000734   Section        0  app.o(i.App_usb_process_task)
    i.Bsp_Delay_Us                           0x080008cc   Section        0  bsp_delay.o(i.Bsp_Delay_Us)
    i.BusFault_Handler                       0x080008f0   Section        0  py32f403_it.o(i.BusFault_Handler)
    i.DMA1_Channel1_IRQHandler               0x080008f4   Section        0  lib_hall_sensor.o(i.DMA1_Channel1_IRQHandler)
    i.DMA1_Channel2_IRQHandler               0x080009c0   Section        0  bsp_spi_dma.o(i.DMA1_Channel2_IRQHandler)
    i.DMA_SetConfig                          0x080009d0   Section        0  py32f403_hal_dma.o(i.DMA_SetConfig)
    DMA_SetConfig                            0x080009d1   Thumb Code    44  py32f403_hal_dma.o(i.DMA_SetConfig)
    i.DebugMon_Handler                       0x080009fc   Section        0  py32f403_it.o(i.DebugMon_Handler)
    i.HAL_DMA_IRQHandler                     0x08000a00   Section        0  py32f403_hal_dma.o(i.HAL_DMA_IRQHandler)
    i.HAL_DMA_Start_IT                       0x08000d98   Section        0  py32f403_hal_dma.o(i.HAL_DMA_Start_IT)
    i.HAL_Delay                              0x08000e34   Section        0  py32f403_hal.o(i.HAL_Delay)
    i.HAL_GetTick                            0x08000e5c   Section        0  py32f403_hal.o(i.HAL_GetTick)
    i.HAL_IncTick                            0x08000e68   Section        0  py32f403_hal.o(i.HAL_IncTick)
    i.HAL_Init                               0x08000e80   Section        0  py32f403_hal.o(i.HAL_Init)
    i.HAL_InitTick                           0x08000e98   Section        0  py32f403_hal.o(i.HAL_InitTick)
    i.HAL_MspInit                            0x08000ee4   Section        0  py32f403_hal_msp.o(i.HAL_MspInit)
    i.HAL_NVIC_SetPriority                   0x08000f24   Section        0  py32f403_hal_cortex.o(i.HAL_NVIC_SetPriority)
    i.HAL_NVIC_SetPriorityGrouping           0x08000fa0   Section        0  py32f403_hal_cortex.o(i.HAL_NVIC_SetPriorityGrouping)
    i.HAL_NVIC_SystemReset                   0x08000fc8   Section        0  py32f403_hal_cortex.o(i.HAL_NVIC_SystemReset)
    i.HAL_RCC_ClockConfig                    0x08000ff4   Section        0  py32f403_hal_rcc.o(i.HAL_RCC_ClockConfig)
    i.HAL_RCC_GetSysClockFreq                0x08001180   Section        0  py32f403_hal_rcc.o(i.HAL_RCC_GetSysClockFreq)
    i.HAL_RCC_OscConfig                      0x08001260   Section        0  py32f403_hal_rcc.o(i.HAL_RCC_OscConfig)
    i.HAL_SPI_ErrorCallback                  0x080017e0   Section        0  py32f403_hal_spi.o(i.HAL_SPI_ErrorCallback)
    i.HAL_SPI_Transmit_DMA                   0x080017e4   Section        0  py32f403_hal_spi.o(i.HAL_SPI_Transmit_DMA)
    i.HAL_SPI_TxCpltCallback                 0x08001954   Section        0  py32f403_hal_spi.o(i.HAL_SPI_TxCpltCallback)
    i.HAL_SPI_TxHalfCpltCallback             0x08001956   Section        0  py32f403_hal_spi.o(i.HAL_SPI_TxHalfCpltCallback)
    i.HAL_SYSTICK_Config                     0x08001958   Section        0  py32f403_hal_cortex.o(i.HAL_SYSTICK_Config)
    i.HAL_TIMEx_BreakCallback                0x0800198c   Section        0  py32f403_hal_tim_ex.o(i.HAL_TIMEx_BreakCallback)
    i.HAL_TIMEx_CommutCallback               0x0800198e   Section        0  py32f403_hal_tim_ex.o(i.HAL_TIMEx_CommutCallback)
    i.HAL_TIM_IC_CaptureCallback             0x08001990   Section        0  py32f403_hal_tim.o(i.HAL_TIM_IC_CaptureCallback)
    i.HAL_TIM_IRQHandler                     0x08001992   Section        0  py32f403_hal_tim.o(i.HAL_TIM_IRQHandler)
    i.HAL_TIM_OC_DelayElapsedCallback        0x08001b28   Section        0  py32f403_hal_tim.o(i.HAL_TIM_OC_DelayElapsedCallback)
    i.HAL_TIM_PWM_PulseFinishedCallback      0x08001b2a   Section        0  py32f403_hal_tim.o(i.HAL_TIM_PWM_PulseFinishedCallback)
    i.HAL_TIM_PeriodElapsedCallback          0x08001b2c   Section        0  bsp_tim.o(i.HAL_TIM_PeriodElapsedCallback)
    i.HAL_TIM_TriggerCallback                0x08001b44   Section        0  py32f403_hal_tim.o(i.HAL_TIM_TriggerCallback)
    i.HardFault_Handler                      0x08001b46   Section        0  py32f403_it.o(i.HardFault_Handler)
    i.MemManage_Handler                      0x08001b4a   Section        0  py32f403_it.o(i.MemManage_Handler)
    i.NMI_Handler                            0x08001b4e   Section        0  py32f403_it.o(i.NMI_Handler)
    i.PendSV_Handler                         0x08001b50   Section        0  py32f403_it.o(i.PendSV_Handler)
    i.RCC_Delay                              0x08001b54   Section        0  py32f403_hal_rcc.o(i.RCC_Delay)
    RCC_Delay                                0x08001b55   Thumb Code    36  py32f403_hal_rcc.o(i.RCC_Delay)
    i.ROW_ALL_OFF                            0x08001b7c   Section        0  lib_hall_sensor.o(i.ROW_ALL_OFF)
    i.SEGGER_RTT_Write                       0x08001b94   Section        0  segger_rtt.o(i.SEGGER_RTT_Write)
    i.SEGGER_RTT_WriteNoLock                 0x08001bdc   Section        0  segger_rtt.o(i.SEGGER_RTT_WriteNoLock)
    i.SEGGER_RTT_WriteString                 0x08001c60   Section        0  segger_rtt.o(i.SEGGER_RTT_WriteString)
    i.SEGGER_RTT_printf                      0x08001c7a   Section        0  segger_rtt_printf.o(i.SEGGER_RTT_printf)
    i.SEGGER_RTT_vprintf                     0x08001c9c   Section        0  segger_rtt_printf.o(i.SEGGER_RTT_vprintf)
    i.SPI_DMAError                           0x08001ea6   Section        0  py32f403_hal_spi.o(i.SPI_DMAError)
    SPI_DMAError                             0x08001ea7   Thumb Code    40  py32f403_hal_spi.o(i.SPI_DMAError)
    i.SPI_DMAHalfTransmitCplt                0x08001ece   Section        0  py32f403_hal_spi.o(i.SPI_DMAHalfTransmitCplt)
    SPI_DMAHalfTransmitCplt                  0x08001ecf   Thumb Code    14  py32f403_hal_spi.o(i.SPI_DMAHalfTransmitCplt)
    i.SPI_DMATransmitCplt                    0x08001edc   Section        0  py32f403_hal_spi.o(i.SPI_DMATransmitCplt)
    SPI_DMATransmitCplt                      0x08001edd   Thumb Code   126  py32f403_hal_spi.o(i.SPI_DMATransmitCplt)
    i.SPI_EndRxTxTransaction                 0x08001f5a   Section        0  py32f403_hal_spi.o(i.SPI_EndRxTxTransaction)
    SPI_EndRxTxTransaction                   0x08001f5b   Thumb Code   100  py32f403_hal_spi.o(i.SPI_EndRxTxTransaction)
    i.SPI_WaitFifoStateUntilTimeout          0x08001fc0   Section        0  py32f403_hal_spi.o(i.SPI_WaitFifoStateUntilTimeout)
    SPI_WaitFifoStateUntilTimeout            0x08001fc1   Thumb Code   242  py32f403_hal_spi.o(i.SPI_WaitFifoStateUntilTimeout)
    i.SPI_WaitFlagStateUntilTimeout          0x080020b8   Section        0  py32f403_hal_spi.o(i.SPI_WaitFlagStateUntilTimeout)
    SPI_WaitFlagStateUntilTimeout            0x080020b9   Thumb Code   210  py32f403_hal_spi.o(i.SPI_WaitFlagStateUntilTimeout)
    i.SVC_Handler                            0x08002190   Section        0  py32f403_it.o(i.SVC_Handler)
    i.SysTick_Handler                        0x08002192   Section        0  py32f403_it.o(i.SysTick_Handler)
    i.SystemInit                             0x0800219c   Section        0  system_py32f403.o(i.SystemInit)
    i.TIM6_IRQHandler                        0x080021c0   Section        0  bsp_tim.o(i.TIM6_IRQHandler)
    i.Task_update                            0x080021d0   Section        0  task.o(i.Task_update)
    i.USBD_IRQHandler                        0x080021e0   Section        0  usb_dc_py32.o(i.USBD_IRQHandler)
    i.USB_IRQHandler                         0x08002550   Section        0  py32f403_it.o(i.USB_IRQHandler)
    i.UsageFault_Handler                     0x08002558   Section        0  py32f403_it.o(i.UsageFault_Handler)
    i._DoInit                                0x0800255c   Section        0  segger_rtt.o(i._DoInit)
    _DoInit                                  0x0800255d   Thumb Code    72  segger_rtt.o(i._DoInit)
    i._GetAvailWriteSpace                    0x080025c0   Section        0  segger_rtt.o(i._GetAvailWriteSpace)
    _GetAvailWriteSpace                      0x080025c1   Thumb Code    28  segger_rtt.o(i._GetAvailWriteSpace)
    i._PrintInt                              0x080025dc   Section        0  segger_rtt_printf.o(i._PrintInt)
    _PrintInt                                0x080025dd   Thumb Code   236  segger_rtt_printf.o(i._PrintInt)
    i._PrintUnsigned                         0x080026c8   Section        0  segger_rtt_printf.o(i._PrintUnsigned)
    _PrintUnsigned                           0x080026c9   Thumb Code   230  segger_rtt_printf.o(i._PrintUnsigned)
    i._StoreChar                             0x080027b4   Section        0  segger_rtt_printf.o(i._StoreChar)
    _StoreChar                               0x080027b5   Thumb Code    68  segger_rtt_printf.o(i._StoreChar)
    i._WriteBlocking                         0x080027f8   Section        0  segger_rtt.o(i._WriteBlocking)
    _WriteBlocking                           0x080027f9   Thumb Code   118  segger_rtt.o(i._WriteBlocking)
    i._WriteNoCheck                          0x0800286e   Section        0  segger_rtt.o(i._WriteNoCheck)
    _WriteNoCheck                            0x0800286f   Thumb Code    88  segger_rtt.o(i._WriteNoCheck)
    i.__NVIC_GetPriorityGrouping             0x080028c8   Section        0  py32f403_hal_cortex.o(i.__NVIC_GetPriorityGrouping)
    __NVIC_GetPriorityGrouping               0x080028c9   Thumb Code    10  py32f403_hal_cortex.o(i.__NVIC_GetPriorityGrouping)
    i.__NVIC_SetPriority                     0x080028d8   Section        0  py32f403_hal_cortex.o(i.__NVIC_SetPriority)
    __NVIC_SetPriority                       0x080028d9   Thumb Code    32  py32f403_hal_cortex.o(i.__NVIC_SetPriority)
    i.__scatterload_copy                     0x08002900   Section       14  handlers.o(i.__scatterload_copy)
    i.__scatterload_null                     0x0800290e   Section        2  handlers.o(i.__scatterload_null)
    i.__scatterload_zeroinit                 0x08002910   Section       14  handlers.o(i.__scatterload_zeroinit)
    i.bsp_adc_dma_start                      0x08002920   Section        0  bsp_adc_dma.o(i.bsp_adc_dma_start)
    i.bsp_spi_dma_send                       0x0800296c   Section        0  bsp_spi_dma.o(i.bsp_spi_dma_send)
    i.handle_ep0                             0x08002990   Section        0  usb_dc_py32.o(i.handle_ep0)
    handle_ep0                               0x08002991   Thumb Code   324  usb_dc_py32.o(i.handle_ep0)
    i.hsv_to_rgb                             0x08002ae0   Section        0  lib_ws2812.o(i.hsv_to_rgb)
    hsv_to_rgb                               0x08002ae1   Thumb Code   132  lib_ws2812.o(i.hsv_to_rgb)
    i.is_device_configured                   0x08002b64   Section        0  usbd_core.o(i.is_device_configured)
    is_device_configured                     0x08002b65   Thumb Code    16  usbd_core.o(i.is_device_configured)
    i.lib_hall_sensor_task                   0x08002b78   Section        0  lib_hall_sensor.o(i.lib_hall_sensor_task)
    i.lib_ws2812_breath_mode                 0x08002c44   Section        0  lib_ws2812.o(i.lib_ws2812_breath_mode)
    i.lib_ws2812_collide_ripple_mode         0x08002cec   Section        0  lib_ws2812.o(i.lib_ws2812_collide_ripple_mode)
    i.lib_ws2812_dazzle_marquee_mode         0x08002e4c   Section        0  lib_ws2812.o(i.lib_ws2812_dazzle_marquee_mode)
    i.lib_ws2812_rainbow_mode                0x08002f3c   Section        0  lib_ws2812.o(i.lib_ws2812_rainbow_mode)
    i.lib_ws2812_set_all                     0x08002f82   Section        0  lib_ws2812.o(i.lib_ws2812_set_all)
    i.lib_ws2812_set_key_color               0x08002fa8   Section        0  lib_ws2812.o(i.lib_ws2812_set_key_color)
    i.lib_ws2812_set_pixel                   0x08002ff8   Section        0  lib_ws2812.o(i.lib_ws2812_set_pixel)
    i.lib_ws2812_update                      0x08003034   Section        0  lib_ws2812.o(i.lib_ws2812_update)
    i.main                                   0x08003048   Section        0  main.o(i.main)
    i.process_key_logic                      0x08003108   Section        0  lib_hall_sensor.o(i.process_key_logic)
    i.pyusb_get_active_ep                    0x08003184   Section        0  usb_dc_py32.o(i.pyusb_get_active_ep)
    pyusb_get_active_ep                      0x08003185   Thumb Code     6  usb_dc_py32.o(i.pyusb_get_active_ep)
    i.pyusb_get_fifo_size                    0x08003190   Section        0  usb_dc_py32.o(i.pyusb_get_fifo_size)
    pyusb_get_fifo_size                      0x08003191   Thumb Code    34  usb_dc_py32.o(i.pyusb_get_fifo_size)
    i.pyusb_read_packet                      0x080031b4   Section        0  usb_dc_py32.o(i.pyusb_read_packet)
    pyusb_read_packet                        0x080031b5   Thumb Code    34  usb_dc_py32.o(i.pyusb_read_packet)
    i.pyusb_set_active_ep                    0x080031dc   Section        0  usb_dc_py32.o(i.pyusb_set_active_ep)
    pyusb_set_active_ep                      0x080031dd   Thumb Code     6  usb_dc_py32.o(i.pyusb_set_active_ep)
    i.pyusb_write_packet                     0x080031e8   Section        0  usb_dc_py32.o(i.pyusb_write_packet)
    pyusb_write_packet                       0x080031e9   Thumb Code    34  usb_dc_py32.o(i.pyusb_write_packet)
    i.select_row                             0x08003210   Section        0  lib_hall_sensor.o(i.select_row)
    i.update_baseline_tracking               0x08003260   Section        0  lib_hall_sensor.o(i.update_baseline_tracking)
    i.usbd_class_event_notify_handler        0x080032ac   Section        0  usbd_core.o(i.usbd_class_event_notify_handler)
    usbd_class_event_notify_handler          0x080032ad   Thumb Code    38  usbd_core.o(i.usbd_class_event_notify_handler)
    i.usbd_class_request_handler             0x080032d8   Section        0  usbd_core.o(i.usbd_class_request_handler)
    usbd_class_request_handler               0x080032d9   Thumb Code   122  usbd_core.o(i.usbd_class_request_handler)
    i.usbd_configure_done_callback           0x08003358   Section        0  usbd_hid_keyboard_if.o(i.usbd_configure_done_callback)
    i.usbd_custom_hid_out_callback           0x0800336c   Section        0  usbd_hid_keyboard_if.o(i.usbd_custom_hid_out_callback)
    usbd_custom_hid_out_callback             0x0800336d   Thumb Code    26  usbd_hid_keyboard_if.o(i.usbd_custom_hid_out_callback)
    i.usbd_ep0_reset_zlp_flag                0x0800338c   Section        0  usb_dc_py32.o(i.usbd_ep0_reset_zlp_flag)
    i.usbd_ep0_set_zlp_flag                  0x08003398   Section        0  usb_dc_py32.o(i.usbd_ep0_set_zlp_flag)
    i.usbd_ep_clear_stall                    0x080033a4   Section        0  usb_dc_py32.o(i.usbd_ep_clear_stall)
    i.usbd_ep_close                          0x08003424   Section        0  usb_dc_py32.o(i.usbd_ep_close)
    i.usbd_ep_is_stalled                     0x0800342c   Section        0  usb_dc_py32.o(i.usbd_ep_is_stalled)
    i.usbd_ep_open                           0x08003484   Section        0  usb_dc_py32.o(i.usbd_ep_open)
    i.usbd_ep_set_stall                      0x08003634   Section        0  usb_dc_py32.o(i.usbd_ep_set_stall)
    i.usbd_ep_start_read                     0x080036b0   Section        0  usb_dc_py32.o(i.usbd_ep_start_read)
    i.usbd_ep_start_write                    0x0800377c   Section        0  usb_dc_py32.o(i.usbd_ep_start_write)
    i.usbd_event_ep0_setup_complete_handler  0x08003928   Section        0  usbd_core.o(i.usbd_event_ep0_setup_complete_handler)
    i.usbd_event_ep_in_complete_handler      0x08003a10   Section        0  usbd_core.o(i.usbd_event_ep_in_complete_handler)
    i.usbd_event_ep_out_complete_handler     0x08003a9c   Section        0  usbd_core.o(i.usbd_event_ep_out_complete_handler)
    i.usbd_event_reset_handler               0x08003b20   Section        0  usbd_core.o(i.usbd_event_reset_handler)
    i.usbd_event_resume_handler              0x08003b68   Section        0  usbd_core.o(i.usbd_event_resume_handler)
    i.usbd_event_suspend_handler             0x08003b74   Section        0  usbd_core.o(i.usbd_event_suspend_handler)
    i.usbd_get_descriptor                    0x08003b80   Section        0  usbd_core.o(i.usbd_get_descriptor)
    usbd_get_descriptor                      0x08003b81   Thumb Code   192  usbd_core.o(i.usbd_get_descriptor)
    i.usbd_hid_int_callback                  0x08003c4c   Section        0  usbd_hid_keyboard_if.o(i.usbd_hid_int_callback)
    usbd_hid_int_callback                    0x08003c4d   Thumb Code    24  usbd_hid_keyboard_if.o(i.usbd_hid_int_callback)
    i.usbd_print_setup                       0x08003c6c   Section        0  usbd_core.o(i.usbd_print_setup)
    usbd_print_setup                         0x08003c6d   Thumb Code     2  usbd_core.o(i.usbd_print_setup)
    i.usbd_reset_endpoint                    0x08003c6e   Section        0  usbd_core.o(i.usbd_reset_endpoint)
    usbd_reset_endpoint                      0x08003c6f   Thumb Code    48  usbd_core.o(i.usbd_reset_endpoint)
    i.usbd_set_address                       0x08003ca0   Section        0  usb_dc_py32.o(i.usbd_set_address)
    i.usbd_set_configuration                 0x08003cbc   Section        0  usbd_core.o(i.usbd_set_configuration)
    usbd_set_configuration                   0x08003cbd   Thumb Code   104  usbd_core.o(i.usbd_set_configuration)
    i.usbd_set_endpoint                      0x08003d28   Section        0  usbd_core.o(i.usbd_set_endpoint)
    usbd_set_endpoint                        0x08003d29   Thumb Code    46  usbd_core.o(i.usbd_set_endpoint)
    i.usbd_set_interface                     0x08003d58   Section        0  usbd_core.o(i.usbd_set_interface)
    usbd_set_interface                       0x08003d59   Thumb Code   118  usbd_core.o(i.usbd_set_interface)
    i.usbd_setup_request_handler             0x08003dd4   Section        0  usbd_core.o(i.usbd_setup_request_handler)
    usbd_setup_request_handler               0x08003dd5   Thumb Code   126  usbd_core.o(i.usbd_setup_request_handler)
    i.usbd_standard_request_handler          0x08003e52   Section        0  usbd_core.o(i.usbd_standard_request_handler)
    usbd_standard_request_handler            0x08003e53   Thumb Code    98  usbd_core.o(i.usbd_standard_request_handler)
    i.usbd_std_device_req_handler            0x08003eb4   Section        0  usbd_core.o(i.usbd_std_device_req_handler)
    usbd_std_device_req_handler              0x08003eb5   Thumb Code   188  usbd_core.o(i.usbd_std_device_req_handler)
    i.usbd_std_endpoint_req_handler          0x08003f78   Section        0  usbd_core.o(i.usbd_std_endpoint_req_handler)
    usbd_std_endpoint_req_handler            0x08003f79   Thumb Code   144  usbd_core.o(i.usbd_std_endpoint_req_handler)
    i.usbd_std_interface_req_handler         0x08004008   Section        0  usbd_core.o(i.usbd_std_interface_req_handler)
    usbd_std_interface_req_handler           0x08004009   Thumb Code   204  usbd_core.o(i.usbd_std_interface_req_handler)
    i.usbd_vendor_request_handler            0x080040d8   Section        0  usbd_core.o(i.usbd_vendor_request_handler)
    usbd_vendor_request_handler              0x080040d9   Thumb Code   188  usbd_core.o(i.usbd_vendor_request_handler)
    i.ws2812_encode_byte                     0x080041a0   Section        0  lib_ws2812.o(i.ws2812_encode_byte)
    ws2812_encode_byte                       0x080041a1   Thumb Code    32  lib_ws2812.o(i.ws2812_encode_byte)
    i.ws2812_encode_pixel                    0x080041c0   Section        0  lib_ws2812.o(i.ws2812_encode_pixel)
    ws2812_encode_pixel                      0x080041c1   Thumb Code    64  lib_ws2812.o(i.ws2812_encode_pixel)
    .constdata                               0x08004208   Section      176  system_py32f403.o(.constdata)
    .constdata                               0x080042b8   Section      140  app.o(.constdata)
    g_key_map                                0x080042b8   Data          70  app.o(.constdata)
    g_fn_key_map                             0x080042fe   Data          70  app.o(.constdata)
    .constdata                               0x08004344   Section       70  lib_hall_sensor.o(.constdata)
    .constdata                               0x0800438a   Section       85  lib_ws2812.o(.constdata)
    g_key_to_led_map                         0x0800438a   Data          70  lib_ws2812.o(.constdata)
    colors                                   0x080043d0   Data          15  lib_ws2812.o(.constdata)
    .constdata                               0x080043df   Section       17  segger_rtt.o(.constdata)
    _aInitStr                                0x080043df   Data          17  segger_rtt.o(.constdata)
    .constdata                               0x080043f0   Section       16  segger_rtt_printf.o(.constdata)
    _aV2C                                    0x080043f0   Data          16  segger_rtt_printf.o(.constdata)
    .data                                    0x20000000   Section        4  system_py32f403.o(.data)
    .data                                    0x20000004   Section       27  app.o(.data)
    report_dirty                             0x20000004   Data           1  app.o(.data)
    g_led_dirty                              0x20000005   Data           1  app.o(.data)
    g_light_mode                             0x20000006   Data           1  app.o(.data)
    g_pending_internal_key                   0x20000007   Data           1  app.o(.data)
    ws2812_tick                              0x20000008   Data           4  app.o(.data)
    last_report                              0x20000017   Data           8  app.o(.data)
    .data                                    0x20000020   Section       37  usbd_hid_keyboard_if.o(.data)
    custom_hid_rx_len                        0x20000024   Data           4  usbd_hid_keyboard_if.o(.data)
    custom_hid_rx_flag                       0x20000028   Data           1  usbd_hid_keyboard_if.o(.data)
    hid_in_ep                                0x2000002c   Data           8  usbd_hid_keyboard_if.o(.data)
    hid_custom_out_ep                        0x20000034   Data           8  usbd_hid_keyboard_if.o(.data)
    hid_custom_in_ep                         0x2000003c   Data           8  usbd_hid_keyboard_if.o(.data)
    .data                                    0x20000048   Section       66  task.o(.data)
    tasks                                    0x2000004c   Data          60  task.o(.data)
    task_cnt                                 0x20000088   Data           2  task.o(.data)
    .data                                    0x2000008a   Section        3  lib_hall_sensor.o(.data)
    .data                                    0x20000090   Section       16  usbd_core.o(.data)
    msosv1_desc                              0x20000094   Data           4  usbd_core.o(.data)
    msosv2_desc                              0x20000098   Data           4  usbd_core.o(.data)
    bos_desc                                 0x2000009c   Data           4  usbd_core.o(.data)
    .data                                    0x200000a0   Section        2  usb_dc_py32.o(.data)
    usb_ep0_state                            0x200000a0   Data           1  usb_dc_py32.o(.data)
    .data                                    0x200000a4   Section        9  py32f403_hal.o(.data)
    .noncacheable                            0x200000b0   Section      352  usbd_core.o(.noncacheable)
    .bss                                     0x20000210   Section      140  app.o(.bss)
    last_key_state                           0x20000210   Data          70  app.o(.bss)
    last_fn_state                            0x20000256   Data          70  app.o(.bss)
    .bss                                     0x2000029c   Section      136  usbd_hid_keyboard_if.o(.bss)
    custom_hid_rx_buf                        0x2000029c   Data          64  usbd_hid_keyboard_if.o(.bss)
    .bss                                     0x20000324   Section      148  bsp_adc_dma.o(.bss)
    .bss                                     0x200003b8   Section      160  bsp_spi_dma.o(.bss)
    .bss                                     0x20000458   Section       64  bsp_tim.o(.bss)
    .bss                                     0x20000498   Section     1540  lib_hall_sensor.o(.bss)
    .bss                                     0x20000a9c   Section     1767  lib_ws2812.o(.bss)
    .bss                                     0x200011a0   Section      384  usb_dc_py32.o(.bss)
    .bss                                     0x20001320   Section     1208  segger_rtt.o(.bss)
    _acUpBuffer                              0x200013c8   Data        1024  segger_rtt.o(.bss)
    _acDownBuffer                            0x200017c8   Data          16  segger_rtt.o(.bss)
    STACK                                    0x200017d8   Section     1024  startup_py32f403xx.o(STACK)

    Global Symbols

    Symbol Name                              Value     Ov Type        Size  Object(Section)

    BuildAttributes$$THM_ISAv4$E$P$D$K$B$S$7EM$VFPi3$EXTD16$VFPS$VFMA$PE$A:L22UL41UL21$X:L11$S22US41US21$IEEE1$IW$USESV6$~STKCKD$USESV7$~SHL$OSPACE$ROPI$EBA8$MICROLIB$REQ8$PRES8$EABIv2 0x00000000   Number         0  anon$$obj.o ABSOLUTE
    __ARM_use_no_argv                        0x00000000   Number         0  main.o ABSOLUTE
    __cpp_initialize__aeabi_                  - Undefined Weak Reference
    __cxa_finalize                            - Undefined Weak Reference
    _clock_init                               - Undefined Weak Reference
    _microlib_exit                            - Undefined Weak Reference
    __Vectors_Size                           0x00000130   Number         0  startup_py32f403xx.o ABSOLUTE
    __Vectors                                0x08000000   Data           4  startup_py32f403xx.o(RESET)
    __Vectors_End                            0x08000130   Data           0  startup_py32f403xx.o(RESET)
    __main                                   0x08000131   Thumb Code     0  entry.o(.ARM.Collect$$$$00000000)
    _main_stk                                0x08000131   Thumb Code     0  entry2.o(.ARM.Collect$$$$00000001)
    _main_scatterload                        0x08000135   Thumb Code     0  entry5.o(.ARM.Collect$$$$00000004)
    __main_after_scatterload                 0x08000139   Thumb Code     0  entry5.o(.ARM.Collect$$$$00000004)
    _main_clock                              0x08000139   Thumb Code     0  entry7b.o(.ARM.Collect$$$$00000008)
    _main_cpp_init                           0x08000139   Thumb Code     0  entry8b.o(.ARM.Collect$$$$0000000A)
    _main_init                               0x08000139   Thumb Code     0  entry9a.o(.ARM.Collect$$$$0000000B)
    __rt_final_cpp                           0x08000141   Thumb Code     0  entry10a.o(.ARM.Collect$$$$0000000D)
    __rt_final_exit                          0x08000141   Thumb Code     0  entry11a.o(.ARM.Collect$$$$0000000F)
    Reset_Handler                            0x08000145   Thumb Code     8  startup_py32f403xx.o(.text)
    ADC1_2_IRQHandler                        0x0800015f   Thumb Code     0  startup_py32f403xx.o(.text)
    ADC3_IRQHandler                          0x0800015f   Thumb Code     0  startup_py32f403xx.o(.text)
    CAN_IRQHandler                           0x0800015f   Thumb Code     0  startup_py32f403xx.o(.text)
    DMA1_Channel3_IRQHandler                 0x0800015f   Thumb Code     0  startup_py32f403xx.o(.text)
    DMA1_Channel4_IRQHandler                 0x0800015f   Thumb Code     0  startup_py32f403xx.o(.text)
    DMA1_Channel5_IRQHandler                 0x0800015f   Thumb Code     0  startup_py32f403xx.o(.text)
    DMA1_Channel6_IRQHandler                 0x0800015f   Thumb Code     0  startup_py32f403xx.o(.text)
    DMA1_Channel7_IRQHandler                 0x0800015f   Thumb Code     0  startup_py32f403xx.o(.text)
    DMA2_Channel1_IRQHandler                 0x0800015f   Thumb Code     0  startup_py32f403xx.o(.text)
    DMA2_Channel2_IRQHandler                 0x0800015f   Thumb Code     0  startup_py32f403xx.o(.text)
    DMA2_Channel3_IRQHandler                 0x0800015f   Thumb Code     0  startup_py32f403xx.o(.text)
    DMA2_Channel4_5_IRQHandler               0x0800015f   Thumb Code     0  startup_py32f403xx.o(.text)
    ESMC_IRQHandler                          0x0800015f   Thumb Code     0  startup_py32f403xx.o(.text)
    EXTI0_IRQHandler                         0x0800015f   Thumb Code     0  startup_py32f403xx.o(.text)
    EXTI15_10_IRQHandler                     0x0800015f   Thumb Code     0  startup_py32f403xx.o(.text)
    EXTI1_IRQHandler                         0x0800015f   Thumb Code     0  startup_py32f403xx.o(.text)
    EXTI2_IRQHandler                         0x0800015f   Thumb Code     0  startup_py32f403xx.o(.text)
    EXTI3_IRQHandler                         0x0800015f   Thumb Code     0  startup_py32f403xx.o(.text)
    EXTI4_IRQHandler                         0x0800015f   Thumb Code     0  startup_py32f403xx.o(.text)
    EXTI9_5_IRQHandler                       0x0800015f   Thumb Code     0  startup_py32f403xx.o(.text)
    FLASH_IRQHandler                         0x0800015f   Thumb Code     0  startup_py32f403xx.o(.text)
    I2C1_ER_IRQHandler                       0x0800015f   Thumb Code     0  startup_py32f403xx.o(.text)
    I2C1_EV_IRQHandler                       0x0800015f   Thumb Code     0  startup_py32f403xx.o(.text)
    I2C2_ER_IRQHandler                       0x0800015f   Thumb Code     0  startup_py32f403xx.o(.text)
    I2C2_EV_IRQHandler                       0x0800015f   Thumb Code     0  startup_py32f403xx.o(.text)
    PVD_IRQHandler                           0x0800015f   Thumb Code     0  startup_py32f403xx.o(.text)
    RCC_CTC_IRQHandler                       0x0800015f   Thumb Code     0  startup_py32f403xx.o(.text)
    RTC_Alarm_IRQHandler                     0x0800015f   Thumb Code     0  startup_py32f403xx.o(.text)
    RTC_IRQHandler                           0x0800015f   Thumb Code     0  startup_py32f403xx.o(.text)
    SDIO_IRQHandler                          0x0800015f   Thumb Code     0  startup_py32f403xx.o(.text)
    SPI1_IRQHandler                          0x0800015f   Thumb Code     0  startup_py32f403xx.o(.text)
    SPI2_IRQHandler                          0x0800015f   Thumb Code     0  startup_py32f403xx.o(.text)
    SPI3_IRQHandler                          0x0800015f   Thumb Code     0  startup_py32f403xx.o(.text)
    TAMPER_IRQHandler                        0x0800015f   Thumb Code     0  startup_py32f403xx.o(.text)
    TIM1_BRK_TIM9_IRQHandler                 0x0800015f   Thumb Code     0  startup_py32f403xx.o(.text)
    TIM1_CC_IRQHandler                       0x0800015f   Thumb Code     0  startup_py32f403xx.o(.text)
    TIM1_TRG_COM_TIM11_IRQHandler            0x0800015f   Thumb Code     0  startup_py32f403xx.o(.text)
    TIM1_UP_TIM10_IRQHandler                 0x0800015f   Thumb Code     0  startup_py32f403xx.o(.text)
    TIM2_IRQHandler                          0x0800015f   Thumb Code     0  startup_py32f403xx.o(.text)
    TIM3_IRQHandler                          0x0800015f   Thumb Code     0  startup_py32f403xx.o(.text)
    TIM4_IRQHandler                          0x0800015f   Thumb Code     0  startup_py32f403xx.o(.text)
    TIM5_IRQHandler                          0x0800015f   Thumb Code     0  startup_py32f403xx.o(.text)
    TIM7_IRQHandler                          0x0800015f   Thumb Code     0  startup_py32f403xx.o(.text)
    TIM8_BRK_TIM12_IRQHandler                0x0800015f   Thumb Code     0  startup_py32f403xx.o(.text)
    TIM8_CC_IRQHandler                       0x0800015f   Thumb Code     0  startup_py32f403xx.o(.text)
    TIM8_TRG_COM_TIM14_IRQHandler            0x0800015f   Thumb Code     0  startup_py32f403xx.o(.text)
    TIM8_UP_TIM13_IRQHandler                 0x0800015f   Thumb Code     0  startup_py32f403xx.o(.text)
    USART1_IRQHandler                        0x0800015f   Thumb Code     0  startup_py32f403xx.o(.text)
    USART2_IRQHandler                        0x0800015f   Thumb Code     0  startup_py32f403xx.o(.text)
    USART3_IRQHandler                        0x0800015f   Thumb Code     0  startup_py32f403xx.o(.text)
    USART4_IRQHandler                        0x0800015f   Thumb Code     0  startup_py32f403xx.o(.text)
    USART5_IRQHandler                        0x0800015f   Thumb Code     0  startup_py32f403xx.o(.text)
    WWDG_IRQHandler                          0x0800015f   Thumb Code     0  startup_py32f403xx.o(.text)
    __aeabi_memcpy                           0x08000169   Thumb Code    36  memcpya.o(.text)
    __aeabi_memcpy4                          0x08000169   Thumb Code     0  memcpya.o(.text)
    __aeabi_memcpy8                          0x08000169   Thumb Code     0  memcpya.o(.text)
    __aeabi_memset                           0x0800018d   Thumb Code    14  memseta.o(.text)
    __aeabi_memset4                          0x0800018d   Thumb Code     0  memseta.o(.text)
    __aeabi_memset8                          0x0800018d   Thumb Code     0  memseta.o(.text)
    __aeabi_memclr                           0x0800019b   Thumb Code     4  memseta.o(.text)
    __aeabi_memclr4                          0x0800019b   Thumb Code     0  memseta.o(.text)
    __aeabi_memclr8                          0x0800019b   Thumb Code     0  memseta.o(.text)
    _memset$wrapper                          0x0800019f   Thumb Code    18  memseta.o(.text)
    strlen                                   0x080001b1   Thumb Code    14  strlen.o(.text)
    memcmp                                   0x080001bf   Thumb Code    26  memcmp.o(.text)
    __scatterload                            0x080001d9   Thumb Code    28  init.o(.text)
    __scatterload_rt2                        0x080001d9   Thumb Code     0  init.o(.text)
    __decompress                             0x080001fd   Thumb Code     0  __dczerorl2.o(.text)
    __decompress1                            0x080001fd   Thumb Code    86  __dczerorl2.o(.text)
    APP_ErrorHandler                         0x08000253   Thumb Code     4  main.o(i.APP_ErrorHandler)
    APP_ErrorProc                            0x08000257   Thumb Code     8  system_py32f403.o(i.APP_ErrorProc)
    APP_LoadTrim                             0x08000261   Thumb Code   468  system_py32f403.o(i.APP_LoadTrim)
    App_adkey_scan_task                      0x080004c9   Thumb Code   186  app.o(i.App_adkey_scan_task)
    App_led_animation_task                   0x080005e9   Thumb Code   254  app.o(i.App_led_animation_task)
    App_led_display_task                     0x080006fd   Thumb Code    22  app.o(i.App_led_display_task)
    App_led_logic_task                       0x08000719   Thumb Code    24  app.o(i.App_led_logic_task)
    App_usb_process_task                     0x08000735   Thumb Code   372  app.o(i.App_usb_process_task)
    Bsp_Delay_Us                             0x080008cd   Thumb Code    36  bsp_delay.o(i.Bsp_Delay_Us)
    BusFault_Handler                         0x080008f1   Thumb Code     4  py32f403_it.o(i.BusFault_Handler)
    DMA1_Channel1_IRQHandler                 0x080008f5   Thumb Code   180  lib_hall_sensor.o(i.DMA1_Channel1_IRQHandler)
    DMA1_Channel2_IRQHandler                 0x080009c1   Thumb Code    10  bsp_spi_dma.o(i.DMA1_Channel2_IRQHandler)
    DebugMon_Handler                         0x080009fd   Thumb Code     2  py32f403_it.o(i.DebugMon_Handler)
    HAL_DMA_IRQHandler                       0x08000a01   Thumb Code   910  py32f403_hal_dma.o(i.HAL_DMA_IRQHandler)
    HAL_DMA_Start_IT                         0x08000d99   Thumb Code   156  py32f403_hal_dma.o(i.HAL_DMA_Start_IT)
    HAL_Delay                                0x08000e35   Thumb Code    36  py32f403_hal.o(i.HAL_Delay)
    HAL_GetTick                              0x08000e5d   Thumb Code     6  py32f403_hal.o(i.HAL_GetTick)
    HAL_IncTick                              0x08000e69   Thumb Code    16  py32f403_hal.o(i.HAL_IncTick)
    HAL_Init                                 0x08000e81   Thumb Code    22  py32f403_hal.o(i.HAL_Init)
    HAL_InitTick                             0x08000e99   Thumb Code    64  py32f403_hal.o(i.HAL_InitTick)
    HAL_MspInit                              0x08000ee5   Thumb Code    58  py32f403_hal_msp.o(i.HAL_MspInit)
    HAL_NVIC_SetPriority                     0x08000f25   Thumb Code   124  py32f403_hal_cortex.o(i.HAL_NVIC_SetPriority)
    HAL_NVIC_SetPriorityGrouping             0x08000fa1   Thumb Code    32  py32f403_hal_cortex.o(i.HAL_NVIC_SetPriorityGrouping)
    HAL_NVIC_SystemReset                     0x08000fc9   Thumb Code    36  py32f403_hal_cortex.o(i.HAL_NVIC_SystemReset)
    HAL_RCC_ClockConfig                      0x08000ff5   Thumb Code   376  py32f403_hal_rcc.o(i.HAL_RCC_ClockConfig)
    HAL_RCC_GetSysClockFreq                  0x08001181   Thumb Code   148  py32f403_hal_rcc.o(i.HAL_RCC_GetSysClockFreq)
    HAL_RCC_OscConfig                        0x08001261   Thumb Code  1396  py32f403_hal_rcc.o(i.HAL_RCC_OscConfig)
    HAL_SPI_ErrorCallback                    0x080017e1   Thumb Code     2  py32f403_hal_spi.o(i.HAL_SPI_ErrorCallback)
    HAL_SPI_Transmit_DMA                     0x080017e5   Thumb Code   356  py32f403_hal_spi.o(i.HAL_SPI_Transmit_DMA)
    HAL_SPI_TxCpltCallback                   0x08001955   Thumb Code     2  py32f403_hal_spi.o(i.HAL_SPI_TxCpltCallback)
    HAL_SPI_TxHalfCpltCallback               0x08001957   Thumb Code     2  py32f403_hal_spi.o(i.HAL_SPI_TxHalfCpltCallback)
    HAL_SYSTICK_Config                       0x08001959   Thumb Code    52  py32f403_hal_cortex.o(i.HAL_SYSTICK_Config)
    HAL_TIMEx_BreakCallback                  0x0800198d   Thumb Code     2  py32f403_hal_tim_ex.o(i.HAL_TIMEx_BreakCallback)
    HAL_TIMEx_CommutCallback                 0x0800198f   Thumb Code     2  py32f403_hal_tim_ex.o(i.HAL_TIMEx_CommutCallback)
    HAL_TIM_IC_CaptureCallback               0x08001991   Thumb Code     2  py32f403_hal_tim.o(i.HAL_TIM_IC_CaptureCallback)
    HAL_TIM_IRQHandler                       0x08001993   Thumb Code   406  py32f403_hal_tim.o(i.HAL_TIM_IRQHandler)
    HAL_TIM_OC_DelayElapsedCallback          0x08001b29   Thumb Code     2  py32f403_hal_tim.o(i.HAL_TIM_OC_DelayElapsedCallback)
    HAL_TIM_PWM_PulseFinishedCallback        0x08001b2b   Thumb Code     2  py32f403_hal_tim.o(i.HAL_TIM_PWM_PulseFinishedCallback)
    HAL_TIM_PeriodElapsedCallback            0x08001b2d   Thumb Code    18  bsp_tim.o(i.HAL_TIM_PeriodElapsedCallback)
    HAL_TIM_TriggerCallback                  0x08001b45   Thumb Code     2  py32f403_hal_tim.o(i.HAL_TIM_TriggerCallback)
    HardFault_Handler                        0x08001b47   Thumb Code     4  py32f403_it.o(i.HardFault_Handler)
    MemManage_Handler                        0x08001b4b   Thumb Code     4  py32f403_it.o(i.MemManage_Handler)
    NMI_Handler                              0x08001b4f   Thumb Code     2  py32f403_it.o(i.NMI_Handler)
    PendSV_Handler                           0x08001b51   Thumb Code     2  py32f403_it.o(i.PendSV_Handler)
    ROW_ALL_OFF                              0x08001b7d   Thumb Code    20  lib_hall_sensor.o(i.ROW_ALL_OFF)
    SEGGER_RTT_Write                         0x08001b95   Thumb Code    68  segger_rtt.o(i.SEGGER_RTT_Write)
    SEGGER_RTT_WriteNoLock                   0x08001bdd   Thumb Code   126  segger_rtt.o(i.SEGGER_RTT_WriteNoLock)
    SEGGER_RTT_WriteString                   0x08001c61   Thumb Code    26  segger_rtt.o(i.SEGGER_RTT_WriteString)
    SEGGER_RTT_printf                        0x08001c7b   Thumb Code    34  segger_rtt_printf.o(i.SEGGER_RTT_printf)
    SEGGER_RTT_vprintf                       0x08001c9d   Thumb Code   522  segger_rtt_printf.o(i.SEGGER_RTT_vprintf)
    SVC_Handler                              0x08002191   Thumb Code     2  py32f403_it.o(i.SVC_Handler)
    SysTick_Handler                          0x08002193   Thumb Code     8  py32f403_it.o(i.SysTick_Handler)
    SystemInit                               0x0800219d   Thumb Code    30  system_py32f403.o(i.SystemInit)
    TIM6_IRQHandler                          0x080021c1   Thumb Code    10  bsp_tim.o(i.TIM6_IRQHandler)
    Task_update                              0x080021d1   Thumb Code    12  task.o(i.Task_update)
    USBD_IRQHandler                          0x080021e1   Thumb Code   866  usb_dc_py32.o(i.USBD_IRQHandler)
    USB_IRQHandler                           0x08002551   Thumb Code     8  py32f403_it.o(i.USB_IRQHandler)
    UsageFault_Handler                       0x08002559   Thumb Code     4  py32f403_it.o(i.UsageFault_Handler)
    __scatterload_copy                       0x08002901   Thumb Code    14  handlers.o(i.__scatterload_copy)
    __scatterload_null                       0x0800290f   Thumb Code     2  handlers.o(i.__scatterload_null)
    __scatterload_zeroinit                   0x08002911   Thumb Code    14  handlers.o(i.__scatterload_zeroinit)
    bsp_adc_dma_start                        0x08002921   Thumb Code    62  bsp_adc_dma.o(i.bsp_adc_dma_start)
    bsp_spi_dma_send                         0x0800296d   Thumb Code    32  bsp_spi_dma.o(i.bsp_spi_dma_send)
    lib_hall_sensor_task                     0x08002b79   Thumb Code   180  lib_hall_sensor.o(i.lib_hall_sensor_task)
    lib_ws2812_breath_mode                   0x08002c45   Thumb Code   164  lib_ws2812.o(i.lib_ws2812_breath_mode)
    lib_ws2812_collide_ripple_mode           0x08002ced   Thumb Code   346  lib_ws2812.o(i.lib_ws2812_collide_ripple_mode)
    lib_ws2812_dazzle_marquee_mode           0x08002e4d   Thumb Code   234  lib_ws2812.o(i.lib_ws2812_dazzle_marquee_mode)
    lib_ws2812_rainbow_mode                  0x08002f3d   Thumb Code    70  lib_ws2812.o(i.lib_ws2812_rainbow_mode)
    lib_ws2812_set_all                       0x08002f83   Thumb Code    38  lib_ws2812.o(i.lib_ws2812_set_all)
    lib_ws2812_set_key_color                 0x08002fa9   Thumb Code    74  lib_ws2812.o(i.lib_ws2812_set_key_color)
    lib_ws2812_set_pixel                     0x08002ff9   Thumb Code    56  lib_ws2812.o(i.lib_ws2812_set_pixel)
    lib_ws2812_update                        0x08003035   Thumb Code    14  lib_ws2812.o(i.lib_ws2812_update)
    main                                     0x08003049   Thumb Code    68  main.o(i.main)
    process_key_logic                        0x08003109   Thumb Code   124  lib_hall_sensor.o(i.process_key_logic)
    select_row                               0x08003211   Thumb Code    74  lib_hall_sensor.o(i.select_row)
    update_baseline_tracking                 0x08003261   Thumb Code    76  lib_hall_sensor.o(i.update_baseline_tracking)
    usbd_configure_done_callback             0x08003359   Thumb Code    14  usbd_hid_keyboard_if.o(i.usbd_configure_done_callback)
    usbd_ep0_reset_zlp_flag                  0x0800338d   Thumb Code     8  usb_dc_py32.o(i.usbd_ep0_reset_zlp_flag)
    usbd_ep0_set_zlp_flag                    0x08003399   Thumb Code     8  usb_dc_py32.o(i.usbd_ep0_set_zlp_flag)
    usbd_ep_clear_stall                      0x080033a5   Thumb Code   122  usb_dc_py32.o(i.usbd_ep_clear_stall)
    usbd_ep_close                            0x08003425   Thumb Code     6  usb_dc_py32.o(i.usbd_ep_close)
    usbd_ep_is_stalled                       0x0800342d   Thumb Code    82  usb_dc_py32.o(i.usbd_ep_is_stalled)
    usbd_ep_open                             0x08003485   Thumb Code   424  usb_dc_py32.o(i.usbd_ep_open)
    usbd_ep_set_stall                        0x08003635   Thumb Code   114  usb_dc_py32.o(i.usbd_ep_set_stall)
    usbd_ep_start_read                       0x080036b1   Thumb Code   190  usb_dc_py32.o(i.usbd_ep_start_read)
    usbd_ep_start_write                      0x0800377d   Thumb Code   410  usb_dc_py32.o(i.usbd_ep_start_write)
    usbd_event_ep0_setup_complete_handler    0x08003929   Thumb Code   226  usbd_core.o(i.usbd_event_ep0_setup_complete_handler)
    usbd_event_ep_in_complete_handler        0x08003a11   Thumb Code   132  usbd_core.o(i.usbd_event_ep_in_complete_handler)
    usbd_event_ep_out_complete_handler       0x08003a9d   Thumb Code   122  usbd_core.o(i.usbd_event_ep_out_complete_handler)
    usbd_event_reset_handler                 0x08003b21   Thumb Code    66  usbd_core.o(i.usbd_event_reset_handler)
    usbd_event_resume_handler                0x08003b69   Thumb Code    12  usbd_core.o(i.usbd_event_resume_handler)
    usbd_event_suspend_handler               0x08003b75   Thumb Code    12  usbd_core.o(i.usbd_event_suspend_handler)
    usbd_set_address                         0x08003ca1   Thumb Code    18  usb_dc_py32.o(i.usbd_set_address)
    AHBPrescTable                            0x08004208   Data          16  system_py32f403.o(.constdata)
    APBPrescTable                            0x08004218   Data           8  system_py32f403.o(.constdata)
    key_mask                                 0x08004344   Data          70  lib_hall_sensor.o(.constdata)
    Region$$Table$$Base                      0x08004400   Number         0  anon$$obj.o(Region$$Table)
    Region$$Table$$Limit                     0x08004420   Number         0  anon$$obj.o(Region$$Table)
    SystemCoreClock                          0x20000000   Data           4  system_py32f403.o(.data)
    dbg_scan_task_cnt                        0x2000000c   Data           4  app.o(.data)
    dbg_key_change_cnt                       0x20000010   Data           4  app.o(.data)
    dbg_last_r                               0x20000014   Data           1  app.o(.data)
    dbg_last_c                               0x20000015   Data           1  app.o(.data)
    dbg_last_pressed                         0x20000016   Data           1  app.o(.data)
    hid_state                                0x20000020   Data           1  usbd_hid_keyboard_if.o(.data)
    custom_hid_state                         0x20000021   Data           1  usbd_hid_keyboard_if.o(.data)
    idle_speed                               0x20000044   Data           1  usbd_hid_keyboard_if.o(.data)
    g_cnt                                    0x20000048   Data           4  task.o(.data)
    g_current_row                            0x2000008a   Data           1  lib_hall_sensor.o(.data)
    g_scan_round                             0x2000008b   Data           1  lib_hall_sensor.o(.data)
    g_scan_complete                          0x2000008c   Data           1  lib_hall_sensor.o(.data)
    usbd_intf_head                           0x20000090   Data           4  usbd_core.o(.data)
    zlp_flag                                 0x200000a1   Data           1  usb_dc_py32.o(.data)
    uwTick                                   0x200000a4   Data           4  py32f403_hal.o(.data)
    uwTickPrio                               0x200000a8   Data           4  py32f403_hal.o(.data)
    uwTickFreq                               0x200000ac   Data           1  py32f403_hal.o(.data)
    usbd_core_cfg                            0x200000b0   Data         352  usbd_core.o(.noncacheable)
    intf0                                    0x200002dc   Data          36  usbd_hid_keyboard_if.o(.bss)
    intf1                                    0x20000300   Data          36  usbd_hid_keyboard_if.o(.bss)
    AdcHandle                                0x20000324   Data          52  bsp_adc_dma.o(.bss)
    HdmaCh1                                  0x20000358   Data          68  bsp_adc_dma.o(.bss)
    gADCxConvertedData                       0x2000039c   Data          28  bsp_adc_dma.o(.bss)
    hspi21                                   0x200003b8   Data          92  bsp_spi_dma.o(.bss)
    hdma_spi2_tx1                            0x20000414   Data          68  bsp_spi_dma.o(.bss)
    TimHandle                                0x20000458   Data          64  bsp_tim.o(.bss)
    g_adc_raw_col                            0x20000498   Data         140  lib_hall_sensor.o(.bss)
    keys                                     0x20000524   Data        1400  lib_hall_sensor.o(.bss)
    g_ws2812_tx_buffer                       0x20000a9c   Data        1584  lib_ws2812.o(.bss)
    g_ws2812_colors                          0x200010cc   Data         183  lib_ws2812.o(.bss)
    g_pyusb_udc                              0x200011a0   Data         384  usb_dc_py32.o(.bss)
    _SEGGER_RTT                              0x20001320   Data         168  segger_rtt.o(.bss)
    __initial_sp                             0x20001bd8   Data           0  startup_py32f403xx.o(STACK)



==============================================================================

Memory Map of the image

  Image Entry point : 0x08000131

  Load Region LR_IROM1 (Base: 0x08000000, Size: 0x00004630, Max: 0x00050000, ABSOLUTE, COMPRESSED[0x00004460])

    Execution Region ER_IROM1 (Exec base: 0x08000000, Load base: 0x08000000, Size: 0x00004420, Max: 0x00050000, ABSOLUTE)

    Exec Addr    Load Addr    Size         Type   Attr      Idx    E Section Name        Object

    0x08000000   0x08000000   0x00000130   Data   RO            3    RESET               startup_py32f403xx.o
    0x08000130   0x08000130   0x00000000   Code   RO         5240  * .ARM.Collect$$$$00000000  mc_w.l(entry.o)
    0x08000130   0x08000130   0x00000004   Code   RO         5513    .ARM.Collect$$$$00000001  mc_w.l(entry2.o)
    0x08000134   0x08000134   0x00000004   Code   RO         5516    .ARM.Collect$$$$00000004  mc_w.l(entry5.o)
    0x08000138   0x08000138   0x00000000   Code   RO         5518    .ARM.Collect$$$$00000008  mc_w.l(entry7b.o)
    0x08000138   0x08000138   0x00000000   Code   RO         5520    .ARM.Collect$$$$0000000A  mc_w.l(entry8b.o)
    0x08000138   0x08000138   0x00000008   Code   RO         5521    .ARM.Collect$$$$0000000B  mc_w.l(entry9a.o)
    0x08000140   0x08000140   0x00000000   Code   RO         5523    .ARM.Collect$$$$0000000D  mc_w.l(entry10a.o)
    0x08000140   0x08000140   0x00000000   Code   RO         5525    .ARM.Collect$$$$0000000F  mc_w.l(entry11a.o)
    0x08000140   0x08000140   0x00000004   Code   RO         5514    .ARM.Collect$$$$00002712  mc_w.l(entry2.o)
    0x08000144   0x08000144   0x00000024   Code   RO            4    .text               startup_py32f403xx.o
    0x08000168   0x08000168   0x00000024   Code   RO         5243    .text               mc_w.l(memcpya.o)
    0x0800018c   0x0800018c   0x00000024   Code   RO         5245    .text               mc_w.l(memseta.o)
    0x080001b0   0x080001b0   0x0000000e   Code   RO         5247    .text               mc_w.l(strlen.o)
    0x080001be   0x080001be   0x0000001a   Code   RO         5249    .text               mc_w.l(memcmp.o)
    0x080001d8   0x080001d8   0x00000024   Code   RO         5543    .text               mc_w.l(init.o)
    0x080001fc   0x080001fc   0x00000056   Code   RO         5561    .text               mc_w.l(__dczerorl2.o)
    0x08000252   0x08000252   0x00000004   Code   RO          330    i.APP_ErrorHandler  main.o
    0x08000256   0x08000256   0x00000008   Code   RO           13    i.APP_ErrorProc     system_py32f403.o
    0x0800025e   0x0800025e   0x00000002   PAD
    0x08000260   0x08000260   0x000001f8   Code   RO           14    i.APP_LoadTrim      system_py32f403.o
    0x08000458   0x08000458   0x00000070   Code   RO          331    i.APP_SystemClockConfig  main.o
    0x080004c8   0x080004c8   0x000000e0   Code   RO          155    i.App_adkey_scan_task  app.o
    0x080005a8   0x080005a8   0x00000040   Code   RO          156    i.App_handle_internal_key  app.o
    0x080005e8   0x080005e8   0x00000114   Code   RO          158    i.App_led_animation_task  app.o
    0x080006fc   0x080006fc   0x0000001c   Code   RO          159    i.App_led_display_task  app.o
    0x08000718   0x08000718   0x0000001c   Code   RO          160    i.App_led_logic_task  app.o
    0x08000734   0x08000734   0x00000198   Code   RO          161    i.App_usb_process_task  app.o
    0x080008cc   0x080008cc   0x00000024   Code   RO          882    i.Bsp_Delay_Us      bsp_delay.o
    0x080008f0   0x080008f0   0x00000004   Code   RO          446    i.BusFault_Handler  py32f403_it.o
    0x080008f4   0x080008f4   0x000000cc   Code   RO          915    i.DMA1_Channel1_IRQHandler  lib_hall_sensor.o
    0x080009c0   0x080009c0   0x00000010   Code   RO          685    i.DMA1_Channel2_IRQHandler  bsp_spi_dma.o
    0x080009d0   0x080009d0   0x0000002c   Code   RO         2286    i.DMA_SetConfig     py32f403_hal_dma.o
    0x080009fc   0x080009fc   0x00000002   Code   RO          447    i.DebugMon_Handler  py32f403_it.o
    0x080009fe   0x080009fe   0x00000002   PAD
    0x08000a00   0x08000a00   0x00000398   Code   RO         2293    i.HAL_DMA_IRQHandler  py32f403_hal_dma.o
    0x08000d98   0x08000d98   0x0000009c   Code   RO         2298    i.HAL_DMA_Start_IT  py32f403_hal_dma.o
    0x08000e34   0x08000e34   0x00000028   Code   RO         1555    i.HAL_Delay         py32f403_hal.o
    0x08000e5c   0x08000e5c   0x0000000c   Code   RO         1559    i.HAL_GetTick       py32f403_hal.o
    0x08000e68   0x08000e68   0x00000018   Code   RO         1565    i.HAL_IncTick       py32f403_hal.o
    0x08000e80   0x08000e80   0x00000016   Code   RO         1566    i.HAL_Init          py32f403_hal.o
    0x08000e96   0x08000e96   0x00000002   PAD
    0x08000e98   0x08000e98   0x0000004c   Code   RO         1567    i.HAL_InitTick      py32f403_hal.o
    0x08000ee4   0x08000ee4   0x00000040   Code   RO          418    i.HAL_MspInit       py32f403_hal_msp.o
    0x08000f24   0x08000f24   0x0000007c   Code   RO         2080    i.HAL_NVIC_SetPriority  py32f403_hal_cortex.o
    0x08000fa0   0x08000fa0   0x00000028   Code   RO         2081    i.HAL_NVIC_SetPriorityGrouping  py32f403_hal_cortex.o
    0x08000fc8   0x08000fc8   0x0000002c   Code   RO         2082    i.HAL_NVIC_SystemReset  py32f403_hal_cortex.o
    0x08000ff4   0x08000ff4   0x0000018c   Code   RO         3002    i.HAL_RCC_ClockConfig  py32f403_hal_rcc.o
    0x08001180   0x08001180   0x000000e0   Code   RO         3011    i.HAL_RCC_GetSysClockFreq  py32f403_hal_rcc.o
    0x08001260   0x08001260   0x00000580   Code   RO         3014    i.HAL_RCC_OscConfig  py32f403_hal_rcc.o
    0x080017e0   0x080017e0   0x00000002   Code   RO         3247    i.HAL_SPI_ErrorCallback  py32f403_hal_spi.o
    0x080017e2   0x080017e2   0x00000002   PAD
    0x080017e4   0x080017e4   0x00000170   Code   RO         3263    i.HAL_SPI_Transmit_DMA  py32f403_hal_spi.o
    0x08001954   0x08001954   0x00000002   Code   RO         3265    i.HAL_SPI_TxCpltCallback  py32f403_hal_spi.o
    0x08001956   0x08001956   0x00000002   Code   RO         3266    i.HAL_SPI_TxHalfCpltCallback  py32f403_hal_spi.o
    0x08001958   0x08001958   0x00000034   Code   RO         2085    i.HAL_SYSTICK_Config  py32f403_hal_cortex.o
    0x0800198c   0x0800198c   0x00000002   Code   RO         4323    i.HAL_TIMEx_BreakCallback  py32f403_hal_tim_ex.o
    0x0800198e   0x0800198e   0x00000002   Code   RO         4324    i.HAL_TIMEx_CommutCallback  py32f403_hal_tim_ex.o
    0x08001990   0x08001990   0x00000002   Code   RO         3652    i.HAL_TIM_IC_CaptureCallback  py32f403_hal_tim.o
    0x08001992   0x08001992   0x00000196   Code   RO         3666    i.HAL_TIM_IRQHandler  py32f403_hal_tim.o
    0x08001b28   0x08001b28   0x00000002   Code   RO         3669    i.HAL_TIM_OC_DelayElapsedCallback  py32f403_hal_tim.o
    0x08001b2a   0x08001b2a   0x00000002   Code   RO         3696    i.HAL_TIM_PWM_PulseFinishedCallback  py32f403_hal_tim.o
    0x08001b2c   0x08001b2c   0x00000018   Code   RO          728    i.HAL_TIM_PeriodElapsedCallback  bsp_tim.o
    0x08001b44   0x08001b44   0x00000002   Code   RO         3709    i.HAL_TIM_TriggerCallback  py32f403_hal_tim.o
    0x08001b46   0x08001b46   0x00000004   Code   RO          448    i.HardFault_Handler  py32f403_it.o
    0x08001b4a   0x08001b4a   0x00000004   Code   RO          449    i.MemManage_Handler  py32f403_it.o
    0x08001b4e   0x08001b4e   0x00000002   Code   RO          450    i.NMI_Handler       py32f403_it.o
    0x08001b50   0x08001b50   0x00000002   Code   RO          451    i.PendSV_Handler    py32f403_it.o
    0x08001b52   0x08001b52   0x00000002   PAD
    0x08001b54   0x08001b54   0x00000028   Code   RO         3015    i.RCC_Delay         py32f403_hal_rcc.o
    0x08001b7c   0x08001b7c   0x00000018   Code   RO          916    i.ROW_ALL_OFF       lib_hall_sensor.o
    0x08001b94   0x08001b94   0x00000048   Code   RO         4990    i.SEGGER_RTT_Write  segger_rtt.o
    0x08001bdc   0x08001bdc   0x00000084   Code   RO         4993    i.SEGGER_RTT_WriteNoLock  segger_rtt.o
    0x08001c60   0x08001c60   0x0000001a   Code   RO         4995    i.SEGGER_RTT_WriteString  segger_rtt.o
    0x08001c7a   0x08001c7a   0x00000022   Code   RO         5202    i.SEGGER_RTT_printf  segger_rtt_printf.o
    0x08001c9c   0x08001c9c   0x0000020a   Code   RO         5203    i.SEGGER_RTT_vprintf  segger_rtt_printf.o
    0x08001ea6   0x08001ea6   0x00000028   Code   RO         3281    i.SPI_DMAError      py32f403_hal_spi.o
    0x08001ece   0x08001ece   0x0000000e   Code   RO         3283    i.SPI_DMAHalfTransmitCplt  py32f403_hal_spi.o
    0x08001edc   0x08001edc   0x0000007e   Code   RO         3287    i.SPI_DMATransmitCplt  py32f403_hal_spi.o
    0x08001f5a   0x08001f5a   0x00000064   Code   RO         3291    i.SPI_EndRxTxTransaction  py32f403_hal_spi.o
    0x08001fbe   0x08001fbe   0x00000002   PAD
    0x08001fc0   0x08001fc0   0x000000f8   Code   RO         3298    i.SPI_WaitFifoStateUntilTimeout  py32f403_hal_spi.o
    0x080020b8   0x080020b8   0x000000d8   Code   RO         3299    i.SPI_WaitFlagStateUntilTimeout  py32f403_hal_spi.o
    0x08002190   0x08002190   0x00000002   Code   RO          452    i.SVC_Handler       py32f403_it.o
    0x08002192   0x08002192   0x00000008   Code   RO          453    i.SysTick_Handler   py32f403_it.o
    0x0800219a   0x0800219a   0x00000002   PAD
    0x0800219c   0x0800219c   0x00000024   Code   RO           16    i.SystemInit        system_py32f403.o
    0x080021c0   0x080021c0   0x00000010   Code   RO          729    i.TIM6_IRQHandler   bsp_tim.o
    0x080021d0   0x080021d0   0x00000010   Code   RO          602    i.Task_update       task.o
    0x080021e0   0x080021e0   0x00000370   Code   RO         1382    i.USBD_IRQHandler   usb_dc_py32.o
    0x08002550   0x08002550   0x00000008   Code   RO          454    i.USB_IRQHandler    py32f403_it.o
    0x08002558   0x08002558   0x00000004   Code   RO          455    i.UsageFault_Handler  py32f403_it.o
    0x0800255c   0x0800255c   0x00000064   Code   RO         4997    i._DoInit           segger_rtt.o
    0x080025c0   0x080025c0   0x0000001c   Code   RO         4998    i._GetAvailWriteSpace  segger_rtt.o
    0x080025dc   0x080025dc   0x000000ec   Code   RO         5204    i._PrintInt         segger_rtt_printf.o
    0x080026c8   0x080026c8   0x000000ec   Code   RO         5205    i._PrintUnsigned    segger_rtt_printf.o
    0x080027b4   0x080027b4   0x00000044   Code   RO         5206    i._StoreChar        segger_rtt_printf.o
    0x080027f8   0x080027f8   0x00000076   Code   RO         5000    i._WriteBlocking    segger_rtt.o
    0x0800286e   0x0800286e   0x00000058   Code   RO         5001    i._WriteNoCheck     segger_rtt.o
    0x080028c6   0x080028c6   0x00000002   PAD
    0x080028c8   0x080028c8   0x00000010   Code   RO         2087    i.__NVIC_GetPriorityGrouping  py32f403_hal_cortex.o
    0x080028d8   0x080028d8   0x00000028   Code   RO         2088    i.__NVIC_SetPriority  py32f403_hal_cortex.o
    0x08002900   0x08002900   0x0000000e   Code   RO         5555    i.__scatterload_copy  mc_w.l(handlers.o)
    0x0800290e   0x0800290e   0x00000002   Code   RO         5556    i.__scatterload_null  mc_w.l(handlers.o)
    0x08002910   0x08002910   0x0000000e   Code   RO         5557    i.__scatterload_zeroinit  mc_w.l(handlers.o)
    0x0800291e   0x0800291e   0x00000002   PAD
    0x08002920   0x08002920   0x0000004c   Code   RO          640    i.bsp_adc_dma_start  bsp_adc_dma.o
    0x0800296c   0x0800296c   0x00000024   Code   RO          687    i.bsp_spi_dma_send  bsp_spi_dma.o
    0x08002990   0x08002990   0x00000150   Code   RO         1383    i.handle_ep0        usb_dc_py32.o
    0x08002ae0   0x08002ae0   0x00000084   Code   RO          993    i.hsv_to_rgb        lib_ws2812.o
    0x08002b64   0x08002b64   0x00000014   Code   RO         1173    i.is_device_configured  usbd_core.o
    0x08002b78   0x08002b78   0x000000cc   Code   RO          919    i.lib_hall_sensor_task  lib_hall_sensor.o
    0x08002c44   0x08002c44   0x000000a8   Code   RO          995    i.lib_ws2812_breath_mode  lib_ws2812.o
    0x08002cec   0x08002cec   0x00000160   Code   RO          997    i.lib_ws2812_collide_ripple_mode  lib_ws2812.o
    0x08002e4c   0x08002e4c   0x000000f0   Code   RO          998    i.lib_ws2812_dazzle_marquee_mode  lib_ws2812.o
    0x08002f3c   0x08002f3c   0x00000046   Code   RO         1000    i.lib_ws2812_rainbow_mode  lib_ws2812.o
    0x08002f82   0x08002f82   0x00000026   Code   RO         1001    i.lib_ws2812_set_all  lib_ws2812.o
    0x08002fa8   0x08002fa8   0x00000050   Code   RO         1002    i.lib_ws2812_set_key_color  lib_ws2812.o
    0x08002ff8   0x08002ff8   0x0000003c   Code   RO         1003    i.lib_ws2812_set_pixel  lib_ws2812.o
    0x08003034   0x08003034   0x00000014   Code   RO         1004    i.lib_ws2812_update  lib_ws2812.o
    0x08003048   0x08003048   0x000000c0   Code   RO          334    i.main              main.o
    0x08003108   0x08003108   0x0000007c   Code   RO          920    i.process_key_logic  lib_hall_sensor.o
    0x08003184   0x08003184   0x0000000c   Code   RO         1384    i.pyusb_get_active_ep  usb_dc_py32.o
    0x08003190   0x08003190   0x00000022   Code   RO         1385    i.pyusb_get_fifo_size  usb_dc_py32.o
    0x080031b2   0x080031b2   0x00000002   PAD
    0x080031b4   0x080031b4   0x00000028   Code   RO         1386    i.pyusb_read_packet  usb_dc_py32.o
    0x080031dc   0x080031dc   0x0000000c   Code   RO         1387    i.pyusb_set_active_ep  usb_dc_py32.o
    0x080031e8   0x080031e8   0x00000028   Code   RO         1388    i.pyusb_write_packet  usb_dc_py32.o
    0x08003210   0x08003210   0x00000050   Code   RO          921    i.select_row        lib_hall_sensor.o
    0x08003260   0x08003260   0x0000004c   Code   RO          922    i.update_baseline_tracking  lib_hall_sensor.o
    0x080032ac   0x080032ac   0x0000002c   Code   RO         1178    i.usbd_class_event_notify_handler  usbd_core.o
    0x080032d8   0x080032d8   0x00000080   Code   RO         1179    i.usbd_class_request_handler  usbd_core.o
    0x08003358   0x08003358   0x00000014   Code   RO          535    i.usbd_configure_done_callback  usbd_hid_keyboard_if.o
    0x0800336c   0x0800336c   0x00000020   Code   RO          536    i.usbd_custom_hid_out_callback  usbd_hid_keyboard_if.o
    0x0800338c   0x0800338c   0x0000000c   Code   RO         1395    i.usbd_ep0_reset_zlp_flag  usb_dc_py32.o
    0x08003398   0x08003398   0x0000000c   Code   RO         1396    i.usbd_ep0_set_zlp_flag  usb_dc_py32.o
    0x080033a4   0x080033a4   0x00000080   Code   RO         1397    i.usbd_ep_clear_stall  usb_dc_py32.o
    0x08003424   0x08003424   0x00000006   Code   RO         1398    i.usbd_ep_close     usb_dc_py32.o
    0x0800342a   0x0800342a   0x00000002   PAD
    0x0800342c   0x0800342c   0x00000058   Code   RO         1399    i.usbd_ep_is_stalled  usb_dc_py32.o
    0x08003484   0x08003484   0x000001b0   Code   RO         1400    i.usbd_ep_open      usb_dc_py32.o
    0x08003634   0x08003634   0x0000007c   Code   RO         1401    i.usbd_ep_set_stall  usb_dc_py32.o
    0x080036b0   0x080036b0   0x000000cc   Code   RO         1402    i.usbd_ep_start_read  usb_dc_py32.o
    0x0800377c   0x0800377c   0x000001ac   Code   RO         1403    i.usbd_ep_start_write  usb_dc_py32.o
    0x08003928   0x08003928   0x000000e8   Code   RO         1184    i.usbd_event_ep0_setup_complete_handler  usbd_core.o
    0x08003a10   0x08003a10   0x0000008c   Code   RO         1185    i.usbd_event_ep_in_complete_handler  usbd_core.o
    0x08003a9c   0x08003a9c   0x00000084   Code   RO         1186    i.usbd_event_ep_out_complete_handler  usbd_core.o
    0x08003b20   0x08003b20   0x00000048   Code   RO         1187    i.usbd_event_reset_handler  usbd_core.o
    0x08003b68   0x08003b68   0x0000000c   Code   RO         1188    i.usbd_event_resume_handler  usbd_core.o
    0x08003b74   0x08003b74   0x0000000c   Code   RO         1189    i.usbd_event_suspend_handler  usbd_core.o
    0x08003b80   0x08003b80   0x000000cc   Code   RO         1190    i.usbd_get_descriptor  usbd_core.o
    0x08003c4c   0x08003c4c   0x00000020   Code   RO          537    i.usbd_hid_int_callback  usbd_hid_keyboard_if.o
    0x08003c6c   0x08003c6c   0x00000002   Code   RO         1194    i.usbd_print_setup  usbd_core.o
    0x08003c6e   0x08003c6e   0x00000030   Code   RO         1195    i.usbd_reset_endpoint  usbd_core.o
    0x08003c9e   0x08003c9e   0x00000002   PAD
    0x08003ca0   0x08003ca0   0x0000001c   Code   RO         1404    i.usbd_set_address  usb_dc_py32.o
    0x08003cbc   0x08003cbc   0x0000006c   Code   RO         1196    i.usbd_set_configuration  usbd_core.o
    0x08003d28   0x08003d28   0x0000002e   Code   RO         1197    i.usbd_set_endpoint  usbd_core.o
    0x08003d56   0x08003d56   0x00000002   PAD
    0x08003d58   0x08003d58   0x0000007c   Code   RO         1198    i.usbd_set_interface  usbd_core.o
    0x08003dd4   0x08003dd4   0x0000007e   Code   RO         1199    i.usbd_setup_request_handler  usbd_core.o
    0x08003e52   0x08003e52   0x00000062   Code   RO         1200    i.usbd_standard_request_handler  usbd_core.o
    0x08003eb4   0x08003eb4   0x000000c4   Code   RO         1201    i.usbd_std_device_req_handler  usbd_core.o
    0x08003f78   0x08003f78   0x00000090   Code   RO         1202    i.usbd_std_endpoint_req_handler  usbd_core.o
    0x08004008   0x08004008   0x000000d0   Code   RO         1203    i.usbd_std_interface_req_handler  usbd_core.o
    0x080040d8   0x080040d8   0x000000c8   Code   RO         1204    i.usbd_vendor_request_handler  usbd_core.o
    0x080041a0   0x080041a0   0x00000020   Code   RO         1005    i.ws2812_encode_byte  lib_ws2812.o
    0x080041c0   0x080041c0   0x00000048   Code   RO         1006    i.ws2812_encode_pixel  lib_ws2812.o
    0x08004208   0x08004208   0x000000b0   Data   RO           17    .constdata          system_py32f403.o
    0x080042b8   0x080042b8   0x0000008c   Data   RO          163    .constdata          app.o
    0x08004344   0x08004344   0x00000046   Data   RO          924    .constdata          lib_hall_sensor.o
    0x0800438a   0x0800438a   0x00000055   Data   RO         1008    .constdata          lib_ws2812.o
    0x080043df   0x080043df   0x00000011   Data   RO         5003    .constdata          segger_rtt.o
    0x080043f0   0x080043f0   0x00000010   Data   RO         5207    .constdata          segger_rtt_printf.o
    0x08004400   0x08004400   0x00000020   Data   RO         5553    Region$$Table       anon$$obj.o


    Execution Region RW_IRAM1 (Exec base: 0x20000000, Load base: 0x08004420, Size: 0x00001bd8, Max: 0x00010000, ABSOLUTE, COMPRESSED[0x00000040])

    Exec Addr    Load Addr    Size         Type   Attr      Idx    E Section Name        Object

    0x20000000   COMPRESSED   0x00000004   Data   RW           18    .data               system_py32f403.o
    0x20000004   COMPRESSED   0x0000001b   Data   RW          164    .data               app.o
    0x2000001f   COMPRESSED   0x00000001   PAD
    0x20000020   COMPRESSED   0x00000025   Data   RW          543    .data               usbd_hid_keyboard_if.o
    0x20000045   COMPRESSED   0x00000003   PAD
    0x20000048   COMPRESSED   0x00000042   Data   RW          603    .data               task.o
    0x2000008a   COMPRESSED   0x00000003   Data   RW          925    .data               lib_hall_sensor.o
    0x2000008d   COMPRESSED   0x00000003   PAD
    0x20000090   COMPRESSED   0x00000010   Data   RW         1205    .data               usbd_core.o
    0x200000a0   COMPRESSED   0x00000002   Data   RW         1406    .data               usb_dc_py32.o
    0x200000a2   COMPRESSED   0x00000002   PAD
    0x200000a4   COMPRESSED   0x00000009   Data   RW         1583    .data               py32f403_hal.o
    0x200000ad   COMPRESSED   0x00000003   PAD
    0x200000b0   COMPRESSED   0x00000160   Data   RW         1206    .noncacheable       usbd_core.o
    0x20000210        -       0x0000008c   Zero   RW          162    .bss                app.o
    0x2000029c        -       0x00000088   Zero   RW          541    .bss                usbd_hid_keyboard_if.o
    0x20000324        -       0x00000094   Zero   RW          641    .bss                bsp_adc_dma.o
    0x200003b8        -       0x000000a0   Zero   RW          688    .bss                bsp_spi_dma.o
    0x20000458        -       0x00000040   Zero   RW          731    .bss                bsp_tim.o
    0x20000498        -       0x00000604   Zero   RW          923    .bss                lib_hall_sensor.o
    0x20000a9c        -       0x000006e7   Zero   RW         1007    .bss                lib_ws2812.o
    0x20001183   COMPRESSED   0x0000001d   PAD
    0x200011a0        -       0x00000180   Zero   RW         1405    .bss                usb_dc_py32.o
    0x20001320        -       0x000004b8   Zero   RW         5002    .bss                segger_rtt.o
    0x200017d8        -       0x00000400   Zero   RW            1    STACK               startup_py32f403xx.o


==============================================================================

Image component sizes


      Code (inc. data)   RO Data    RW Data    ZI Data      Debug   Object Name

      1028        126        140         27        140      27349   app.o
        76         14          0          0        148       1287   bsp_adc_dma.o
        36          0          0          0          0        911   bsp_delay.o
        52         10          0          0        160       1769   bsp_spi_dma.o
        40         12          0          0         64       1594   bsp_tim.o
       712         64         70          3       1540       5821   lib_hall_sensor.o
      1264         46         85          0       1767       9617   lib_ws2812.o
       308        124          0          0          0       2154   main.o
       174         30          0          9          0      11017   py32f403_hal.o
       316         30          0          0          0      32445   py32f403_hal_cortex.o
      1120         10          0          0          0       3068   py32f403_hal_dma.o
        64          6          0          0          0        938   py32f403_hal_msp.o
      2068        120          0          0          0       4496   py32f403_hal_rcc.o
      1118         24          0          0          0       7549   py32f403_hal_spi.o
       414          0          0          0          0       3422   py32f403_hal_tim.o
         4          0          0          0          0       1505   py32f403_hal_tim_ex.o
        40          0          0          0          0       4547   py32f403_it.o
       564         38         17          0       1208      10195   segger_rtt.o
      1096          6         16          0          0       5897   segger_rtt_printf.o
        36          8        304          0       1024        836   startup_py32f403xx.o
       548         42        176          4          0     353430   system_py32f403.o
        16          4          0         66          0       1122   task.o
      2816        138          0          2        384      13247   usb_dc_py32.o
      2296        116          0        368          0      22088   usbd_core.o
        84         20          0         37        136       3347   usbd_hid_keyboard_if.o

    ----------------------------------------------------------------------
     16314        988        840        528       6600     529651   Object Totals
         0          0         32          0          0          0   (incl. Generated)
        24          0          0         12         29          0   (incl. Padding)

    ----------------------------------------------------------------------

      Code (inc. data)   RO Data    RW Data    ZI Data      Debug   Library Member Name

        86          0          0          0          0          0   __dczerorl2.o
         0          0          0          0          0          0   entry.o
         0          0          0          0          0          0   entry10a.o
         0          0          0          0          0          0   entry11a.o
         8          4          0          0          0          0   entry2.o
         4          0          0          0          0          0   entry5.o
         0          0          0          0          0          0   entry7b.o
         0          0          0          0          0          0   entry8b.o
         8          4          0          0          0          0   entry9a.o
        30          0          0          0          0          0   handlers.o
        36          8          0          0          0         68   init.o
        26          0          0          0          0         80   memcmp.o
        36          0          0          0          0         68   memcpya.o
        36          0          0          0          0        108   memseta.o
        14          0          0          0          0         68   strlen.o

    ----------------------------------------------------------------------
       286         16          0          0          0        392   Library Totals
         2          0          0          0          0          0   (incl. Padding)

    ----------------------------------------------------------------------

      Code (inc. data)   RO Data    RW Data    ZI Data      Debug   Library Name

       284         16          0          0          0        392   mc_w.l

    ----------------------------------------------------------------------
       286         16          0          0          0        392   Library Totals

    ----------------------------------------------------------------------

==============================================================================


      Code (inc. data)   RO Data    RW Data    ZI Data      Debug   

     16600       1004        840        528       6600     517323   Grand Totals
     16600       1004        840         64       6600     517323   ELF Image Totals (compressed)
     16600       1004        840         64          0          0   ROM Totals

==============================================================================

    Total RO  Size (Code + RO Data)                17440 (  17.03kB)
    Total RW  Size (RW Data + ZI Data)              7128 (   6.96kB)
    Total ROM Size (Code + RO Data + RW Data)      17504 (  17.09kB)

==============================================================================

