Component: Arm Compiler for Embedded 6.21 Tool: armlink [5ec1fa00]

==============================================================================

Section Cross References

    startup_py32f403xx.o(RESET) refers to startup_py32f403xx.o(STACK) for __initial_sp
    startup_py32f403xx.o(RESET) refers to startup_py32f403xx.o(.text) for Reset_Handler
    startup_py32f403xx.o(RESET) refers to py32f403_it.o(.text.NMI_Handler) for NMI_Handler
    startup_py32f403xx.o(RESET) refers to py32f403_it.o(.text.HardFault_Handler) for HardFault_Handler
    startup_py32f403xx.o(RESET) refers to py32f403_it.o(.text.MemManage_Handler) for MemManage_Handler
    startup_py32f403xx.o(RESET) refers to py32f403_it.o(.text.BusFault_Handler) for BusFault_Handler
    startup_py32f403xx.o(RESET) refers to py32f403_it.o(.text.UsageFault_Handler) for UsageFault_Handler
    startup_py32f403xx.o(RESET) refers to py32f403_it.o(.text.SVC_Handler) for SVC_Handler
    startup_py32f403xx.o(RESET) refers to py32f403_it.o(.text.DebugMon_Handler) for DebugMon_Handler
    startup_py32f403xx.o(RESET) refers to py32f403_it.o(.text.PendSV_Handler) for PendSV_Handler
    startup_py32f403xx.o(RESET) refers to py32f403_it.o(.text.SysTick_Handler) for SysTick_Handler
    startup_py32f403xx.o(RESET) refers to bsp_adc_dma.o(.text.DMA1_Channel1_IRQHandler) for DMA1_Channel1_IRQHandler
    startup_py32f403xx.o(RESET) refers to bsp_spi_dma.o(.text.DMA1_Channel2_IRQHandler) for DMA1_Channel2_IRQHandler
    startup_py32f403xx.o(RESET) refers to bsp_tim.o(.text.TIM6_IRQHandler) for TIM6_IRQHandler
    startup_py32f403xx.o(.text) refers to system_py32f403.o(.text.SystemInit) for SystemInit
    startup_py32f403xx.o(.text) refers to entry.o(.ARM.Collect$$$$00000000) for __main
    system_py32f403.o(.text.APP_ErrorProc) refers to py32f403_hal_cortex.o(.text.HAL_NVIC_SystemReset) for HAL_NVIC_SystemReset
    system_py32f403.o(.ARM.exidx.text.APP_ErrorProc) refers to system_py32f403.o(.text.APP_ErrorProc) for [Anonymous Symbol]
    system_py32f403.o(.text.APP_LoadTrim) refers to memseta.o(.text) for __aeabi_memclr4
    system_py32f403.o(.text.APP_LoadTrim) refers to system_py32f403.o(.rodata..L__const.APP_LoadTrim.OPTAddr) for .L__const.APP_LoadTrim.OPTAddr
    system_py32f403.o(.text.APP_LoadTrim) refers to py32f403_hal_cortex.o(.text.HAL_NVIC_SystemReset) for HAL_NVIC_SystemReset
    system_py32f403.o(.text.APP_LoadTrim) refers to system_py32f403.o(.rodata..L__const.APP_LoadTrim.RegAddr) for .L__const.APP_LoadTrim.RegAddr
    system_py32f403.o(.text.APP_LoadTrim) refers to system_py32f403.o(.rodata..L__const.APP_LoadTrim.RegMask) for .L__const.APP_LoadTrim.RegMask
    system_py32f403.o(.ARM.exidx.text.APP_LoadTrim) refers to system_py32f403.o(.text.APP_LoadTrim) for [Anonymous Symbol]
    system_py32f403.o(.text.SystemInit) refers to system_py32f403.o(.text.APP_LoadTrim) for APP_LoadTrim
    system_py32f403.o(.ARM.exidx.text.SystemInit) refers to system_py32f403.o(.text.SystemInit) for [Anonymous Symbol]
    system_py32f403.o(.text.SystemCoreClockUpdate) refers to system_py32f403.o(.data.SystemCoreClock) for SystemCoreClock
    system_py32f403.o(.text.SystemCoreClockUpdate) refers to system_py32f403.o(.rodata.AHBPrescTable) for AHBPrescTable
    system_py32f403.o(.ARM.exidx.text.SystemCoreClockUpdate) refers to system_py32f403.o(.text.SystemCoreClockUpdate) for [Anonymous Symbol]
    app.o(.text.App_init) refers to app.o(.bss.last_modifiers) for last_modifiers
    app.o(.text.App_init) refers to app.o(.bss.last_keys) for last_keys
    app.o(.text.App_init) refers to app.o(.bss.report_dirty) for report_dirty
    app.o(.text.App_init) refers to lib_hall_sensor.o(.text.lib_hall_init) for lib_hall_init
    app.o(.text.App_init) refers to lib_ws2812.o(.text.lib_ws2812_init) for lib_ws2812_init
    app.o(.text.App_init) refers to app.o(.text.app_ws2812_apply_key_colors) for app_ws2812_apply_key_colors
    app.o(.text.App_init) refers to lib_ws2812.o(.text.lib_ws2812_update) for lib_ws2812_update
    app.o(.ARM.exidx.text.App_init) refers to app.o(.text.App_init) for [Anonymous Symbol]
    app.o(.text.app_ws2812_apply_key_colors) refers to lib_ws2812.o(.text.lib_ws2812_set_key_color) for lib_ws2812_set_key_color
    app.o(.text.app_ws2812_apply_key_colors) refers to lib_hall_sensor.o(.text.lib_hall_is_key_valid) for lib_hall_is_key_valid
    app.o(.text.app_ws2812_apply_key_colors) refers to lib_hall_sensor.o(.text.lib_hall_is_pressed) for lib_hall_is_pressed
    app.o(.text.app_ws2812_apply_key_colors) refers to lib_key_map.o(.text.lib_key_is_modifier) for lib_key_is_modifier
    app.o(.ARM.exidx.text.app_ws2812_apply_key_colors) refers to app.o(.text.app_ws2812_apply_key_colors) for [Anonymous Symbol]
    app.o(.text.App_adkey_scan_task) refers to lib_hall_sensor.o(.text.lib_hall_scan_all) for lib_hall_scan_all
    app.o(.ARM.exidx.text.App_adkey_scan_task) refers to app.o(.text.App_adkey_scan_task) for [Anonymous Symbol]
[...]
    Removing py32f403_hal_spi.o(.text.SPI_DMATransmitCplt), (166 bytes).
    Removing py32f403_hal_spi.o(.ARM.exidx.text.SPI_DMATransmitCplt), (8 bytes).
    Removing py32f403_hal_spi.o(.text.SPI_DMAError), (30 bytes).
    Removing py32f403_hal_spi.o(.ARM.exidx.text.SPI_DMAError), (8 bytes).
    Removing py32f403_hal_spi.o(.text.HAL_SPI_Receive_DMA), (358 bytes).
    Removing py32f403_hal_spi.o(.ARM.exidx.text.HAL_SPI_Receive_DMA), (8 bytes).
    Removing py32f403_hal_spi.o(.text.HAL_SPI_TransmitReceive_DMA), (444 bytes).
    Removing py32f403_hal_spi.o(.ARM.exidx.text.HAL_SPI_TransmitReceive_DMA), (8 bytes).
    Removing py32f403_hal_spi.o(.text.SPI_DMAHalfReceiveCplt), (6 bytes).
    Removing py32f403_hal_spi.o(.ARM.exidx.text.SPI_DMAHalfReceiveCplt), (8 bytes).
    Removing py32f403_hal_spi.o(.text.SPI_DMAReceiveCplt), (208 bytes).
    Removing py32f403_hal_spi.o(.ARM.exidx.text.SPI_DMAReceiveCplt), (8 bytes).
    Removing py32f403_hal_spi.o(.text.SPI_DMAHalfTransmitReceiveCplt), (6 bytes).
    Removing py32f403_hal_spi.o(.ARM.exidx.text.SPI_DMAHalfTransmitReceiveCplt), (8 bytes).
    Removing py32f403_hal_spi.o(.text.SPI_DMATransmitReceiveCplt), (272 bytes).
    Removing py32f403_hal_spi.o(.ARM.exidx.text.SPI_DMATransmitReceiveCplt), (8 bytes).
    Removing py32f403_hal_spi.o(.text.HAL_SPI_Abort), (454 bytes).
    Removing py32f403_hal_spi.o(.ARM.exidx.text.HAL_SPI_Abort), (8 bytes).
    Removing py32f403_hal_spi.o(.text.SPI_AbortTx_ISR), (294 bytes).
    Removing py32f403_hal_spi.o(.ARM.exidx.text.SPI_AbortTx_ISR), (8 bytes).
    Removing py32f403_hal_spi.o(.text.SPI_AbortRx_ISR), (154 bytes).
    Removing py32f403_hal_spi.o(.ARM.exidx.text.SPI_AbortRx_ISR), (8 bytes).
    Removing py32f403_hal_spi.o(.text.SPI_WaitFifoStateUntilTimeout), (244 bytes).
    Removing py32f403_hal_spi.o(.ARM.exidx.text.SPI_WaitFifoStateUntilTimeout), (8 bytes).
    Removing py32f403_hal_spi.o(.text.HAL_SPI_Abort_IT), (338 bytes).
    Removing py32f403_hal_spi.o(.ARM.exidx.text.HAL_SPI_Abort_IT), (8 bytes).
    Removing py32f403_hal_spi.o(.text.SPI_DMATxAbortCallback), (202 bytes).
    Removing py32f403_hal_spi.o(.ARM.exidx.text.SPI_DMATxAbortCallback), (8 bytes).
    Removing py32f403_hal_spi.o(.text.SPI_DMARxAbortCallback), (162 bytes).
    Removing py32f403_hal_spi.o(.ARM.exidx.text.SPI_DMARxAbortCallback), (8 bytes).
    Removing py32f403_hal_spi.o(.text.HAL_SPI_AbortCpltCallback), (2 bytes).
    Removing py32f403_hal_spi.o(.ARM.exidx.text.HAL_SPI_AbortCpltCallback), (8 bytes).
    Removing py32f403_hal_spi.o(.text.HAL_SPI_DMAPause), (32 bytes).
    Removing py32f403_hal_spi.o(.ARM.exidx.text.HAL_SPI_DMAPause), (8 bytes).
    Removing py32f403_hal_spi.o(.text.HAL_SPI_DMAResume), (32 bytes).
    Removing py32f403_hal_spi.o(.ARM.exidx.text.HAL_SPI_DMAResume), (8 bytes).
    Removing py32f403_hal_spi.o(.text.HAL_SPI_DMAStop), (68 bytes).
    Removing py32f403_hal_spi.o(.ARM.exidx.text.HAL_SPI_DMAStop), (8 bytes).
    Removing py32f403_hal_spi.o(.text.HAL_SPI_IRQHandler), (252 bytes).
    Removing py32f403_hal_spi.o(.ARM.exidx.text.HAL_SPI_IRQHandler), (8 bytes).
    Removing py32f403_hal_spi.o(.text.SPI_DMAAbortOnError), (12 bytes).
    Removing py32f403_hal_spi.o(.ARM.exidx.text.SPI_DMAAbortOnError), (8 bytes).
    Removing py32f403_hal_spi.o(.text.HAL_SPI_ErrorCallback), (2 bytes).
    Removing py32f403_hal_spi.o(.ARM.exidx.text.HAL_SPI_ErrorCallback), (8 bytes).
    Removing py32f403_hal_spi.o(.text.HAL_SPI_TxCpltCallback), (2 bytes).
    Removing py32f403_hal_spi.o(.ARM.exidx.text.HAL_SPI_TxCpltCallback), (8 bytes).
    Removing py32f403_hal_spi.o(.text.HAL_SPI_RxCpltCallback), (2 bytes).
    Removing py32f403_hal_spi.o(.ARM.exidx.text.HAL_SPI_RxCpltCallback), (8 bytes).
    Removing py32f403_hal_spi.o(.text.HAL_SPI_TxRxCpltCallback), (2 bytes).
    Removing py32f403_hal_spi.o(.ARM.exidx.text.HAL_SPI_TxRxCpltCallback), (8 bytes).
    Removing py32f403_hal_spi.o(.text.HAL_SPI_TxHalfCpltCallback), (2 bytes).
    Removing py32f403_hal_spi.o(.ARM.exidx.text.HAL_SPI_TxHalfCpltCallback), (8 bytes).
    Removing py32f403_hal_spi.o(.text.HAL_SPI_RxHalfCpltCallback), (2 bytes).
    Removing py32f403_hal_spi.o(.ARM.exidx.text.HAL_SPI_RxHalfCpltCallback), (8 bytes).
    Removing py32f403_hal_spi.o(.text.HAL_SPI_TxRxHalfCpltCallback), (2 bytes).
    Removing py32f403_hal_spi.o(.ARM.exidx.text.HAL_SPI_TxRxHalfCpltCallback), (8 bytes).
    Removing py32f403_hal_spi.o(.text.HAL_SPI_GetState), (6 bytes).
    Removing py32f403_hal_spi.o(.ARM.exidx.text.HAL_SPI_GetState), (8 bytes).
    Removing py32f403_hal_spi.o(.text.HAL_SPI_GetError), (4 bytes).
    Removing py32f403_hal_spi.o(.ARM.exidx.text.HAL_SPI_GetError), (8 bytes).
    Removing py32f403_hal_spi.o(.text.SPI_2linesRxISR_8BITCRC), (50 bytes).
    Removing py32f403_hal_spi.o(.ARM.exidx.text.SPI_2linesRxISR_8BITCRC), (8 bytes).
    Removing py32f403_hal_spi.o(.text.SPI_CloseRxTx_ISR), (180 bytes).
    Removing py32f403_hal_spi.o(.ARM.exidx.text.SPI_CloseRxTx_ISR), (8 bytes).
    Removing py32f403_hal_spi.o(.text.SPI_2linesRxISR_16BITCRC), (28 bytes).
    Removing py32f403_hal_spi.o(.ARM.exidx.text.SPI_2linesRxISR_16BITCRC), (8 bytes).
    Removing py32f403_hal_spi.o(.text.SPI_RxISR_8BITCRC), (36 bytes).
    Removing py32f403_hal_spi.o(.ARM.exidx.text.SPI_RxISR_8BITCRC), (8 bytes).
    Removing py32f403_hal_spi.o(.text.SPI_CloseRx_ISR), (98 bytes).
    Removing py32f403_hal_spi.o(.ARM.exidx.text.SPI_CloseRx_ISR), (8 bytes).
    Removing py32f403_hal_spi.o(.text.SPI_RxISR_16BITCRC), (28 bytes).
    Removing py32f403_hal_spi.o(.ARM.exidx.text.SPI_RxISR_16BITCRC), (8 bytes).
    Removing py32f403_hal_spi.o(.text.SPI_CloseTx_ISR), (144 bytes).
    Removing py32f403_hal_spi.o(.ARM.exidx.text.SPI_CloseTx_ISR), (8 bytes).
    Removing py32f403_hal_spi_ex.o(.text), (0 bytes).
    Removing py32f403_hal_spi_ex.o(.text.HAL_SPIEx_FlushRxFifo), (40 bytes).
    Removing py32f403_hal_spi_ex.o(.ARM.exidx.text.HAL_SPIEx_FlushRxFifo), (8 bytes).
    Removing py32f403_hal_tim.o(.text), (0 bytes).
    Removing py32f403_hal_tim.o(.text.HAL_TIM_Base_Init), (54 bytes).
    Removing py32f403_hal_tim.o(.ARM.exidx.text.HAL_TIM_Base_Init), (8 bytes).
    Removing py32f403_hal_tim.o(.text.HAL_TIM_Base_MspInit), (2 bytes).
    Removing py32f403_hal_tim.o(.ARM.exidx.text.HAL_TIM_Base_MspInit), (8 bytes).
    Removing py32f403_hal_tim.o(.text.TIM_Base_SetConfig), (304 bytes).
    Removing py32f403_hal_tim.o(.ARM.exidx.text.TIM_Base_SetConfig), (8 bytes).
    Removing py32f403_hal_tim.o(.text.HAL_TIM_Base_DeInit), (60 bytes).
    Removing py32f403_hal_tim.o(.ARM.exidx.text.HAL_TIM_Base_DeInit), (8 bytes).
    Removing py32f403_hal_tim.o(.text.HAL_TIM_Base_MspDeInit), (2 bytes).
    Removing py32f403_hal_tim.o(.ARM.exidx.text.HAL_TIM_Base_MspDeInit), (8 bytes).
    Removing py32f403_hal_tim.o(.text.HAL_TIM_Base_Start), (38 bytes).
    Removing py32f403_hal_tim.o(.ARM.exidx.text.HAL_TIM_Base_Start), (8 bytes).
    Removing py32f403_hal_tim.o(.text.HAL_TIM_Base_Stop), (48 bytes).
    Removing py32f403_hal_tim.o(.ARM.exidx.text.HAL_TIM_Base_Stop), (8 bytes).
    Removing py32f403_hal_tim.o(.text.HAL_TIM_Base_Start_IT), (32 bytes).
    Removing py32f403_hal_tim.o(.ARM.exidx.text.HAL_TIM_Base_Start_IT), (8 bytes).
    Removing py32f403_hal_tim.o(.text.HAL_TIM_Base_Stop_IT), (46 bytes).
    Removing py32f403_hal_tim.o(.ARM.exidx.text.HAL_TIM_Base_Stop_IT), (8 bytes).
    Removing py32f403_hal_tim.o(.text.HAL_TIM_Base_Start_DMA), (124 bytes).
    Removing py32f403_hal_tim.o(.ARM.exidx.text.HAL_TIM_Base_Start_DMA), (8 bytes).
    Removing py32f403_hal_tim.o(.text.TIM_DMAPeriodElapsedCplt), (12 bytes).
    Removing py32f403_hal_tim.o(.ARM.exidx.text.TIM_DMAPeriodElapsedCplt), (8 bytes).
    Removing py32f403_hal_tim.o(.text.TIM_DMAPeriodElapsedHalfCplt), (12 bytes).
    Removing py32f403_hal_tim.o(.ARM.exidx.text.TIM_DMAPeriodElapsedHalfCplt), (8 bytes).
    Removing py32f403_hal_tim.o(.text.TIM_DMAError), (12 bytes).
    Removing py32f403_hal_tim.o(.ARM.exidx.text.TIM_DMAError), (8 bytes).
    Removing py32f403_hal_tim.o(.text.HAL_TIM_Base_Stop_DMA), (60 bytes).
    Removing py32f403_hal_tim.o(.ARM.exidx.text.HAL_TIM_Base_Stop_DMA), (8 bytes).
    Removing py32f403_hal_tim.o(.text.HAL_TIM_OC_Init), (54 bytes).
    Removing py32f403_hal_tim.o(.ARM.exidx.text.HAL_TIM_OC_Init), (8 bytes).
    Removing py32f403_hal_tim.o(.text.HAL_TIM_OC_MspInit), (2 bytes).
    Removing py32f403_hal_tim.o(.ARM.exidx.text.HAL_TIM_OC_MspInit), (8 bytes).
    Removing py32f403_hal_tim.o(.text.HAL_TIM_OC_DeInit), (60 bytes).
    Removing py32f403_hal_tim.o(.ARM.exidx.text.HAL_TIM_OC_DeInit), (8 bytes).
    Removing py32f403_hal_tim.o(.text.HAL_TIM_OC_MspDeInit), (2 bytes).
    Removing py32f403_hal_tim.o(.ARM.exidx.text.HAL_TIM_OC_MspDeInit), (8 bytes).
    Removing py32f403_hal_tim.o(.text.HAL_TIM_OC_Start), (80 bytes).
    Removing py32f403_hal_tim.o(.ARM.exidx.text.HAL_TIM_OC_Start), (8 bytes).
    Removing py32f403_hal_tim.o(.text.TIM_CCxChannelCmd), (36 bytes).
    Removing py32f403_hal_tim.o(.ARM.exidx.text.TIM_CCxChannelCmd), (8 bytes).
    Removing py32f403_hal_tim.o(.text.HAL_TIM_OC_Stop), (112 bytes).
    Removing py32f403_hal_tim.o(.ARM.exidx.text.HAL_TIM_OC_Stop), (8 bytes).
    Removing py32f403_hal_tim.o(.text.HAL_TIM_OC_Start_IT), (110 bytes).
    Removing py32f403_hal_tim.o(.ARM.exidx.text.HAL_TIM_OC_Start_IT), (8 bytes).
    Removing py32f403_hal_tim.o(.text.HAL_TIM_OC_Stop_IT), (142 bytes).
    Removing py32f403_hal_tim.o(.ARM.exidx.text.HAL_TIM_OC_Stop_IT), (8 bytes).
    Removing py32f403_hal_tim.o(.text.HAL_TIM_OC_Start_DMA), (398 bytes).
    Removing py32f403_hal_tim.o(.ARM.exidx.text.HAL_TIM_OC_Start_DMA), (8 bytes).
    Removing py32f403_hal_tim.o(.text.TIM_DMADelayPulseCplt), (58 bytes).
    Removing py32f403_hal_tim.o(.ARM.exidx.text.TIM_DMADelayPulseCplt), (8 bytes).
    Removing py32f403_hal_tim.o(.text.TIM_DMADelayPulseHalfCplt), (58 bytes).
    Removing py32f403_hal_tim.o(.ARM.exidx.text.TIM_DMADelayPulseHalfCplt), (8 bytes).
    Removing py32f403_hal_tim.o(.text.HAL_TIM_OC_Stop_DMA), (198 bytes).
    Removing py32f403_hal_tim.o(.ARM.exidx.text.HAL_TIM_OC_Stop_DMA), (8 bytes).
    Removing py32f403_hal_tim.o(.text.HAL_TIM_PWM_Init), (54 bytes).
    Removing py32f403_hal_tim.o(.ARM.exidx.text.HAL_TIM_PWM_Init), (8 bytes).
    Removing py32f403_hal_tim.o(.text.HAL_TIM_PWM_MspInit), (2 bytes).
    Removing py32f403_hal_tim.o(.ARM.exidx.text.HAL_TIM_PWM_MspInit), (8 bytes).
    Removing py32f403_hal_tim.o(.text.HAL_TIM_PWM_DeInit), (60 bytes).
    Removing py32f403_hal_tim.o(.ARM.exidx.text.HAL_TIM_PWM_DeInit), (8 bytes).
    Removing py32f403_hal_tim.o(.text.HAL_TIM_PWM_MspDeInit), (2 bytes).
    Removing py32f403_hal_tim.o(.ARM.exidx.text.HAL_TIM_PWM_MspDeInit), (8 bytes).
    Removing py32f403_hal_tim.o(.text.HAL_TIM_PWM_Start), (80 bytes).
    Removing py32f403_hal_tim.o(.ARM.exidx.text.HAL_TIM_PWM_Start), (8 bytes).
    Removing py32f403_hal_tim.o(.text.HAL_TIM_PWM_Stop), (118 bytes).
    Removing py32f403_hal_tim.o(.ARM.exidx.text.HAL_TIM_PWM_Stop), (8 bytes).
    Removing py32f403_hal_tim.o(.text.HAL_TIM_PWM_Start_IT), (110 bytes).
    Removing py32f403_hal_tim.o(.ARM.exidx.text.HAL_TIM_PWM_Start_IT), (8 bytes).
    Removing py32f403_hal_tim.o(.text.HAL_TIM_PWM_Stop_IT), (142 bytes).
    Removing py32f403_hal_tim.o(.ARM.exidx.text.HAL_TIM_PWM_Stop_IT), (8 bytes).
    Removing py32f403_hal_tim.o(.text.HAL_TIM_PWM_Start_DMA), (398 bytes).
    Removing py32f403_hal_tim.o(.ARM.exidx.text.HAL_TIM_PWM_Start_DMA), (8 bytes).
    Removing py32f403_hal_tim.o(.text.HAL_TIM_PWM_Stop_DMA), (198 bytes).
    Removing py32f403_hal_tim.o(.ARM.exidx.text.HAL_TIM_PWM_Stop_DMA), (8 bytes).
    Removing py32f403_hal_tim.o(.text.HAL_TIM_IC_Init), (54 bytes).
    Removing py32f403_hal_tim.o(.ARM.exidx.text.HAL_TIM_IC_Init), (8 bytes).
    Removing py32f403_hal_tim.o(.text.HAL_TIM_IC_MspInit), (2 bytes).
    Removing py32f403_hal_tim.o(.ARM.exidx.text.HAL_TIM_IC_MspInit), (8 bytes).
    Removing py32f403_hal_tim.o(.text.HAL_TIM_IC_DeInit), (60 bytes).
    Removing py32f403_hal_tim.o(.ARM.exidx.text.HAL_TIM_IC_DeInit), (8 bytes).
    Removing py32f403_hal_tim.o(.text.HAL_TIM_IC_MspDeInit), (2 bytes).
    Removing py32f403_hal_tim.o(.ARM.exidx.text.HAL_TIM_IC_MspDeInit), (8 bytes).
    Removing py32f403_hal_tim.o(.text.HAL_TIM_IC_Start), (48 bytes).
    Removing py32f403_hal_tim.o(.ARM.exidx.text.HAL_TIM_IC_Start), (8 bytes).
    Removing py32f403_hal_tim.o(.text.HAL_TIM_IC_Stop), (60 bytes).
    Removing py32f403_hal_tim.o(.ARM.exidx.text.HAL_TIM_IC_Stop), (8 bytes).
    Removing py32f403_hal_tim.o(.text.HAL_TIM_IC_Start_IT), (78 bytes).
    Removing py32f403_hal_tim.o(.ARM.exidx.text.HAL_TIM_IC_Start_IT), (8 bytes).
    Removing py32f403_hal_tim.o(.text.HAL_TIM_IC_Stop_IT), (90 bytes).
    Removing py32f403_hal_tim.o(.ARM.exidx.text.HAL_TIM_IC_Stop_IT), (8 bytes).
    Removing py32f403_hal_tim.o(.text.HAL_TIM_IC_Start_DMA), (350 bytes).
    Removing py32f403_hal_tim.o(.ARM.exidx.text.HAL_TIM_IC_Start_DMA), (8 bytes).
    Removing py32f403_hal_tim.o(.text.TIM_DMACaptureCplt), (58 bytes).
    Removing py32f403_hal_tim.o(.ARM.exidx.text.TIM_DMACaptureCplt), (8 bytes).
    Removing py32f403_hal_tim.o(.text.TIM_DMACaptureHalfCplt), (58 bytes).
    Removing py32f403_hal_tim.o(.ARM.exidx.text.TIM_DMACaptureHalfCplt), (8 bytes).
    Removing py32f403_hal_tim.o(.text.HAL_TIM_IC_Stop_DMA), (144 bytes).
    Removing py32f403_hal_tim.o(.ARM.exidx.text.HAL_TIM_IC_Stop_DMA), (8 bytes).
    Removing py32f403_hal_tim.o(.text.HAL_TIM_OnePulse_Init), (72 bytes).
    Removing py32f403_hal_tim.o(.ARM.exidx.text.HAL_TIM_OnePulse_Init), (8 bytes).
    Removing py32f403_hal_tim.o(.text.HAL_TIM_OnePulse_MspInit), (2 bytes).
    Removing py32f403_hal_tim.o(.ARM.exidx.text.HAL_TIM_OnePulse_MspInit), (8 bytes).
    Removing py32f403_hal_tim.o(.text.HAL_TIM_OnePulse_DeInit), (60 bytes).
    Removing py32f403_hal_tim.o(.ARM.exidx.text.HAL_TIM_OnePulse_DeInit), (8 bytes).
    Removing py32f403_hal_tim.o(.text.HAL_TIM_OnePulse_MspDeInit), (2 bytes).
    Removing py32f403_hal_tim.o(.ARM.exidx.text.HAL_TIM_OnePulse_MspDeInit), (8 bytes).
    Removing py32f403_hal_tim.o(.text.HAL_TIM_OnePulse_Start), (70 bytes).
    Removing py32f403_hal_tim.o(.ARM.exidx.text.HAL_TIM_OnePulse_Start), (8 bytes).
    Removing py32f403_hal_tim.o(.text.HAL_TIM_OnePulse_Stop), (114 bytes).
    Removing py32f403_hal_tim.o(.ARM.exidx.text.HAL_TIM_OnePulse_Stop), (8 bytes).
    Removing py32f403_hal_tim.o(.text.HAL_TIM_OnePulse_Start_IT), (86 bytes).
    Removing py32f403_hal_tim.o(.ARM.exidx.text.HAL_TIM_OnePulse_Start_IT), (8 bytes).
    Removing py32f403_hal_tim.o(.text.HAL_TIM_OnePulse_Stop_IT), (130 bytes).
    Removing py32f403_hal_tim.o(.ARM.exidx.text.HAL_TIM_OnePulse_Stop_IT), (8 bytes).
    Removing py32f403_hal_tim.o(.text.HAL_TIM_Encoder_Init), (158 bytes).
    Removing py32f403_hal_tim.o(.ARM.exidx.text.HAL_TIM_Encoder_Init), (8 bytes).
    Removing py32f403_hal_tim.o(.text.HAL_TIM_Encoder_MspInit), (2 bytes).
    Removing py32f403_hal_tim.o(.ARM.exidx.text.HAL_TIM_Encoder_MspInit), (8 bytes).
    Removing py32f403_hal_tim.o(.text.HAL_TIM_Encoder_DeInit), (60 bytes).
    Removing py32f403_hal_tim.o(.ARM.exidx.text.HAL_TIM_Encoder_DeInit), (8 bytes).
    Removing py32f403_hal_tim.o(.text.HAL_TIM_Encoder_MspDeInit), (2 bytes).
    Removing py32f403_hal_tim.o(.ARM.exidx.text.HAL_TIM_Encoder_MspDeInit), (8 bytes).
    Removing py32f403_hal_tim.o(.text.HAL_TIM_Encoder_Start), (82 bytes).
    Removing py32f403_hal_tim.o(.ARM.exidx.text.HAL_TIM_Encoder_Start), (8 bytes).
    Removing py32f403_hal_tim.o(.text.HAL_TIM_Encoder_Stop), (90 bytes).
    Removing py32f403_hal_tim.o(.ARM.exidx.text.HAL_TIM_Encoder_Stop), (8 bytes).
    Removing py32f403_hal_tim.o(.text.HAL_TIM_Encoder_Start_IT), (118 bytes).
    Removing py32f403_hal_tim.o(.ARM.exidx.text.HAL_TIM_Encoder_Start_IT), (8 bytes).
    Removing py32f403_hal_tim.o(.text.HAL_TIM_Encoder_Stop_IT), (134 bytes).
    Removing py32f403_hal_tim.o(.ARM.exidx.text.HAL_TIM_Encoder_Stop_IT), (8 bytes).
    Removing py32f403_hal_tim.o(.text.HAL_TIM_Encoder_Start_DMA), (416 bytes).
    Removing py32f403_hal_tim.o(.ARM.exidx.text.HAL_TIM_Encoder_Start_DMA), (8 bytes).
    Removing py32f403_hal_tim.o(.text.HAL_TIM_Encoder_Stop_DMA), (164 bytes).
    Removing py32f403_hal_tim.o(.ARM.exidx.text.HAL_TIM_Encoder_Stop_DMA), (8 bytes).
    Removing py32f403_hal_tim.o(.ARM.exidx.text.HAL_TIM_IRQHandler), (8 bytes).
    Removing py32f403_hal_tim.o(.ARM.exidx.text.HAL_TIM_IC_CaptureCallback), (8 bytes).
    Removing py32f403_hal_tim.o(.ARM.exidx.text.HAL_TIM_OC_DelayElapsedCallback), (8 bytes).
    Removing py32f403_hal_tim.o(.ARM.exidx.text.HAL_TIM_PWM_PulseFinishedCallback), (8 bytes).
    Removing py32f403_hal_tim.o(.text.HAL_TIM_PeriodElapsedCallback), (2 bytes).
    Removing py32f403_hal_tim.o(.ARM.exidx.text.HAL_TIM_PeriodElapsedCallback), (8 bytes).
    Removing py32f403_hal_tim.o(.ARM.exidx.text.HAL_TIM_TriggerCallback), (8 bytes).
    Removing py32f403_hal_tim.o(.text.HAL_TIM_OC_ConfigChannel), (508 bytes).
    Removing py32f403_hal_tim.o(.ARM.exidx.text.HAL_TIM_OC_ConfigChannel), (8 bytes).
    Removing py32f403_hal_tim.o(.text.TIM_OC2_SetConfig), (114 bytes).
    Removing py32f403_hal_tim.o(.ARM.exidx.text.TIM_OC2_SetConfig), (8 bytes).
    Removing py32f403_hal_tim.o(.text.HAL_TIM_IC_ConfigChannel), (444 bytes).
    Removing py32f403_hal_tim.o(.ARM.exidx.text.HAL_TIM_IC_ConfigChannel), (8 bytes).
    Removing py32f403_hal_tim.o(.text.TIM_TI1_SetConfig), (170 bytes).
    Removing py32f403_hal_tim.o(.ARM.exidx.text.TIM_TI1_SetConfig), (8 bytes).
    Removing py32f403_hal_tim.o(.text.HAL_TIM_PWM_ConfigChannel), (614 bytes).
    Removing py32f403_hal_tim.o(.ARM.exidx.text.HAL_TIM_PWM_ConfigChannel), (8 bytes).
    Removing py32f403_hal_tim.o(.text.HAL_TIM_OnePulse_ConfigChannel), (570 bytes).
    Removing py32f403_hal_tim.o(.ARM.exidx.text.HAL_TIM_OnePulse_ConfigChannel), (8 bytes).
    Removing py32f403_hal_tim.o(.text.HAL_TIM_DMABurst_WriteStart), (456 bytes).
    Removing py32f403_hal_tim.o(.ARM.exidx.text.HAL_TIM_DMABurst_WriteStart), (8 bytes).
    Removing py32f403_hal_tim.o(.text.TIM_DMATriggerCplt), (12 bytes).
    Removing py32f403_hal_tim.o(.ARM.exidx.text.TIM_DMATriggerCplt), (8 bytes).
    Removing py32f403_hal_tim.o(.text.TIM_DMATriggerHalfCplt), (12 bytes).
    Removing py32f403_hal_tim.o(.ARM.exidx.text.TIM_DMATriggerHalfCplt), (8 bytes).
    Removing py32f403_hal_tim.o(.text.HAL_TIM_DMABurst_WriteStop), (122 bytes).
    Removing py32f403_hal_tim.o(.ARM.exidx.text.HAL_TIM_DMABurst_WriteStop), (8 bytes).
    Removing py32f403_hal_tim.o(.text.HAL_TIM_DMABurst_MultiWriteStart), (444 bytes).
    Removing py32f403_hal_tim.o(.ARM.exidx.text.HAL_TIM_DMABurst_MultiWriteStart), (8 bytes).
    Removing py32f403_hal_tim.o(.text.HAL_TIM_DMABurst_MultiReadStart), (442 bytes).
    Removing py32f403_hal_tim.o(.ARM.exidx.text.HAL_TIM_DMABurst_MultiReadStart), (8 bytes).
    Removing py32f403_hal_tim.o(.text.HAL_TIM_DMABurst_ReadStart), (454 bytes).
    Removing py32f403_hal_tim.o(.ARM.exidx.text.HAL_TIM_DMABurst_ReadStart), (8 bytes).
    Removing py32f403_hal_tim.o(.text.HAL_TIM_DMABurst_ReadStop), (122 bytes).
    Removing py32f403_hal_tim.o(.ARM.exidx.text.HAL_TIM_DMABurst_ReadStop), (8 bytes).
    Removing py32f403_hal_tim.o(.text.HAL_TIM_GenerateEvent), (36 bytes).
    Removing py32f403_hal_tim.o(.ARM.exidx.text.HAL_TIM_GenerateEvent), (8 bytes).
    Removing py32f403_hal_tim.o(.text.HAL_TIM_ConfigOCrefClear), (208 bytes).
    Removing py32f403_hal_tim.o(.ARM.exidx.text.HAL_TIM_ConfigOCrefClear), (8 bytes).
    Removing py32f403_hal_tim.o(.text.TIM_ETR_SetConfig), (22 bytes).
    Removing py32f403_hal_tim.o(.ARM.exidx.text.TIM_ETR_SetConfig), (8 bytes).
    Removing py32f403_hal_tim.o(.text.HAL_TIM_ConfigClockSource), (408 bytes).
    Removing py32f403_hal_tim.o(.ARM.exidx.text.HAL_TIM_ConfigClockSource), (8 bytes).
    Removing py32f403_hal_tim.o(.text.HAL_TIM_ConfigTI1Input), (16 bytes).
    Removing py32f403_hal_tim.o(.ARM.exidx.text.HAL_TIM_ConfigTI1Input), (8 bytes).
    Removing py32f403_hal_tim.o(.text.HAL_TIM_SlaveConfigSynchro), (74 bytes).
    Removing py32f403_hal_tim.o(.ARM.exidx.text.HAL_TIM_SlaveConfigSynchro), (8 bytes).
    Removing py32f403_hal_tim.o(.text.TIM_SlaveTimer_SetConfig), (216 bytes).
    Removing py32f403_hal_tim.o(.ARM.exidx.text.TIM_SlaveTimer_SetConfig), (8 bytes).
    Removing py32f403_hal_tim.o(.text.HAL_TIM_SlaveConfigSynchro_IT), (74 bytes).
    Removing py32f403_hal_tim.o(.ARM.exidx.text.HAL_TIM_SlaveConfigSynchro_IT), (8 bytes).
    Removing py32f403_hal_tim.o(.text.HAL_TIM_ReadCapturedValue), (52 bytes).
    Removing py32f403_hal_tim.o(.ARM.exidx.text.HAL_TIM_ReadCapturedValue), (8 bytes).
    Removing py32f403_hal_tim.o(.text.HAL_TIM_PeriodElapsedHalfCpltCallback), (2 bytes).
    Removing py32f403_hal_tim.o(.ARM.exidx.text.HAL_TIM_PeriodElapsedHalfCpltCallback), (8 bytes).
    Removing py32f403_hal_tim.o(.text.HAL_TIM_IC_CaptureHalfCpltCallback), (2 bytes).
    Removing py32f403_hal_tim.o(.ARM.exidx.text.HAL_TIM_IC_CaptureHalfCpltCallback), (8 bytes).
    Removing py32f403_hal_tim.o(.text.HAL_TIM_PWM_PulseFinishedHalfCpltCallback), (2 bytes).
    Removing py32f403_hal_tim.o(.ARM.exidx.text.HAL_TIM_PWM_PulseFinishedHalfCpltCallback), (8 bytes).
    Removing py32f403_hal_tim.o(.text.HAL_TIM_TriggerHalfCpltCallback), (2 bytes).
    Removing py32f403_hal_tim.o(.ARM.exidx.text.HAL_TIM_TriggerHalfCpltCallback), (8 bytes).
    Removing py32f403_hal_tim.o(.text.HAL_TIM_ErrorCallback), (2 bytes).
    Removing py32f403_hal_tim.o(.ARM.exidx.text.HAL_TIM_ErrorCallback), (8 bytes).
    Removing py32f403_hal_tim.o(.text.HAL_TIM_Base_GetState), (6 bytes).
    Removing py32f403_hal_tim.o(.ARM.exidx.text.HAL_TIM_Base_GetState), (8 bytes).
    Removing py32f403_hal_tim.o(.text.HAL_TIM_OC_GetState), (6 bytes).
    Removing py32f403_hal_tim.o(.ARM.exidx.text.HAL_TIM_OC_GetState), (8 bytes).
    Removing py32f403_hal_tim.o(.text.HAL_TIM_PWM_GetState), (6 bytes).
    Removing py32f403_hal_tim.o(.ARM.exidx.text.HAL_TIM_PWM_GetState), (8 bytes).
    Removing py32f403_hal_tim.o(.text.HAL_TIM_IC_GetState), (6 bytes).
    Removing py32f403_hal_tim.o(.ARM.exidx.text.HAL_TIM_IC_GetState), (8 bytes).
    Removing py32f403_hal_tim.o(.text.HAL_TIM_OnePulse_GetState), (6 bytes).
    Removing py32f403_hal_tim.o(.ARM.exidx.text.HAL_TIM_OnePulse_GetState), (8 bytes).
    Removing py32f403_hal_tim.o(.text.HAL_TIM_Encoder_GetState), (6 bytes).
    Removing py32f403_hal_tim.o(.ARM.exidx.text.HAL_TIM_Encoder_GetState), (8 bytes).
    Removing py32f403_hal_tim.o(.rodata.cst16), (32 bytes).
    Removing py32f403_hal_tim_ex.o(.text), (0 bytes).
    Removing py32f403_hal_tim_ex.o(.text.HAL_TIMEx_HallSensor_Init), (174 bytes).
    Removing py32f403_hal_tim_ex.o(.ARM.exidx.text.HAL_TIMEx_HallSensor_Init), (8 bytes).
    Removing py32f403_hal_tim_ex.o(.text.HAL_TIMEx_HallSensor_MspInit), (2 bytes).
    Removing py32f403_hal_tim_ex.o(.ARM.exidx.text.HAL_TIMEx_HallSensor_MspInit), (8 bytes).
    Removing py32f403_hal_tim_ex.o(.text.HAL_TIMEx_HallSensor_DeInit), (60 bytes).
    Removing py32f403_hal_tim_ex.o(.ARM.exidx.text.HAL_TIMEx_HallSensor_DeInit), (8 bytes).
    Removing py32f403_hal_tim_ex.o(.text.HAL_TIMEx_HallSensor_MspDeInit), (2 bytes).
    Removing py32f403_hal_tim_ex.o(.ARM.exidx.text.HAL_TIMEx_HallSensor_MspDeInit), (8 bytes).
    Removing py32f403_hal_tim_ex.o(.text.HAL_TIMEx_HallSensor_Start), (38 bytes).
    Removing py32f403_hal_tim_ex.o(.ARM.exidx.text.HAL_TIMEx_HallSensor_Start), (8 bytes).
    Removing py32f403_hal_tim_ex.o(.text.HAL_TIMEx_HallSensor_Stop), (52 bytes).
    Removing py32f403_hal_tim_ex.o(.ARM.exidx.text.HAL_TIMEx_HallSensor_Stop), (8 bytes).
    Removing py32f403_hal_tim_ex.o(.text.HAL_TIMEx_HallSensor_Start_IT), (46 bytes).
    Removing py32f403_hal_tim_ex.o(.ARM.exidx.text.HAL_TIMEx_HallSensor_Start_IT), (8 bytes).
    Removing py32f403_hal_tim_ex.o(.text.HAL_TIMEx_HallSensor_Stop_IT), (60 bytes).
    Removing py32f403_hal_tim_ex.o(.ARM.exidx.text.HAL_TIMEx_HallSensor_Stop_IT), (8 bytes).
    Removing py32f403_hal_tim_ex.o(.text.HAL_TIMEx_HallSensor_Start_DMA), (144 bytes).
    Removing py32f403_hal_tim_ex.o(.ARM.exidx.text.HAL_TIMEx_HallSensor_Start_DMA), (8 bytes).
    Removing py32f403_hal_tim_ex.o(.text.HAL_TIMEx_HallSensor_Stop_DMA), (68 bytes).
    Removing py32f403_hal_tim_ex.o(.ARM.exidx.text.HAL_TIMEx_HallSensor_Stop_DMA), (8 bytes).
    Removing py32f403_hal_tim_ex.o(.text.HAL_TIMEx_OCN_Start), (56 bytes).
    Removing py32f403_hal_tim_ex.o(.ARM.exidx.text.HAL_TIMEx_OCN_Start), (8 bytes).
    Removing py32f403_hal_tim_ex.o(.text.HAL_TIMEx_OCN_Stop), (84 bytes).
    Removing py32f403_hal_tim_ex.o(.ARM.exidx.text.HAL_TIMEx_OCN_Stop), (8 bytes).
    Removing py32f403_hal_tim_ex.o(.text.HAL_TIMEx_OCN_Start_IT), (96 bytes).
    Removing py32f403_hal_tim_ex.o(.ARM.exidx.text.HAL_TIMEx_OCN_Start_IT), (8 bytes).
    Removing py32f403_hal_tim_ex.o(.text.HAL_TIMEx_OCN_Stop_IT), (138 bytes).
    Removing py32f403_hal_tim_ex.o(.ARM.exidx.text.HAL_TIMEx_OCN_Stop_IT), (8 bytes).
    Removing py32f403_hal_tim_ex.o(.text.HAL_TIMEx_OCN_Start_DMA), (302 bytes).
    Removing py32f403_hal_tim_ex.o(.ARM.exidx.text.HAL_TIMEx_OCN_Start_DMA), (8 bytes).
    Removing py32f403_hal_tim_ex.o(.text.HAL_TIMEx_OCN_Stop_DMA), (150 bytes).
    Removing py32f403_hal_tim_ex.o(.ARM.exidx.text.HAL_TIMEx_OCN_Stop_DMA), (8 bytes).
    Removing py32f403_hal_tim_ex.o(.text.HAL_TIMEx_PWMN_Start), (56 bytes).
    Removing py32f403_hal_tim_ex.o(.ARM.exidx.text.HAL_TIMEx_PWMN_Start), (8 bytes).
    Removing py32f403_hal_tim_ex.o(.text.HAL_TIMEx_PWMN_Stop), (84 bytes).
    Removing py32f403_hal_tim_ex.o(.ARM.exidx.text.HAL_TIMEx_PWMN_Stop), (8 bytes).
    Removing py32f403_hal_tim_ex.o(.text.HAL_TIMEx_PWMN_Start_IT), (96 bytes).
    Removing py32f403_hal_tim_ex.o(.ARM.exidx.text.HAL_TIMEx_PWMN_Start_IT), (8 bytes).
    Removing py32f403_hal_tim_ex.o(.text.HAL_TIMEx_PWMN_Stop_IT), (138 bytes).
    Removing py32f403_hal_tim_ex.o(.ARM.exidx.text.HAL_TIMEx_PWMN_Stop_IT), (8 bytes).
    Removing py32f403_hal_tim_ex.o(.text.HAL_TIMEx_PWMN_Start_DMA), (302 bytes).
    Removing py32f403_hal_tim_ex.o(.ARM.exidx.text.HAL_TIMEx_PWMN_Start_DMA), (8 bytes).
    Removing py32f403_hal_tim_ex.o(.text.HAL_TIMEx_PWMN_Stop_DMA), (150 bytes).
    Removing py32f403_hal_tim_ex.o(.ARM.exidx.text.HAL_TIMEx_PWMN_Stop_DMA), (8 bytes).
    Removing py32f403_hal_tim_ex.o(.text.HAL_TIMEx_OnePulseN_Start), (38 bytes).
    Removing py32f403_hal_tim_ex.o(.ARM.exidx.text.HAL_TIMEx_OnePulseN_Start), (8 bytes).
    Removing py32f403_hal_tim_ex.o(.text.HAL_TIMEx_OnePulseN_Stop), (84 bytes).
    Removing py32f403_hal_tim_ex.o(.ARM.exidx.text.HAL_TIMEx_OnePulseN_Stop), (8 bytes).
    Removing py32f403_hal_tim_ex.o(.text.HAL_TIMEx_OnePulseN_Start_IT), (54 bytes).
    Removing py32f403_hal_tim_ex.o(.ARM.exidx.text.HAL_TIMEx_OnePulseN_Start_IT), (8 bytes).
    Removing py32f403_hal_tim_ex.o(.text.HAL_TIMEx_OnePulseN_Stop_IT), (100 bytes).
    Removing py32f403_hal_tim_ex.o(.ARM.exidx.text.HAL_TIMEx_OnePulseN_Stop_IT), (8 bytes).
    Removing py32f403_hal_tim_ex.o(.text.HAL_TIMEx_ConfigCommutEvent), (104 bytes).
    Removing py32f403_hal_tim_ex.o(.ARM.exidx.text.HAL_TIMEx_ConfigCommutEvent), (8 bytes).
    Removing py32f403_hal_tim_ex.o(.text.HAL_TIMEx_ConfigCommutEvent_IT), (104 bytes).
    Removing py32f403_hal_tim_ex.o(.ARM.exidx.text.HAL_TIMEx_ConfigCommutEvent_IT), (8 bytes).
    Removing py32f403_hal_tim_ex.o(.text.HAL_TIMEx_ConfigCommutEvent_DMA), (144 bytes).
    Removing py32f403_hal_tim_ex.o(.ARM.exidx.text.HAL_TIMEx_ConfigCommutEvent_DMA), (8 bytes).
    Removing py32f403_hal_tim_ex.o(.text.TIMEx_DMACommutationCplt), (12 bytes).
    Removing py32f403_hal_tim_ex.o(.ARM.exidx.text.TIMEx_DMACommutationCplt), (8 bytes).
    Removing py32f403_hal_tim_ex.o(.text.TIMEx_DMACommutationHalfCplt), (12 bytes).
    Removing py32f403_hal_tim_ex.o(.ARM.exidx.text.TIMEx_DMACommutationHalfCplt), (8 bytes).
    Removing py32f403_hal_tim_ex.o(.text.HAL_TIMEx_MasterConfigSynchronization), (68 bytes).
    Removing py32f403_hal_tim_ex.o(.ARM.exidx.text.HAL_TIMEx_MasterConfigSynchronization), (8 bytes).
    Removing py32f403_hal_tim_ex.o(.text.HAL_TIMEx_ConfigBreakDeadTime), (80 bytes).
    Removing py32f403_hal_tim_ex.o(.ARM.exidx.text.HAL_TIMEx_ConfigBreakDeadTime), (8 bytes).
    Removing py32f403_hal_tim_ex.o(.text.HAL_TIMEx_RemapConfig), (26 bytes).
    Removing py32f403_hal_tim_ex.o(.ARM.exidx.text.HAL_TIMEx_RemapConfig), (8 bytes).
    Removing py32f403_hal_tim_ex.o(.ARM.exidx.text.HAL_TIMEx_CommutCallback), (8 bytes).
    Removing py32f403_hal_tim_ex.o(.text.HAL_TIMEx_CommutHalfCpltCallback), (2 bytes).
    Removing py32f403_hal_tim_ex.o(.ARM.exidx.text.HAL_TIMEx_CommutHalfCpltCallback), (8 bytes).
    Removing py32f403_hal_tim_ex.o(.ARM.exidx.text.HAL_TIMEx_BreakCallback), (8 bytes).
    Removing py32f403_hal_tim_ex.o(.text.HAL_TIMEx_HallSensor_GetState), (6 bytes).
    Removing py32f403_hal_tim_ex.o(.ARM.exidx.text.HAL_TIMEx_HallSensor_GetState), (8 bytes).
    Removing py32f403_hal_uart.o(.text), (0 bytes).
    Removing py32f403_hal_uart.o(.ARM.exidx.text.HAL_UART_Init), (8 bytes).
    Removing py32f403_hal_uart.o(.ARM.exidx.text.HAL_UART_MspInit), (8 bytes).
    Removing py32f403_hal_uart.o(.ARM.exidx.text.UART_SetConfig), (8 bytes).
    Removing py32f403_hal_uart.o(.text.HAL_HalfDuplex_Init), (102 bytes).
    Removing py32f403_hal_uart.o(.ARM.exidx.text.HAL_HalfDuplex_Init), (8 bytes).
    Removing py32f403_hal_uart.o(.text.HAL_LIN_Init), (124 bytes).
    Removing py32f403_hal_uart.o(.ARM.exidx.text.HAL_LIN_Init), (8 bytes).
    Removing py32f403_hal_uart.o(.text.HAL_MultiProcessor_Init), (126 bytes).
    Removing py32f403_hal_uart.o(.ARM.exidx.text.HAL_MultiProcessor_Init), (8 bytes).
    Removing py32f403_hal_uart.o(.text.HAL_UART_DeInit), (52 bytes).
    Removing py32f403_hal_uart.o(.ARM.exidx.text.HAL_UART_DeInit), (8 bytes).
    Removing py32f403_hal_uart.o(.text.HAL_UART_MspDeInit), (2 bytes).
    Removing py32f403_hal_uart.o(.ARM.exidx.text.HAL_UART_MspDeInit), (8 bytes).
    Removing py32f403_hal_uart.o(.ARM.exidx.text.HAL_UART_Transmit), (8 bytes).
    Removing py32f403_hal_uart.o(.text.HAL_UART_Receive), (262 bytes).
    Removing py32f403_hal_uart.o(.ARM.exidx.text.HAL_UART_Receive), (8 bytes).
    Removing py32f403_hal_uart.o(.text.HAL_UART_Transmit_IT), (68 bytes).
    Removing py32f403_hal_uart.o(.ARM.exidx.text.HAL_UART_Transmit_IT), (8 bytes).
    Removing py32f403_hal_uart.o(.text.HAL_UART_Receive_IT), (84 bytes).
    Removing py32f403_hal_uart.o(.ARM.exidx.text.HAL_UART_Receive_IT), (8 bytes).
    Removing py32f403_hal_uart.o(.text.HAL_UART_Transmit_DMA), (148 bytes).
    Removing py32f403_hal_uart.o(.ARM.exidx.text.HAL_UART_Transmit_DMA), (8 bytes).
    Removing py32f403_hal_uart.o(.text.UART_DMATransmitCplt), (38 bytes).
    Removing py32f403_hal_uart.o(.ARM.exidx.text.UART_DMATransmitCplt), (8 bytes).
    Removing py32f403_hal_uart.o(.text.UART_DMATxHalfCplt), (6 bytes).
    Removing py32f403_hal_uart.o(.ARM.exidx.text.UART_DMATxHalfCplt), (8 bytes).
    Removing py32f403_hal_uart.o(.text.UART_DMAError), (92 bytes).
    Removing py32f403_hal_uart.o(.ARM.exidx.text.UART_DMAError), (8 bytes).
    Removing py32f403_hal_uart.o(.text.HAL_UART_Receive_DMA), (168 bytes).
    Removing py32f403_hal_uart.o(.ARM.exidx.text.HAL_UART_Receive_DMA), (8 bytes).
    Removing py32f403_hal_uart.o(.text.UART_DMAReceiveCplt), (54 bytes).
    Removing py32f403_hal_uart.o(.ARM.exidx.text.UART_DMAReceiveCplt), (8 bytes).
    Removing py32f403_hal_uart.o(.text.UART_DMARxHalfCplt), (6 bytes).
    Removing py32f403_hal_uart.o(.ARM.exidx.text.UART_DMARxHalfCplt), (8 bytes).
    Removing py32f403_hal_uart.o(.text.HAL_UART_DMAPause), (94 bytes).
    Removing py32f403_hal_uart.o(.ARM.exidx.text.HAL_UART_DMAPause), (8 bytes).
    Removing py32f403_hal_uart.o(.text.HAL_UART_DMAResume), (98 bytes).
    Removing py32f403_hal_uart.o(.ARM.exidx.text.HAL_UART_DMAResume), (8 bytes).
    Removing py32f403_hal_uart.o(.text.HAL_UART_DMAStop), (120 bytes).
    Removing py32f403_hal_uart.o(.ARM.exidx.text.HAL_UART_DMAStop), (8 bytes).
    Removing py32f403_hal_uart.o(.text.HAL_UART_Abort), (128 bytes).
    Removing py32f403_hal_uart.o(.ARM.exidx.text.HAL_UART_Abort), (8 bytes).
    Removing py32f403_hal_uart.o(.text.HAL_UART_AbortTransmit), (72 bytes).
    Removing py32f403_hal_uart.o(.ARM.exidx.text.HAL_UART_AbortTransmit), (8 bytes).
    Removing py32f403_hal_uart.o(.text.HAL_UART_AbortReceive), (80 bytes).
    Removing py32f403_hal_uart.o(.ARM.exidx.text.HAL_UART_AbortReceive), (8 bytes).
    Removing py32f403_hal_uart.o(.text.HAL_UART_Abort_IT), (166 bytes).
    Removing py32f403_hal_uart.o(.ARM.exidx.text.HAL_UART_Abort_IT), (8 bytes).
    Removing py32f403_hal_uart.o(.text.UART_DMATxAbortCallback), (40 bytes).
    Removing py32f403_hal_uart.o(.ARM.exidx.text.UART_DMATxAbortCallback), (8 bytes).
    Removing py32f403_hal_uart.o(.text.UART_DMARxAbortCallback), (40 bytes).
    Removing py32f403_hal_uart.o(.ARM.exidx.text.UART_DMARxAbortCallback), (8 bytes).
    Removing py32f403_hal_uart.o(.text.HAL_UART_AbortCpltCallback), (2 bytes).
    Removing py32f403_hal_uart.o(.ARM.exidx.text.HAL_UART_AbortCpltCallback), (8 bytes).
    Removing py32f403_hal_uart.o(.text.HAL_UART_AbortTransmit_IT), (78 bytes).
    Removing py32f403_hal_uart.o(.ARM.exidx.text.HAL_UART_AbortTransmit_IT), (8 bytes).
    Removing py32f403_hal_uart.o(.text.UART_DMATxOnlyAbortCallback), (16 bytes).
    Removing py32f403_hal_uart.o(.ARM.exidx.text.UART_DMATxOnlyAbortCallback), (8 bytes).
    Removing py32f403_hal_uart.o(.text.HAL_UART_AbortTransmitCpltCallback), (2 bytes).
    Removing py32f403_hal_uart.o(.ARM.exidx.text.HAL_UART_AbortTransmitCpltCallback), (8 bytes).
    Removing py32f403_hal_uart.o(.text.HAL_UART_AbortReceive_IT), (86 bytes).
    Removing py32f403_hal_uart.o(.ARM.exidx.text.HAL_UART_AbortReceive_IT), (8 bytes).
    Removing py32f403_hal_uart.o(.text.UART_DMARxOnlyAbortCallback), (16 bytes).
    Removing py32f403_hal_uart.o(.ARM.exidx.text.UART_DMARxOnlyAbortCallback), (8 bytes).
    Removing py32f403_hal_uart.o(.text.HAL_UART_AbortReceiveCpltCallback), (2 bytes).
    Removing py32f403_hal_uart.o(.ARM.exidx.text.HAL_UART_AbortReceiveCpltCallback), (8 bytes).
    Removing py32f403_hal_uart.o(.text.HAL_UART_IRQHandler), (612 bytes).
    Removing py32f403_hal_uart.o(.ARM.exidx.text.HAL_UART_IRQHandler), (8 bytes).
    Removing py32f403_hal_uart.o(.text.UART_DMAAbortOnError), (12 bytes).
    Removing py32f403_hal_uart.o(.ARM.exidx.text.UART_DMAAbortOnError), (8 bytes).
    Removing py32f403_hal_uart.o(.text.HAL_UART_ErrorCallback), (2 bytes).
    Removing py32f403_hal_uart.o(.ARM.exidx.text.HAL_UART_ErrorCallback), (8 bytes).
    Removing py32f403_hal_uart.o(.text.HAL_UART_IdleFrameDetectCpltCallback), (2 bytes).
    Removing py32f403_hal_uart.o(.ARM.exidx.text.HAL_UART_IdleFrameDetectCpltCallback), (8 bytes).
    Removing py32f403_hal_uart.o(.text.HAL_UART_TxCpltCallback), (2 bytes).
    Removing py32f403_hal_uart.o(.ARM.exidx.text.HAL_UART_TxCpltCallback), (8 bytes).
    Removing py32f403_hal_uart.o(.text.HAL_UART_TxHalfCpltCallback), (2 bytes).
    Removing py32f403_hal_uart.o(.ARM.exidx.text.HAL_UART_TxHalfCpltCallback), (8 bytes).
    Removing py32f403_hal_uart.o(.text.HAL_UART_RxCpltCallback), (2 bytes).
    Removing py32f403_hal_uart.o(.ARM.exidx.text.HAL_UART_RxCpltCallback), (8 bytes).
    Removing py32f403_hal_uart.o(.text.HAL_UART_RxHalfCpltCallback), (2 bytes).
    Removing py32f403_hal_uart.o(.ARM.exidx.text.HAL_UART_RxHalfCpltCallback), (8 bytes).
    Removing py32f403_hal_uart.o(.text.HAL_LIN_SendBreak), (44 bytes).
    Removing py32f403_hal_uart.o(.ARM.exidx.text.HAL_LIN_SendBreak), (8 bytes).
    Removing py32f403_hal_uart.o(.text.HAL_MultiProcessor_EnterMuteMode), (44 bytes).
    Removing py32f403_hal_uart.o(.ARM.exidx.text.HAL_MultiProcessor_EnterMuteMode), (8 bytes).
    Removing py32f403_hal_uart.o(.text.HAL_MultiProcessor_ExitMuteMode), (44 bytes).
    Removing py32f403_hal_uart.o(.ARM.exidx.text.HAL_MultiProcessor_ExitMuteMode), (8 bytes).
    Removing py32f403_hal_uart.o(.text.HAL_HalfDuplex_EnableTransmitter), (44 bytes).
    Removing py32f403_hal_uart.o(.ARM.exidx.text.HAL_HalfDuplex_EnableTransmitter), (8 bytes).
    Removing py32f403_hal_uart.o(.text.HAL_HalfDuplex_EnableReceiver), (46 bytes).
    Removing py32f403_hal_uart.o(.ARM.exidx.text.HAL_HalfDuplex_EnableReceiver), (8 bytes).
    Removing py32f403_hal_uart.o(.text.HAL_UART_GetState), (14 bytes).
    Removing py32f403_hal_uart.o(.ARM.exidx.text.HAL_UART_GetState), (8 bytes).
    Removing py32f403_hal_uart.o(.text.HAL_UART_GetError), (4 bytes).
    Removing py32f403_hal_uart.o(.ARM.exidx.text.HAL_UART_GetError), (8 bytes).
    Removing py32f403_hal_usart.o(.text), (0 bytes).
    Removing py32f403_hal_wwdg.o(.text), (0 bytes).
    Removing dadd.o(.text), (334 bytes).
    Removing dmul.o(.text), (228 bytes).
    Removing ddiv.o(.text), (222 bytes).
    Removing dfixul.o(.text), (48 bytes).
    Removing cdrcmple.o(.text), (48 bytes).
    Removing depilogue.o(.text), (186 bytes).

1131 unused section(s) (total 58611 bytes) removed from the image.

==============================================================================

Image Symbol Table

    Local Symbols

    Symbol Name                              Value     Ov Type        Size  Object(Section)

    ../Com/startup_py32f403xx.s              0x00000000   Number         0  startup_py32f403xx.o ABSOLUTE
    ../clib/division.s                       0x00000000   Number         0  aeabi_sdiv.o ABSOLUTE
    ../clib/microlib/division.c              0x00000000   Number         0  uidiv.o ABSOLUTE
    ../clib/microlib/division.c              0x00000000   Number         0  uldiv.o ABSOLUTE
    ../clib/microlib/init/entry.s            0x00000000   Number         0  entry.o ABSOLUTE
    ../clib/microlib/init/entry.s            0x00000000   Number         0  entry2.o ABSOLUTE
    ../clib/microlib/init/entry.s            0x00000000   Number         0  entry5.o ABSOLUTE
    ../clib/microlib/init/entry.s            0x00000000   Number         0  entry7a.o ABSOLUTE
    ../clib/microlib/init/entry.s            0x00000000   Number         0  entry7b.o ABSOLUTE
    ../clib/microlib/init/entry.s            0x00000000   Number         0  entry8a.o ABSOLUTE
    ../clib/microlib/init/entry.s            0x00000000   Number         0  entry8b.o ABSOLUTE
    ../clib/microlib/init/entry.s            0x00000000   Number         0  entry9a.o ABSOLUTE
    ../clib/microlib/init/entry.s            0x00000000   Number         0  entry9b.o ABSOLUTE
    ../clib/microlib/init/entry.s            0x00000000   Number         0  entry10a.o ABSOLUTE
    ../clib/microlib/init/entry.s            0x00000000   Number         0  entry10b.o ABSOLUTE
    ../clib/microlib/init/entry.s            0x00000000   Number         0  entry11a.o ABSOLUTE
    ../clib/microlib/init/entry.s            0x00000000   Number         0  entry11b.o ABSOLUTE
    ../clib/microlib/longlong.c              0x00000000   Number         0  llshl.o ABSOLUTE
    ../clib/microlib/longlong.c              0x00000000   Number         0  llushr.o ABSOLUTE
    ../clib/microlib/longlong.c              0x00000000   Number         0  llsshr.o ABSOLUTE
    ../clib/microlib/printf/printf.c         0x00000000   Number         0  printfb.o ABSOLUTE
    ../clib/microlib/printf/printf.c         0x00000000   Number         0  printf0.o ABSOLUTE
    ../clib/microlib/printf/printf.c         0x00000000   Number         0  printf1.o ABSOLUTE
    ../clib/microlib/printf/printf.c         0x00000000   Number         0  printf2.o ABSOLUTE
    ../clib/microlib/printf/printf.c         0x00000000   Number         0  printf3.o ABSOLUTE
    ../clib/microlib/printf/printf.c         0x00000000   Number         0  printf4.o ABSOLUTE
    ../clib/microlib/printf/printf.c         0x00000000   Number         0  printf5.o ABSOLUTE
    ../clib/microlib/printf/printf.c         0x00000000   Number         0  printf6.o ABSOLUTE
    ../clib/microlib/printf/printf.c         0x00000000   Number         0  printf7.o ABSOLUTE
    ../clib/microlib/printf/printf.c         0x00000000   Number         0  printf8.o ABSOLUTE
    ../clib/microlib/printf/printf.c         0x00000000   Number         0  printfa.o ABSOLUTE
    ../clib/microlib/printf/stubs.s          0x00000000   Number         0  printfstubs.o ABSOLUTE
    ../clib/microlib/stdio/streams.c         0x00000000   Number         0  stdout.o ABSOLUTE
    ../clib/microlib/string/memcpy.c         0x00000000   Number         0  memcpya.o ABSOLUTE
    ../clib/microlib/string/memcpy.c         0x00000000   Number         0  memcpyb.o ABSOLUTE
    ../clib/microlib/string/memset.c         0x00000000   Number         0  memseta.o ABSOLUTE
    ../clib/microlib/stubs.s                 0x00000000   Number         0  iusefp.o ABSOLUTE
    ../fplib/microlib/fpadd.c                0x00000000   Number         0  dadd.o ABSOLUTE
    ../fplib/microlib/fpdiv.c                0x00000000   Number         0  ddiv.o ABSOLUTE
    ../fplib/microlib/fpepilogue.c           0x00000000   Number         0  depilogue.o ABSOLUTE
    ../fplib/microlib/fpfix.c                0x00000000   Number         0  dfixul.o ABSOLUTE
    ../fplib/microlib/fpmul.c                0x00000000   Number         0  dmul.o ABSOLUTE
    App.c                                    0x00000000   Number         0  app.o ABSOLUTE
    bsp_adc_dma.c                            0x00000000   Number         0  bsp_adc_dma.o ABSOLUTE
    bsp_gpio.c                               0x00000000   Number         0  bsp_gpio.o ABSOLUTE
    bsp_spi_dma.c                            0x00000000   Number         0  bsp_spi_dma.o ABSOLUTE
    bsp_tim.c                                0x00000000   Number         0  bsp_tim.o ABSOLUTE
    bsp_uart.c                               0x00000000   Number         0  bsp_uart.o ABSOLUTE
    cdrcmple.s                               0x00000000   Number         0  cdrcmple.o ABSOLUTE
    dc.s                                     0x00000000   Number         0  dc.o ABSOLUTE
    handlers.s                               0x00000000   Number         0  handlers.o ABSOLUTE
    init.s                                   0x00000000   Number         0  init.o ABSOLUTE
    lib_hall_sensor.c                        0x00000000   Number         0  lib_hall_sensor.o ABSOLUTE
    lib_key_map.c                            0x00000000   Number         0  lib_key_map.o ABSOLUTE
    lib_ws2812.c                             0x00000000   Number         0  lib_ws2812.o ABSOLUTE
    main.c                                   0x00000000   Number         0  main.o ABSOLUTE
    py32f403_hal.c                           0x00000000   Number         0  py32f403_hal.o ABSOLUTE
    py32f403_hal_adc.c                       0x00000000   Number         0  py32f403_hal_adc.o ABSOLUTE
    py32f403_hal_adc_ex.c                    0x00000000   Number         0  py32f403_hal_adc_ex.o ABSOLUTE
    py32f403_hal_canfd.c                     0x00000000   Number         0  py32f403_hal_canfd.o ABSOLUTE
    py32f403_hal_cortex.c                    0x00000000   Number         0  py32f403_hal_cortex.o ABSOLUTE
    py32f403_hal_crc.c                       0x00000000   Number         0  py32f403_hal_crc.o ABSOLUTE
    py32f403_hal_ctc.c                       0x00000000   Number         0  py32f403_hal_ctc.o ABSOLUTE
    py32f403_hal_dac.c                       0x00000000   Number         0  py32f403_hal_dac.o ABSOLUTE
    py32f403_hal_dac_ex.c                    0x00000000   Number         0  py32f403_hal_dac_ex.o ABSOLUTE
    py32f403_hal_dma.c                       0x00000000   Number         0  py32f403_hal_dma.o ABSOLUTE
    py32f403_hal_esmc.c                      0x00000000   Number         0  py32f403_hal_esmc.o ABSOLUTE
    py32f403_hal_exti.c                      0x00000000   Number         0  py32f403_hal_exti.o ABSOLUTE
    py32f403_hal_flash.c                     0x00000000   Number         0  py32f403_hal_flash.o ABSOLUTE
    py32f403_hal_gpio.c                      0x00000000   Number         0  py32f403_hal_gpio.o ABSOLUTE
    py32f403_hal_i2c.c                       0x00000000   Number         0  py32f403_hal_i2c.o ABSOLUTE
    py32f403_hal_i2s.c                       0x00000000   Number         0  py32f403_hal_i2s.o ABSOLUTE
    py32f403_hal_irda.c                      0x00000000   Number         0  py32f403_hal_irda.o ABSOLUTE
    py32f403_hal_iwdg.c                      0x00000000   Number         0  py32f403_hal_iwdg.o ABSOLUTE
    py32f403_hal_msp.c                       0x00000000   Number         0  py32f403_hal_msp.o ABSOLUTE
    py32f403_hal_pwr.c                       0x00000000   Number         0  py32f403_hal_pwr.o ABSOLUTE
    py32f403_hal_pwr_ex.c                    0x00000000   Number         0  py32f403_hal_pwr_ex.o ABSOLUTE
    py32f403_hal_rcc.c                       0x00000000   Number         0  py32f403_hal_rcc.o ABSOLUTE
    py32f403_hal_rcc_ex.c                    0x00000000   Number         0  py32f403_hal_rcc_ex.o ABSOLUTE
    py32f403_hal_rtc.c                       0x00000000   Number         0  py32f403_hal_rtc.o ABSOLUTE
    py32f403_hal_rtc_ex.c                    0x00000000   Number         0  py32f403_hal_rtc_ex.o ABSOLUTE
    py32f403_hal_sd.c                        0x00000000   Number         0  py32f403_hal_sd.o ABSOLUTE
    py32f403_hal_smartcard.c                 0x00000000   Number         0  py32f403_hal_smartcard.o ABSOLUTE
    py32f403_hal_spi.c                       0x00000000   Number         0  py32f403_hal_spi.o ABSOLUTE
    py32f403_hal_spi_ex.c                    0x00000000   Number         0  py32f403_hal_spi_ex.o ABSOLUTE
    py32f403_hal_tim.c                       0x00000000   Number         0  py32f403_hal_tim.o ABSOLUTE
    py32f403_hal_tim_ex.c                    0x00000000   Number         0  py32f403_hal_tim_ex.o ABSOLUTE
    py32f403_hal_uart.c                      0x00000000   Number         0  py32f403_hal_uart.o ABSOLUTE
    py32f403_hal_usart.c                     0x00000000   Number         0  py32f403_hal_usart.o ABSOLUTE
    py32f403_hal_wwdg.c                      0x00000000   Number         0  py32f403_hal_wwdg.o ABSOLUTE
    py32f403_it.c                            0x00000000   Number         0  py32f403_it.o ABSOLUTE
    system_py32f403.c                        0x00000000   Number         0  system_py32f403.o ABSOLUTE
    task.c                                   0x00000000   Number         0  task.o ABSOLUTE
    usb_dc_py32.c                            0x00000000   Number         0  usb_dc_py32.o ABSOLUTE
    usbd_core.c                              0x00000000   Number         0  usbd_core.o ABSOLUTE
    usbd_hid.c                               0x00000000   Number         0  usbd_hid.o ABSOLUTE
    usbd_hid_keyboard_if.c                   0x00000000   Number         0  usbd_hid_keyboard_if.o ABSOLUTE
    RESET                                    0x08000000   Section      304  startup_py32f403xx.o(RESET)
    .ARM.Collect$$$$00000000                 0x08000130   Section        0  entry.o(.ARM.Collect$$$$00000000)
    .ARM.Collect$$$$00000001                 0x08000130   Section        4  entry2.o(.ARM.Collect$$$$00000001)
    .ARM.Collect$$$$00000004                 0x08000134   Section        4  entry5.o(.ARM.Collect$$$$00000004)
    .ARM.Collect$$$$00000008                 0x08000138   Section        0  entry7b.o(.ARM.Collect$$$$00000008)
    .ARM.Collect$$$$0000000A                 0x08000138   Section        0  entry8b.o(.ARM.Collect$$$$0000000A)
    .ARM.Collect$$$$0000000B                 0x08000138   Section        8  entry9a.o(.ARM.Collect$$$$0000000B)
    __lit__00000000                          0x08000140   Data           4  entry2.o(.ARM.Collect$$$$00002712)
    .ARM.Collect$$$$0000000D                 0x08000140   Section        0  entry10a.o(.ARM.Collect$$$$0000000D)
    .ARM.Collect$$$$0000000F                 0x08000140   Section        0  entry11a.o(.ARM.Collect$$$$0000000F)
    .ARM.Collect$$$$00002712                 0x08000140   Section        4  entry2.o(.ARM.Collect$$$$00002712)
    $v0                                      0x08000144   Number         0  startup_py32f403xx.o(.text)
    .text                                    0x08000144   Section       36  startup_py32f403xx.o(.text)
    .text                                    0x08000168   Section        0  memseta.o(.text)
    .text                                    0x0800018c   Section        0  uldiv.o(.text)
    .text                                    0x080001f0   Section       48  init.o(.text)
    .text                                    0x08000220   Section        0  llshl.o(.text)
    .text                                    0x0800023e   Section        0  llushr.o(.text)
    [Anonymous Symbol]                       0x08000260   Section        0  system_py32f403.o(.text.APP_LoadTrim)
    [Anonymous Symbol]                       0x08000430   Section        0  py32f403_it.o(.text.BusFault_Handler)
    [Anonymous Symbol]                       0x08000434   Section        0  bsp_adc_dma.o(.text.DMA1_Channel1_IRQHandler)
    [Anonymous Symbol]                       0x08000440   Section        0  bsp_spi_dma.o(.text.DMA1_Channel2_IRQHandler)
    [Anonymous Symbol]                       0x0800044c   Section        0  py32f403_it.o(.text.DebugMon_Handler)
    [Anonymous Symbol]                       0x08000450   Section        0  py32f403_hal_dma.o(.text.HAL_DMA_IRQHandler)
    [Anonymous Symbol]                       0x080006c8   Section        0  py32f403_hal.o(.text.HAL_Delay)
    [Anonymous Symbol]                       0x080006f0   Section        0  py32f403_hal_gpio.o(.text.HAL_GPIO_Init)
    [Anonymous Symbol]                       0x08000880   Section        0  py32f403_hal.o(.text.HAL_GetTick)
    [Anonymous Symbol]                       0x0800088c   Section        0  py32f403_hal.o(.text.HAL_IncTick)
    [Anonymous Symbol]                       0x080008a8   Section        0  py32f403_hal.o(.text.HAL_Init)
    [Anonymous Symbol]                       0x080008c0   Section        0  py32f403_hal.o(.text.HAL_InitTick)
    [Anonymous Symbol]                       0x08000910   Section        0  py32f403_hal_msp.o(.text.HAL_MspInit)
    [Anonymous Symbol]                       0x08000944   Section        0  py32f403_hal_cortex.o(.text.HAL_NVIC_EnableIRQ)
    [Anonymous Symbol]                       0x08000964   Section        0  py32f403_hal_cortex.o(.text.HAL_NVIC_SetPriority)
    [Anonymous Symbol]                       0x080009bc   Section        0  py32f403_hal_cortex.o(.text.HAL_NVIC_SetPriorityGrouping)
    [Anonymous Symbol]                       0x080009dc   Section        0  py32f403_hal_cortex.o(.text.HAL_NVIC_SystemReset)
    [Anonymous Symbol]                       0x080009e0   Section        0  py32f403_hal_rcc.o(.text.HAL_RCC_ClockConfig)
    [Anonymous Symbol]                       0x08000bc4   Section        0  py32f403_hal_rcc.o(.text.HAL_RCC_GetPCLK1Freq)
    [Anonymous Symbol]                       0x08000bec   Section        0  py32f403_hal_rcc.o(.text.HAL_RCC_GetPCLK2Freq)
    [Anonymous Symbol]                       0x08000c14   Section        0  py32f403_hal_rcc.o(.text.HAL_RCC_OscConfig)
    [Anonymous Symbol]                       0x08001018   Section        0  py32f403_hal_cortex.o(.text.HAL_SYSTICK_Config)
    [Anonymous Symbol]                       0x08001044   Section        0  py32f403_hal_tim_ex.o(.text.HAL_TIMEx_BreakCallback)
    [Anonymous Symbol]                       0x08001048   Section        0  py32f403_hal_tim_ex.o(.text.HAL_TIMEx_CommutCallback)
    [Anonymous Symbol]                       0x0800104c   Section        0  py32f403_hal_tim.o(.text.HAL_TIM_IC_CaptureCallback)
    [Anonymous Symbol]                       0x08001050   Section        0  py32f403_hal_tim.o(.text.HAL_TIM_IRQHandler)
    [Anonymous Symbol]                       0x080011bc   Section        0  py32f403_hal_tim.o(.text.HAL_TIM_OC_DelayElapsedCallback)
    [Anonymous Symbol]                       0x080011c0   Section        0  py32f403_hal_tim.o(.text.HAL_TIM_PWM_PulseFinishedCallback)
    [Anonymous Symbol]                       0x080011c4   Section        0  bsp_tim.o(.text.HAL_TIM_PeriodElapsedCallback)
    [Anonymous Symbol]                       0x080011d8   Section        0  py32f403_hal_tim.o(.text.HAL_TIM_TriggerCallback)
    [Anonymous Symbol]                       0x080011dc   Section        0  py32f403_hal_uart.o(.text.HAL_UART_Init)
    [Anonymous Symbol]                       0x08001264   Section        0  py32f403_hal_uart.o(.text.HAL_UART_MspInit)
    [Anonymous Symbol]                       0x08001268   Section        0  py32f403_hal_uart.o(.text.HAL_UART_Transmit)
    [Anonymous Symbol]                       0x080013a8   Section        0  py32f403_it.o(.text.HardFault_Handler)
    [Anonymous Symbol]                       0x080013ac   Section        0  py32f403_it.o(.text.MemManage_Handler)
    [Anonymous Symbol]                       0x080013b0   Section        0  py32f403_it.o(.text.NMI_Handler)
    [Anonymous Symbol]                       0x080013b4   Section        0  py32f403_it.o(.text.PendSV_Handler)
    [Anonymous Symbol]                       0x080013b8   Section        0  py32f403_it.o(.text.SVC_Handler)
    [Anonymous Symbol]                       0x080013bc   Section        0  py32f403_it.o(.text.SysTick_Handler)
    [Anonymous Symbol]                       0x080013cc   Section        0  system_py32f403.o(.text.SystemInit)
    [Anonymous Symbol]                       0x080013ec   Section        0  bsp_tim.o(.text.TIM6_IRQHandler)
    [Anonymous Symbol]                       0x080013f8   Section        0  task.o(.text.Task_update)
    UART_SetConfig                           0x08001409   Thumb Code   238  py32f403_hal_uart.o(.text.UART_SetConfig)
    [Anonymous Symbol]                       0x08001408   Section        0  py32f403_hal_uart.o(.text.UART_SetConfig)
    [Anonymous Symbol]                       0x080014f8   Section        0  py32f403_it.o(.text.UsageFault_Handler)
    __NVIC_SystemReset                       0x080014fd   Thumb Code    36  py32f403_hal_cortex.o(.text.__NVIC_SystemReset)
    [Anonymous Symbol]                       0x080014fc   Section        0  py32f403_hal_cortex.o(.text.__NVIC_SystemReset)
    [Anonymous Symbol]                       0x08001520   Section        0  bsp_uart.o(.text.bsp_usart_init)
    [Anonymous Symbol]                       0x080015d0   Section        0  bsp_uart.o(.text.fputc)
    [Anonymous Symbol]                       0x080015f0   Section        0  main.o(.text.main)
    i.__0printf$8                            0x0800167c   Section        0  printf8.o(i.__0printf$8)
    i.__scatterload_copy                     0x0800169c   Section       14  handlers.o(i.__scatterload_copy)
    i.__scatterload_null                     0x080016aa   Section        2  handlers.o(i.__scatterload_null)
    i.__scatterload_zeroinit                 0x080016ac   Section       14  handlers.o(i.__scatterload_zeroinit)
    _printf_core                             0x080016bd   Thumb Code   996  printf8.o(i._printf_core)
    i._printf_core                           0x080016bc   Section        0  printf8.o(i._printf_core)
    _printf_post_padding                     0x08001acd   Thumb Code    36  printf8.o(i._printf_post_padding)
    i._printf_post_padding                   0x08001acc   Section        0  printf8.o(i._printf_post_padding)
    _printf_pre_padding                      0x08001af1   Thumb Code    46  printf8.o(i._printf_pre_padding)
    i._printf_pre_padding                    0x08001af0   Section        0  printf8.o(i._printf_pre_padding)
    .L__const.APP_LoadTrim.OPTAddr           0x08001b20   Data          72  system_py32f403.o(.rodata..L__const.APP_LoadTrim.OPTAddr)
    .L__const.APP_LoadTrim.RegAddr           0x08001b68   Data          40  system_py32f403.o(.rodata..L__const.APP_LoadTrim.RegAddr)
    .L__const.APP_LoadTrim.RegMask           0x08001b90   Data          40  system_py32f403.o(.rodata..L__const.APP_LoadTrim.RegMask)
    .L__const.HAL_RCC_GetSysClockFreq.aPLLMULFactorTable 0x08001bb8   Data          64  py32f403_hal_rcc.o(.rodata..L__const.HAL_RCC_GetSysClockFreq.aPLLMULFactorTable)
    .L__const.HAL_RCC_GetSysClockFreq.aPredivFactorTable 0x08001bf8   Data           2  py32f403_hal_rcc.o(.rodata..L__const.HAL_RCC_GetSysClockFreq.aPredivFactorTable)
    .data                                    0x20000000   Section        4  stdout.o(.data)
    HdmaCh1                                  0x2000005c   Data          68  bsp_adc_dma.o(.bss.HdmaCh1)
    [Anonymous Symbol]                       0x2000005c   Section        0  bsp_adc_dma.o(.bss.HdmaCh1)
    STACK                                    0x20000130   Section     1024  startup_py32f403xx.o(STACK)

    Global Symbols

    Symbol Name                              Value     Ov Type        Size  Object(Section)

    BuildAttributes$$THM_ISAv4$E$P$D$K$B$S$7EM$VFPi3$EXTD16$VFPS$VFMA$PE$A:L22UL41UL21$X:L11$S22US41US21$IEEE1$IW$~IW$USESV6$~STKCKD$USESV7$~SHL$OTIME$ROPI$EBA8$MICROLIB$REQ8$PRES8$EABIv2 0x00000000   Number         0  anon$$obj.o ABSOLUTE
    _printf_a                                0x00000000   Number         0  printfstubs.o ABSOLUTE
    _printf_c                                0x00000000   Number         0  printfstubs.o ABSOLUTE
    _printf_charcount                        0x00000000   Number         0  printfstubs.o ABSOLUTE
    _printf_d                                0x00000000   Number         0  printfstubs.o ABSOLUTE
    _printf_e                                0x00000000   Number         0  printfstubs.o ABSOLUTE
    _printf_f                                0x00000000   Number         0  printfstubs.o ABSOLUTE
    _printf_flags                            0x00000000   Number         0  printfstubs.o ABSOLUTE
    _printf_fp_dec                           0x00000000   Number         0  printfstubs.o ABSOLUTE
    _printf_fp_hex                           0x00000000   Number         0  printfstubs.o ABSOLUTE
    _printf_g                                0x00000000   Number         0  printfstubs.o ABSOLUTE
    _printf_i                                0x00000000   Number         0  printfstubs.o ABSOLUTE
    _printf_int_dec                          0x00000000   Number         0  printfstubs.o ABSOLUTE
    _printf_l                                0x00000000   Number         0  printfstubs.o ABSOLUTE
    _printf_lc                               0x00000000   Number         0  printfstubs.o ABSOLUTE
    _printf_ll                               0x00000000   Number         0  printfstubs.o ABSOLUTE
    _printf_lld                              0x00000000   Number         0  printfstubs.o ABSOLUTE
    _printf_lli                              0x00000000   Number         0  printfstubs.o ABSOLUTE
    _printf_llo                              0x00000000   Number         0  printfstubs.o ABSOLUTE
    _printf_llu                              0x00000000   Number         0  printfstubs.o ABSOLUTE
    _printf_llx                              0x00000000   Number         0  printfstubs.o ABSOLUTE
    _printf_longlong_dec                     0x00000000   Number         0  printfstubs.o ABSOLUTE
    _printf_longlong_hex                     0x00000000   Number         0  printfstubs.o ABSOLUTE
    _printf_longlong_oct                     0x00000000   Number         0  printfstubs.o ABSOLUTE
    _printf_ls                               0x00000000   Number         0  printfstubs.o ABSOLUTE
    _printf_mbtowc                           0x00000000   Number         0  printfstubs.o ABSOLUTE
    _printf_n                                0x00000000   Number         0  printfstubs.o ABSOLUTE
    _printf_o                                0x00000000   Number         0  printfstubs.o ABSOLUTE
    _printf_p                                0x00000000   Number         0  printfstubs.o ABSOLUTE
    _printf_percent                          0x00000000   Number         0  printfstubs.o ABSOLUTE
    _printf_pre_padding                      0x00000000   Number         0  printfstubs.o ABSOLUTE
    _printf_return_value                     0x00000000   Number         0  printfstubs.o ABSOLUTE
    _printf_s                                0x00000000   Number         0  printfstubs.o ABSOLUTE
    _printf_sizespec                         0x00000000   Number         0  printfstubs.o ABSOLUTE
    _printf_str                              0x00000000   Number         0  printfstubs.o ABSOLUTE
    _printf_truncate_signed                  0x00000000   Number         0  printfstubs.o ABSOLUTE
    _printf_truncate_unsigned                0x00000000   Number         0  printfstubs.o ABSOLUTE
    _printf_u                                0x00000000   Number         0  printfstubs.o ABSOLUTE
    _printf_wc                               0x00000000   Number         0  printfstubs.o ABSOLUTE
    _printf_wctomb                           0x00000000   Number         0  printfstubs.o ABSOLUTE
    _printf_widthprec                        0x00000000   Number         0  printfstubs.o ABSOLUTE
    _printf_x                                0x00000000   Number         0  printfstubs.o ABSOLUTE
    __cpp_initialize__aeabi_                  - Undefined Weak Reference
    __cxa_finalize                            - Undefined Weak Reference
    __decompress                              - Undefined Weak Reference
    _clock_init                               - Undefined Weak Reference
    _microlib_exit                            - Undefined Weak Reference
    __Vectors_Size                           0x00000130   Number         0  startup_py32f403xx.o ABSOLUTE
    __Vectors                                0x08000000   Data           4  startup_py32f403xx.o(RESET)
    __Vectors_End                            0x08000130   Data           0  startup_py32f403xx.o(RESET)
    __main                                   0x08000131   Thumb Code     0  entry.o(.ARM.Collect$$$$00000000)
    _main_stk                                0x08000131   Thumb Code     0  entry2.o(.ARM.Collect$$$$00000001)
    _main_scatterload                        0x08000135   Thumb Code     0  entry5.o(.ARM.Collect$$$$00000004)
    __main_after_scatterload                 0x08000139   Thumb Code     0  entry5.o(.ARM.Collect$$$$00000004)
    _main_clock                              0x08000139   Thumb Code     0  entry7b.o(.ARM.Collect$$$$00000008)
    _main_cpp_init                           0x08000139   Thumb Code     0  entry8b.o(.ARM.Collect$$$$0000000A)
    _main_init                               0x08000139   Thumb Code     0  entry9a.o(.ARM.Collect$$$$0000000B)
    __rt_final_cpp                           0x08000141   Thumb Code     0  entry10a.o(.ARM.Collect$$$$0000000D)
    __rt_final_exit                          0x08000141   Thumb Code     0  entry11a.o(.ARM.Collect$$$$0000000F)
    Reset_Handler                            0x08000145   Thumb Code     8  startup_py32f403xx.o(.text)
    ADC1_2_IRQHandler                        0x0800015f   Thumb Code     0  startup_py32f403xx.o(.text)
    ADC3_IRQHandler                          0x0800015f   Thumb Code     0  startup_py32f403xx.o(.text)
    CAN_IRQHandler                           0x0800015f   Thumb Code     0  startup_py32f403xx.o(.text)
    DMA1_Channel3_IRQHandler                 0x0800015f   Thumb Code     0  startup_py32f403xx.o(.text)
    DMA1_Channel4_IRQHandler                 0x0800015f   Thumb Code     0  startup_py32f403xx.o(.text)
    DMA1_Channel5_IRQHandler                 0x0800015f   Thumb Code     0  startup_py32f403xx.o(.text)
    DMA1_Channel6_IRQHandler                 0x0800015f   Thumb Code     0  startup_py32f403xx.o(.text)
    DMA1_Channel7_IRQHandler                 0x0800015f   Thumb Code     0  startup_py32f403xx.o(.text)
    DMA2_Channel1_IRQHandler                 0x0800015f   Thumb Code     0  startup_py32f403xx.o(.text)
    DMA2_Channel2_IRQHandler                 0x0800015f   Thumb Code     0  startup_py32f403xx.o(.text)
    DMA2_Channel3_IRQHandler                 0x0800015f   Thumb Code     0  startup_py32f403xx.o(.text)
    DMA2_Channel4_5_IRQHandler               0x0800015f   Thumb Code     0  startup_py32f403xx.o(.text)
    ESMC_IRQHandler                          0x0800015f   Thumb Code     0  startup_py32f403xx.o(.text)
    EXTI0_IRQHandler                         0x0800015f   Thumb Code     0  startup_py32f403xx.o(.text)
    EXTI15_10_IRQHandler                     0x0800015f   Thumb Code     0  startup_py32f403xx.o(.text)
    EXTI1_IRQHandler                         0x0800015f   Thumb Code     0  startup_py32f403xx.o(.text)
    EXTI2_IRQHandler                         0x0800015f   Thumb Code     0  startup_py32f403xx.o(.text)
    EXTI3_IRQHandler                         0x0800015f   Thumb Code     0  startup_py32f403xx.o(.text)
    EXTI4_IRQHandler                         0x0800015f   Thumb Code     0  startup_py32f403xx.o(.text)
    EXTI9_5_IRQHandler                       0x0800015f   Thumb Code     0  startup_py32f403xx.o(.text)
    FLASH_IRQHandler                         0x0800015f   Thumb Code     0  startup_py32f403xx.o(.text)
    I2C1_ER_IRQHandler                       0x0800015f   Thumb Code     0  startup_py32f403xx.o(.text)
    I2C1_EV_IRQHandler                       0x0800015f   Thumb Code     0  startup_py32f403xx.o(.text)
    I2C2_ER_IRQHandler                       0x0800015f   Thumb Code     0  startup_py32f403xx.o(.text)
    I2C2_EV_IRQHandler                       0x0800015f   Thumb Code     0  startup_py32f403xx.o(.text)
    PVD_IRQHandler                           0x0800015f   Thumb Code     0  startup_py32f403xx.o(.text)
    RCC_CTC_IRQHandler                       0x0800015f   Thumb Code     0  startup_py32f403xx.o(.text)
    RTC_Alarm_IRQHandler                     0x0800015f   Thumb Code     0  startup_py32f403xx.o(.text)
    RTC_IRQHandler                           0x0800015f   Thumb Code     0  startup_py32f403xx.o(.text)
    SDIO_IRQHandler                          0x0800015f   Thumb Code     0  startup_py32f403xx.o(.text)
    SPI1_IRQHandler                          0x0800015f   Thumb Code     0  startup_py32f403xx.o(.text)
    SPI2_IRQHandler                          0x0800015f   Thumb Code     0  startup_py32f403xx.o(.text)
    SPI3_IRQHandler                          0x0800015f   Thumb Code     0  startup_py32f403xx.o(.text)
    TAMPER_IRQHandler                        0x0800015f   Thumb Code     0  startup_py32f403xx.o(.text)
    TIM1_BRK_TIM9_IRQHandler                 0x0800015f   Thumb Code     0  startup_py32f403xx.o(.text)
    TIM1_CC_IRQHandler                       0x0800015f   Thumb Code     0  startup_py32f403xx.o(.text)
    TIM1_TRG_COM_TIM11_IRQHandler            0x0800015f   Thumb Code     0  startup_py32f403xx.o(.text)
    TIM1_UP_TIM10_IRQHandler                 0x0800015f   Thumb Code     0  startup_py32f403xx.o(.text)
    TIM2_IRQHandler                          0x0800015f   Thumb Code     0  startup_py32f403xx.o(.text)
    TIM3_IRQHandler                          0x0800015f   Thumb Code     0  startup_py32f403xx.o(.text)
    TIM4_IRQHandler                          0x0800015f   Thumb Code     0  startup_py32f403xx.o(.text)
    TIM5_IRQHandler                          0x0800015f   Thumb Code     0  startup_py32f403xx.o(.text)
    TIM7_IRQHandler                          0x0800015f   Thumb Code     0  startup_py32f403xx.o(.text)
    TIM8_BRK_TIM12_IRQHandler                0x0800015f   Thumb Code     0  startup_py32f403xx.o(.text)
    TIM8_CC_IRQHandler                       0x0800015f   Thumb Code     0  startup_py32f403xx.o(.text)
    TIM8_TRG_COM_TIM14_IRQHandler            0x0800015f   Thumb Code     0  startup_py32f403xx.o(.text)
    TIM8_UP_TIM13_IRQHandler                 0x0800015f   Thumb Code     0  startup_py32f403xx.o(.text)
    USART1_IRQHandler                        0x0800015f   Thumb Code     0  startup_py32f403xx.o(.text)
    USART2_IRQHandler                        0x0800015f   Thumb Code     0  startup_py32f403xx.o(.text)
    USART3_IRQHandler                        0x0800015f   Thumb Code     0  startup_py32f403xx.o(.text)
    USART4_IRQHandler                        0x0800015f   Thumb Code     0  startup_py32f403xx.o(.text)
    USART5_IRQHandler                        0x0800015f   Thumb Code     0  startup_py32f403xx.o(.text)
    USB_IRQHandler                           0x0800015f   Thumb Code     0  startup_py32f403xx.o(.text)
    WWDG_IRQHandler                          0x0800015f   Thumb Code     0  startup_py32f403xx.o(.text)
    __aeabi_memset                           0x08000169   Thumb Code    14  memseta.o(.text)
    __aeabi_memset4                          0x08000169   Thumb Code     0  memseta.o(.text)
    __aeabi_memset8                          0x08000169   Thumb Code     0  memseta.o(.text)
    __aeabi_memclr                           0x08000177   Thumb Code     4  memseta.o(.text)
    __aeabi_memclr4                          0x08000177   Thumb Code     0  memseta.o(.text)
    __aeabi_memclr8                          0x08000177   Thumb Code     0  memseta.o(.text)
    _memset$wrapper                          0x0800017b   Thumb Code    18  memseta.o(.text)
    __aeabi_uldivmod                         0x0800018d   Thumb Code    98  uldiv.o(.text)
    __scatterload                            0x080001f1   Thumb Code    38  init.o(.text)
    __scatterload_rt2                        0x080001f1   Thumb Code     0  init.o(.text)
    __aeabi_llsl                             0x08000221   Thumb Code    30  llshl.o(.text)
    _ll_shift_l                              0x08000221   Thumb Code     0  llshl.o(.text)
    __aeabi_llsr                             0x0800023f   Thumb Code    32  llushr.o(.text)
    _ll_ushift_r                             0x0800023f   Thumb Code     0  llushr.o(.text)
    APP_LoadTrim                             0x08000261   Thumb Code   464  system_py32f403.o(.text.APP_LoadTrim)
    BusFault_Handler                         0x08000431   Thumb Code     2  py32f403_it.o(.text.BusFault_Handler)
    DMA1_Channel1_IRQHandler                 0x08000435   Thumb Code    12  bsp_adc_dma.o(.text.DMA1_Channel1_IRQHandler)
    DMA1_Channel2_IRQHandler                 0x08000441   Thumb Code    12  bsp_spi_dma.o(.text.DMA1_Channel2_IRQHandler)
    DebugMon_Handler                         0x0800044d   Thumb Code     2  py32f403_it.o(.text.DebugMon_Handler)
    HAL_DMA_IRQHandler                       0x08000451   Thumb Code   630  py32f403_hal_dma.o(.text.HAL_DMA_IRQHandler)
    HAL_Delay                                0x080006c9   Thumb Code    40  py32f403_hal.o(.text.HAL_Delay)
    HAL_GPIO_Init                            0x080006f1   Thumb Code   398  py32f403_hal_gpio.o(.text.HAL_GPIO_Init)
    HAL_GetTick                              0x08000881   Thumb Code    12  py32f403_hal.o(.text.HAL_GetTick)
    HAL_IncTick                              0x0800088d   Thumb Code    26  py32f403_hal.o(.text.HAL_IncTick)
    HAL_Init                                 0x080008a9   Thumb Code    22  py32f403_hal.o(.text.HAL_Init)
    HAL_InitTick                             0x080008c1   Thumb Code    80  py32f403_hal.o(.text.HAL_InitTick)
    HAL_MspInit                              0x08000911   Thumb Code    50  py32f403_hal_msp.o(.text.HAL_MspInit)
    HAL_NVIC_EnableIRQ                       0x08000945   Thumb Code    32  py32f403_hal_cortex.o(.text.HAL_NVIC_EnableIRQ)
    HAL_NVIC_SetPriority                     0x08000965   Thumb Code    86  py32f403_hal_cortex.o(.text.HAL_NVIC_SetPriority)
    HAL_NVIC_SetPriorityGrouping             0x080009bd   Thumb Code    32  py32f403_hal_cortex.o(.text.HAL_NVIC_SetPriorityGrouping)
    HAL_NVIC_SystemReset                     0x080009dd   Thumb Code     4  py32f403_hal_cortex.o(.text.HAL_NVIC_SystemReset)
    HAL_RCC_ClockConfig                      0x080009e1   Thumb Code   484  py32f403_hal_rcc.o(.text.HAL_RCC_ClockConfig)
    HAL_RCC_GetPCLK1Freq                     0x08000bc5   Thumb Code    38  py32f403_hal_rcc.o(.text.HAL_RCC_GetPCLK1Freq)
    HAL_RCC_GetPCLK2Freq                     0x08000bed   Thumb Code    38  py32f403_hal_rcc.o(.text.HAL_RCC_GetPCLK2Freq)
    HAL_RCC_OscConfig                        0x08000c15   Thumb Code  1028  py32f403_hal_rcc.o(.text.HAL_RCC_OscConfig)
    HAL_SYSTICK_Config                       0x08001019   Thumb Code    44  py32f403_hal_cortex.o(.text.HAL_SYSTICK_Config)
    HAL_TIMEx_BreakCallback                  0x08001045   Thumb Code     2  py32f403_hal_tim_ex.o(.text.HAL_TIMEx_BreakCallback)
    HAL_TIMEx_CommutCallback                 0x08001049   Thumb Code     2  py32f403_hal_tim_ex.o(.text.HAL_TIMEx_CommutCallback)
    HAL_TIM_IC_CaptureCallback               0x0800104d   Thumb Code     2  py32f403_hal_tim.o(.text.HAL_TIM_IC_CaptureCallback)
    HAL_TIM_IRQHandler                       0x08001051   Thumb Code   362  py32f403_hal_tim.o(.text.HAL_TIM_IRQHandler)
    HAL_TIM_OC_DelayElapsedCallback          0x080011bd   Thumb Code     2  py32f403_hal_tim.o(.text.HAL_TIM_OC_DelayElapsedCallback)
    HAL_TIM_PWM_PulseFinishedCallback        0x080011c1   Thumb Code     2  py32f403_hal_tim.o(.text.HAL_TIM_PWM_PulseFinishedCallback)
    HAL_TIM_PeriodElapsedCallback            0x080011c5   Thumb Code    20  bsp_tim.o(.text.HAL_TIM_PeriodElapsedCallback)
    HAL_TIM_TriggerCallback                  0x080011d9   Thumb Code     2  py32f403_hal_tim.o(.text.HAL_TIM_TriggerCallback)
    HAL_UART_Init                            0x080011dd   Thumb Code   136  py32f403_hal_uart.o(.text.HAL_UART_Init)
    HAL_UART_MspInit                         0x08001265   Thumb Code     2  py32f403_hal_uart.o(.text.HAL_UART_MspInit)
    HAL_UART_Transmit                        0x08001269   Thumb Code   320  py32f403_hal_uart.o(.text.HAL_UART_Transmit)
    HardFault_Handler                        0x080013a9   Thumb Code     2  py32f403_it.o(.text.HardFault_Handler)
    MemManage_Handler                        0x080013ad   Thumb Code     2  py32f403_it.o(.text.MemManage_Handler)
    NMI_Handler                              0x080013b1   Thumb Code     2  py32f403_it.o(.text.NMI_Handler)
    PendSV_Handler                           0x080013b5   Thumb Code     2  py32f403_it.o(.text.PendSV_Handler)
    SVC_Handler                              0x080013b9   Thumb Code     2  py32f403_it.o(.text.SVC_Handler)
    SysTick_Handler                          0x080013bd   Thumb Code    14  py32f403_it.o(.text.SysTick_Handler)
    SystemInit                               0x080013cd   Thumb Code    32  system_py32f403.o(.text.SystemInit)
    TIM6_IRQHandler                          0x080013ed   Thumb Code    12  bsp_tim.o(.text.TIM6_IRQHandler)
    Task_update                              0x080013f9   Thumb Code    16  task.o(.text.Task_update)
    UsageFault_Handler                       0x080014f9   Thumb Code     2  py32f403_it.o(.text.UsageFault_Handler)
    bsp_usart_init                           0x08001521   Thumb Code   174  bsp_uart.o(.text.bsp_usart_init)
    fputc                                    0x080015d1   Thumb Code    32  bsp_uart.o(.text.fputc)
    main                                     0x080015f1   Thumb Code   132  main.o(.text.main)
    __0printf$8                              0x0800167d   Thumb Code    22  printf8.o(i.__0printf$8)
    __1printf$8                              0x0800167d   Thumb Code     0  printf8.o(i.__0printf$8)
    __2printf                                0x0800167d   Thumb Code     0  printf8.o(i.__0printf$8)
    __scatterload_copy                       0x0800169d   Thumb Code    14  handlers.o(i.__scatterload_copy)
    __scatterload_null                       0x080016ab   Thumb Code     2  handlers.o(i.__scatterload_null)
    __scatterload_zeroinit                   0x080016ad   Thumb Code    14  handlers.o(i.__scatterload_zeroinit)
    AHBPrescTable                            0x08001bfa   Data          16  system_py32f403.o(.rodata.AHBPrescTable)
    APBPrescTable                            0x08001c0a   Data           8  system_py32f403.o(.rodata.APBPrescTable)
    Region$$Table$$Base                      0x08001c14   Number         0  anon$$obj.o(Region$$Table)
    Region$$Table$$Limit                     0x08001c34   Number         0  anon$$obj.o(Region$$Table)
    __stdout                                 0x20000000   Data           4  stdout.o(.data)
    SystemCoreClock                          0x20000004   Data           4  system_py32f403.o(.data.SystemCoreClock)
    uwTickFreq                               0x20000008   Data           1  py32f403_hal.o(.data.uwTickFreq)
    uwTickPrio                               0x2000000c   Data           4  py32f403_hal.o(.data.uwTickPrio)
    DebugUartHandle                          0x20000010   Data          76  bsp_uart.o(.bss.DebugUartHandle)
    TimHandle                                0x200000a0   Data          64  bsp_tim.o(.bss.TimHandle)
    g_cnt                                    0x200000e0   Data           4  task.o(.bss.g_cnt)
    hdma_spi2_tx1                            0x200000e4   Data          68  bsp_spi_dma.o(.bss.hdma_spi2_tx1)
    uwTick                                   0x20000128   Data           4  py32f403_hal.o(.bss.uwTick)
    __initial_sp                             0x20000530   Data           0  startup_py32f403xx.o(STACK)



==============================================================================

Memory Map of the image

  Image Entry point : 0x08000131

  Load Region LR_IROM1 (Base: 0x08000000, Size: 0x00001c48, Max: 0x00040000, ABSOLUTE)

    Execution Region ER_IROM1 (Exec base: 0x08000000, Load base: 0x08000000, Size: 0x00001c34, Max: 0x00040000, ABSOLUTE)

    Exec Addr    Load Addr    Size         Type   Attr      Idx    E Section Name        Object

    0x08000000   0x08000000   0x00000130   Data   RO            3    RESET               startup_py32f403xx.o
    0x08000130   0x08000130   0x00000000   Code   RO         1432  * .ARM.Collect$$$$00000000  mc_w.l(entry.o)
    0x08000130   0x08000130   0x00000004   Code   RO         1702    .ARM.Collect$$$$00000001  mc_w.l(entry2.o)
    0x08000134   0x08000134   0x00000004   Code   RO         1705    .ARM.Collect$$$$00000004  mc_w.l(entry5.o)
    0x08000138   0x08000138   0x00000000   Code   RO         1707    .ARM.Collect$$$$00000008  mc_w.l(entry7b.o)
    0x08000138   0x08000138   0x00000000   Code   RO         1709    .ARM.Collect$$$$0000000A  mc_w.l(entry8b.o)
    0x08000138   0x08000138   0x00000008   Code   RO         1710    .ARM.Collect$$$$0000000B  mc_w.l(entry9a.o)
    0x08000140   0x08000140   0x00000000   Code   RO         1712    .ARM.Collect$$$$0000000D  mc_w.l(entry10a.o)
    0x08000140   0x08000140   0x00000000   Code   RO         1714    .ARM.Collect$$$$0000000F  mc_w.l(entry11a.o)
    0x08000140   0x08000140   0x00000004   Code   RO         1703    .ARM.Collect$$$$00002712  mc_w.l(entry2.o)
    0x08000144   0x08000144   0x00000024   Code   RO            4    .text               startup_py32f403xx.o
    0x08000168   0x08000168   0x00000024   Code   RO         1437    .text               mc_w.l(memseta.o)
    0x0800018c   0x0800018c   0x00000062   Code   RO         1728    .text               mc_w.l(uldiv.o)
    0x080001ee   0x080001ee   0x00000002   PAD
    0x080001f0   0x080001f0   0x00000030   Code   RO         1741    .text               mc_w.l(init.o)
    0x08000220   0x08000220   0x0000001e   Code   RO         1743    .text               mc_w.l(llshl.o)
    0x0800023e   0x0800023e   0x00000020   Code   RO         1745    .text               mc_w.l(llushr.o)
    0x0800025e   0x0800025e   0x00000002   PAD
    0x08000260   0x08000260   0x000001d0   Code   RO           13    .text.APP_LoadTrim  system_py32f403.o
    0x08000430   0x08000430   0x00000002   Code   RO           85    .text.BusFault_Handler  py32f403_it.o
    0x08000432   0x08000432   0x00000002   PAD
    0x08000434   0x08000434   0x0000000c   Code   RO          154    .text.DMA1_Channel1_IRQHandler  bsp_adc_dma.o
    0x08000440   0x08000440   0x0000000c   Code   RO          171    .text.DMA1_Channel2_IRQHandler  bsp_spi_dma.o
    0x0800044c   0x0800044c   0x00000002   Code   RO           91    .text.DebugMon_Handler  py32f403_it.o
    0x0800044e   0x0800044e   0x00000002   PAD
    0x08000450   0x08000450   0x00000276   Code   RO          650    .text.HAL_DMA_IRQHandler  py32f403_hal_dma.o
    0x080006c6   0x080006c6   0x00000002   PAD
    0x080006c8   0x080006c8   0x00000028   Code   RO          440    .text.HAL_Delay     py32f403_hal.o
    0x080006f0   0x080006f0   0x0000018e   Code   RO          719    .text.HAL_GPIO_Init  py32f403_hal_gpio.o
    0x0800087e   0x0800087e   0x00000002   PAD
    0x08000880   0x08000880   0x0000000c   Code   RO          432    .text.HAL_GetTick   py32f403_hal.o
    0x0800088c   0x0800088c   0x0000001a   Code   RO          430    .text.HAL_IncTick   py32f403_hal.o
    0x080008a6   0x080008a6   0x00000002   PAD
    0x080008a8   0x080008a8   0x00000016   Code   RO          420    .text.HAL_Init      py32f403_hal.o
    0x080008be   0x080008be   0x00000002   PAD
    0x080008c0   0x080008c0   0x00000050   Code   RO          422    .text.HAL_InitTick  py32f403_hal.o
    0x08000910   0x08000910   0x00000032   Code   RO           71    .text.HAL_MspInit   py32f403_hal_msp.o
    0x08000942   0x08000942   0x00000002   PAD
    0x08000944   0x08000944   0x00000020   Code   RO          596    .text.HAL_NVIC_EnableIRQ  py32f403_hal_cortex.o
    0x08000964   0x08000964   0x00000056   Code   RO          594    .text.HAL_NVIC_SetPriority  py32f403_hal_cortex.o
    0x080009ba   0x080009ba   0x00000002   PAD
    0x080009bc   0x080009bc   0x00000020   Code   RO          592    .text.HAL_NVIC_SetPriorityGrouping  py32f403_hal_cortex.o
    0x080009dc   0x080009dc   0x00000004   Code   RO          600    .text.HAL_NVIC_SystemReset  py32f403_hal_cortex.o
    0x080009e0   0x080009e0   0x000001e4   Code   RO          827    .text.HAL_RCC_ClockConfig  py32f403_hal_rcc.o
    0x08000bc4   0x08000bc4   0x00000026   Code   RO          839    .text.HAL_RCC_GetPCLK1Freq  py32f403_hal_rcc.o
    0x08000bea   0x08000bea   0x00000002   PAD
    0x08000bec   0x08000bec   0x00000026   Code   RO          841    .text.HAL_RCC_GetPCLK2Freq  py32f403_hal_rcc.o
    0x08000c12   0x08000c12   0x00000002   PAD
    0x08000c14   0x08000c14   0x00000404   Code   RO          825    .text.HAL_RCC_OscConfig  py32f403_hal_rcc.o
    0x08001018   0x08001018   0x0000002c   Code   RO          604    .text.HAL_SYSTICK_Config  py32f403_hal_cortex.o
    0x08001044   0x08001044   0x00000002   Code   RO         1311    .text.HAL_TIMEx_BreakCallback  py32f403_hal_tim_ex.o
    0x08001046   0x08001046   0x00000002   PAD
    0x08001048   0x08001048   0x00000002   Code   RO         1307    .text.HAL_TIMEx_CommutCallback  py32f403_hal_tim_ex.o
    0x0800104a   0x0800104a   0x00000002   PAD
    0x0800104c   0x0800104c   0x00000002   Code   RO         1152    .text.HAL_TIM_IC_CaptureCallback  py32f403_hal_tim.o
    0x0800104e   0x0800104e   0x00000002   PAD
    0x08001050   0x08001050   0x0000016a   Code   RO         1150    .text.HAL_TIM_IRQHandler  py32f403_hal_tim.o
    0x080011ba   0x080011ba   0x00000002   PAD
    0x080011bc   0x080011bc   0x00000002   Code   RO         1154    .text.HAL_TIM_OC_DelayElapsedCallback  py32f403_hal_tim.o
    0x080011be   0x080011be   0x00000002   PAD
    0x080011c0   0x080011c0   0x00000002   Code   RO         1156    .text.HAL_TIM_PWM_PulseFinishedCallback  py32f403_hal_tim.o
    0x080011c2   0x080011c2   0x00000002   PAD
    0x080011c4   0x080011c4   0x00000014   Code   RO          189    .text.HAL_TIM_PeriodElapsedCallback  bsp_tim.o
    0x080011d8   0x080011d8   0x00000002   Code   RO         1160    .text.HAL_TIM_TriggerCallback  py32f403_hal_tim.o
    0x080011da   0x080011da   0x00000002   PAD
    0x080011dc   0x080011dc   0x00000088   Code   RO         1323    .text.HAL_UART_Init  py32f403_hal_uart.o
    0x08001264   0x08001264   0x00000002   Code   RO         1325    .text.HAL_UART_MspInit  py32f403_hal_uart.o
    0x08001266   0x08001266   0x00000002   PAD
    0x08001268   0x08001268   0x00000140   Code   RO         1339    .text.HAL_UART_Transmit  py32f403_hal_uart.o
    0x080013a8   0x080013a8   0x00000002   Code   RO           81    .text.HardFault_Handler  py32f403_it.o
    0x080013aa   0x080013aa   0x00000002   PAD
    0x080013ac   0x080013ac   0x00000002   Code   RO           83    .text.MemManage_Handler  py32f403_it.o
    0x080013ae   0x080013ae   0x00000002   PAD
    0x080013b0   0x080013b0   0x00000002   Code   RO           79    .text.NMI_Handler   py32f403_it.o
    0x080013b2   0x080013b2   0x00000002   PAD
    0x080013b4   0x080013b4   0x00000002   Code   RO           93    .text.PendSV_Handler  py32f403_it.o
    0x080013b6   0x080013b6   0x00000002   PAD
    0x080013b8   0x080013b8   0x00000002   Code   RO           89    .text.SVC_Handler   py32f403_it.o
    0x080013ba   0x080013ba   0x00000002   PAD
    0x080013bc   0x080013bc   0x0000000e   Code   RO           95    .text.SysTick_Handler  py32f403_it.o
    0x080013ca   0x080013ca   0x00000002   PAD
    0x080013cc   0x080013cc   0x00000020   Code   RO           15    .text.SystemInit    system_py32f403.o
    0x080013ec   0x080013ec   0x0000000c   Code   RO          187    .text.TIM6_IRQHandler  bsp_tim.o
    0x080013f8   0x080013f8   0x00000010   Code   RO          136    .text.Task_update   task.o
    0x08001408   0x08001408   0x000000ee   Code   RO         1327    .text.UART_SetConfig  py32f403_hal_uart.o
    0x080014f6   0x080014f6   0x00000002   PAD
    0x080014f8   0x080014f8   0x00000002   Code   RO           87    .text.UsageFault_Handler  py32f403_it.o
    0x080014fa   0x080014fa   0x00000002   PAD
    0x080014fc   0x080014fc   0x00000024   Code   RO          602    .text.__NVIC_SystemReset  py32f403_hal_cortex.o
    0x08001520   0x08001520   0x000000ae   Code   RO          200    .text.bsp_usart_init  bsp_uart.o
    0x080015ce   0x080015ce   0x00000002   PAD
    0x080015d0   0x080015d0   0x00000020   Code   RO          204    .text.fputc         bsp_uart.o
    0x080015f0   0x080015f0   0x0000008c   Code   RO           58    .text.main          main.o
    0x0800167c   0x0800167c   0x00000020   Code   RO         1648    i.__0printf$8       mc_w.l(printf8.o)
    0x0800169c   0x0800169c   0x0000000e   Code   RO         1753    i.__scatterload_copy  mc_w.l(handlers.o)
    0x080016aa   0x080016aa   0x00000002   Code   RO         1754    i.__scatterload_null  mc_w.l(handlers.o)
    0x080016ac   0x080016ac   0x0000000e   Code   RO         1755    i.__scatterload_zeroinit  mc_w.l(handlers.o)
    0x080016ba   0x080016ba   0x00000002   PAD
    0x080016bc   0x080016bc   0x00000410   Code   RO         1655    i._printf_core      mc_w.l(printf8.o)
    0x08001acc   0x08001acc   0x00000024   Code   RO         1656    i._printf_post_padding  mc_w.l(printf8.o)
    0x08001af0   0x08001af0   0x0000002e   Code   RO         1657    i._printf_pre_padding  mc_w.l(printf8.o)
    0x08001b1e   0x08001b1e   0x00000002   PAD
    0x08001b20   0x08001b20   0x00000048   Data   RO           22    .rodata..L__const.APP_LoadTrim.OPTAddr  system_py32f403.o
    0x08001b68   0x08001b68   0x00000028   Data   RO           23    .rodata..L__const.APP_LoadTrim.RegAddr  system_py32f403.o
    0x08001b90   0x08001b90   0x00000028   Data   RO           24    .rodata..L__const.APP_LoadTrim.RegMask  system_py32f403.o
    0x08001bb8   0x08001bb8   0x00000040   Data   RO          851    .rodata..L__const.HAL_RCC_GetSysClockFreq.aPLLMULFactorTable  py32f403_hal_rcc.o
    0x08001bf8   0x08001bf8   0x00000002   Data   RO          852    .rodata..L__const.HAL_RCC_GetSysClockFreq.aPredivFactorTable  py32f403_hal_rcc.o
    0x08001bfa   0x08001bfa   0x00000010   Data   RO           20    .rodata.AHBPrescTable  system_py32f403.o
    0x08001c0a   0x08001c0a   0x00000008   Data   RO           21    .rodata.APBPrescTable  system_py32f403.o
    0x08001c12   0x08001c12   0x00000002   PAD
    0x08001c14   0x08001c14   0x00000020   Data   RO         1752    Region$$Table       anon$$obj.o


    Execution Region RW_IRAM1 (Exec base: 0x20000000, Load base: 0x08001c38, Size: 0x00000530, Max: 0x00010000, ABSOLUTE)

    Exec Addr    Load Addr    Size         Type   Attr      Idx    E Section Name        Object

    0x20000000   0x08001c38   0x00000004   Data   RW         1716    .data               mc_w.l(stdout.o)
    0x20000004   0x08001c3c   0x00000004   Data   RW           19    .data.SystemCoreClock  system_py32f403.o
    0x20000008   0x08001c40   0x00000001   Data   RW          495    .data.uwTickFreq    py32f403_hal.o
    0x20000009   0x08001c41   0x00000003   PAD
    0x2000000c   0x08001c44   0x00000004   Data   RW          494    .data.uwTickPrio    py32f403_hal.o
    0x20000010        -       0x0000004c   Zero   RW          208    .bss.DebugUartHandle  bsp_uart.o
    0x2000005c        -       0x00000044   Zero   RW          159    .bss.HdmaCh1        bsp_adc_dma.o
    0x200000a0        -       0x00000040   Zero   RW          191    .bss.TimHandle      bsp_tim.o
    0x200000e0        -       0x00000004   Zero   RW          138    .bss.g_cnt          task.o
    0x200000e4        -       0x00000044   Zero   RW          175    .bss.hdma_spi2_tx1  bsp_spi_dma.o
    0x20000128        -       0x00000004   Zero   RW          496    .bss.uwTick         py32f403_hal.o
    0x2000012c   0x08001c48   0x00000004   PAD
    0x20000130        -       0x00000400   Zero   RW            1    STACK               startup_py32f403xx.o


==============================================================================

Image component sizes


      Code (inc. data)   RO Data    RW Data    ZI Data      Debug   Object Name

        12          0          0          0         68       7322   bsp_adc_dma.o
        12          0          0          0         68       5959   bsp_spi_dma.o
        32          0          0          0         64       5359   bsp_tim.o
       206          0          0          0         76       6250   bsp_uart.o
       140          8          0          0          0       2091   main.o
       180          0          0          5          4       8880   py32f403_hal.o
       234          0          0          0          0       8720   py32f403_hal_cortex.o
       630          0          0          0          0       9318   py32f403_hal_dma.o
       398          0          0          0          0       4673   py32f403_hal_gpio.o
        50          0          0          0          0       1066   py32f403_hal_msp.o
      1588          0         66          0          0       8047   py32f403_hal_rcc.o
       370          0          0          0          0      49525   py32f403_hal_tim.o
         4          0          0          0          0      16487   py32f403_hal_tim_ex.o
       696          0          0          0          0      19195   py32f403_hal_uart.o
        30          0          0          0          0        991   py32f403_it.o
        36          8        304          0       1024        832   startup_py32f403xx.o
       496          0        176          4          0       3680   system_py32f403.o
        16          0          0          0          4       1105   task.o

    ----------------------------------------------------------------------
      5184         16        580         12       1312     159500   Object Totals
         0          0         32          0          0          0   (incl. Generated)
        54          0          2          3          4          0   (incl. Padding)

    ----------------------------------------------------------------------

      Code (inc. data)   RO Data    RW Data    ZI Data      Debug   Library Member Name

         0          0          0          0          0          0   entry.o
         0          0          0          0          0          0   entry10a.o
         0          0          0          0          0          0   entry11a.o
         8          4          0          0          0          0   entry2.o
         4          0          0          0          0          0   entry5.o
         0          0          0          0          0          0   entry7b.o
         0          0          0          0          0          0   entry8b.o
         8          4          0          0          0          0   entry9a.o
        30          0          0          0          0          0   handlers.o
        48         10          0          0          0         68   init.o
        30          0          0          0          0         68   llshl.o
        32          0          0          0          0         68   llushr.o
        36          0          0          0          0        108   memseta.o
      1154         54          0          0          0        352   printf8.o
         0          0          0          4          0          0   stdout.o
        98          0          0          0          0         92   uldiv.o

    ----------------------------------------------------------------------
      1456         72          0          4          0        756   Library Totals
         8          0          0          0          0          0   (incl. Padding)

    ----------------------------------------------------------------------

      Code (inc. data)   RO Data    RW Data    ZI Data      Debug   Library Name

      1448         72          0          4          0        756   mc_w.l

    ----------------------------------------------------------------------
      1456         72          0          4          0        756   Library Totals

    ----------------------------------------------------------------------

==============================================================================


      Code (inc. data)   RO Data    RW Data    ZI Data      Debug   

      6640         88        580         16       1312     159828   Grand Totals
      6640         88        580         16       1312     159828   ELF Image Totals
      6640         88        580         16          0          0   ROM Totals

==============================================================================

    Total RO  Size (Code + RO Data)                 7220 (   7.05kB)
    Total RW  Size (RW Data + ZI Data)              1328 (   1.30kB)
    Total ROM Size (Code + RO Data + RW Data)       7236 (   7.07kB)

==============================================================================

