<html>
<body>
<pre>
<h1>µVision Build Log</h1>
<h2>Tool Versions:</h2>
IDE-Version: ¦ÌVision V5.39.0.0
Copyright (C) 2023 ARM Ltd and ARM Germany GmbH. All rights reserved.
License Information: as swk-rd-260330, sa, LIC=CRMW3-AYUYP-E03N4-FZH8F-3DTAY-9EKVS
 
Tool Versions:
Toolchain:       MDK-ARM Professional  Version: 5.39.0.0
Toolchain Path:  D:\Keil_v5\ARM\ARMCC\Bin
C Compiler:      Armcc.exe V5.06 update 6 (build 750)
Assembler:       Armasm.exe V5.06 update 6 (build 750)
Linker/Locator:  ArmLink.exe V5.06 update 6 (build 750)
Library Manager: ArmAr.exe V5.06 update 6 (build 750)
Hex Converter:   FromElf.exe V5.06 update 6 (build 750)
CPU DLL:         SARMCM3.DLL V5.39.0.0
Dialog DLL:      DCM.DLL V1.17.5.0
Target DLL:      Segger\JL2CM3.dll V2.99.43.0
Dialog DLL:      TCM.DLL V1.56.4.0
 
<h2>Project:</h2>
D:\sike_local\AiKeyBoard\Project\py32f403r1.uvprojx
Project File Date:  05/07/2026

<h2>Output:</h2>
*** Using Compiler 'V5.06 update 6 (build 750)', folder: 'D:\Keil_v5\ARM\ARMCC\Bin'
Build target 'Target 1'
compiling main.c...
linking...
Program Size: Code=25036 RO-data=1164 RW-data=540 ZI-data=6940  
FromELF: creating hex file...
After Build - User command #1: D:\sike_local\AiKeyBoard\Project\keil-build-viewer.exe
=================================================== keil-build-viewer v1.6 ==================================================
 
[py32f403r1.uvprojx]  [Target 1]  [PY32F403xC]  [LTO disable]
 
-------------------------------------------------------------------------------------------------------
                     FILE(s)                    |         RAM (byte)       |       FLASH (byte)       |
-------------------------------------------------------------------------------------------------------
..\App\src\App.c():                             |           0              |          60              |
..\App\src\App_key.c():                         |         205              |         473              |
..\App\src\App_lighting.c():                    |          91              |        1837              |
..\App\src\App_protocol.c():                    |         129              |         363              |
..\App\src\App_usb.c():                         |           8              |         420              |
..\Bsp\src\bsp_adc_dma.c():                     |         148              |         544              |
..\Bsp\src\bsp_delay.c():                       |           0              |          36              |
..\Bsp\src\bsp_gpio.c():                        |           0              |         108              |
..\Bsp\src\bsp_spi_dma.c():                     |         160              |         328              |
..\Bsp\src\bsp_tim.c():                         |          64              |         156              |
..\Bsp\src\bsp_uart.c():                        |          76              |          28              |
..\Lib\src\lib_hall_sensor.c():                 |        1546              |        1500              |
..\Lib\src\lib_ws2812.c():                      |        1767              |        1405              |
..\User\Src\main.c():                           |           0              |         408  [+116]      |
..\Frimware\Src\py32f403_hal.c():               |           9              |         143              |
..\Frimware\Src\py32f403_hal_adc.c():           |           0              |         806              |
..\Frimware\Src\py32f403_hal_adc_ex.c():        |           0              |         292              |
..\Frimware\Src\py32f403_hal_cortex.c():        |           0              |         356              |
..\Frimware\Src\py32f403_hal_dma.c():           |           0              |        1532              |
..\Frimware\Src\py32f403_hal_gpio.c():          |           0              |         466              |
..\User\Src\py32f403_hal_msp.c():               |           0              |          64              |
..\Frimware\Src\py32f403_hal_rcc.c():           |           0              |        2112              |
..\Frimware\Src\py32f403_hal_rcc_ex.c():        |           0              |        1140              |
..\Frimware\Src\py32f403_hal_spi.c():           |           0              |        1370              |
..\Frimware\Src\py32f403_hal_tim.c():           |           0              |         726              |
..\Frimware\Src\py32f403_hal_tim_ex.c():        |           0              |           4              |
..\Frimware\Src\py32f403_hal_uart.c():          |           0              |         338              |
..\User\Src\py32f403_it.c():                    |           0              |          40              |
..\SEGGER_RTT_V754a\RTT\SEGGER_RTT.c():         |        1208              |         555              |
..\SEGGER_RTT_V754a\RTT\SEGGER_RTT_printf.c():  |           0              |        1112              |
..\Com\startup_py32f403xx.s():                  |        1024              |         340              |
..\Com\system_py32f403.c():                     |           4              |         728              |
..\User\Src\task.c():                           |          66              |         170              |
..\CherryUSB\port\usb_dc_py32.c():              |         386              |        2864  [+46]       |
..\CherryUSB\core\usbd_core.c():                |         368              |        2800  [+136]      |
..\CherryUSB\class\hid\usbd_hid.c():            |           0  [NEW]       |         192  [NEW]       |
..\User\Src\usbd_hid_keyboard_if.c():           |         173              |         526  [+397]      |
-------------------------------------------------------------------------------------------------------
LR_IROM1
        RAM 1             [0x20000000 | 0x00010000 (65536)]
                RW_IRAM1  [0x20000000]|¡ö¡õ¡õ¡õ¡õ_____________________________________________| (   7.3 KB /  64.0 KB )  11.4%  
 
        FLASH 1           [0x08000000 | 0x00040000 (262144)]
                ER_IROM1  [0x08000000]|¡ö¡ö¡ö_______________________________________________| (  25.5 KB / 320.0 KB )   8.0%  [+892]
 
Maximum Stack Usage =        376 bytes + Unknown(Cycles, Untraceable Function Pointers)
 
=============================================================================================================================
".\Objects\py32f403r1.axf" - 0 Error(s), 0 Warning(s).

<h2>Software Packages used:</h2>

Package Vendor: ARM
                http://www.keil.com/pack/ARM.CMSIS.5.9.0.pack
                ARM::CMSIS@5.9.0
                CMSIS (Common Microcontroller Software Interface Standard)
   * Component: CORE Version: 5.6.0

Package Vendor: Puya
                https://www.puyasemi.com/uploadfiles/Puya.PY32F4xx_DFP.1.0.6.pack
                Puya::PY32F4xx_DFP@1.0.6
                Puya PY32F4 Series Device Support

<h2>Collection of Component include folders:</h2>
  ./RTE/_Target_1
  D:/Keil_v5/Packs/ARM/CMSIS/5.9.0/CMSIS/Core/Include
  D:/Keil_v5/Packs/Puya/PY32F4xx_DFP/1.0.6/Drivers/CMSIS/Device/PUYA/PY32F4xx/Include

<h2>Collection of Component Files used:</h2>

   * Component: ARM::CMSIS:CORE@5.6.0
Build Time Elapsed:  00:00:01
</pre>
</body>
</html>
