<!doctype html public "-//w3c//dtd html 4.0 transitional//en">
<html><head>
<title>Static Call Graph - [.\Objects\py32f403r1.axf]</title></head>
<body><HR>
<H1>Static Call Graph for image .\Objects\py32f403r1.axf</H1><HR>
<BR><P>#&#060CALLGRAPH&#062# ARM Linker, 6210000: Last Updated: Mon Apr 20 15:50:41 2026
<BR><P>
<H3>Maximum Stack Usage =        180 bytes + Unknown(Cycles, Untraceable Function Pointers)</H3><H3>
Call chain for Maximum Stack Depth:</H3>
main &rArr; bsp_spi_dma_init &rArr; bsp_led_en_init &rArr; HAL_GPIO_Init
<P>
<H3>
Mutually Recursive functions
</H3> <LI><a href="#[1d]">ADC1_2_IRQHandler</a>&nbsp;&nbsp;&nbsp;&rArr;&nbsp;&nbsp;&nbsp;<a href="#[1d]">ADC1_2_IRQHandler</a><BR>
 <LI><a href="#[5]">BusFault_Handler</a>&nbsp;&nbsp;&nbsp;&rArr;&nbsp;&nbsp;&nbsp;<a href="#[5]">BusFault_Handler</a><BR>
 <LI><a href="#[3]">HardFault_Handler</a>&nbsp;&nbsp;&nbsp;&rArr;&nbsp;&nbsp;&nbsp;<a href="#[3]">HardFault_Handler</a><BR>
 <LI><a href="#[4]">MemManage_Handler</a>&nbsp;&nbsp;&nbsp;&rArr;&nbsp;&nbsp;&nbsp;<a href="#[4]">MemManage_Handler</a><BR>
 <LI><a href="#[6]">UsageFault_Handler</a>&nbsp;&nbsp;&nbsp;&rArr;&nbsp;&nbsp;&nbsp;<a href="#[6]">UsageFault_Handler</a><BR>
</UL>
<P>
<H3>
Function Pointers
</H3><UL>
 <LI><a href="#[1d]">ADC1_2_IRQHandler</a> from startup_py32f403xx.o(.text) referenced from startup_py32f403xx.o(RESET)
 <LI><a href="#[37]">ADC3_IRQHandler</a> from startup_py32f403xx.o(.text) referenced from startup_py32f403xx.o(RESET)
 <LI><a href="#[5]">BusFault_Handler</a> from py32f403_it.o(.text.BusFault_Handler) referenced from startup_py32f403xx.o(RESET)
 <LI><a href="#[1f]">CAN_IRQHandler</a> from startup_py32f403xx.o(.text) referenced from startup_py32f403xx.o(RESET)
 <LI><a href="#[16]">DMA1_Channel1_IRQHandler</a> from bsp_adc_dma.o(.text.DMA1_Channel1_IRQHandler) referenced from startup_py32f403xx.o(RESET)
 <LI><a href="#[17]">DMA1_Channel2_IRQHandler</a> from bsp_spi_dma.o(.text.DMA1_Channel2_IRQHandler) referenced from startup_py32f403xx.o(RESET)
 <LI><a href="#[18]">DMA1_Channel3_IRQHandler</a> from startup_py32f403xx.o(.text) referenced from startup_py32f403xx.o(RESET)
 <LI><a href="#[19]">DMA1_Channel4_IRQHandler</a> from startup_py32f403xx.o(.text) referenced from startup_py32f403xx.o(RESET)
 <LI><a href="#[1a]">DMA1_Channel5_IRQHandler</a> from startup_py32f403xx.o(.text) referenced from startup_py32f403xx.o(RESET)
 <LI><a href="#[1b]">DMA1_Channel6_IRQHandler</a> from startup_py32f403xx.o(.text) referenced from startup_py32f403xx.o(RESET)
 <LI><a href="#[1c]">DMA1_Channel7_IRQHandler</a> from startup_py32f403xx.o(.text) referenced from startup_py32f403xx.o(RESET)
 <LI><a href="#[40]">DMA2_Channel1_IRQHandler</a> from startup_py32f403xx.o(.text) referenced from startup_py32f403xx.o(RESET)
 <LI><a href="#[41]">DMA2_Channel2_IRQHandler</a> from startup_py32f403xx.o(.text) referenced from startup_py32f403xx.o(RESET)
 <LI><a href="#[42]">DMA2_Channel3_IRQHandler</a> from startup_py32f403xx.o(.text) referenced from startup_py32f403xx.o(RESET)
 <LI><a href="#[43]">DMA2_Channel4_5_IRQHandler</a> from startup_py32f403xx.o(.text) referenced from startup_py32f403xx.o(RESET)
 <LI><a href="#[8]">DebugMon_Handler</a> from py32f403_it.o(.text.DebugMon_Handler) referenced from startup_py32f403xx.o(RESET)
 <LI><a href="#[38]">ESMC_IRQHandler</a> from startup_py32f403xx.o(.text) referenced from startup_py32f403xx.o(RESET)
 <LI><a href="#[11]">EXTI0_IRQHandler</a> from startup_py32f403xx.o(.text) referenced from startup_py32f403xx.o(RESET)
 <LI><a href="#[31]">EXTI15_10_IRQHandler</a> from startup_py32f403xx.o(.text) referenced from startup_py32f403xx.o(RESET)
 <LI><a href="#[12]">EXTI1_IRQHandler</a> from startup_py32f403xx.o(.text) referenced from startup_py32f403xx.o(RESET)
 <LI><a href="#[13]">EXTI2_IRQHandler</a> from startup_py32f403xx.o(.text) referenced from startup_py32f403xx.o(RESET)
 <LI><a href="#[14]">EXTI3_IRQHandler</a> from startup_py32f403xx.o(.text) referenced from startup_py32f403xx.o(RESET)
 <LI><a href="#[15]">EXTI4_IRQHandler</a> from startup_py32f403xx.o(.text) referenced from startup_py32f403xx.o(RESET)
 <LI><a href="#[20]">EXTI9_5_IRQHandler</a> from startup_py32f403xx.o(.text) referenced from startup_py32f403xx.o(RESET)
 <LI><a href="#[f]">FLASH_IRQHandler</a> from startup_py32f403xx.o(.text) referenced from startup_py32f403xx.o(RESET)
 <LI><a href="#[3]">HardFault_Handler</a> from py32f403_it.o(.text.HardFault_Handler) referenced from startup_py32f403xx.o(RESET)
 <LI><a href="#[29]">I2C1_ER_IRQHandler</a> from startup_py32f403xx.o(.text) referenced from startup_py32f403xx.o(RESET)
 <LI><a href="#[28]">I2C1_EV_IRQHandler</a> from startup_py32f403xx.o(.text) referenced from startup_py32f403xx.o(RESET)
 <LI><a href="#[2b]">I2C2_ER_IRQHandler</a> from startup_py32f403xx.o(.text) referenced from startup_py32f403xx.o(RESET)
 <LI><a href="#[2a]">I2C2_EV_IRQHandler</a> from startup_py32f403xx.o(.text) referenced from startup_py32f403xx.o(RESET)
 <LI><a href="#[4]">MemManage_Handler</a> from py32f403_it.o(.text.MemManage_Handler) referenced from startup_py32f403xx.o(RESET)
 <LI><a href="#[2]">NMI_Handler</a> from py32f403_it.o(.text.NMI_Handler) referenced from startup_py32f403xx.o(RESET)
 <LI><a href="#[c]">PVD_IRQHandler</a> from startup_py32f403xx.o(.text) referenced from startup_py32f403xx.o(RESET)
 <LI><a href="#[9]">PendSV_Handler</a> from py32f403_it.o(.text.PendSV_Handler) referenced from startup_py32f403xx.o(RESET)
 <LI><a href="#[10]">RCC_CTC_IRQHandler</a> from startup_py32f403xx.o(.text) referenced from startup_py32f403xx.o(RESET)
 <LI><a href="#[32]">RTC_Alarm_IRQHandler</a> from startup_py32f403xx.o(.text) referenced from startup_py32f403xx.o(RESET)
 <LI><a href="#[e]">RTC_IRQHandler</a> from startup_py32f403xx.o(.text) referenced from startup_py32f403xx.o(RESET)
 <LI><a href="#[1]">Reset_Handler</a> from startup_py32f403xx.o(.text) referenced from startup_py32f403xx.o(RESET)
 <LI><a href="#[39]">SDIO_IRQHandler</a> from startup_py32f403xx.o(.text) referenced from startup_py32f403xx.o(RESET)
 <LI><a href="#[2c]">SPI1_IRQHandler</a> from startup_py32f403xx.o(.text) referenced from startup_py32f403xx.o(RESET)
 <LI><a href="#[2d]">SPI2_IRQHandler</a> from startup_py32f403xx.o(.text) referenced from startup_py32f403xx.o(RESET)
 <LI><a href="#[3b]">SPI3_IRQHandler</a> from startup_py32f403xx.o(.text) referenced from startup_py32f403xx.o(RESET)
 <LI><a href="#[49]">SPI_DMAError</a> from py32f403_hal_spi.o(.text.SPI_DMAError) referenced 2 times from py32f403_hal_spi.o(.text.HAL_SPI_Transmit_DMA)
 <LI><a href="#[47]">SPI_DMAHalfTransmitCplt</a> from py32f403_hal_spi.o(.text.SPI_DMAHalfTransmitCplt) referenced 2 times from py32f403_hal_spi.o(.text.HAL_SPI_Transmit_DMA)
 <LI><a href="#[48]">SPI_DMATransmitCplt</a> from py32f403_hal_spi.o(.text.SPI_DMATransmitCplt) referenced 2 times from py32f403_hal_spi.o(.text.HAL_SPI_Transmit_DMA)
 <LI><a href="#[7]">SVC_Handler</a> from py32f403_it.o(.text.SVC_Handler) referenced from startup_py32f403xx.o(RESET)
 <LI><a href="#[a]">SysTick_Handler</a> from py32f403_it.o(.text.SysTick_Handler) referenced from startup_py32f403xx.o(RESET)
 <LI><a href="#[45]">SystemInit</a> from system_py32f403.o(.text.SystemInit) referenced from startup_py32f403xx.o(.text)
 <LI><a href="#[d]">TAMPER_IRQHandler</a> from startup_py32f403xx.o(.text) referenced from startup_py32f403xx.o(RESET)
 <LI><a href="#[21]">TIM1_BRK_TIM9_IRQHandler</a> from startup_py32f403xx.o(.text) referenced from startup_py32f403xx.o(RESET)
 <LI><a href="#[24]">TIM1_CC_IRQHandler</a> from startup_py32f403xx.o(.text) referenced from startup_py32f403xx.o(RESET)
 <LI><a href="#[23]">TIM1_TRG_COM_TIM11_IRQHandler</a> from startup_py32f403xx.o(.text) referenced from startup_py32f403xx.o(RESET)
 <LI><a href="#[22]">TIM1_UP_TIM10_IRQHandler</a> from startup_py32f403xx.o(.text) referenced from startup_py32f403xx.o(RESET)
 <LI><a href="#[25]">TIM2_IRQHandler</a> from startup_py32f403xx.o(.text) referenced from startup_py32f403xx.o(RESET)
 <LI><a href="#[26]">TIM3_IRQHandler</a> from startup_py32f403xx.o(.text) referenced from startup_py32f403xx.o(RESET)
 <LI><a href="#[27]">TIM4_IRQHandler</a> from startup_py32f403xx.o(.text) referenced from startup_py32f403xx.o(RESET)
 <LI><a href="#[3a]">TIM5_IRQHandler</a> from startup_py32f403xx.o(.text) referenced from startup_py32f403xx.o(RESET)
 <LI><a href="#[3e]">TIM6_IRQHandler</a> from bsp_tim.o(.text.TIM6_IRQHandler) referenced from startup_py32f403xx.o(RESET)
 <LI><a href="#[3f]">TIM7_IRQHandler</a> from startup_py32f403xx.o(.text) referenced from startup_py32f403xx.o(RESET)
 <LI><a href="#[33]">TIM8_BRK_TIM12_IRQHandler</a> from startup_py32f403xx.o(.text) referenced from startup_py32f403xx.o(RESET)
 <LI><a href="#[36]">TIM8_CC_IRQHandler</a> from startup_py32f403xx.o(.text) referenced from startup_py32f403xx.o(RESET)
 <LI><a href="#[35]">TIM8_TRG_COM_TIM14_IRQHandler</a> from startup_py32f403xx.o(.text) referenced from startup_py32f403xx.o(RESET)
 <LI><a href="#[34]">TIM8_UP_TIM13_IRQHandler</a> from startup_py32f403xx.o(.text) referenced from startup_py32f403xx.o(RESET)
 <LI><a href="#[2e]">USART1_IRQHandler</a> from startup_py32f403xx.o(.text) referenced from startup_py32f403xx.o(RESET)
 <LI><a href="#[2f]">USART2_IRQHandler</a> from startup_py32f403xx.o(.text) referenced from startup_py32f403xx.o(RESET)
 <LI><a href="#[30]">USART3_IRQHandler</a> from startup_py32f403xx.o(.text) referenced from startup_py32f403xx.o(RESET)
 <LI><a href="#[3c]">USART4_IRQHandler</a> from startup_py32f403xx.o(.text) referenced from startup_py32f403xx.o(RESET)
 <LI><a href="#[3d]">USART5_IRQHandler</a> from startup_py32f403xx.o(.text) referenced from startup_py32f403xx.o(RESET)
 <LI><a href="#[1e]">USB_IRQHandler</a> from py32f403_it.o(.text.USB_IRQHandler) referenced from startup_py32f403xx.o(RESET)
 <LI><a href="#[6]">UsageFault_Handler</a> from py32f403_it.o(.text.UsageFault_Handler) referenced from startup_py32f403xx.o(RESET)
 <LI><a href="#[b]">WWDG_IRQHandler</a> from startup_py32f403xx.o(.text) referenced from startup_py32f403xx.o(RESET)
 <LI><a href="#[46]">__main</a> from entry.o(.ARM.Collect$$$$00000000) referenced from startup_py32f403xx.o(.text)
 <LI><a href="#[4a]">hid_class_interface_request_handler</a> from usbd_hid.o(.text.hid_class_interface_request_handler) referenced 2 times from usbd_hid.o(.text.usbd_hid_init_intf)
 <LI><a href="#[44]">main</a> from main.o(.text.main) referenced from entry9a.o(.ARM.Collect$$$$0000000B)
 <LI><a href="#[0]">usbd_hid_int_callback</a> from usbd_hid_keyboard_if.o(.text.usbd_hid_int_callback) referenced 2 times from usbd_hid_keyboard_if.o(.data.hid_in_ep)
</UL>
<P>
<H3>
Global Symbols
</H3>
<P><STRONG><a name="[46]"></a>__main</STRONG> (Thumb, 0 bytes, Stack size unknown bytes, entry.o(.ARM.Collect$$$$00000000))
<BR>[Address Reference Count : 1]<UL><LI> startup_py32f403xx.o(.text)
</UL>
<P><STRONG><a name="[ab]"></a>_main_stk</STRONG> (Thumb, 0 bytes, Stack size unknown bytes, entry2.o(.ARM.Collect$$$$00000001))

<P><STRONG><a name="[4b]"></a>_main_scatterload</STRONG> (Thumb, 0 bytes, Stack size unknown bytes, entry5.o(.ARM.Collect$$$$00000004))
<BR><BR>[Calls]<UL><LI><a href="#[4c]">&gt;&gt;</a>&nbsp;&nbsp;&nbsp;__scatterload
</UL>

<P><STRONG><a name="[50]"></a>__main_after_scatterload</STRONG> (Thumb, 0 bytes, Stack size unknown bytes, entry5.o(.ARM.Collect$$$$00000004))
<BR><BR>[Called By]<UL><LI><a href="#[4c]">&gt;&gt;</a>&nbsp;&nbsp;&nbsp;__scatterload
</UL>

<P><STRONG><a name="[ac]"></a>_main_clock</STRONG> (Thumb, 0 bytes, Stack size unknown bytes, entry7b.o(.ARM.Collect$$$$00000008))

<P><STRONG><a name="[ad]"></a>_main_cpp_init</STRONG> (Thumb, 0 bytes, Stack size unknown bytes, entry8b.o(.ARM.Collect$$$$0000000A))

<P><STRONG><a name="[ae]"></a>_main_init</STRONG> (Thumb, 0 bytes, Stack size unknown bytes, entry9a.o(.ARM.Collect$$$$0000000B))

<P><STRONG><a name="[af]"></a>__rt_final_cpp</STRONG> (Thumb, 0 bytes, Stack size unknown bytes, entry10a.o(.ARM.Collect$$$$0000000D))

<P><STRONG><a name="[b0]"></a>__rt_final_exit</STRONG> (Thumb, 0 bytes, Stack size unknown bytes, entry11a.o(.ARM.Collect$$$$0000000F))

<P><STRONG><a name="[1]"></a>Reset_Handler</STRONG> (Thumb, 8 bytes, Stack size 0 bytes, startup_py32f403xx.o(.text))
<BR>[Address Reference Count : 1]<UL><LI> startup_py32f403xx.o(RESET)
</UL>
<P><STRONG><a name="[1d]"></a>ADC1_2_IRQHandler</STRONG> (Thumb, 0 bytes, Stack size 0 bytes, startup_py32f403xx.o(.text))
<BR><BR>[Calls]<UL><LI><a href="#[1d]">&gt;&gt;</a>&nbsp;&nbsp;&nbsp;ADC1_2_IRQHandler
</UL>
<BR>[Called By]<UL><LI><a href="#[1d]">&gt;&gt;</a>&nbsp;&nbsp;&nbsp;ADC1_2_IRQHandler
</UL>
<BR>[Address Reference Count : 1]<UL><LI> startup_py32f403xx.o(RESET)
</UL>
<P><STRONG><a name="[37]"></a>ADC3_IRQHandler</STRONG> (Thumb, 0 bytes, Stack size 0 bytes, startup_py32f403xx.o(.text))
<BR>[Address Reference Count : 1]<UL><LI> startup_py32f403xx.o(RESET)
</UL>
<P><STRONG><a name="[1f]"></a>CAN_IRQHandler</STRONG> (Thumb, 0 bytes, Stack size 0 bytes, startup_py32f403xx.o(.text))
<BR>[Address Reference Count : 1]<UL><LI> startup_py32f403xx.o(RESET)
</UL>
<P><STRONG><a name="[18]"></a>DMA1_Channel3_IRQHandler</STRONG> (Thumb, 0 bytes, Stack size 0 bytes, startup_py32f403xx.o(.text))
<BR>[Address Reference Count : 1]<UL><LI> startup_py32f403xx.o(RESET)
</UL>
<P><STRONG><a name="[19]"></a>DMA1_Channel4_IRQHandler</STRONG> (Thumb, 0 bytes, Stack size 0 bytes, startup_py32f403xx.o(.text))
<BR>[Address Reference Count : 1]<UL><LI> startup_py32f403xx.o(RESET)
</UL>
<P><STRONG><a name="[1a]"></a>DMA1_Channel5_IRQHandler</STRONG> (Thumb, 0 bytes, Stack size 0 bytes, startup_py32f403xx.o(.text))
<BR>[Address Reference Count : 1]<UL><LI> startup_py32f403xx.o(RESET)
</UL>
<P><STRONG><a name="[1b]"></a>DMA1_Channel6_IRQHandler</STRONG> (Thumb, 0 bytes, Stack size 0 bytes, startup_py32f403xx.o(.text))
<BR>[Address Reference Count : 1]<UL><LI> startup_py32f403xx.o(RESET)
</UL>
<P><STRONG><a name="[1c]"></a>DMA1_Channel7_IRQHandler</STRONG> (Thumb, 0 bytes, Stack size 0 bytes, startup_py32f403xx.o(.text))
<BR>[Address Reference Count : 1]<UL><LI> startup_py32f403xx.o(RESET)
</UL>
<P><STRONG><a name="[40]"></a>DMA2_Channel1_IRQHandler</STRONG> (Thumb, 0 bytes, Stack size 0 bytes, startup_py32f403xx.o(.text))
<BR>[Address Reference Count : 1]<UL><LI> startup_py32f403xx.o(RESET)
</UL>
<P><STRONG><a name="[41]"></a>DMA2_Channel2_IRQHandler</STRONG> (Thumb, 0 bytes, Stack size 0 bytes, startup_py32f403xx.o(.text))
<BR>[Address Reference Count : 1]<UL><LI> startup_py32f403xx.o(RESET)
</UL>
<P><STRONG><a name="[42]"></a>DMA2_Channel3_IRQHandler</STRONG> (Thumb, 0 bytes, Stack size 0 bytes, startup_py32f403xx.o(.text))
<BR>[Address Reference Count : 1]<UL><LI> startup_py32f403xx.o(RESET)
</UL>
<P><STRONG><a name="[43]"></a>DMA2_Channel4_5_IRQHandler</STRONG> (Thumb, 0 bytes, Stack size 0 bytes, startup_py32f403xx.o(.text))
<BR>[Address Reference Count : 1]<UL><LI> startup_py32f403xx.o(RESET)
</UL>
<P><STRONG><a name="[38]"></a>ESMC_IRQHandler</STRONG> (Thumb, 0 bytes, Stack size 0 bytes, startup_py32f403xx.o(.text))
<BR>[Address Reference Count : 1]<UL><LI> startup_py32f403xx.o(RESET)
</UL>
<P><STRONG><a name="[11]"></a>EXTI0_IRQHandler</STRONG> (Thumb, 0 bytes, Stack size 0 bytes, startup_py32f403xx.o(.text))
<BR>[Address Reference Count : 1]<UL><LI> startup_py32f403xx.o(RESET)
</UL>
<P><STRONG><a name="[31]"></a>EXTI15_10_IRQHandler</STRONG> (Thumb, 0 bytes, Stack size 0 bytes, startup_py32f403xx.o(.text))
<BR>[Address Reference Count : 1]<UL><LI> startup_py32f403xx.o(RESET)
</UL>
<P><STRONG><a name="[12]"></a>EXTI1_IRQHandler</STRONG> (Thumb, 0 bytes, Stack size 0 bytes, startup_py32f403xx.o(.text))
<BR>[Address Reference Count : 1]<UL><LI> startup_py32f403xx.o(RESET)
</UL>
<P><STRONG><a name="[13]"></a>EXTI2_IRQHandler</STRONG> (Thumb, 0 bytes, Stack size 0 bytes, startup_py32f403xx.o(.text))
<BR>[Address Reference Count : 1]<UL><LI> startup_py32f403xx.o(RESET)
</UL>
<P><STRONG><a name="[14]"></a>EXTI3_IRQHandler</STRONG> (Thumb, 0 bytes, Stack size 0 bytes, startup_py32f403xx.o(.text))
<BR>[Address Reference Count : 1]<UL><LI> startup_py32f403xx.o(RESET)
</UL>
<P><STRONG><a name="[15]"></a>EXTI4_IRQHandler</STRONG> (Thumb, 0 bytes, Stack size 0 bytes, startup_py32f403xx.o(.text))
<BR>[Address Reference Count : 1]<UL><LI> startup_py32f403xx.o(RESET)
</UL>
<P><STRONG><a name="[20]"></a>EXTI9_5_IRQHandler</STRONG> (Thumb, 0 bytes, Stack size 0 bytes, startup_py32f403xx.o(.text))
<BR>[Address Reference Count : 1]<UL><LI> startup_py32f403xx.o(RESET)
</UL>
<P><STRONG><a name="[f]"></a>FLASH_IRQHandler</STRONG> (Thumb, 0 bytes, Stack size 0 bytes, startup_py32f403xx.o(.text))
<BR>[Address Reference Count : 1]<UL><LI> startup_py32f403xx.o(RESET)
</UL>
<P><STRONG><a name="[29]"></a>I2C1_ER_IRQHandler</STRONG> (Thumb, 0 bytes, Stack size 0 bytes, startup_py32f403xx.o(.text))
<BR>[Address Reference Count : 1]<UL><LI> startup_py32f403xx.o(RESET)
</UL>
<P><STRONG><a name="[28]"></a>I2C1_EV_IRQHandler</STRONG> (Thumb, 0 bytes, Stack size 0 bytes, startup_py32f403xx.o(.text))
<BR>[Address Reference Count : 1]<UL><LI> startup_py32f403xx.o(RESET)
</UL>
<P><STRONG><a name="[2b]"></a>I2C2_ER_IRQHandler</STRONG> (Thumb, 0 bytes, Stack size 0 bytes, startup_py32f403xx.o(.text))
<BR>[Address Reference Count : 1]<UL><LI> startup_py32f403xx.o(RESET)
</UL>
<P><STRONG><a name="[2a]"></a>I2C2_EV_IRQHandler</STRONG> (Thumb, 0 bytes, Stack size 0 bytes, startup_py32f403xx.o(.text))
<BR>[Address Reference Count : 1]<UL><LI> startup_py32f403xx.o(RESET)
</UL>
<P><STRONG><a name="[c]"></a>PVD_IRQHandler</STRONG> (Thumb, 0 bytes, Stack size 0 bytes, startup_py32f403xx.o(.text))
<BR>[Address Reference Count : 1]<UL><LI> startup_py32f403xx.o(RESET)
</UL>
<P><STRONG><a name="[10]"></a>RCC_CTC_IRQHandler</STRONG> (Thumb, 0 bytes, Stack size 0 bytes, startup_py32f403xx.o(.text))
<BR>[Address Reference Count : 1]<UL><LI> startup_py32f403xx.o(RESET)
</UL>
<P><STRONG><a name="[32]"></a>RTC_Alarm_IRQHandler</STRONG> (Thumb, 0 bytes, Stack size 0 bytes, startup_py32f403xx.o(.text))
<BR>[Address Reference Count : 1]<UL><LI> startup_py32f403xx.o(RESET)
</UL>
<P><STRONG><a name="[e]"></a>RTC_IRQHandler</STRONG> (Thumb, 0 bytes, Stack size 0 bytes, startup_py32f403xx.o(.text))
<BR>[Address Reference Count : 1]<UL><LI> startup_py32f403xx.o(RESET)
</UL>
<P><STRONG><a name="[39]"></a>SDIO_IRQHandler</STRONG> (Thumb, 0 bytes, Stack size 0 bytes, startup_py32f403xx.o(.text))
<BR>[Address Reference Count : 1]<UL><LI> startup_py32f403xx.o(RESET)
</UL>
<P><STRONG><a name="[2c]"></a>SPI1_IRQHandler</STRONG> (Thumb, 0 bytes, Stack size 0 bytes, startup_py32f403xx.o(.text))
<BR>[Address Reference Count : 1]<UL><LI> startup_py32f403xx.o(RESET)
</UL>
<P><STRONG><a name="[2d]"></a>SPI2_IRQHandler</STRONG> (Thumb, 0 bytes, Stack size 0 bytes, startup_py32f403xx.o(.text))
<BR>[Address Reference Count : 1]<UL><LI> startup_py32f403xx.o(RESET)
</UL>
<P><STRONG><a name="[3b]"></a>SPI3_IRQHandler</STRONG> (Thumb, 0 bytes, Stack size 0 bytes, startup_py32f403xx.o(.text))
<BR>[Address Reference Count : 1]<UL><LI> startup_py32f403xx.o(RESET)
</UL>
<P><STRONG><a name="[d]"></a>TAMPER_IRQHandler</STRONG> (Thumb, 0 bytes, Stack size 0 bytes, startup_py32f403xx.o(.text))
<BR>[Address Reference Count : 1]<UL><LI> startup_py32f403xx.o(RESET)
</UL>
<P><STRONG><a name="[21]"></a>TIM1_BRK_TIM9_IRQHandler</STRONG> (Thumb, 0 bytes, Stack size 0 bytes, startup_py32f403xx.o(.text))
<BR>[Address Reference Count : 1]<UL><LI> startup_py32f403xx.o(RESET)
</UL>
<P><STRONG><a name="[24]"></a>TIM1_CC_IRQHandler</STRONG> (Thumb, 0 bytes, Stack size 0 bytes, startup_py32f403xx.o(.text))
<BR>[Address Reference Count : 1]<UL><LI> startup_py32f403xx.o(RESET)
</UL>
<P><STRONG><a name="[23]"></a>TIM1_TRG_COM_TIM11_IRQHandler</STRONG> (Thumb, 0 bytes, Stack size 0 bytes, startup_py32f403xx.o(.text))
<BR>[Address Reference Count : 1]<UL><LI> startup_py32f403xx.o(RESET)
</UL>
<P><STRONG><a name="[22]"></a>TIM1_UP_TIM10_IRQHandler</STRONG> (Thumb, 0 bytes, Stack size 0 bytes, startup_py32f403xx.o(.text))
<BR>[Address Reference Count : 1]<UL><LI> startup_py32f403xx.o(RESET)
</UL>
<P><STRONG><a name="[25]"></a>TIM2_IRQHandler</STRONG> (Thumb, 0 bytes, Stack size 0 bytes, startup_py32f403xx.o(.text))
<BR>[Address Reference Count : 1]<UL><LI> startup_py32f403xx.o(RESET)
</UL>
<P><STRONG><a name="[26]"></a>TIM3_IRQHandler</STRONG> (Thumb, 0 bytes, Stack size 0 bytes, startup_py32f403xx.o(.text))
<BR>[Address Reference Count : 1]<UL><LI> startup_py32f403xx.o(RESET)
</UL>
<P><STRONG><a name="[27]"></a>TIM4_IRQHandler</STRONG> (Thumb, 0 bytes, Stack size 0 bytes, startup_py32f403xx.o(.text))
<BR>[Address Reference Count : 1]<UL><LI> startup_py32f403xx.o(RESET)
</UL>
<P><STRONG><a name="[3a]"></a>TIM5_IRQHandler</STRONG> (Thumb, 0 bytes, Stack size 0 bytes, startup_py32f403xx.o(.text))
<BR>[Address Reference Count : 1]<UL><LI> startup_py32f403xx.o(RESET)
</UL>
<P><STRONG><a name="[3f]"></a>TIM7_IRQHandler</STRONG> (Thumb, 0 bytes, Stack size 0 bytes, startup_py32f403xx.o(.text))
<BR>[Address Reference Count : 1]<UL><LI> startup_py32f403xx.o(RESET)
</UL>
<P><STRONG><a name="[33]"></a>TIM8_BRK_TIM12_IRQHandler</STRONG> (Thumb, 0 bytes, Stack size 0 bytes, startup_py32f403xx.o(.text))
<BR>[Address Reference Count : 1]<UL><LI> startup_py32f403xx.o(RESET)
</UL>
<P><STRONG><a name="[36]"></a>TIM8_CC_IRQHandler</STRONG> (Thumb, 0 bytes, Stack size 0 bytes, startup_py32f403xx.o(.text))
<BR>[Address Reference Count : 1]<UL><LI> startup_py32f403xx.o(RESET)
</UL>
<P><STRONG><a name="[35]"></a>TIM8_TRG_COM_TIM14_IRQHandler</STRONG> (Thumb, 0 bytes, Stack size 0 bytes, startup_py32f403xx.o(.text))
<BR>[Address Reference Count : 1]<UL><LI> startup_py32f403xx.o(RESET)
</UL>
<P><STRONG><a name="[34]"></a>TIM8_UP_TIM13_IRQHandler</STRONG> (Thumb, 0 bytes, Stack size 0 bytes, startup_py32f403xx.o(.text))
<BR>[Address Reference Count : 1]<UL><LI> startup_py32f403xx.o(RESET)
</UL>
<P><STRONG><a name="[2e]"></a>USART1_IRQHandler</STRONG> (Thumb, 0 bytes, Stack size 0 bytes, startup_py32f403xx.o(.text))
<BR>[Address Reference Count : 1]<UL><LI> startup_py32f403xx.o(RESET)
</UL>
<P><STRONG><a name="[2f]"></a>USART2_IRQHandler</STRONG> (Thumb, 0 bytes, Stack size 0 bytes, startup_py32f403xx.o(.text))
<BR>[Address Reference Count : 1]<UL><LI> startup_py32f403xx.o(RESET)
</UL>
<P><STRONG><a name="[30]"></a>USART3_IRQHandler</STRONG> (Thumb, 0 bytes, Stack size 0 bytes, startup_py32f403xx.o(.text))
<BR>[Address Reference Count : 1]<UL><LI> startup_py32f403xx.o(RESET)
</UL>
<P><STRONG><a name="[3c]"></a>USART4_IRQHandler</STRONG> (Thumb, 0 bytes, Stack size 0 bytes, startup_py32f403xx.o(.text))
<BR>[Address Reference Count : 1]<UL><LI> startup_py32f403xx.o(RESET)
</UL>
<P><STRONG><a name="[3d]"></a>USART5_IRQHandler</STRONG> (Thumb, 0 bytes, Stack size 0 bytes, startup_py32f403xx.o(.text))
<BR>[Address Reference Count : 1]<UL><LI> startup_py32f403xx.o(RESET)
</UL>
<P><STRONG><a name="[b]"></a>WWDG_IRQHandler</STRONG> (Thumb, 0 bytes, Stack size 0 bytes, startup_py32f403xx.o(.text))
<BR>[Address Reference Count : 1]<UL><LI> startup_py32f403xx.o(RESET)
</UL>
<P><STRONG><a name="[a2]"></a>__aeabi_memcpy</STRONG> (Thumb, 36 bytes, Stack size 0 bytes, memcpya.o(.text))
<BR><BR>[Called By]<UL><LI><a href="#[82]">&gt;&gt;</a>&nbsp;&nbsp;&nbsp;usbd_event_ep0_setup_complete_handler
</UL>

<P><STRONG><a name="[b1]"></a>__aeabi_memcpy4</STRONG> (Thumb, 0 bytes, Stack size 0 bytes, memcpya.o(.text), UNUSED)

<P><STRONG><a name="[b2]"></a>__aeabi_memcpy8</STRONG> (Thumb, 0 bytes, Stack size 0 bytes, memcpya.o(.text), UNUSED)

<P><STRONG><a name="[4e]"></a>__aeabi_memset</STRONG> (Thumb, 14 bytes, Stack size 0 bytes, memseta.o(.text), UNUSED)
<BR><BR>[Called By]<UL><LI><a href="#[4f]">&gt;&gt;</a>&nbsp;&nbsp;&nbsp;_memset$wrapper
<LI><a href="#[4d]">&gt;&gt;</a>&nbsp;&nbsp;&nbsp;__aeabi_memclr
</UL>

<P><STRONG><a name="[b3]"></a>__aeabi_memset4</STRONG> (Thumb, 0 bytes, Stack size 0 bytes, memseta.o(.text), UNUSED)

<P><STRONG><a name="[b4]"></a>__aeabi_memset8</STRONG> (Thumb, 0 bytes, Stack size 0 bytes, memseta.o(.text), UNUSED)

<P><STRONG><a name="[4d]"></a>__aeabi_memclr</STRONG> (Thumb, 4 bytes, Stack size 0 bytes, memseta.o(.text), UNUSED)
<BR><BR>[Calls]<UL><LI><a href="#[4e]">&gt;&gt;</a>&nbsp;&nbsp;&nbsp;__aeabi_memset
</UL>

<P><STRONG><a name="[52]"></a>__aeabi_memclr4</STRONG> (Thumb, 0 bytes, Stack size 0 bytes, memseta.o(.text))
<BR><BR>[Called By]<UL><LI><a href="#[44]">&gt;&gt;</a>&nbsp;&nbsp;&nbsp;main
<LI><a href="#[9a]">&gt;&gt;</a>&nbsp;&nbsp;&nbsp;lib_ws2812_init
<LI><a href="#[51]">&gt;&gt;</a>&nbsp;&nbsp;&nbsp;APP_LoadTrim
</UL>

<P><STRONG><a name="[7c]"></a>__aeabi_memclr8</STRONG> (Thumb, 0 bytes, Stack size 0 bytes, memseta.o(.text))
<BR><BR>[Called By]<UL><LI><a href="#[7b]">&gt;&gt;</a>&nbsp;&nbsp;&nbsp;USBD_IRQHandler
</UL>

<P><STRONG><a name="[4f]"></a>_memset$wrapper</STRONG> (Thumb, 18 bytes, Stack size 8 bytes, memseta.o(.text), UNUSED)
<BR><BR>[Calls]<UL><LI><a href="#[4e]">&gt;&gt;</a>&nbsp;&nbsp;&nbsp;__aeabi_memset
</UL>

<P><STRONG><a name="[4c]"></a>__scatterload</STRONG> (Thumb, 38 bytes, Stack size 0 bytes, init.o(.text))
<BR><BR>[Calls]<UL><LI><a href="#[50]">&gt;&gt;</a>&nbsp;&nbsp;&nbsp;__main_after_scatterload
</UL>
<BR>[Called By]<UL><LI><a href="#[4b]">&gt;&gt;</a>&nbsp;&nbsp;&nbsp;_main_scatterload
</UL>

<P><STRONG><a name="[b5]"></a>__scatterload_rt2</STRONG> (Thumb, 0 bytes, Stack size 0 bytes, init.o(.text), UNUSED)

<P><STRONG><a name="[b6]"></a>__decompress</STRONG> (Thumb, 0 bytes, Stack size unknown bytes, __dczerorl.o(.text), UNUSED)

<P><STRONG><a name="[b7]"></a>__decompress0</STRONG> (Thumb, 58 bytes, Stack size unknown bytes, __dczerorl.o(.text), UNUSED)

<P><STRONG><a name="[51]"></a>APP_LoadTrim</STRONG> (Thumb, 464 bytes, Stack size 144 bytes, system_py32f403.o(.text.APP_LoadTrim))
<BR><BR>[Stack]<UL><LI>Max Depth = 144<LI>Call Chain = APP_LoadTrim
</UL>
<BR>[Calls]<UL><LI><a href="#[53]">&gt;&gt;</a>&nbsp;&nbsp;&nbsp;HAL_NVIC_SystemReset
<LI><a href="#[52]">&gt;&gt;</a>&nbsp;&nbsp;&nbsp;__aeabi_memclr4
</UL>
<BR>[Called By]<UL><LI><a href="#[45]">&gt;&gt;</a>&nbsp;&nbsp;&nbsp;SystemInit
</UL>

<P><STRONG><a name="[54]"></a>App_usb_test_task</STRONG> (Thumb, 50 bytes, Stack size 16 bytes, app.o(.text.App_usb_test_task))
<BR><BR>[Stack]<UL><LI>Max Depth = 32<LI>Call Chain = App_usb_test_task &rArr; usbd_ep_start_write
</UL>
<BR>[Calls]<UL><LI><a href="#[55]">&gt;&gt;</a>&nbsp;&nbsp;&nbsp;usbd_ep_start_write
</UL>
<BR>[Called By]<UL><LI><a href="#[78]">&gt;&gt;</a>&nbsp;&nbsp;&nbsp;Task_exec
</UL>

<P><STRONG><a name="[5]"></a>BusFault_Handler</STRONG> (Thumb, 2 bytes, Stack size 0 bytes, py32f403_it.o(.text.BusFault_Handler))
<BR><BR>[Calls]<UL><LI><a href="#[5]">&gt;&gt;</a>&nbsp;&nbsp;&nbsp;BusFault_Handler
</UL>
<BR>[Called By]<UL><LI><a href="#[5]">&gt;&gt;</a>&nbsp;&nbsp;&nbsp;BusFault_Handler
</UL>
<BR>[Address Reference Count : 1]<UL><LI> startup_py32f403xx.o(RESET)
</UL>
<P><STRONG><a name="[16]"></a>DMA1_Channel1_IRQHandler</STRONG> (Thumb, 12 bytes, Stack size 0 bytes, bsp_adc_dma.o(.text.DMA1_Channel1_IRQHandler))
<BR><BR>[Stack]<UL><LI>Max Depth = 8<LI>Call Chain = DMA1_Channel1_IRQHandler &rArr; HAL_DMA_IRQHandler
</UL>
<BR>[Calls]<UL><LI><a href="#[56]">&gt;&gt;</a>&nbsp;&nbsp;&nbsp;HAL_DMA_IRQHandler
</UL>
<BR>[Address Reference Count : 1]<UL><LI> startup_py32f403xx.o(RESET)
</UL>
<P><STRONG><a name="[17]"></a>DMA1_Channel2_IRQHandler</STRONG> (Thumb, 12 bytes, Stack size 0 bytes, bsp_spi_dma.o(.text.DMA1_Channel2_IRQHandler))
<BR><BR>[Stack]<UL><LI>Max Depth = 8<LI>Call Chain = DMA1_Channel2_IRQHandler &rArr; HAL_DMA_IRQHandler
</UL>
<BR>[Calls]<UL><LI><a href="#[56]">&gt;&gt;</a>&nbsp;&nbsp;&nbsp;HAL_DMA_IRQHandler
</UL>
<BR>[Address Reference Count : 1]<UL><LI> startup_py32f403xx.o(RESET)
</UL>
<P><STRONG><a name="[8]"></a>DebugMon_Handler</STRONG> (Thumb, 2 bytes, Stack size 0 bytes, py32f403_it.o(.text.DebugMon_Handler))
<BR>[Address Reference Count : 1]<UL><LI> startup_py32f403xx.o(RESET)
</UL>
<P><STRONG><a name="[89]"></a>HAL_DMA_ChannelMap</STRONG> (Thumb, 134 bytes, Stack size 12 bytes, py32f403_hal_dma.o(.text.HAL_DMA_ChannelMap))
<BR><BR>[Stack]<UL><LI>Max Depth = 12<LI>Call Chain = HAL_DMA_ChannelMap
</UL>
<BR>[Called By]<UL><LI><a href="#[87]">&gt;&gt;</a>&nbsp;&nbsp;&nbsp;bsp_spi_dma_init
</UL>

<P><STRONG><a name="[56]"></a>HAL_DMA_IRQHandler</STRONG> (Thumb, 630 bytes, Stack size 8 bytes, py32f403_hal_dma.o(.text.HAL_DMA_IRQHandler))
<BR><BR>[Stack]<UL><LI>Max Depth = 8<LI>Call Chain = HAL_DMA_IRQHandler
</UL>
<BR>[Called By]<UL><LI><a href="#[17]">&gt;&gt;</a>&nbsp;&nbsp;&nbsp;DMA1_Channel2_IRQHandler
<LI><a href="#[16]">&gt;&gt;</a>&nbsp;&nbsp;&nbsp;DMA1_Channel1_IRQHandler
</UL>

<P><STRONG><a name="[88]"></a>HAL_DMA_Init</STRONG> (Thumb, 142 bytes, Stack size 24 bytes, py32f403_hal_dma.o(.text.HAL_DMA_Init))
<BR><BR>[Stack]<UL><LI>Max Depth = 24<LI>Call Chain = HAL_DMA_Init
</UL>
<BR>[Called By]<UL><LI><a href="#[87]">&gt;&gt;</a>&nbsp;&nbsp;&nbsp;bsp_spi_dma_init
</UL>

<P><STRONG><a name="[64]"></a>HAL_DMA_Start_IT</STRONG> (Thumb, 156 bytes, Stack size 20 bytes, py32f403_hal_dma.o(.text.HAL_DMA_Start_IT))
<BR><BR>[Stack]<UL><LI>Max Depth = 20<LI>Call Chain = HAL_DMA_Start_IT
</UL>
<BR>[Called By]<UL><LI><a href="#[63]">&gt;&gt;</a>&nbsp;&nbsp;&nbsp;HAL_SPI_Transmit_DMA
</UL>

<P><STRONG><a name="[84]"></a>HAL_GPIO_Init</STRONG> (Thumb, 398 bytes, Stack size 44 bytes, py32f403_hal_gpio.o(.text.HAL_GPIO_Init))
<BR><BR>[Stack]<UL><LI>Max Depth = 44<LI>Call Chain = HAL_GPIO_Init
</UL>
<BR>[Called By]<UL><LI><a href="#[83]">&gt;&gt;</a>&nbsp;&nbsp;&nbsp;bsp_led_en_init
<LI><a href="#[87]">&gt;&gt;</a>&nbsp;&nbsp;&nbsp;bsp_spi_dma_init
<LI><a href="#[8c]">&gt;&gt;</a>&nbsp;&nbsp;&nbsp;bsp_usart_init
</UL>

<P><STRONG><a name="[85]"></a>HAL_GPIO_WritePin</STRONG> (Thumb, 12 bytes, Stack size 0 bytes, py32f403_hal_gpio.o(.text.HAL_GPIO_WritePin))
<BR><BR>[Called By]<UL><LI><a href="#[86]">&gt;&gt;</a>&nbsp;&nbsp;&nbsp;bsp_led_en_set
<LI><a href="#[83]">&gt;&gt;</a>&nbsp;&nbsp;&nbsp;bsp_led_en_init
</UL>

<P><STRONG><a name="[5f]"></a>HAL_GetTick</STRONG> (Thumb, 12 bytes, Stack size 0 bytes, py32f403_hal.o(.text.HAL_GetTick))
<BR><BR>[Called By]<UL><LI><a href="#[75]">&gt;&gt;</a>&nbsp;&nbsp;&nbsp;SPI_WaitFlagStateUntilTimeout
<LI><a href="#[74]">&gt;&gt;</a>&nbsp;&nbsp;&nbsp;SPI_WaitFifoStateUntilTimeout
<LI><a href="#[71]">&gt;&gt;</a>&nbsp;&nbsp;&nbsp;HAL_UART_Transmit
<LI><a href="#[5e]">&gt;&gt;</a>&nbsp;&nbsp;&nbsp;HAL_RCC_ClockConfig
<LI><a href="#[60]">&gt;&gt;</a>&nbsp;&nbsp;&nbsp;HAL_RCC_OscConfig
<LI><a href="#[48]">&gt;&gt;</a>&nbsp;&nbsp;&nbsp;SPI_DMATransmitCplt
</UL>

<P><STRONG><a name="[77]"></a>HAL_IncTick</STRONG> (Thumb, 26 bytes, Stack size 0 bytes, py32f403_hal.o(.text.HAL_IncTick))
<BR><BR>[Called By]<UL><LI><a href="#[a]">&gt;&gt;</a>&nbsp;&nbsp;&nbsp;SysTick_Handler
</UL>

<P><STRONG><a name="[57]"></a>HAL_Init</STRONG> (Thumb, 22 bytes, Stack size 8 bytes, py32f403_hal.o(.text.HAL_Init))
<BR><BR>[Stack]<UL><LI>Max Depth = 32<LI>Call Chain = HAL_Init &rArr; HAL_InitTick &rArr; HAL_NVIC_SetPriority
</UL>
<BR>[Calls]<UL><LI><a href="#[59]">&gt;&gt;</a>&nbsp;&nbsp;&nbsp;HAL_InitTick
<LI><a href="#[58]">&gt;&gt;</a>&nbsp;&nbsp;&nbsp;HAL_NVIC_SetPriorityGrouping
<LI><a href="#[5a]">&gt;&gt;</a>&nbsp;&nbsp;&nbsp;HAL_MspInit
</UL>
<BR>[Called By]<UL><LI><a href="#[44]">&gt;&gt;</a>&nbsp;&nbsp;&nbsp;main
</UL>

<P><STRONG><a name="[59]"></a>HAL_InitTick</STRONG> (Thumb, 80 bytes, Stack size 16 bytes, py32f403_hal.o(.text.HAL_InitTick))
<BR><BR>[Stack]<UL><LI>Max Depth = 24<LI>Call Chain = HAL_InitTick &rArr; HAL_NVIC_SetPriority
</UL>
<BR>[Calls]<UL><LI><a href="#[5b]">&gt;&gt;</a>&nbsp;&nbsp;&nbsp;HAL_SYSTICK_Config
<LI><a href="#[5c]">&gt;&gt;</a>&nbsp;&nbsp;&nbsp;HAL_NVIC_SetPriority
</UL>
<BR>[Called By]<UL><LI><a href="#[5e]">&gt;&gt;</a>&nbsp;&nbsp;&nbsp;HAL_RCC_ClockConfig
<LI><a href="#[57]">&gt;&gt;</a>&nbsp;&nbsp;&nbsp;HAL_Init
</UL>

<P><STRONG><a name="[5a]"></a>HAL_MspInit</STRONG> (Thumb, 50 bytes, Stack size 8 bytes, py32f403_hal_msp.o(.text.HAL_MspInit))
<BR><BR>[Stack]<UL><LI>Max Depth = 8<LI>Call Chain = HAL_MspInit
</UL>
<BR>[Called By]<UL><LI><a href="#[57]">&gt;&gt;</a>&nbsp;&nbsp;&nbsp;HAL_Init
</UL>

<P><STRONG><a name="[8a]"></a>HAL_NVIC_EnableIRQ</STRONG> (Thumb, 32 bytes, Stack size 0 bytes, py32f403_hal_cortex.o(.text.HAL_NVIC_EnableIRQ))
<BR><BR>[Called By]<UL><LI><a href="#[87]">&gt;&gt;</a>&nbsp;&nbsp;&nbsp;bsp_spi_dma_init
</UL>

<P><STRONG><a name="[5c]"></a>HAL_NVIC_SetPriority</STRONG> (Thumb, 86 bytes, Stack size 8 bytes, py32f403_hal_cortex.o(.text.HAL_NVIC_SetPriority))
<BR><BR>[Stack]<UL><LI>Max Depth = 8<LI>Call Chain = HAL_NVIC_SetPriority
</UL>
<BR>[Called By]<UL><LI><a href="#[59]">&gt;&gt;</a>&nbsp;&nbsp;&nbsp;HAL_InitTick
<LI><a href="#[87]">&gt;&gt;</a>&nbsp;&nbsp;&nbsp;bsp_spi_dma_init
</UL>

<P><STRONG><a name="[58]"></a>HAL_NVIC_SetPriorityGrouping</STRONG> (Thumb, 32 bytes, Stack size 0 bytes, py32f403_hal_cortex.o(.text.HAL_NVIC_SetPriorityGrouping))
<BR><BR>[Called By]<UL><LI><a href="#[57]">&gt;&gt;</a>&nbsp;&nbsp;&nbsp;HAL_Init
</UL>

<P><STRONG><a name="[53]"></a>HAL_NVIC_SystemReset</STRONG> (Thumb, 4 bytes, Stack size 0 bytes, py32f403_hal_cortex.o(.text.HAL_NVIC_SystemReset))
<BR><BR>[Calls]<UL><LI><a href="#[5d]">&gt;&gt;</a>&nbsp;&nbsp;&nbsp;__NVIC_SystemReset
</UL>
<BR>[Called By]<UL><LI><a href="#[51]">&gt;&gt;</a>&nbsp;&nbsp;&nbsp;APP_LoadTrim
</UL>

<P><STRONG><a name="[5e]"></a>HAL_RCC_ClockConfig</STRONG> (Thumb, 458 bytes, Stack size 32 bytes, py32f403_hal_rcc.o(.text.HAL_RCC_ClockConfig))
<BR><BR>[Stack]<UL><LI>Max Depth = 56<LI>Call Chain = HAL_RCC_ClockConfig &rArr; HAL_InitTick &rArr; HAL_NVIC_SetPriority
</UL>
<BR>[Calls]<UL><LI><a href="#[5f]">&gt;&gt;</a>&nbsp;&nbsp;&nbsp;HAL_GetTick
<LI><a href="#[59]">&gt;&gt;</a>&nbsp;&nbsp;&nbsp;HAL_InitTick
</UL>
<BR>[Called By]<UL><LI><a href="#[44]">&gt;&gt;</a>&nbsp;&nbsp;&nbsp;main
</UL>

<P><STRONG><a name="[79]"></a>HAL_RCC_GetPCLK1Freq</STRONG> (Thumb, 38 bytes, Stack size 0 bytes, py32f403_hal_rcc.o(.text.HAL_RCC_GetPCLK1Freq))
<BR><BR>[Called By]<UL><LI><a href="#[70]">&gt;&gt;</a>&nbsp;&nbsp;&nbsp;UART_SetConfig
</UL>

<P><STRONG><a name="[7a]"></a>HAL_RCC_GetPCLK2Freq</STRONG> (Thumb, 38 bytes, Stack size 0 bytes, py32f403_hal_rcc.o(.text.HAL_RCC_GetPCLK2Freq))
<BR><BR>[Called By]<UL><LI><a href="#[70]">&gt;&gt;</a>&nbsp;&nbsp;&nbsp;UART_SetConfig
</UL>

<P><STRONG><a name="[60]"></a>HAL_RCC_OscConfig</STRONG> (Thumb, 1028 bytes, Stack size 32 bytes, py32f403_hal_rcc.o(.text.HAL_RCC_OscConfig))
<BR><BR>[Stack]<UL><LI>Max Depth = 32<LI>Call Chain = HAL_RCC_OscConfig
</UL>
<BR>[Calls]<UL><LI><a href="#[5f]">&gt;&gt;</a>&nbsp;&nbsp;&nbsp;HAL_GetTick
</UL>
<BR>[Called By]<UL><LI><a href="#[44]">&gt;&gt;</a>&nbsp;&nbsp;&nbsp;main
</UL>

<P><STRONG><a name="[72]"></a>HAL_SPI_ErrorCallback</STRONG> (Thumb, 2 bytes, Stack size 0 bytes, py32f403_hal_spi.o(.text.HAL_SPI_ErrorCallback))
<BR><BR>[Called By]<UL><LI><a href="#[49]">&gt;&gt;</a>&nbsp;&nbsp;&nbsp;SPI_DMAError
<LI><a href="#[48]">&gt;&gt;</a>&nbsp;&nbsp;&nbsp;SPI_DMATransmitCplt
</UL>

<P><STRONG><a name="[61]"></a>HAL_SPI_Init</STRONG> (Thumb, 222 bytes, Stack size 40 bytes, py32f403_hal_spi.o(.text.HAL_SPI_Init))
<BR><BR>[Stack]<UL><LI>Max Depth = 40<LI>Call Chain = HAL_SPI_Init
</UL>
<BR>[Calls]<UL><LI><a href="#[62]">&gt;&gt;</a>&nbsp;&nbsp;&nbsp;HAL_SPI_MspInit
</UL>
<BR>[Called By]<UL><LI><a href="#[87]">&gt;&gt;</a>&nbsp;&nbsp;&nbsp;bsp_spi_dma_init
</UL>

<P><STRONG><a name="[62]"></a>HAL_SPI_MspInit</STRONG> (Thumb, 2 bytes, Stack size 0 bytes, py32f403_hal_spi.o(.text.HAL_SPI_MspInit))
<BR><BR>[Called By]<UL><LI><a href="#[61]">&gt;&gt;</a>&nbsp;&nbsp;&nbsp;HAL_SPI_Init
</UL>

<P><STRONG><a name="[63]"></a>HAL_SPI_Transmit_DMA</STRONG> (Thumb, 290 bytes, Stack size 16 bytes, py32f403_hal_spi.o(.text.HAL_SPI_Transmit_DMA))
<BR><BR>[Stack]<UL><LI>Max Depth = 36<LI>Call Chain = HAL_SPI_Transmit_DMA &rArr; HAL_DMA_Start_IT
</UL>
<BR>[Calls]<UL><LI><a href="#[64]">&gt;&gt;</a>&nbsp;&nbsp;&nbsp;HAL_DMA_Start_IT
</UL>
<BR>[Called By]<UL><LI><a href="#[8b]">&gt;&gt;</a>&nbsp;&nbsp;&nbsp;bsp_spi_dma_send
</UL>

<P><STRONG><a name="[76]"></a>HAL_SPI_TxCpltCallback</STRONG> (Thumb, 2 bytes, Stack size 0 bytes, py32f403_hal_spi.o(.text.HAL_SPI_TxCpltCallback))
<BR><BR>[Called By]<UL><LI><a href="#[48]">&gt;&gt;</a>&nbsp;&nbsp;&nbsp;SPI_DMATransmitCplt
</UL>

<P><STRONG><a name="[73]"></a>HAL_SPI_TxHalfCpltCallback</STRONG> (Thumb, 2 bytes, Stack size 0 bytes, py32f403_hal_spi.o(.text.HAL_SPI_TxHalfCpltCallback))
<BR><BR>[Called By]<UL><LI><a href="#[47]">&gt;&gt;</a>&nbsp;&nbsp;&nbsp;SPI_DMAHalfTransmitCplt
</UL>

<P><STRONG><a name="[5b]"></a>HAL_SYSTICK_Config</STRONG> (Thumb, 44 bytes, Stack size 0 bytes, py32f403_hal_cortex.o(.text.HAL_SYSTICK_Config))
<BR><BR>[Called By]<UL><LI><a href="#[59]">&gt;&gt;</a>&nbsp;&nbsp;&nbsp;HAL_InitTick
</UL>

<P><STRONG><a name="[69]"></a>HAL_TIMEx_BreakCallback</STRONG> (Thumb, 2 bytes, Stack size 0 bytes, py32f403_hal_tim_ex.o(.text.HAL_TIMEx_BreakCallback))
<BR><BR>[Called By]<UL><LI><a href="#[65]">&gt;&gt;</a>&nbsp;&nbsp;&nbsp;HAL_TIM_IRQHandler
</UL>

<P><STRONG><a name="[66]"></a>HAL_TIMEx_CommutCallback</STRONG> (Thumb, 2 bytes, Stack size 0 bytes, py32f403_hal_tim_ex.o(.text.HAL_TIMEx_CommutCallback))
<BR><BR>[Called By]<UL><LI><a href="#[65]">&gt;&gt;</a>&nbsp;&nbsp;&nbsp;HAL_TIM_IRQHandler
</UL>

<P><STRONG><a name="[67]"></a>HAL_TIM_IC_CaptureCallback</STRONG> (Thumb, 2 bytes, Stack size 0 bytes, py32f403_hal_tim.o(.text.HAL_TIM_IC_CaptureCallback))
<BR><BR>[Called By]<UL><LI><a href="#[65]">&gt;&gt;</a>&nbsp;&nbsp;&nbsp;HAL_TIM_IRQHandler
</UL>

<P><STRONG><a name="[65]"></a>HAL_TIM_IRQHandler</STRONG> (Thumb, 362 bytes, Stack size 8 bytes, py32f403_hal_tim.o(.text.HAL_TIM_IRQHandler))
<BR><BR>[Stack]<UL><LI>Max Depth = 8<LI>Call Chain = HAL_TIM_IRQHandler
</UL>
<BR>[Calls]<UL><LI><a href="#[68]">&gt;&gt;</a>&nbsp;&nbsp;&nbsp;HAL_TIM_PeriodElapsedCallback
<LI><a href="#[6b]">&gt;&gt;</a>&nbsp;&nbsp;&nbsp;HAL_TIM_OC_DelayElapsedCallback
<LI><a href="#[6a]">&gt;&gt;</a>&nbsp;&nbsp;&nbsp;HAL_TIM_TriggerCallback
<LI><a href="#[69]">&gt;&gt;</a>&nbsp;&nbsp;&nbsp;HAL_TIMEx_BreakCallback
<LI><a href="#[66]">&gt;&gt;</a>&nbsp;&nbsp;&nbsp;HAL_TIMEx_CommutCallback
<LI><a href="#[67]">&gt;&gt;</a>&nbsp;&nbsp;&nbsp;HAL_TIM_IC_CaptureCallback
<LI><a href="#[6c]">&gt;&gt;</a>&nbsp;&nbsp;&nbsp;HAL_TIM_PWM_PulseFinishedCallback
</UL>
<BR>[Called By]<UL><LI><a href="#[3e]">&gt;&gt;</a>&nbsp;&nbsp;&nbsp;TIM6_IRQHandler
</UL>

<P><STRONG><a name="[6b]"></a>HAL_TIM_OC_DelayElapsedCallback</STRONG> (Thumb, 2 bytes, Stack size 0 bytes, py32f403_hal_tim.o(.text.HAL_TIM_OC_DelayElapsedCallback))
<BR><BR>[Called By]<UL><LI><a href="#[65]">&gt;&gt;</a>&nbsp;&nbsp;&nbsp;HAL_TIM_IRQHandler
</UL>

<P><STRONG><a name="[6c]"></a>HAL_TIM_PWM_PulseFinishedCallback</STRONG> (Thumb, 2 bytes, Stack size 0 bytes, py32f403_hal_tim.o(.text.HAL_TIM_PWM_PulseFinishedCallback))
<BR><BR>[Called By]<UL><LI><a href="#[65]">&gt;&gt;</a>&nbsp;&nbsp;&nbsp;HAL_TIM_IRQHandler
</UL>

<P><STRONG><a name="[68]"></a>HAL_TIM_PeriodElapsedCallback</STRONG> (Thumb, 20 bytes, Stack size 0 bytes, bsp_tim.o(.text.HAL_TIM_PeriodElapsedCallback))
<BR><BR>[Calls]<UL><LI><a href="#[6d]">&gt;&gt;</a>&nbsp;&nbsp;&nbsp;Task_update
</UL>
<BR>[Called By]<UL><LI><a href="#[65]">&gt;&gt;</a>&nbsp;&nbsp;&nbsp;HAL_TIM_IRQHandler
</UL>

<P><STRONG><a name="[6a]"></a>HAL_TIM_TriggerCallback</STRONG> (Thumb, 2 bytes, Stack size 0 bytes, py32f403_hal_tim.o(.text.HAL_TIM_TriggerCallback))
<BR><BR>[Called By]<UL><LI><a href="#[65]">&gt;&gt;</a>&nbsp;&nbsp;&nbsp;HAL_TIM_IRQHandler
</UL>

<P><STRONG><a name="[6e]"></a>HAL_UART_Init</STRONG> (Thumb, 136 bytes, Stack size 8 bytes, py32f403_hal_uart.o(.text.HAL_UART_Init))
<BR><BR>[Stack]<UL><LI>Max Depth = 24<LI>Call Chain = HAL_UART_Init &rArr; UART_SetConfig
</UL>
<BR>[Calls]<UL><LI><a href="#[6f]">&gt;&gt;</a>&nbsp;&nbsp;&nbsp;HAL_UART_MspInit
<LI><a href="#[70]">&gt;&gt;</a>&nbsp;&nbsp;&nbsp;UART_SetConfig
</UL>
<BR>[Called By]<UL><LI><a href="#[8c]">&gt;&gt;</a>&nbsp;&nbsp;&nbsp;bsp_usart_init
</UL>

<P><STRONG><a name="[6f]"></a>HAL_UART_MspInit</STRONG> (Thumb, 2 bytes, Stack size 0 bytes, py32f403_hal_uart.o(.text.HAL_UART_MspInit))
<BR><BR>[Called By]<UL><LI><a href="#[6e]">&gt;&gt;</a>&nbsp;&nbsp;&nbsp;HAL_UART_Init
</UL>

<P><STRONG><a name="[71]"></a>HAL_UART_Transmit</STRONG> (Thumb, 320 bytes, Stack size 32 bytes, py32f403_hal_uart.o(.text.HAL_UART_Transmit))
<BR><BR>[Stack]<UL><LI>Max Depth = 32<LI>Call Chain = HAL_UART_Transmit
</UL>
<BR>[Calls]<UL><LI><a href="#[5f]">&gt;&gt;</a>&nbsp;&nbsp;&nbsp;HAL_GetTick
</UL>
<BR>[Called By]<UL><LI><a href="#[8d]">&gt;&gt;</a>&nbsp;&nbsp;&nbsp;fputc
</UL>

<P><STRONG><a name="[3]"></a>HardFault_Handler</STRONG> (Thumb, 2 bytes, Stack size 0 bytes, py32f403_it.o(.text.HardFault_Handler))
<BR><BR>[Calls]<UL><LI><a href="#[3]">&gt;&gt;</a>&nbsp;&nbsp;&nbsp;HardFault_Handler
</UL>
<BR>[Called By]<UL><LI><a href="#[3]">&gt;&gt;</a>&nbsp;&nbsp;&nbsp;HardFault_Handler
</UL>
<BR>[Address Reference Count : 1]<UL><LI> startup_py32f403xx.o(RESET)
</UL>
<P><STRONG><a name="[4]"></a>MemManage_Handler</STRONG> (Thumb, 2 bytes, Stack size 0 bytes, py32f403_it.o(.text.MemManage_Handler))
<BR><BR>[Calls]<UL><LI><a href="#[4]">&gt;&gt;</a>&nbsp;&nbsp;&nbsp;MemManage_Handler
</UL>
<BR>[Called By]<UL><LI><a href="#[4]">&gt;&gt;</a>&nbsp;&nbsp;&nbsp;MemManage_Handler
</UL>
<BR>[Address Reference Count : 1]<UL><LI> startup_py32f403xx.o(RESET)
</UL>
<P><STRONG><a name="[2]"></a>NMI_Handler</STRONG> (Thumb, 2 bytes, Stack size 0 bytes, py32f403_it.o(.text.NMI_Handler))
<BR>[Address Reference Count : 1]<UL><LI> startup_py32f403xx.o(RESET)
</UL>
<P><STRONG><a name="[9]"></a>PendSV_Handler</STRONG> (Thumb, 2 bytes, Stack size 0 bytes, py32f403_it.o(.text.PendSV_Handler))
<BR>[Address Reference Count : 1]<UL><LI> startup_py32f403xx.o(RESET)
</UL>
<P><STRONG><a name="[7]"></a>SVC_Handler</STRONG> (Thumb, 2 bytes, Stack size 0 bytes, py32f403_it.o(.text.SVC_Handler))
<BR>[Address Reference Count : 1]<UL><LI> startup_py32f403xx.o(RESET)
</UL>
<P><STRONG><a name="[a]"></a>SysTick_Handler</STRONG> (Thumb, 4 bytes, Stack size 0 bytes, py32f403_it.o(.text.SysTick_Handler))
<BR><BR>[Calls]<UL><LI><a href="#[77]">&gt;&gt;</a>&nbsp;&nbsp;&nbsp;HAL_IncTick
</UL>
<BR>[Address Reference Count : 1]<UL><LI> startup_py32f403xx.o(RESET)
</UL>
<P><STRONG><a name="[45]"></a>SystemInit</STRONG> (Thumb, 32 bytes, Stack size 8 bytes, system_py32f403.o(.text.SystemInit))
<BR><BR>[Stack]<UL><LI>Max Depth = 152<LI>Call Chain = SystemInit &rArr; APP_LoadTrim
</UL>
<BR>[Calls]<UL><LI><a href="#[51]">&gt;&gt;</a>&nbsp;&nbsp;&nbsp;APP_LoadTrim
</UL>
<BR>[Address Reference Count : 1]<UL><LI> startup_py32f403xx.o(.text)
</UL>
<P><STRONG><a name="[3e]"></a>TIM6_IRQHandler</STRONG> (Thumb, 12 bytes, Stack size 0 bytes, bsp_tim.o(.text.TIM6_IRQHandler))
<BR><BR>[Stack]<UL><LI>Max Depth = 8<LI>Call Chain = TIM6_IRQHandler &rArr; HAL_TIM_IRQHandler
</UL>
<BR>[Calls]<UL><LI><a href="#[65]">&gt;&gt;</a>&nbsp;&nbsp;&nbsp;HAL_TIM_IRQHandler
</UL>
<BR>[Address Reference Count : 1]<UL><LI> startup_py32f403xx.o(RESET)
</UL>
<P><STRONG><a name="[78]"></a>Task_exec</STRONG> (Thumb, 32 bytes, Stack size 0 bytes, task.o(.text.Task_exec))
<BR><BR>[Stack]<UL><LI>Max Depth = 32<LI>Call Chain = Task_exec &rArr; App_usb_test_task &rArr; usbd_ep_start_write
</UL>
<BR>[Calls]<UL><LI><a href="#[54]">&gt;&gt;</a>&nbsp;&nbsp;&nbsp;App_usb_test_task
</UL>
<BR>[Called By]<UL><LI><a href="#[44]">&gt;&gt;</a>&nbsp;&nbsp;&nbsp;main
</UL>

<P><STRONG><a name="[6d]"></a>Task_update</STRONG> (Thumb, 16 bytes, Stack size 0 bytes, task.o(.text.Task_update))
<BR><BR>[Called By]<UL><LI><a href="#[68]">&gt;&gt;</a>&nbsp;&nbsp;&nbsp;HAL_TIM_PeriodElapsedCallback
</UL>

<P><STRONG><a name="[7b]"></a>USBD_IRQHandler</STRONG> (Thumb, 802 bytes, Stack size 48 bytes, usb_dc_py32.o(.text.USBD_IRQHandler))
<BR><BR>[Stack]<UL><LI>Max Depth = 136<LI>Call Chain = USBD_IRQHandler &rArr; usbd_event_ep0_setup_complete_handler &rArr; usbd_setup_request_handler &rArr; usbd_ep_open
</UL>
<BR>[Calls]<UL><LI><a href="#[81]">&gt;&gt;</a>&nbsp;&nbsp;&nbsp;usbd_event_ep_out_complete_handler
<LI><a href="#[80]">&gt;&gt;</a>&nbsp;&nbsp;&nbsp;usbd_event_ep_in_complete_handler
<LI><a href="#[82]">&gt;&gt;</a>&nbsp;&nbsp;&nbsp;usbd_event_ep0_setup_complete_handler
<LI><a href="#[7d]">&gt;&gt;</a>&nbsp;&nbsp;&nbsp;usbd_event_reset_handler
<LI><a href="#[7f]">&gt;&gt;</a>&nbsp;&nbsp;&nbsp;usbd_event_suspend_handler
<LI><a href="#[7e]">&gt;&gt;</a>&nbsp;&nbsp;&nbsp;usbd_event_resume_handler
<LI><a href="#[7c]">&gt;&gt;</a>&nbsp;&nbsp;&nbsp;__aeabi_memclr8
</UL>
<BR>[Called By]<UL><LI><a href="#[1e]">&gt;&gt;</a>&nbsp;&nbsp;&nbsp;USB_IRQHandler
</UL>

<P><STRONG><a name="[1e]"></a>USB_IRQHandler</STRONG> (Thumb, 4 bytes, Stack size 0 bytes, py32f403_it.o(.text.USB_IRQHandler))
<BR><BR>[Stack]<UL><LI>Max Depth = 136<LI>Call Chain = USB_IRQHandler &rArr; USBD_IRQHandler &rArr; usbd_event_ep0_setup_complete_handler &rArr; usbd_setup_request_handler &rArr; usbd_ep_open
</UL>
<BR>[Calls]<UL><LI><a href="#[7b]">&gt;&gt;</a>&nbsp;&nbsp;&nbsp;USBD_IRQHandler
</UL>
<BR>[Address Reference Count : 1]<UL><LI> startup_py32f403xx.o(RESET)
</UL>
<P><STRONG><a name="[6]"></a>UsageFault_Handler</STRONG> (Thumb, 2 bytes, Stack size 0 bytes, py32f403_it.o(.text.UsageFault_Handler))
<BR><BR>[Calls]<UL><LI><a href="#[6]">&gt;&gt;</a>&nbsp;&nbsp;&nbsp;UsageFault_Handler
</UL>
<BR>[Called By]<UL><LI><a href="#[6]">&gt;&gt;</a>&nbsp;&nbsp;&nbsp;UsageFault_Handler
</UL>
<BR>[Address Reference Count : 1]<UL><LI> startup_py32f403xx.o(RESET)
</UL>
<P><STRONG><a name="[83]"></a>bsp_led_en_init</STRONG> (Thumb, 88 bytes, Stack size 32 bytes, bsp_gpio.o(.text.bsp_led_en_init))
<BR><BR>[Stack]<UL><LI>Max Depth = 76<LI>Call Chain = bsp_led_en_init &rArr; HAL_GPIO_Init
</UL>
<BR>[Calls]<UL><LI><a href="#[85]">&gt;&gt;</a>&nbsp;&nbsp;&nbsp;HAL_GPIO_WritePin
<LI><a href="#[84]">&gt;&gt;</a>&nbsp;&nbsp;&nbsp;HAL_GPIO_Init
</UL>
<BR>[Called By]<UL><LI><a href="#[87]">&gt;&gt;</a>&nbsp;&nbsp;&nbsp;bsp_spi_dma_init
</UL>

<P><STRONG><a name="[86]"></a>bsp_led_en_set</STRONG> (Thumb, 18 bytes, Stack size 0 bytes, bsp_gpio.o(.text.bsp_led_en_set))
<BR><BR>[Calls]<UL><LI><a href="#[85]">&gt;&gt;</a>&nbsp;&nbsp;&nbsp;HAL_GPIO_WritePin
</UL>
<BR>[Called By]<UL><LI><a href="#[9a]">&gt;&gt;</a>&nbsp;&nbsp;&nbsp;lib_ws2812_init
</UL>

<P><STRONG><a name="[87]"></a>bsp_spi_dma_init</STRONG> (Thumb, 240 bytes, Stack size 40 bytes, bsp_spi_dma.o(.text.bsp_spi_dma_init))
<BR><BR>[Stack]<UL><LI>Max Depth = 116<LI>Call Chain = bsp_spi_dma_init &rArr; bsp_led_en_init &rArr; HAL_GPIO_Init
</UL>
<BR>[Calls]<UL><LI><a href="#[89]">&gt;&gt;</a>&nbsp;&nbsp;&nbsp;HAL_DMA_ChannelMap
<LI><a href="#[61]">&gt;&gt;</a>&nbsp;&nbsp;&nbsp;HAL_SPI_Init
<LI><a href="#[83]">&gt;&gt;</a>&nbsp;&nbsp;&nbsp;bsp_led_en_init
<LI><a href="#[8a]">&gt;&gt;</a>&nbsp;&nbsp;&nbsp;HAL_NVIC_EnableIRQ
<LI><a href="#[5c]">&gt;&gt;</a>&nbsp;&nbsp;&nbsp;HAL_NVIC_SetPriority
<LI><a href="#[88]">&gt;&gt;</a>&nbsp;&nbsp;&nbsp;HAL_DMA_Init
<LI><a href="#[84]">&gt;&gt;</a>&nbsp;&nbsp;&nbsp;HAL_GPIO_Init
</UL>
<BR>[Called By]<UL><LI><a href="#[44]">&gt;&gt;</a>&nbsp;&nbsp;&nbsp;main
</UL>

<P><STRONG><a name="[8b]"></a>bsp_spi_dma_send</STRONG> (Thumb, 36 bytes, Stack size 0 bytes, bsp_spi_dma.o(.text.bsp_spi_dma_send))
<BR><BR>[Stack]<UL><LI>Max Depth = 36<LI>Call Chain = bsp_spi_dma_send &rArr; HAL_SPI_Transmit_DMA &rArr; HAL_DMA_Start_IT
</UL>
<BR>[Calls]<UL><LI><a href="#[63]">&gt;&gt;</a>&nbsp;&nbsp;&nbsp;HAL_SPI_Transmit_DMA
</UL>
<BR>[Called By]<UL><LI><a href="#[9b]">&gt;&gt;</a>&nbsp;&nbsp;&nbsp;lib_ws2812_update
</UL>

<P><STRONG><a name="[8c]"></a>bsp_usart_init</STRONG> (Thumb, 158 bytes, Stack size 48 bytes, bsp_uart.o(.text.bsp_usart_init))
<BR><BR>[Stack]<UL><LI>Max Depth = 92<LI>Call Chain = bsp_usart_init &rArr; HAL_GPIO_Init
</UL>
<BR>[Calls]<UL><LI><a href="#[6e]">&gt;&gt;</a>&nbsp;&nbsp;&nbsp;HAL_UART_Init
<LI><a href="#[84]">&gt;&gt;</a>&nbsp;&nbsp;&nbsp;HAL_GPIO_Init
</UL>
<BR>[Called By]<UL><LI><a href="#[44]">&gt;&gt;</a>&nbsp;&nbsp;&nbsp;main
</UL>

<P><STRONG><a name="[8d]"></a>fputc</STRONG> (Thumb, 32 bytes, Stack size 16 bytes, bsp_uart.o(.text.fputc))
<BR><BR>[Stack]<UL><LI>Max Depth = 48<LI>Call Chain = fputc &rArr; HAL_UART_Transmit
</UL>
<BR>[Calls]<UL><LI><a href="#[71]">&gt;&gt;</a>&nbsp;&nbsp;&nbsp;HAL_UART_Transmit
</UL>
<BR>[Called By]<UL><LI><a href="#[9c]">&gt;&gt;</a>&nbsp;&nbsp;&nbsp;puts
</UL>

<P><STRONG><a name="[94]"></a>hid_keyboard_init</STRONG> (Thumb, 68 bytes, Stack size 8 bytes, usbd_hid_keyboard_if.o(.text.hid_keyboard_init))
<BR><BR>[Stack]<UL><LI>Max Depth = 16<LI>Call Chain = hid_keyboard_init &rArr; usbd_initialize &rArr; usb_dc_init
</UL>
<BR>[Calls]<UL><LI><a href="#[99]">&gt;&gt;</a>&nbsp;&nbsp;&nbsp;usbd_initialize
<LI><a href="#[98]">&gt;&gt;</a>&nbsp;&nbsp;&nbsp;usbd_add_endpoint
<LI><a href="#[97]">&gt;&gt;</a>&nbsp;&nbsp;&nbsp;usbd_add_interface
<LI><a href="#[96]">&gt;&gt;</a>&nbsp;&nbsp;&nbsp;usbd_hid_init_intf
<LI><a href="#[95]">&gt;&gt;</a>&nbsp;&nbsp;&nbsp;usbd_desc_register
</UL>
<BR>[Called By]<UL><LI><a href="#[44]">&gt;&gt;</a>&nbsp;&nbsp;&nbsp;main
</UL>

<P><STRONG><a name="[9a]"></a>lib_ws2812_init</STRONG> (Thumb, 168 bytes, Stack size 24 bytes, lib_ws2812.o(.text.lib_ws2812_init))
<BR><BR>[Stack]<UL><LI>Max Depth = 24<LI>Call Chain = lib_ws2812_init
</UL>
<BR>[Calls]<UL><LI><a href="#[86]">&gt;&gt;</a>&nbsp;&nbsp;&nbsp;bsp_led_en_set
<LI><a href="#[52]">&gt;&gt;</a>&nbsp;&nbsp;&nbsp;__aeabi_memclr4
</UL>
<BR>[Called By]<UL><LI><a href="#[44]">&gt;&gt;</a>&nbsp;&nbsp;&nbsp;main
</UL>

<P><STRONG><a name="[9d]"></a>lib_ws2812_set_all</STRONG> (Thumb, 152 bytes, Stack size 16 bytes, lib_ws2812.o(.text.lib_ws2812_set_all))
<BR><BR>[Stack]<UL><LI>Max Depth = 16<LI>Call Chain = lib_ws2812_set_all
</UL>
<BR>[Called By]<UL><LI><a href="#[44]">&gt;&gt;</a>&nbsp;&nbsp;&nbsp;main
</UL>

<P><STRONG><a name="[9b]"></a>lib_ws2812_update</STRONG> (Thumb, 16 bytes, Stack size 0 bytes, lib_ws2812.o(.text.lib_ws2812_update))
<BR><BR>[Stack]<UL><LI>Max Depth = 36<LI>Call Chain = lib_ws2812_update &rArr; bsp_spi_dma_send &rArr; HAL_SPI_Transmit_DMA &rArr; HAL_DMA_Start_IT
</UL>
<BR>[Calls]<UL><LI><a href="#[8b]">&gt;&gt;</a>&nbsp;&nbsp;&nbsp;bsp_spi_dma_send
</UL>
<BR>[Called By]<UL><LI><a href="#[44]">&gt;&gt;</a>&nbsp;&nbsp;&nbsp;main
</UL>

<P><STRONG><a name="[44]"></a>main</STRONG> (Thumb, 220 bytes, Stack size 64 bytes, main.o(.text.main))
<BR><BR>[Stack]<UL><LI>Max Depth = 180<LI>Call Chain = main &rArr; bsp_spi_dma_init &rArr; bsp_led_en_init &rArr; HAL_GPIO_Init
</UL>
<BR>[Calls]<UL><LI><a href="#[78]">&gt;&gt;</a>&nbsp;&nbsp;&nbsp;Task_exec
<LI><a href="#[94]">&gt;&gt;</a>&nbsp;&nbsp;&nbsp;hid_keyboard_init
<LI><a href="#[9d]">&gt;&gt;</a>&nbsp;&nbsp;&nbsp;lib_ws2812_set_all
<LI><a href="#[87]">&gt;&gt;</a>&nbsp;&nbsp;&nbsp;bsp_spi_dma_init
<LI><a href="#[8c]">&gt;&gt;</a>&nbsp;&nbsp;&nbsp;bsp_usart_init
<LI><a href="#[5e]">&gt;&gt;</a>&nbsp;&nbsp;&nbsp;HAL_RCC_ClockConfig
<LI><a href="#[60]">&gt;&gt;</a>&nbsp;&nbsp;&nbsp;HAL_RCC_OscConfig
<LI><a href="#[57]">&gt;&gt;</a>&nbsp;&nbsp;&nbsp;HAL_Init
<LI><a href="#[9b]">&gt;&gt;</a>&nbsp;&nbsp;&nbsp;lib_ws2812_update
<LI><a href="#[9a]">&gt;&gt;</a>&nbsp;&nbsp;&nbsp;lib_ws2812_init
<LI><a href="#[52]">&gt;&gt;</a>&nbsp;&nbsp;&nbsp;__aeabi_memclr4
<LI><a href="#[9c]">&gt;&gt;</a>&nbsp;&nbsp;&nbsp;puts
</UL>
<BR>[Address Reference Count : 1]<UL><LI> entry9a.o(.ARM.Collect$$$$0000000B)
</UL>
<P><STRONG><a name="[9e]"></a>usb_dc_init</STRONG> (Thumb, 34 bytes, Stack size 8 bytes, usb_dc_py32.o(.text.usb_dc_init))
<BR><BR>[Stack]<UL><LI>Max Depth = 8<LI>Call Chain = usb_dc_init
</UL>
<BR>[Calls]<UL><LI><a href="#[9f]">&gt;&gt;</a>&nbsp;&nbsp;&nbsp;usb_dc_low_level_init
</UL>
<BR>[Called By]<UL><LI><a href="#[99]">&gt;&gt;</a>&nbsp;&nbsp;&nbsp;usbd_initialize
</UL>

<P><STRONG><a name="[9f]"></a>usb_dc_low_level_init</STRONG> (Thumb, 2 bytes, Stack size 0 bytes, usb_dc_py32.o(.text.usb_dc_low_level_init))
<BR><BR>[Called By]<UL><LI><a href="#[9e]">&gt;&gt;</a>&nbsp;&nbsp;&nbsp;usb_dc_init
</UL>

<P><STRONG><a name="[98]"></a>usbd_add_endpoint</STRONG> (Thumb, 38 bytes, Stack size 0 bytes, usbd_core.o(.text.usbd_add_endpoint))
<BR><BR>[Called By]<UL><LI><a href="#[94]">&gt;&gt;</a>&nbsp;&nbsp;&nbsp;hid_keyboard_init
</UL>

<P><STRONG><a name="[97]"></a>usbd_add_interface</STRONG> (Thumb, 46 bytes, Stack size 0 bytes, usbd_core.o(.text.usbd_add_interface))
<BR><BR>[Called By]<UL><LI><a href="#[94]">&gt;&gt;</a>&nbsp;&nbsp;&nbsp;hid_keyboard_init
</UL>

<P><STRONG><a name="[a9]"></a>usbd_configure_done_callback</STRONG> (Thumb, 2 bytes, Stack size 0 bytes, usbd_hid_keyboard_if.o(.text.usbd_configure_done_callback))
<BR><BR>[Called By]<UL><LI><a href="#[a1]">&gt;&gt;</a>&nbsp;&nbsp;&nbsp;usbd_setup_request_handler
</UL>

<P><STRONG><a name="[95]"></a>usbd_desc_register</STRONG> (Thumb, 18 bytes, Stack size 0 bytes, usbd_core.o(.text.usbd_desc_register))
<BR><BR>[Called By]<UL><LI><a href="#[94]">&gt;&gt;</a>&nbsp;&nbsp;&nbsp;hid_keyboard_init
</UL>

<P><STRONG><a name="[a3]"></a>usbd_ep0_set_zlp_flag</STRONG> (Thumb, 14 bytes, Stack size 0 bytes, usb_dc_py32.o(.text.usbd_ep0_set_zlp_flag))
<BR><BR>[Called By]<UL><LI><a href="#[82]">&gt;&gt;</a>&nbsp;&nbsp;&nbsp;usbd_event_ep0_setup_complete_handler
</UL>

<P><STRONG><a name="[aa]"></a>usbd_ep_clear_stall</STRONG> (Thumb, 82 bytes, Stack size 0 bytes, usb_dc_py32.o(.text.usbd_ep_clear_stall))
<BR><BR>[Called By]<UL><LI><a href="#[a1]">&gt;&gt;</a>&nbsp;&nbsp;&nbsp;usbd_setup_request_handler
</UL>

<P><STRONG><a name="[a8]"></a>usbd_ep_close</STRONG> (Thumb, 4 bytes, Stack size 0 bytes, usb_dc_py32.o(.text.usbd_ep_close))
<BR><BR>[Called By]<UL><LI><a href="#[a1]">&gt;&gt;</a>&nbsp;&nbsp;&nbsp;usbd_setup_request_handler
</UL>

<P><STRONG><a name="[a7]"></a>usbd_ep_is_stalled</STRONG> (Thumb, 62 bytes, Stack size 0 bytes, usb_dc_py32.o(.text.usbd_ep_is_stalled))
<BR><BR>[Called By]<UL><LI><a href="#[a1]">&gt;&gt;</a>&nbsp;&nbsp;&nbsp;usbd_setup_request_handler
</UL>

<P><STRONG><a name="[a6]"></a>usbd_ep_open</STRONG> (Thumb, 302 bytes, Stack size 16 bytes, usb_dc_py32.o(.text.usbd_ep_open))
<BR><BR>[Stack]<UL><LI>Max Depth = 16<LI>Call Chain = usbd_ep_open
</UL>
<BR>[Called By]<UL><LI><a href="#[7d]">&gt;&gt;</a>&nbsp;&nbsp;&nbsp;usbd_event_reset_handler
<LI><a href="#[a1]">&gt;&gt;</a>&nbsp;&nbsp;&nbsp;usbd_setup_request_handler
</UL>

<P><STRONG><a name="[a4]"></a>usbd_ep_set_stall</STRONG> (Thumb, 78 bytes, Stack size 0 bytes, usb_dc_py32.o(.text.usbd_ep_set_stall))
<BR><BR>[Called By]<UL><LI><a href="#[81]">&gt;&gt;</a>&nbsp;&nbsp;&nbsp;usbd_event_ep_out_complete_handler
<LI><a href="#[82]">&gt;&gt;</a>&nbsp;&nbsp;&nbsp;usbd_event_ep0_setup_complete_handler
<LI><a href="#[a1]">&gt;&gt;</a>&nbsp;&nbsp;&nbsp;usbd_setup_request_handler
</UL>

<P><STRONG><a name="[a0]"></a>usbd_ep_start_read</STRONG> (Thumb, 150 bytes, Stack size 8 bytes, usb_dc_py32.o(.text.usbd_ep_start_read))
<BR><BR>[Stack]<UL><LI>Max Depth = 8<LI>Call Chain = usbd_ep_start_read
</UL>
<BR>[Called By]<UL><LI><a href="#[81]">&gt;&gt;</a>&nbsp;&nbsp;&nbsp;usbd_event_ep_out_complete_handler
<LI><a href="#[80]">&gt;&gt;</a>&nbsp;&nbsp;&nbsp;usbd_event_ep_in_complete_handler
<LI><a href="#[82]">&gt;&gt;</a>&nbsp;&nbsp;&nbsp;usbd_event_ep0_setup_complete_handler
</UL>

<P><STRONG><a name="[55]"></a>usbd_ep_start_write</STRONG> (Thumb, 394 bytes, Stack size 16 bytes, usb_dc_py32.o(.text.usbd_ep_start_write))
<BR><BR>[Stack]<UL><LI>Max Depth = 16<LI>Call Chain = usbd_ep_start_write
</UL>
<BR>[Called By]<UL><LI><a href="#[81]">&gt;&gt;</a>&nbsp;&nbsp;&nbsp;usbd_event_ep_out_complete_handler
<LI><a href="#[80]">&gt;&gt;</a>&nbsp;&nbsp;&nbsp;usbd_event_ep_in_complete_handler
<LI><a href="#[82]">&gt;&gt;</a>&nbsp;&nbsp;&nbsp;usbd_event_ep0_setup_complete_handler
<LI><a href="#[54]">&gt;&gt;</a>&nbsp;&nbsp;&nbsp;App_usb_test_task
</UL>

<P><STRONG><a name="[82]"></a>usbd_event_ep0_setup_complete_handler</STRONG> (Thumb, 156 bytes, Stack size 24 bytes, usbd_core.o(.text.usbd_event_ep0_setup_complete_handler))
<BR><BR>[Stack]<UL><LI>Max Depth = 88<LI>Call Chain = usbd_event_ep0_setup_complete_handler &rArr; usbd_setup_request_handler &rArr; usbd_ep_open
</UL>
<BR>[Calls]<UL><LI><a href="#[a4]">&gt;&gt;</a>&nbsp;&nbsp;&nbsp;usbd_ep_set_stall
<LI><a href="#[a3]">&gt;&gt;</a>&nbsp;&nbsp;&nbsp;usbd_ep0_set_zlp_flag
<LI><a href="#[a0]">&gt;&gt;</a>&nbsp;&nbsp;&nbsp;usbd_ep_start_read
<LI><a href="#[a1]">&gt;&gt;</a>&nbsp;&nbsp;&nbsp;usbd_setup_request_handler
<LI><a href="#[55]">&gt;&gt;</a>&nbsp;&nbsp;&nbsp;usbd_ep_start_write
<LI><a href="#[a2]">&gt;&gt;</a>&nbsp;&nbsp;&nbsp;__aeabi_memcpy
</UL>
<BR>[Called By]<UL><LI><a href="#[7b]">&gt;&gt;</a>&nbsp;&nbsp;&nbsp;USBD_IRQHandler
</UL>

<P><STRONG><a name="[80]"></a>usbd_event_ep_in_complete_handler</STRONG> (Thumb, 110 bytes, Stack size 0 bytes, usbd_core.o(.text.usbd_event_ep_in_complete_handler))
<BR><BR>[Stack]<UL><LI>Max Depth = 16<LI>Call Chain = usbd_event_ep_in_complete_handler &rArr; usbd_ep_start_write
</UL>
<BR>[Calls]<UL><LI><a href="#[a0]">&gt;&gt;</a>&nbsp;&nbsp;&nbsp;usbd_ep_start_read
<LI><a href="#[55]">&gt;&gt;</a>&nbsp;&nbsp;&nbsp;usbd_ep_start_write
</UL>
<BR>[Called By]<UL><LI><a href="#[7b]">&gt;&gt;</a>&nbsp;&nbsp;&nbsp;USBD_IRQHandler
</UL>

<P><STRONG><a name="[81]"></a>usbd_event_ep_out_complete_handler</STRONG> (Thumb, 102 bytes, Stack size 8 bytes, usbd_core.o(.text.usbd_event_ep_out_complete_handler))
<BR><BR>[Stack]<UL><LI>Max Depth = 72<LI>Call Chain = usbd_event_ep_out_complete_handler &rArr; usbd_setup_request_handler &rArr; usbd_ep_open
</UL>
<BR>[Calls]<UL><LI><a href="#[a4]">&gt;&gt;</a>&nbsp;&nbsp;&nbsp;usbd_ep_set_stall
<LI><a href="#[a0]">&gt;&gt;</a>&nbsp;&nbsp;&nbsp;usbd_ep_start_read
<LI><a href="#[a1]">&gt;&gt;</a>&nbsp;&nbsp;&nbsp;usbd_setup_request_handler
<LI><a href="#[55]">&gt;&gt;</a>&nbsp;&nbsp;&nbsp;usbd_ep_start_write
</UL>
<BR>[Called By]<UL><LI><a href="#[7b]">&gt;&gt;</a>&nbsp;&nbsp;&nbsp;USBD_IRQHandler
</UL>

<P><STRONG><a name="[7d]"></a>usbd_event_reset_handler</STRONG> (Thumb, 86 bytes, Stack size 24 bytes, usbd_core.o(.text.usbd_event_reset_handler))
<BR><BR>[Stack]<UL><LI>Max Depth = 40<LI>Call Chain = usbd_event_reset_handler &rArr; usbd_ep_open
</UL>
<BR>[Calls]<UL><LI><a href="#[a6]">&gt;&gt;</a>&nbsp;&nbsp;&nbsp;usbd_ep_open
<LI><a href="#[a5]">&gt;&gt;</a>&nbsp;&nbsp;&nbsp;usbd_set_address
</UL>
<BR>[Called By]<UL><LI><a href="#[7b]">&gt;&gt;</a>&nbsp;&nbsp;&nbsp;USBD_IRQHandler
</UL>

<P><STRONG><a name="[7e]"></a>usbd_event_resume_handler</STRONG> (Thumb, 38 bytes, Stack size 8 bytes, usbd_core.o(.text.usbd_event_resume_handler))
<BR><BR>[Stack]<UL><LI>Max Depth = 8<LI>Call Chain = usbd_event_resume_handler
</UL>
<BR>[Called By]<UL><LI><a href="#[7b]">&gt;&gt;</a>&nbsp;&nbsp;&nbsp;USBD_IRQHandler
</UL>

<P><STRONG><a name="[7f]"></a>usbd_event_suspend_handler</STRONG> (Thumb, 38 bytes, Stack size 8 bytes, usbd_core.o(.text.usbd_event_suspend_handler))
<BR><BR>[Stack]<UL><LI>Max Depth = 8<LI>Call Chain = usbd_event_suspend_handler
</UL>
<BR>[Called By]<UL><LI><a href="#[7b]">&gt;&gt;</a>&nbsp;&nbsp;&nbsp;USBD_IRQHandler
</UL>

<P><STRONG><a name="[96]"></a>usbd_hid_init_intf</STRONG> (Thumb, 32 bytes, Stack size 8 bytes, usbd_hid.o(.text.usbd_hid_init_intf))
<BR><BR>[Stack]<UL><LI>Max Depth = 8<LI>Call Chain = usbd_hid_init_intf
</UL>
<BR>[Called By]<UL><LI><a href="#[94]">&gt;&gt;</a>&nbsp;&nbsp;&nbsp;hid_keyboard_init
</UL>

<P><STRONG><a name="[0]"></a>usbd_hid_int_callback</STRONG> (Thumb, 14 bytes, Stack size 0 bytes, usbd_hid_keyboard_if.o(.text.usbd_hid_int_callback))
<BR>[Address Reference Count : 1]<UL><LI> usbd_hid_keyboard_if.o(.data.hid_in_ep)
</UL>
<P><STRONG><a name="[99]"></a>usbd_initialize</STRONG> (Thumb, 4 bytes, Stack size 0 bytes, usbd_core.o(.text.usbd_initialize))
<BR><BR>[Stack]<UL><LI>Max Depth = 8<LI>Call Chain = usbd_initialize &rArr; usb_dc_init
</UL>
<BR>[Calls]<UL><LI><a href="#[9e]">&gt;&gt;</a>&nbsp;&nbsp;&nbsp;usb_dc_init
</UL>
<BR>[Called By]<UL><LI><a href="#[94]">&gt;&gt;</a>&nbsp;&nbsp;&nbsp;hid_keyboard_init
</UL>

<P><STRONG><a name="[a5]"></a>usbd_set_address</STRONG> (Thumb, 30 bytes, Stack size 0 bytes, usb_dc_py32.o(.text.usbd_set_address))
<BR><BR>[Called By]<UL><LI><a href="#[7d]">&gt;&gt;</a>&nbsp;&nbsp;&nbsp;usbd_event_reset_handler
<LI><a href="#[a1]">&gt;&gt;</a>&nbsp;&nbsp;&nbsp;usbd_setup_request_handler
</UL>

<P><STRONG><a name="[8f]"></a>usbh_hid_get_idle</STRONG> (Thumb, 12 bytes, Stack size 0 bytes, usbd_hid_keyboard_if.o(.text.usbh_hid_get_idle))
<BR><BR>[Called By]<UL><LI><a href="#[4a]">&gt;&gt;</a>&nbsp;&nbsp;&nbsp;hid_class_interface_request_handler
</UL>

<P><STRONG><a name="[90]"></a>usbh_hid_get_protocol</STRONG> (Thumb, 4 bytes, Stack size 0 bytes, usbd_hid.o(.text.usbh_hid_get_protocol))
<BR><BR>[Called By]<UL><LI><a href="#[4a]">&gt;&gt;</a>&nbsp;&nbsp;&nbsp;hid_class_interface_request_handler
</UL>

<P><STRONG><a name="[8e]"></a>usbh_hid_get_report</STRONG> (Thumb, 4 bytes, Stack size 0 bytes, usbd_hid.o(.text.usbh_hid_get_report))
<BR><BR>[Called By]<UL><LI><a href="#[4a]">&gt;&gt;</a>&nbsp;&nbsp;&nbsp;hid_class_interface_request_handler
</UL>

<P><STRONG><a name="[92]"></a>usbh_hid_set_idle</STRONG> (Thumb, 12 bytes, Stack size 0 bytes, usbd_hid_keyboard_if.o(.text.usbh_hid_set_idle))
<BR><BR>[Called By]<UL><LI><a href="#[4a]">&gt;&gt;</a>&nbsp;&nbsp;&nbsp;hid_class_interface_request_handler
</UL>

<P><STRONG><a name="[93]"></a>usbh_hid_set_protocol</STRONG> (Thumb, 2 bytes, Stack size 0 bytes, usbd_hid.o(.text.usbh_hid_set_protocol))
<BR><BR>[Called By]<UL><LI><a href="#[4a]">&gt;&gt;</a>&nbsp;&nbsp;&nbsp;hid_class_interface_request_handler
</UL>

<P><STRONG><a name="[91]"></a>usbh_hid_set_report</STRONG> (Thumb, 2 bytes, Stack size 0 bytes, usbd_hid.o(.text.usbh_hid_set_report))
<BR><BR>[Called By]<UL><LI><a href="#[4a]">&gt;&gt;</a>&nbsp;&nbsp;&nbsp;hid_class_interface_request_handler
</UL>

<P><STRONG><a name="[b8]"></a>__scatterload_copy</STRONG> (Thumb, 14 bytes, Stack size unknown bytes, handlers.o(i.__scatterload_copy), UNUSED)

<P><STRONG><a name="[b9]"></a>__scatterload_null</STRONG> (Thumb, 2 bytes, Stack size unknown bytes, handlers.o(i.__scatterload_null), UNUSED)

<P><STRONG><a name="[ba]"></a>__scatterload_zeroinit</STRONG> (Thumb, 14 bytes, Stack size unknown bytes, handlers.o(i.__scatterload_zeroinit), UNUSED)

<P><STRONG><a name="[9c]"></a>puts</STRONG> (Thumb, 30 bytes, Stack size 8 bytes, puts.o(i.puts))
<BR><BR>[Stack]<UL><LI>Max Depth = 56<LI>Call Chain = puts &rArr; fputc &rArr; HAL_UART_Transmit
</UL>
<BR>[Calls]<UL><LI><a href="#[8d]">&gt;&gt;</a>&nbsp;&nbsp;&nbsp;fputc
</UL>
<BR>[Called By]<UL><LI><a href="#[44]">&gt;&gt;</a>&nbsp;&nbsp;&nbsp;main
</UL>
<P>
<H3>
Local Symbols
</H3>
<P><STRONG><a name="[4a]"></a>hid_class_interface_request_handler</STRONG> (Thumb, 128 bytes, Stack size 24 bytes, usbd_hid.o(.text.hid_class_interface_request_handler))
<BR><BR>[Stack]<UL><LI>Max Depth = 24<LI>Call Chain = hid_class_interface_request_handler
</UL>
<BR>[Calls]<UL><LI><a href="#[93]">&gt;&gt;</a>&nbsp;&nbsp;&nbsp;usbh_hid_set_protocol
<LI><a href="#[91]">&gt;&gt;</a>&nbsp;&nbsp;&nbsp;usbh_hid_set_report
<LI><a href="#[90]">&gt;&gt;</a>&nbsp;&nbsp;&nbsp;usbh_hid_get_protocol
<LI><a href="#[8e]">&gt;&gt;</a>&nbsp;&nbsp;&nbsp;usbh_hid_get_report
<LI><a href="#[8f]">&gt;&gt;</a>&nbsp;&nbsp;&nbsp;usbh_hid_get_idle
<LI><a href="#[92]">&gt;&gt;</a>&nbsp;&nbsp;&nbsp;usbh_hid_set_idle
</UL>
<BR>[Address Reference Count : 1]<UL><LI> usbd_hid.o(.text.usbd_hid_init_intf)
</UL>
<P><STRONG><a name="[a1]"></a>usbd_setup_request_handler</STRONG> (Thumb, 1178 bytes, Stack size 48 bytes, usbd_core.o(.text.usbd_setup_request_handler))
<BR><BR>[Stack]<UL><LI>Max Depth = 64<LI>Call Chain = usbd_setup_request_handler &rArr; usbd_ep_open
</UL>
<BR>[Calls]<UL><LI><a href="#[aa]">&gt;&gt;</a>&nbsp;&nbsp;&nbsp;usbd_ep_clear_stall
<LI><a href="#[a8]">&gt;&gt;</a>&nbsp;&nbsp;&nbsp;usbd_ep_close
<LI><a href="#[a7]">&gt;&gt;</a>&nbsp;&nbsp;&nbsp;usbd_ep_is_stalled
<LI><a href="#[a4]">&gt;&gt;</a>&nbsp;&nbsp;&nbsp;usbd_ep_set_stall
<LI><a href="#[a6]">&gt;&gt;</a>&nbsp;&nbsp;&nbsp;usbd_ep_open
<LI><a href="#[a5]">&gt;&gt;</a>&nbsp;&nbsp;&nbsp;usbd_set_address
<LI><a href="#[a9]">&gt;&gt;</a>&nbsp;&nbsp;&nbsp;usbd_configure_done_callback
</UL>
<BR>[Called By]<UL><LI><a href="#[81]">&gt;&gt;</a>&nbsp;&nbsp;&nbsp;usbd_event_ep_out_complete_handler
<LI><a href="#[82]">&gt;&gt;</a>&nbsp;&nbsp;&nbsp;usbd_event_ep0_setup_complete_handler
</UL>

<P><STRONG><a name="[5d]"></a>__NVIC_SystemReset</STRONG> (Thumb, 36 bytes, Stack size 0 bytes, py32f403_hal_cortex.o(.text.__NVIC_SystemReset))
<BR><BR>[Called By]<UL><LI><a href="#[53]">&gt;&gt;</a>&nbsp;&nbsp;&nbsp;HAL_NVIC_SystemReset
</UL>

<P><STRONG><a name="[74]"></a>SPI_WaitFifoStateUntilTimeout</STRONG> (Thumb, 244 bytes, Stack size 48 bytes, py32f403_hal_spi.o(.text.SPI_WaitFifoStateUntilTimeout))
<BR><BR>[Stack]<UL><LI>Max Depth = 48<LI>Call Chain = SPI_WaitFifoStateUntilTimeout
</UL>
<BR>[Calls]<UL><LI><a href="#[5f]">&gt;&gt;</a>&nbsp;&nbsp;&nbsp;HAL_GetTick
</UL>
<BR>[Called By]<UL><LI><a href="#[48]">&gt;&gt;</a>&nbsp;&nbsp;&nbsp;SPI_DMATransmitCplt
</UL>

<P><STRONG><a name="[75]"></a>SPI_WaitFlagStateUntilTimeout</STRONG> (Thumb, 224 bytes, Stack size 40 bytes, py32f403_hal_spi.o(.text.SPI_WaitFlagStateUntilTimeout))
<BR><BR>[Stack]<UL><LI>Max Depth = 40<LI>Call Chain = SPI_WaitFlagStateUntilTimeout
</UL>
<BR>[Calls]<UL><LI><a href="#[5f]">&gt;&gt;</a>&nbsp;&nbsp;&nbsp;HAL_GetTick
</UL>
<BR>[Called By]<UL><LI><a href="#[48]">&gt;&gt;</a>&nbsp;&nbsp;&nbsp;SPI_DMATransmitCplt
</UL>

<P><STRONG><a name="[47]"></a>SPI_DMAHalfTransmitCplt</STRONG> (Thumb, 6 bytes, Stack size 0 bytes, py32f403_hal_spi.o(.text.SPI_DMAHalfTransmitCplt))
<BR><BR>[Calls]<UL><LI><a href="#[73]">&gt;&gt;</a>&nbsp;&nbsp;&nbsp;HAL_SPI_TxHalfCpltCallback
</UL>
<BR>[Address Reference Count : 1]<UL><LI> py32f403_hal_spi.o(.text.HAL_SPI_Transmit_DMA)
</UL>
<P><STRONG><a name="[48]"></a>SPI_DMATransmitCplt</STRONG> (Thumb, 166 bytes, Stack size 24 bytes, py32f403_hal_spi.o(.text.SPI_DMATransmitCplt))
<BR><BR>[Stack]<UL><LI>Max Depth = 72<LI>Call Chain = SPI_DMATransmitCplt &rArr; SPI_WaitFifoStateUntilTimeout
</UL>
<BR>[Calls]<UL><LI><a href="#[75]">&gt;&gt;</a>&nbsp;&nbsp;&nbsp;SPI_WaitFlagStateUntilTimeout
<LI><a href="#[74]">&gt;&gt;</a>&nbsp;&nbsp;&nbsp;SPI_WaitFifoStateUntilTimeout
<LI><a href="#[5f]">&gt;&gt;</a>&nbsp;&nbsp;&nbsp;HAL_GetTick
<LI><a href="#[76]">&gt;&gt;</a>&nbsp;&nbsp;&nbsp;HAL_SPI_TxCpltCallback
<LI><a href="#[72]">&gt;&gt;</a>&nbsp;&nbsp;&nbsp;HAL_SPI_ErrorCallback
</UL>
<BR>[Address Reference Count : 1]<UL><LI> py32f403_hal_spi.o(.text.HAL_SPI_Transmit_DMA)
</UL>
<P><STRONG><a name="[49]"></a>SPI_DMAError</STRONG> (Thumb, 30 bytes, Stack size 0 bytes, py32f403_hal_spi.o(.text.SPI_DMAError))
<BR><BR>[Calls]<UL><LI><a href="#[72]">&gt;&gt;</a>&nbsp;&nbsp;&nbsp;HAL_SPI_ErrorCallback
</UL>
<BR>[Address Reference Count : 1]<UL><LI> py32f403_hal_spi.o(.text.HAL_SPI_Transmit_DMA)
</UL>
<P><STRONG><a name="[70]"></a>UART_SetConfig</STRONG> (Thumb, 238 bytes, Stack size 16 bytes, py32f403_hal_uart.o(.text.UART_SetConfig))
<BR><BR>[Stack]<UL><LI>Max Depth = 16<LI>Call Chain = UART_SetConfig
</UL>
<BR>[Calls]<UL><LI><a href="#[7a]">&gt;&gt;</a>&nbsp;&nbsp;&nbsp;HAL_RCC_GetPCLK2Freq
<LI><a href="#[79]">&gt;&gt;</a>&nbsp;&nbsp;&nbsp;HAL_RCC_GetPCLK1Freq
</UL>
<BR>[Called By]<UL><LI><a href="#[6e]">&gt;&gt;</a>&nbsp;&nbsp;&nbsp;HAL_UART_Init
</UL>
<P>
<H3>
Undefined Global Symbols
</H3><HR></body></html>
