2026-05-07 19:27:49 [root] INFO     [logger_config.py:56] --- Log System Initialized (Industrial Class Version) ---
2026-05-07 19:27:49 [Test] DEBUG    [test.py:11] 这条信息只会在文件里出现，屏幕看不到
2026-05-07 19:27:49 [Test] INFO     [test.py:12] 这条信息屏幕和文件都能看到
2026-05-07 19:27:49 [Test] ERROR    [test.py:13] 这条报警信息屏幕和文件都能看到
2026-05-07 19:28:05 [root] INFO     [logger_config.py:56] --- Log System Initialized (Industrial Class Version) ---
2026-05-07 19:28:05 [Test] DEBUG    [test.py:11] 这条信息只会在文件里出现，屏幕看不到
2026-05-07 19:28:05 [Test] INFO     [test.py:12] 这条信息屏幕和文件都能看到
2026-05-07 19:28:05 [Test] ERROR    [test.py:13] 这条报警信息屏幕和文件都能看到
2026-05-07 19:33:49 [root] INFO     [logger_config.py:56] --- Log System Initialized (Industrial Class Version) ---
2026-05-07 19:33:49 [__main__] INFO     [main.py:20] 正在初始化 KeyBoardApp (VID:0x36B7, PID:0xFFFF)
2026-05-07 19:33:49 [connection] INFO     [connection.py:56] 设备状态变更: CONNECTING
2026-05-07 19:33:49 [connection] INFO     [connection.py:41] 连接管理器线程已启动
2026-05-07 19:33:49 [__main__] INFO     [main.py:73] KeyBoardApp 已启动，等待用户输入指令...
2026-05-07 19:33:49 [connection] INFO     [connection.py:56] 设备状态变更: CONNECTED
2026-05-07 19:33:49 [__main__] INFO     [main.py:32] 键盘已就绪！可以发送指令了。
2026-05-07 19:33:49 [connection] INFO     [connection.py:122]  成功锁定自定义接口并连接: b'\\\\?\\HID#VID_36B7&PID_FFFF&MI_01#8&1e454c&0&0000#{4d1e55b2-f16f-11cf-88cb-001111000030}'
2026-05-07 19:33:54 [__main__] INFO     [main.py:67] 灯光包已成功发送！
2026-05-07 19:33:54 [__main__] DEBUG    [main.py:39] 收到原始 HID 数据包: 05 20 00 00 01 01 07 04 00 ff 00 00 64 0a 00 00 00 00 00 00 00 00 00 00 00 00 00 00 00 00 00 00 00 00 00 00 00 00 00 00 00 00 00 00 00 00 00 00 00 00 00 00 00 00 00 00 00 00 00 00 00 00 00 60
2026-05-07 19:33:54 [__main__] INFO     [main.py:43] 收到键盘回传: 指令=0x20, 数据=04 00 ff 00 00 64 0a
2026-05-07 19:34:00 [connection] INFO     [connection.py:56] 设备状态变更: DISCONNECTED
2026-05-07 19:34:12 [root] INFO     [logger_config.py:56] --- Log System Initialized (Industrial Class Version) ---
2026-05-07 19:34:12 [__main__] INFO     [main.py:20] 正在初始化 KeyBoardApp (VID:0x36B7, PID:0xFFFF)
2026-05-07 19:34:12 [connection] INFO     [connection.py:56] 设备状态变更: CONNECTING
2026-05-07 19:34:12 [connection] INFO     [connection.py:41] 连接管理器线程已启动
2026-05-07 19:34:12 [__main__] INFO     [main.py:73] KeyBoardApp 已启动，等待用户输入指令...
2026-05-07 19:34:12 [connection] INFO     [connection.py:56] 设备状态变更: CONNECTED
2026-05-07 19:34:12 [__main__] INFO     [main.py:32] 键盘已就绪！可以发送指令了。
2026-05-07 19:34:12 [connection] INFO     [connection.py:122]  成功锁定自定义接口并连接: b'\\\\?\\HID#VID_36B7&PID_FFFF&MI_01#8&1e454c&0&0000#{4d1e55b2-f16f-11cf-88cb-001111000030}'
2026-05-07 19:34:35 [__main__] INFO     [main.py:67] 灯光包已成功发送！
2026-05-07 19:34:35 [__main__] DEBUG    [main.py:39] 收到原始 HID 数据包: 05 20 00 00 01 01 07 04 00 ff 00 00 64 0a 00 00 00 00 00 00 00 00 00 00 00 00 00 00 00 00 00 00 00 00 00 00 00 00 00 00 00 00 00 00 00 00 00 00 00 00 00 00 00 00 00 00 00 00 00 00 00 00 00 60
2026-05-07 19:34:35 [__main__] INFO     [main.py:43] 收到键盘回传: 指令=0x20, 数据=04 00 ff 00 00 64 0a
2026-05-07 19:34:44 [connection] INFO     [connection.py:56] 设备状态变更: DISCONNECTED
2026-05-07 19:34:44 [__main__] INFO     [main.py:86] 程序结束
2026-05-07 19:45:23 [root] INFO     [logger_config.py:56] --- Log System Initialized (Industrial Class Version) ---
2026-05-07 19:45:23 [__main__] INFO     [main.py:18] 正在初始化 KeyBoardApp (VID:0x36B7, PID:0xFFFF)
2026-05-07 19:45:23 [__main__] INFO     [main.py:74] 后台连接管理器启动中...
2026-05-07 19:45:23 [connection] INFO     [connection.py:56] 设备状态变更: CONNECTING
2026-05-07 19:45:23 [connection] INFO     [connection.py:41] 连接管理器线程已启动
2026-05-07 19:45:23 [connection] INFO     [connection.py:56] 设备状态变更: CONNECTED
2026-05-07 19:45:23 [__main__] INFO     [main.py:32] 键盘已就绪！通信接口 (MI_01) 已锁定。
2026-05-07 19:45:23 [connection] INFO     [connection.py:122]  成功锁定自定义接口并连接: b'\\\\?\\HID#VID_36B7&PID_FFFF&MI_01#8&1e454c&0&0000#{4d1e55b2-f16f-11cf-88cb-001111000030}'
2026-05-07 19:45:31 [__main__] INFO     [main.py:86] 检测到用户强制退出 (Ctrl+C)
2026-05-07 19:45:31 [connection] INFO     [connection.py:56] 设备状态变更: DISCONNECTED
2026-05-07 19:45:31 [__main__] INFO     [main.py:92] --- 应用已安全关闭 ---
2026-05-07 19:53:52 [root] INFO     [logger_config.py:56] --- Log System Initialized (Industrial Class Version) ---
2026-05-07 19:53:52 [__main__] INFO     [main.py:12] 初始化应用 vid=0x36b7, pid=0xffff
2026-05-07 19:53:52 [connection] INFO     [connection.py:56] 设备状态变更: CONNECTING
2026-05-07 19:53:52 [connection] INFO     [connection.py:41] 连接管理器线程已启动
2026-05-07 19:53:52 [connection] INFO     [connection.py:56] 设备状态变更: CONNECTED
2026-05-07 19:53:52 [__main__] INFO     [main.py:27]  键盘连接成功！通信链路已就绪。
2026-05-07 19:53:52 [connection] INFO     [connection.py:122]  成功锁定自定义接口并连接: b'\\\\?\\HID#VID_36B7&PID_FFFF&MI_01#8&1e454c&0&0000#{4d1e55b2-f16f-11cf-88cb-001111000030}'
2026-05-07 20:00:02 [root] INFO     [logger_config.py:56] --- Log System Initialized (Industrial Class Version) ---
2026-05-07 20:00:02 [__main__] INFO     [main.py:12] 初始化应用 vid=0x36b7, pid=0xffff
2026-05-07 20:00:02 [connection] INFO     [connection.py:56] 设备状态变更: CONNECTING
2026-05-07 20:00:02 [connection] INFO     [connection.py:41] 连接管理器线程已启动
2026-05-07 20:00:02 [__main__] INFO     [main.py:67]  正在搜索键盘接口 (MI_01)...
2026-05-07 20:00:02 [connection] INFO     [connection.py:56] 设备状态变更: CONNECTED
2026-05-07 20:00:02 [__main__] INFO     [main.py:27]  键盘连接成功！通信链路已就绪。
2026-05-07 20:00:02 [connection] INFO     [connection.py:122] HID 接口 (MI_01) 连接成功！
2026-05-07 20:00:02 [connection] DEBUG    [connection.py:123] 详细路径: b'\\\\?\\HID#VID_36B7&PID_FFFF&MI_01#8&1e454c&0&0000#{4d1e55b2-f16f-11cf-88cb-001111000030}'
2026-05-07 20:00:04 [connection] INFO     [connection.py:56] 设备状态变更: DISCONNECTED
2026-05-07 20:00:04 [__main__] INFO     [main.py:81]  程序结束
2026-05-07 20:00:09 [root] INFO     [logger_config.py:56] --- Log System Initialized (Industrial Class Version) ---
2026-05-07 20:00:09 [__main__] INFO     [main.py:12] 初始化应用 vid=0x36b7, pid=0xffff
2026-05-07 20:00:09 [connection] INFO     [connection.py:56] 设备状态变更: CONNECTING
2026-05-07 20:00:09 [connection] INFO     [connection.py:41] 连接管理器线程已启动
2026-05-07 20:00:09 [__main__] INFO     [main.py:67]  正在搜索键盘接口 (MI_01)...
2026-05-07 20:00:09 [connection] INFO     [connection.py:56] 设备状态变更: CONNECTED
2026-05-07 20:00:09 [__main__] INFO     [main.py:27]  键盘连接成功！通信链路已就绪。
2026-05-07 20:00:09 [connection] INFO     [connection.py:122] HID 接口 (MI_01) 连接成功！
2026-05-07 20:00:09 [connection] DEBUG    [connection.py:123] 详细路径: b'\\\\?\\HID#VID_36B7&PID_FFFF&MI_01#8&1e454c&0&0000#{4d1e55b2-f16f-11cf-88cb-001111000030}'
2026-05-07 20:00:49 [__main__] INFO     [main.py:61]  灯光包已成功发送！
2026-05-07 20:00:49 [__main__] INFO     [main.py:37]  收到键盘回传: 指令=0x20, 数据=04 00 ff 00 00 64 0a
2026-05-07 20:00:57 [__main__] INFO     [main.py:61]  灯光包已成功发送！
2026-05-07 20:00:57 [__main__] INFO     [main.py:37]  收到键盘回传: 指令=0x20, 数据=04 00 ff 00 00 64 0a
2026-05-07 20:01:10 [root] INFO     [logger_config.py:56] --- Log System Initialized (Industrial Class Version) ---
2026-05-07 20:01:10 [__main__] INFO     [main.py:12] 初始化应用 vid=0x36b7, pid=0xffff
2026-05-07 20:01:10 [connection] INFO     [connection.py:56] 设备状态变更: CONNECTING
2026-05-07 20:01:10 [connection] INFO     [connection.py:41] 连接管理器线程已启动
2026-05-07 20:01:10 [__main__] INFO     [main.py:67]  正在搜索键盘接口 (MI_01)...
2026-05-07 20:01:10 [connection] INFO     [connection.py:56] 设备状态变更: CONNECTED
2026-05-07 20:01:10 [__main__] INFO     [main.py:27]  键盘连接成功！通信链路已就绪。
2026-05-07 20:01:10 [connection] INFO     [connection.py:122] HID 接口 (MI_01) 连接成功！
2026-05-07 20:01:10 [connection] DEBUG    [connection.py:123] 详细路径: b'\\\\?\\HID#VID_36B7&PID_FFFF&MI_01#8&1e454c&0&0000#{4d1e55b2-f16f-11cf-88cb-001111000030}'
2026-05-07 20:01:12 [__main__] INFO     [main.py:61]  灯光包已成功发送！
2026-05-07 20:01:12 [__main__] INFO     [main.py:37]  收到键盘回传: 指令=0x20, 数据=04 00 ff ff 00 64 0a
2026-05-07 20:01:18 [connection] INFO     [connection.py:56] 设备状态变更: DISCONNECTED
2026-05-07 20:01:18 [__main__] INFO     [main.py:81]  程序结束
2026-05-07 20:01:20 [root] INFO     [logger_config.py:56] --- Log System Initialized (Industrial Class Version) ---
2026-05-07 20:01:20 [__main__] INFO     [main.py:12] 初始化应用 vid=0x36b7, pid=0xffff
2026-05-07 20:01:20 [connection] INFO     [connection.py:56] 设备状态变更: CONNECTING
2026-05-07 20:01:20 [connection] INFO     [connection.py:41] 连接管理器线程已启动
2026-05-07 20:01:20 [__main__] INFO     [main.py:67]  正在搜索键盘接口 (MI_01)...
2026-05-07 20:01:20 [connection] INFO     [connection.py:56] 设备状态变更: CONNECTED
2026-05-07 20:01:20 [__main__] INFO     [main.py:27]  键盘连接成功！通信链路已就绪。
2026-05-07 20:01:20 [connection] INFO     [connection.py:122] HID 接口 (MI_01) 连接成功！
2026-05-07 20:01:20 [connection] DEBUG    [connection.py:123] 详细路径: b'\\\\?\\HID#VID_36B7&PID_FFFF&MI_01#8&1e454c&0&0000#{4d1e55b2-f16f-11cf-88cb-001111000030}'
2026-05-07 20:01:21 [__main__] INFO     [main.py:61]  灯光包已成功发送！
2026-05-07 20:01:21 [__main__] INFO     [main.py:37]  收到键盘回传: 指令=0x20, 数据=04 00 ff ff ff 64 0a
2026-05-07 20:01:25 [connection] INFO     [connection.py:56] 设备状态变更: DISCONNECTED
2026-05-07 20:01:25 [__main__] INFO     [main.py:81]  程序结束
2026-05-07 20:01:28 [root] INFO     [logger_config.py:56] --- Log System Initialized (Industrial Class Version) ---
2026-05-07 20:01:28 [__main__] INFO     [main.py:12] 初始化应用 vid=0x36b7, pid=0xffff
2026-05-07 20:01:28 [connection] INFO     [connection.py:56] 设备状态变更: CONNECTING
2026-05-07 20:01:28 [connection] INFO     [connection.py:41] 连接管理器线程已启动
2026-05-07 20:01:28 [__main__] INFO     [main.py:67]  正在搜索键盘接口 (MI_01)...
2026-05-07 20:01:28 [connection] INFO     [connection.py:56] 设备状态变更: CONNECTED
2026-05-07 20:01:28 [__main__] INFO     [main.py:27]  键盘连接成功！通信链路已就绪。
2026-05-07 20:01:28 [connection] INFO     [connection.py:122] HID 接口 (MI_01) 连接成功！
2026-05-07 20:01:28 [connection] DEBUG    [connection.py:123] 详细路径: b'\\\\?\\HID#VID_36B7&PID_FFFF&MI_01#8&1e454c&0&0000#{4d1e55b2-f16f-11cf-88cb-001111000030}'
2026-05-07 20:01:31 [__main__] INFO     [main.py:37]  收到键盘回传: 指令=0xfe, 数据=01 00
2026-05-07 20:01:32 [__main__] INFO     [main.py:37]  收到键盘回传: 指令=0xfe, 数据=01 00
2026-05-07 20:01:33 [__main__] INFO     [main.py:37]  收到键盘回传: 指令=0xfe, 数据=02 00
2026-05-07 20:01:33 [__main__] INFO     [main.py:37]  收到键盘回传: 指令=0xfe, 数据=02 00
2026-05-07 20:01:33 [__main__] INFO     [main.py:37]  收到键盘回传: 指令=0xfe, 数据=02 00
2026-05-07 20:01:33 [__main__] INFO     [main.py:37]  收到键盘回传: 指令=0xfe, 数据=02 00
2026-05-07 20:01:33 [__main__] INFO     [main.py:37]  收到键盘回传: 指令=0xfe, 数据=02 00
2026-05-07 20:01:33 [__main__] INFO     [main.py:37]  收到键盘回传: 指令=0xfe, 数据=02 00
2026-05-07 20:01:34 [__main__] INFO     [main.py:37]  收到键盘回传: 指令=0xfe, 数据=02 00
2026-05-07 20:01:34 [__main__] INFO     [main.py:37]  收到键盘回传: 指令=0xfe, 数据=01 00
2026-05-07 20:01:34 [__main__] INFO     [main.py:37]  收到键盘回传: 指令=0xfe, 数据=01 00
2026-05-07 20:01:34 [__main__] INFO     [main.py:37]  收到键盘回传: 指令=0xfe, 数据=02 00
2026-05-07 20:01:35 [__main__] INFO     [main.py:37]  收到键盘回传: 指令=0xfe, 数据=01 00
2026-05-07 20:01:35 [__main__] INFO     [main.py:37]  收到键盘回传: 指令=0xfe, 数据=02 00
2026-05-07 20:01:35 [__main__] INFO     [main.py:37]  收到键盘回传: 指令=0xfe, 数据=01 00
2026-05-07 20:01:35 [__main__] INFO     [main.py:37]  收到键盘回传: 指令=0xfe, 数据=02 00
2026-05-07 20:01:35 [__main__] INFO     [main.py:37]  收到键盘回传: 指令=0xfe, 数据=01 00
2026-05-07 20:01:35 [__main__] INFO     [main.py:37]  收到键盘回传: 指令=0xfe, 数据=02 00
2026-05-07 20:01:35 [__main__] INFO     [main.py:37]  收到键盘回传: 指令=0xfe, 数据=01 00
2026-05-07 20:01:35 [__main__] INFO     [main.py:37]  收到键盘回传: 指令=0xfe, 数据=02 00
2026-05-07 20:01:35 [__main__] INFO     [main.py:37]  收到键盘回传: 指令=0xfe, 数据=01 00
2026-05-07 20:01:36 [__main__] INFO     [main.py:37]  收到键盘回传: 指令=0xfe, 数据=02 00
2026-05-07 20:01:36 [__main__] INFO     [main.py:37]  收到键盘回传: 指令=0xfe, 数据=01 00
2026-05-07 20:01:36 [__main__] INFO     [main.py:37]  收到键盘回传: 指令=0xfe, 数据=02 00
2026-05-07 20:01:36 [__main__] INFO     [main.py:37]  收到键盘回传: 指令=0xfe, 数据=01 00
2026-05-07 20:01:36 [__main__] INFO     [main.py:37]  收到键盘回传: 指令=0xfe, 数据=02 00
2026-05-07 20:01:36 [__main__] INFO     [main.py:37]  收到键盘回传: 指令=0xfe, 数据=01 00
2026-05-07 20:01:36 [__main__] INFO     [main.py:37]  收到键盘回传: 指令=0xfe, 数据=02 00
2026-05-07 20:01:36 [__main__] INFO     [main.py:37]  收到键盘回传: 指令=0xfe, 数据=01 00
2026-05-07 20:01:37 [__main__] INFO     [main.py:37]  收到键盘回传: 指令=0xfe, 数据=02 00
2026-05-07 20:01:37 [__main__] INFO     [main.py:37]  收到键盘回传: 指令=0xfe, 数据=01 00
2026-05-07 20:01:37 [__main__] INFO     [main.py:37]  收到键盘回传: 指令=0xfe, 数据=02 00
2026-05-07 20:01:37 [__main__] INFO     [main.py:37]  收到键盘回传: 指令=0xfe, 数据=02 00
2026-05-07 20:01:37 [__main__] INFO     [main.py:37]  收到键盘回传: 指令=0xfe, 数据=01 00
2026-05-07 20:01:37 [__main__] INFO     [main.py:37]  收到键盘回传: 指令=0xfe, 数据=02 00
2026-05-07 20:01:37 [__main__] INFO     [main.py:37]  收到键盘回传: 指令=0xfe, 数据=01 00
2026-05-07 20:01:38 [__main__] INFO     [main.py:37]  收到键盘回传: 指令=0xfe, 数据=02 00
2026-05-07 20:01:38 [__main__] INFO     [main.py:37]  收到键盘回传: 指令=0xfe, 数据=01 00
2026-05-07 20:01:38 [__main__] INFO     [main.py:37]  收到键盘回传: 指令=0xfe, 数据=02 00
2026-05-07 20:01:38 [__main__] INFO     [main.py:37]  收到键盘回传: 指令=0xfe, 数据=01 00
2026-05-07 20:01:38 [__main__] INFO     [main.py:37]  收到键盘回传: 指令=0xfe, 数据=02 00
2026-05-07 20:01:38 [__main__] INFO     [main.py:37]  收到键盘回传: 指令=0xfe, 数据=02 00
2026-05-07 20:01:42 [__main__] INFO     [main.py:61]  灯光包已成功发送！
2026-05-07 20:01:42 [__main__] INFO     [main.py:37]  收到键盘回传: 指令=0x20, 数据=04 00 ff ff ff 64 0a
2026-05-07 20:01:43 [__main__] INFO     [main.py:37]  收到键盘回传: 指令=0xfe, 数据=01 00
2026-05-07 20:01:43 [__main__] INFO     [main.py:37]  收到键盘回传: 指令=0xfe, 数据=02 00
2026-05-07 20:01:44 [__main__] INFO     [main.py:37]  收到键盘回传: 指令=0xfe, 数据=01 00
2026-05-07 20:01:44 [__main__] INFO     [main.py:37]  收到键盘回传: 指令=0xfe, 数据=01 00
2026-05-07 20:01:44 [__main__] INFO     [main.py:37]  收到键盘回传: 指令=0xfe, 数据=01 00
2026-05-07 20:01:44 [__main__] INFO     [main.py:37]  收到键盘回传: 指令=0xfe, 数据=01 00
2026-05-07 20:01:44 [__main__] INFO     [main.py:37]  收到键盘回传: 指令=0xfe, 数据=01 00
2026-05-07 20:01:45 [__main__] INFO     [main.py:37]  收到键盘回传: 指令=0xfe, 数据=01 00
2026-05-07 20:01:45 [__main__] INFO     [main.py:37]  收到键盘回传: 指令=0xfe, 数据=02 00
2026-05-07 20:01:45 [__main__] INFO     [main.py:37]  收到键盘回传: 指令=0xfe, 数据=02 00
2026-05-07 20:01:45 [__main__] INFO     [main.py:37]  收到键盘回传: 指令=0xfe, 数据=02 00
2026-05-07 20:01:45 [__main__] INFO     [main.py:37]  收到键盘回传: 指令=0xfe, 数据=02 00
2026-05-07 20:01:45 [__main__] INFO     [main.py:37]  收到键盘回传: 指令=0xfe, 数据=02 00
2026-05-07 20:01:46 [__main__] INFO     [main.py:37]  收到键盘回传: 指令=0xfe, 数据=02 00
2026-05-07 20:01:46 [__main__] INFO     [main.py:37]  收到键盘回传: 指令=0xfe, 数据=02 00
2026-05-07 20:01:46 [__main__] INFO     [main.py:37]  收到键盘回传: 指令=0xfe, 数据=01 00
2026-05-07 20:01:46 [__main__] INFO     [main.py:37]  收到键盘回传: 指令=0xfe, 数据=02 00
2026-05-07 20:01:47 [__main__] INFO     [main.py:37]  收到键盘回传: 指令=0xfe, 数据=02 00
2026-05-07 20:01:47 [__main__] INFO     [main.py:37]  收到键盘回传: 指令=0xfe, 数据=01 00
2026-05-07 20:01:47 [__main__] INFO     [main.py:37]  收到键盘回传: 指令=0xfe, 数据=01 00
2026-05-07 20:01:48 [__main__] INFO     [main.py:37]  收到键盘回传: 指令=0xfe, 数据=01 00
2026-05-07 20:01:48 [__main__] INFO     [main.py:37]  收到键盘回传: 指令=0xfe, 数据=02 00
2026-05-07 20:01:48 [__main__] INFO     [main.py:37]  收到键盘回传: 指令=0xfe, 数据=01 00
2026-05-07 20:01:48 [__main__] INFO     [main.py:37]  收到键盘回传: 指令=0xfe, 数据=02 00
2026-05-07 20:01:48 [__main__] INFO     [main.py:37]  收到键盘回传: 指令=0xfe, 数据=01 00
2026-05-07 20:01:48 [__main__] INFO     [main.py:37]  收到键盘回传: 指令=0xfe, 数据=02 00
2026-05-07 20:01:48 [__main__] INFO     [main.py:37]  收到键盘回传: 指令=0xfe, 数据=01 00
2026-05-07 20:01:49 [__main__] INFO     [main.py:37]  收到键盘回传: 指令=0xfe, 数据=02 00
2026-05-07 20:01:49 [__main__] INFO     [main.py:37]  收到键盘回传: 指令=0xfe, 数据=01 00
2026-05-07 20:01:49 [__main__] INFO     [main.py:37]  收到键盘回传: 指令=0xfe, 数据=01 00
2026-05-07 20:01:50 [__main__] INFO     [main.py:37]  收到键盘回传: 指令=0xfe, 数据=02 00
2026-05-07 20:01:51 [__main__] INFO     [main.py:37]  收到键盘回传: 指令=0xfe, 数据=02 00
2026-05-07 20:01:51 [__main__] INFO     [main.py:37]  收到键盘回传: 指令=0xfe, 数据=02 00
2026-05-07 20:01:51 [__main__] INFO     [main.py:37]  收到键盘回传: 指令=0xfe, 数据=02 00
2026-05-07 20:01:51 [__main__] INFO     [main.py:37]  收到键盘回传: 指令=0xfe, 数据=02 00
2026-05-07 20:01:52 [connection] INFO     [connection.py:56] 设备状态变更: DISCONNECTED
2026-05-07 20:01:52 [__main__] INFO     [main.py:81]  程序结束
