<!doctype html public "-//w3c//dtd html 4.0 transitional//en">
<html><head>
<title>Static Call Graph - [.\Output\Project.axf]</title></head>
<body><HR>
<H1>Static Call Graph for image .\Output\Project.axf</H1><HR>
<BR><P>#&#060CALLGRAPH&#062# ARM Linker, 5060750: Last Updated: Mon Apr 13 10:49:32 2026
<BR><P>
<H3>Maximum Stack Usage =        296 bytes + Unknown(Cycles, Untraceable Function Pointers)</H3><H3>
Call chain for Maximum Stack Depth:</H3>
SystemInit &rArr; APP_LoadTrim &rArr; APP_ErrorProc
<P>
<H3>
Mutually Recursive functions
</H3> <LI><a href="#[1d]">ADC1_2_IRQHandler</a>&nbsp;&nbsp;&nbsp;&rArr;&nbsp;&nbsp;&nbsp;<a href="#[1d]">ADC1_2_IRQHandler</a><BR>
</UL>
<P>
<H3>
Function Pointers
</H3><UL>
 <LI><a href="#[1d]">ADC1_2_IRQHandler</a> from startup_py32f403xx.o(.text) referenced from startup_py32f403xx.o(RESET)
 <LI><a href="#[37]">ADC3_IRQHandler</a> from startup_py32f403xx.o(.text) referenced from startup_py32f403xx.o(RESET)
 <LI><a href="#[5]">BusFault_Handler</a> from py32f403_it.o(i.BusFault_Handler) referenced from startup_py32f403xx.o(RESET)
 <LI><a href="#[1f]">CAN_IRQHandler</a> from startup_py32f403xx.o(.text) referenced from startup_py32f403xx.o(RESET)
 <LI><a href="#[16]">DMA1_Channel1_IRQHandler</a> from startup_py32f403xx.o(.text) referenced from startup_py32f403xx.o(RESET)
 <LI><a href="#[17]">DMA1_Channel2_IRQHandler</a> from startup_py32f403xx.o(.text) referenced from startup_py32f403xx.o(RESET)
 <LI><a href="#[18]">DMA1_Channel3_IRQHandler</a> from startup_py32f403xx.o(.text) referenced from startup_py32f403xx.o(RESET)
 <LI><a href="#[19]">DMA1_Channel4_IRQHandler</a> from startup_py32f403xx.o(.text) referenced from startup_py32f403xx.o(RESET)
 <LI><a href="#[1a]">DMA1_Channel5_IRQHandler</a> from startup_py32f403xx.o(.text) referenced from startup_py32f403xx.o(RESET)
 <LI><a href="#[1b]">DMA1_Channel6_IRQHandler</a> from startup_py32f403xx.o(.text) referenced from startup_py32f403xx.o(RESET)
 <LI><a href="#[1c]">DMA1_Channel7_IRQHandler</a> from startup_py32f403xx.o(.text) referenced from startup_py32f403xx.o(RESET)
 <LI><a href="#[40]">DMA2_Channel1_IRQHandler</a> from startup_py32f403xx.o(.text) referenced from startup_py32f403xx.o(RESET)
 <LI><a href="#[41]">DMA2_Channel2_IRQHandler</a> from startup_py32f403xx.o(.text) referenced from startup_py32f403xx.o(RESET)
 <LI><a href="#[42]">DMA2_Channel3_IRQHandler</a> from startup_py32f403xx.o(.text) referenced from startup_py32f403xx.o(RESET)
 <LI><a href="#[43]">DMA2_Channel4_5_IRQHandler</a> from startup_py32f403xx.o(.text) referenced from startup_py32f403xx.o(RESET)
 <LI><a href="#[8]">DebugMon_Handler</a> from py32f403_it.o(i.DebugMon_Handler) referenced from startup_py32f403xx.o(RESET)
 <LI><a href="#[38]">ESMC_IRQHandler</a> from startup_py32f403xx.o(.text) referenced from startup_py32f403xx.o(RESET)
 <LI><a href="#[11]">EXTI0_IRQHandler</a> from startup_py32f403xx.o(.text) referenced from startup_py32f403xx.o(RESET)
 <LI><a href="#[31]">EXTI15_10_IRQHandler</a> from startup_py32f403xx.o(.text) referenced from startup_py32f403xx.o(RESET)
 <LI><a href="#[12]">EXTI1_IRQHandler</a> from startup_py32f403xx.o(.text) referenced from startup_py32f403xx.o(RESET)
 <LI><a href="#[13]">EXTI2_IRQHandler</a> from startup_py32f403xx.o(.text) referenced from startup_py32f403xx.o(RESET)
 <LI><a href="#[14]">EXTI3_IRQHandler</a> from startup_py32f403xx.o(.text) referenced from startup_py32f403xx.o(RESET)
 <LI><a href="#[15]">EXTI4_IRQHandler</a> from startup_py32f403xx.o(.text) referenced from startup_py32f403xx.o(RESET)
 <LI><a href="#[20]">EXTI9_5_IRQHandler</a> from startup_py32f403xx.o(.text) referenced from startup_py32f403xx.o(RESET)
 <LI><a href="#[f]">FLASH_IRQHandler</a> from startup_py32f403xx.o(.text) referenced from startup_py32f403xx.o(RESET)
 <LI><a href="#[3]">HardFault_Handler</a> from py32f403_it.o(i.HardFault_Handler) referenced from startup_py32f403xx.o(RESET)
 <LI><a href="#[29]">I2C1_ER_IRQHandler</a> from startup_py32f403xx.o(.text) referenced from startup_py32f403xx.o(RESET)
 <LI><a href="#[28]">I2C1_EV_IRQHandler</a> from startup_py32f403xx.o(.text) referenced from startup_py32f403xx.o(RESET)
 <LI><a href="#[2b]">I2C2_ER_IRQHandler</a> from startup_py32f403xx.o(.text) referenced from startup_py32f403xx.o(RESET)
 <LI><a href="#[2a]">I2C2_EV_IRQHandler</a> from startup_py32f403xx.o(.text) referenced from startup_py32f403xx.o(RESET)
 <LI><a href="#[4]">MemManage_Handler</a> from py32f403_it.o(i.MemManage_Handler) referenced from startup_py32f403xx.o(RESET)
 <LI><a href="#[2]">NMI_Handler</a> from py32f403_it.o(i.NMI_Handler) referenced from startup_py32f403xx.o(RESET)
 <LI><a href="#[c]">PVD_IRQHandler</a> from startup_py32f403xx.o(.text) referenced from startup_py32f403xx.o(RESET)
 <LI><a href="#[9]">PendSV_Handler</a> from py32f403_it.o(i.PendSV_Handler) referenced from startup_py32f403xx.o(RESET)
 <LI><a href="#[10]">RCC_CTC_IRQHandler</a> from startup_py32f403xx.o(.text) referenced from startup_py32f403xx.o(RESET)
 <LI><a href="#[32]">RTC_Alarm_IRQHandler</a> from startup_py32f403xx.o(.text) referenced from startup_py32f403xx.o(RESET)
 <LI><a href="#[e]">RTC_IRQHandler</a> from startup_py32f403xx.o(.text) referenced from startup_py32f403xx.o(RESET)
 <LI><a href="#[1]">Reset_Handler</a> from startup_py32f403xx.o(.text) referenced from startup_py32f403xx.o(RESET)
 <LI><a href="#[39]">SDIO_IRQHandler</a> from startup_py32f403xx.o(.text) referenced from startup_py32f403xx.o(RESET)
 <LI><a href="#[2c]">SPI1_IRQHandler</a> from startup_py32f403xx.o(.text) referenced from startup_py32f403xx.o(RESET)
 <LI><a href="#[2d]">SPI2_IRQHandler</a> from startup_py32f403xx.o(.text) referenced from startup_py32f403xx.o(RESET)
 <LI><a href="#[3b]">SPI3_IRQHandler</a> from startup_py32f403xx.o(.text) referenced from startup_py32f403xx.o(RESET)
 <LI><a href="#[7]">SVC_Handler</a> from py32f403_it.o(i.SVC_Handler) referenced from startup_py32f403xx.o(RESET)
 <LI><a href="#[a]">SysTick_Handler</a> from py32f403_it.o(i.SysTick_Handler) referenced from startup_py32f403xx.o(RESET)
 <LI><a href="#[45]">SystemInit</a> from system_py32f403.o(i.SystemInit) referenced from startup_py32f403xx.o(.text)
 <LI><a href="#[d]">TAMPER_IRQHandler</a> from startup_py32f403xx.o(.text) referenced from startup_py32f403xx.o(RESET)
 <LI><a href="#[21]">TIM1_BRK_TIM9_IRQHandler</a> from startup_py32f403xx.o(.text) referenced from startup_py32f403xx.o(RESET)
 <LI><a href="#[24]">TIM1_CC_IRQHandler</a> from startup_py32f403xx.o(.text) referenced from startup_py32f403xx.o(RESET)
 <LI><a href="#[23]">TIM1_TRG_COM_TIM11_IRQHandler</a> from startup_py32f403xx.o(.text) referenced from startup_py32f403xx.o(RESET)
 <LI><a href="#[22]">TIM1_UP_TIM10_IRQHandler</a> from startup_py32f403xx.o(.text) referenced from startup_py32f403xx.o(RESET)
 <LI><a href="#[25]">TIM2_IRQHandler</a> from startup_py32f403xx.o(.text) referenced from startup_py32f403xx.o(RESET)
 <LI><a href="#[26]">TIM3_IRQHandler</a> from startup_py32f403xx.o(.text) referenced from startup_py32f403xx.o(RESET)
 <LI><a href="#[27]">TIM4_IRQHandler</a> from startup_py32f403xx.o(.text) referenced from startup_py32f403xx.o(RESET)
 <LI><a href="#[3a]">TIM5_IRQHandler</a> from startup_py32f403xx.o(.text) referenced from startup_py32f403xx.o(RESET)
 <LI><a href="#[3e]">TIM6_IRQHandler</a> from startup_py32f403xx.o(.text) referenced from startup_py32f403xx.o(RESET)
 <LI><a href="#[3f]">TIM7_IRQHandler</a> from startup_py32f403xx.o(.text) referenced from startup_py32f403xx.o(RESET)
 <LI><a href="#[33]">TIM8_BRK_TIM12_IRQHandler</a> from startup_py32f403xx.o(.text) referenced from startup_py32f403xx.o(RESET)
 <LI><a href="#[36]">TIM8_CC_IRQHandler</a> from startup_py32f403xx.o(.text) referenced from startup_py32f403xx.o(RESET)
 <LI><a href="#[35]">TIM8_TRG_COM_TIM14_IRQHandler</a> from startup_py32f403xx.o(.text) referenced from startup_py32f403xx.o(RESET)
 <LI><a href="#[34]">TIM8_UP_TIM13_IRQHandler</a> from startup_py32f403xx.o(.text) referenced from startup_py32f403xx.o(RESET)
 <LI><a href="#[2e]">USART1_IRQHandler</a> from startup_py32f403xx.o(.text) referenced from startup_py32f403xx.o(RESET)
 <LI><a href="#[2f]">USART2_IRQHandler</a> from startup_py32f403xx.o(.text) referenced from startup_py32f403xx.o(RESET)
 <LI><a href="#[30]">USART3_IRQHandler</a> from startup_py32f403xx.o(.text) referenced from startup_py32f403xx.o(RESET)
 <LI><a href="#[3c]">USART4_IRQHandler</a> from startup_py32f403xx.o(.text) referenced from startup_py32f403xx.o(RESET)
 <LI><a href="#[3d]">USART5_IRQHandler</a> from startup_py32f403xx.o(.text) referenced from startup_py32f403xx.o(RESET)
 <LI><a href="#[1e]">USB_IRQHandler</a> from py32f403_it.o(i.USB_IRQHandler) referenced from startup_py32f403xx.o(RESET)
 <LI><a href="#[6]">UsageFault_Handler</a> from py32f403_it.o(i.UsageFault_Handler) referenced from startup_py32f403xx.o(RESET)
 <LI><a href="#[b]">WWDG_IRQHandler</a> from startup_py32f403xx.o(.text) referenced from startup_py32f403xx.o(RESET)
 <LI><a href="#[46]">__main</a> from entry.o(.ARM.Collect$$$$00000000) referenced from startup_py32f403xx.o(.text)
 <LI><a href="#[47]">hid_class_interface_request_handler</a> from usbd_hid.o(i.hid_class_interface_request_handler) referenced from usbd_hid.o(i.usbd_hid_init_intf)
 <LI><a href="#[44]">main</a> from main.o(i.main) referenced from entry9a.o(.ARM.Collect$$$$0000000B)
 <LI><a href="#[0]">usbd_hid_int_callback</a> from usbd_hid_keyboard_if.o(i.usbd_hid_int_callback) referenced 2 times from usbd_hid_keyboard_if.o(.data)
</UL>
<P>
<H3>
Global Symbols
</H3>
<P><STRONG><a name="[46]"></a>__main</STRONG> (Thumb, 0 bytes, Stack size unknown bytes, entry.o(.ARM.Collect$$$$00000000))
<BR>[Address Reference Count : 1]<UL><LI> startup_py32f403xx.o(.text)
</UL>
<P><STRONG><a name="[9b]"></a>_main_stk</STRONG> (Thumb, 0 bytes, Stack size unknown bytes, entry2.o(.ARM.Collect$$$$00000001))

<P><STRONG><a name="[48]"></a>_main_scatterload</STRONG> (Thumb, 0 bytes, Stack size unknown bytes, entry5.o(.ARM.Collect$$$$00000004))
<BR><BR>[Calls]<UL><LI><a href="#[49]">&gt;&gt;</a>&nbsp;&nbsp;&nbsp;__scatterload
</UL>

<P><STRONG><a name="[4d]"></a>__main_after_scatterload</STRONG> (Thumb, 0 bytes, Stack size unknown bytes, entry5.o(.ARM.Collect$$$$00000004))
<BR><BR>[Called By]<UL><LI><a href="#[49]">&gt;&gt;</a>&nbsp;&nbsp;&nbsp;__scatterload
</UL>

<P><STRONG><a name="[9c]"></a>_main_clock</STRONG> (Thumb, 0 bytes, Stack size unknown bytes, entry7b.o(.ARM.Collect$$$$00000008))

<P><STRONG><a name="[9d]"></a>_main_cpp_init</STRONG> (Thumb, 0 bytes, Stack size unknown bytes, entry8b.o(.ARM.Collect$$$$0000000A))

<P><STRONG><a name="[9e]"></a>_main_init</STRONG> (Thumb, 0 bytes, Stack size unknown bytes, entry9a.o(.ARM.Collect$$$$0000000B))

<P><STRONG><a name="[9f]"></a>__rt_final_cpp</STRONG> (Thumb, 0 bytes, Stack size unknown bytes, entry10a.o(.ARM.Collect$$$$0000000D))

<P><STRONG><a name="[a0]"></a>__rt_final_exit</STRONG> (Thumb, 0 bytes, Stack size unknown bytes, entry11a.o(.ARM.Collect$$$$0000000F))

<P><STRONG><a name="[1]"></a>Reset_Handler</STRONG> (Thumb, 8 bytes, Stack size 0 bytes, startup_py32f403xx.o(.text))
<BR>[Address Reference Count : 1]<UL><LI> startup_py32f403xx.o(RESET)
</UL>
<P><STRONG><a name="[1d]"></a>ADC1_2_IRQHandler</STRONG> (Thumb, 0 bytes, Stack size 0 bytes, startup_py32f403xx.o(.text))
<BR><BR>[Calls]<UL><LI><a href="#[1d]">&gt;&gt;</a>&nbsp;&nbsp;&nbsp;ADC1_2_IRQHandler
</UL>
<BR>[Called By]<UL><LI><a href="#[1d]">&gt;&gt;</a>&nbsp;&nbsp;&nbsp;ADC1_2_IRQHandler
</UL>
<BR>[Address Reference Count : 1]<UL><LI> startup_py32f403xx.o(RESET)
</UL>
<P><STRONG><a name="[37]"></a>ADC3_IRQHandler</STRONG> (Thumb, 0 bytes, Stack size 0 bytes, startup_py32f403xx.o(.text))
<BR>[Address Reference Count : 1]<UL><LI> startup_py32f403xx.o(RESET)
</UL>
<P><STRONG><a name="[1f]"></a>CAN_IRQHandler</STRONG> (Thumb, 0 bytes, Stack size 0 bytes, startup_py32f403xx.o(.text))
<BR>[Address Reference Count : 1]<UL><LI> startup_py32f403xx.o(RESET)
</UL>
<P><STRONG><a name="[16]"></a>DMA1_Channel1_IRQHandler</STRONG> (Thumb, 0 bytes, Stack size 0 bytes, startup_py32f403xx.o(.text))
<BR>[Address Reference Count : 1]<UL><LI> startup_py32f403xx.o(RESET)
</UL>
<P><STRONG><a name="[17]"></a>DMA1_Channel2_IRQHandler</STRONG> (Thumb, 0 bytes, Stack size 0 bytes, startup_py32f403xx.o(.text))
<BR>[Address Reference Count : 1]<UL><LI> startup_py32f403xx.o(RESET)
</UL>
<P><STRONG><a name="[18]"></a>DMA1_Channel3_IRQHandler</STRONG> (Thumb, 0 bytes, Stack size 0 bytes, startup_py32f403xx.o(.text))
<BR>[Address Reference Count : 1]<UL><LI> startup_py32f403xx.o(RESET)
</UL>
<P><STRONG><a name="[19]"></a>DMA1_Channel4_IRQHandler</STRONG> (Thumb, 0 bytes, Stack size 0 bytes, startup_py32f403xx.o(.text))
<BR>[Address Reference Count : 1]<UL><LI> startup_py32f403xx.o(RESET)
</UL>
<P><STRONG><a name="[1a]"></a>DMA1_Channel5_IRQHandler</STRONG> (Thumb, 0 bytes, Stack size 0 bytes, startup_py32f403xx.o(.text))
<BR>[Address Reference Count : 1]<UL><LI> startup_py32f403xx.o(RESET)
</UL>
<P><STRONG><a name="[1b]"></a>DMA1_Channel6_IRQHandler</STRONG> (Thumb, 0 bytes, Stack size 0 bytes, startup_py32f403xx.o(.text))
<BR>[Address Reference Count : 1]<UL><LI> startup_py32f403xx.o(RESET)
</UL>
<P><STRONG><a name="[1c]"></a>DMA1_Channel7_IRQHandler</STRONG> (Thumb, 0 bytes, Stack size 0 bytes, startup_py32f403xx.o(.text))
<BR>[Address Reference Count : 1]<UL><LI> startup_py32f403xx.o(RESET)
</UL>
<P><STRONG><a name="[40]"></a>DMA2_Channel1_IRQHandler</STRONG> (Thumb, 0 bytes, Stack size 0 bytes, startup_py32f403xx.o(.text))
<BR>[Address Reference Count : 1]<UL><LI> startup_py32f403xx.o(RESET)
</UL>
<P><STRONG><a name="[41]"></a>DMA2_Channel2_IRQHandler</STRONG> (Thumb, 0 bytes, Stack size 0 bytes, startup_py32f403xx.o(.text))
<BR>[Address Reference Count : 1]<UL><LI> startup_py32f403xx.o(RESET)
</UL>
<P><STRONG><a name="[42]"></a>DMA2_Channel3_IRQHandler</STRONG> (Thumb, 0 bytes, Stack size 0 bytes, startup_py32f403xx.o(.text))
<BR>[Address Reference Count : 1]<UL><LI> startup_py32f403xx.o(RESET)
</UL>
<P><STRONG><a name="[43]"></a>DMA2_Channel4_5_IRQHandler</STRONG> (Thumb, 0 bytes, Stack size 0 bytes, startup_py32f403xx.o(.text))
<BR>[Address Reference Count : 1]<UL><LI> startup_py32f403xx.o(RESET)
</UL>
<P><STRONG><a name="[38]"></a>ESMC_IRQHandler</STRONG> (Thumb, 0 bytes, Stack size 0 bytes, startup_py32f403xx.o(.text))
<BR>[Address Reference Count : 1]<UL><LI> startup_py32f403xx.o(RESET)
</UL>
<P><STRONG><a name="[11]"></a>EXTI0_IRQHandler</STRONG> (Thumb, 0 bytes, Stack size 0 bytes, startup_py32f403xx.o(.text))
<BR>[Address Reference Count : 1]<UL><LI> startup_py32f403xx.o(RESET)
</UL>
<P><STRONG><a name="[31]"></a>EXTI15_10_IRQHandler</STRONG> (Thumb, 0 bytes, Stack size 0 bytes, startup_py32f403xx.o(.text))
<BR>[Address Reference Count : 1]<UL><LI> startup_py32f403xx.o(RESET)
</UL>
<P><STRONG><a name="[12]"></a>EXTI1_IRQHandler</STRONG> (Thumb, 0 bytes, Stack size 0 bytes, startup_py32f403xx.o(.text))
<BR>[Address Reference Count : 1]<UL><LI> startup_py32f403xx.o(RESET)
</UL>
<P><STRONG><a name="[13]"></a>EXTI2_IRQHandler</STRONG> (Thumb, 0 bytes, Stack size 0 bytes, startup_py32f403xx.o(.text))
<BR>[Address Reference Count : 1]<UL><LI> startup_py32f403xx.o(RESET)
</UL>
<P><STRONG><a name="[14]"></a>EXTI3_IRQHandler</STRONG> (Thumb, 0 bytes, Stack size 0 bytes, startup_py32f403xx.o(.text))
<BR>[Address Reference Count : 1]<UL><LI> startup_py32f403xx.o(RESET)
</UL>
<P><STRONG><a name="[15]"></a>EXTI4_IRQHandler</STRONG> (Thumb, 0 bytes, Stack size 0 bytes, startup_py32f403xx.o(.text))
<BR>[Address Reference Count : 1]<UL><LI> startup_py32f403xx.o(RESET)
</UL>
<P><STRONG><a name="[20]"></a>EXTI9_5_IRQHandler</STRONG> (Thumb, 0 bytes, Stack size 0 bytes, startup_py32f403xx.o(.text))
<BR>[Address Reference Count : 1]<UL><LI> startup_py32f403xx.o(RESET)
</UL>
<P><STRONG><a name="[f]"></a>FLASH_IRQHandler</STRONG> (Thumb, 0 bytes, Stack size 0 bytes, startup_py32f403xx.o(.text))
<BR>[Address Reference Count : 1]<UL><LI> startup_py32f403xx.o(RESET)
</UL>
<P><STRONG><a name="[29]"></a>I2C1_ER_IRQHandler</STRONG> (Thumb, 0 bytes, Stack size 0 bytes, startup_py32f403xx.o(.text))
<BR>[Address Reference Count : 1]<UL><LI> startup_py32f403xx.o(RESET)
</UL>
<P><STRONG><a name="[28]"></a>I2C1_EV_IRQHandler</STRONG> (Thumb, 0 bytes, Stack size 0 bytes, startup_py32f403xx.o(.text))
<BR>[Address Reference Count : 1]<UL><LI> startup_py32f403xx.o(RESET)
</UL>
<P><STRONG><a name="[2b]"></a>I2C2_ER_IRQHandler</STRONG> (Thumb, 0 bytes, Stack size 0 bytes, startup_py32f403xx.o(.text))
<BR>[Address Reference Count : 1]<UL><LI> startup_py32f403xx.o(RESET)
</UL>
<P><STRONG><a name="[2a]"></a>I2C2_EV_IRQHandler</STRONG> (Thumb, 0 bytes, Stack size 0 bytes, startup_py32f403xx.o(.text))
<BR>[Address Reference Count : 1]<UL><LI> startup_py32f403xx.o(RESET)
</UL>
<P><STRONG><a name="[c]"></a>PVD_IRQHandler</STRONG> (Thumb, 0 bytes, Stack size 0 bytes, startup_py32f403xx.o(.text))
<BR>[Address Reference Count : 1]<UL><LI> startup_py32f403xx.o(RESET)
</UL>
<P><STRONG><a name="[10]"></a>RCC_CTC_IRQHandler</STRONG> (Thumb, 0 bytes, Stack size 0 bytes, startup_py32f403xx.o(.text))
<BR>[Address Reference Count : 1]<UL><LI> startup_py32f403xx.o(RESET)
</UL>
<P><STRONG><a name="[32]"></a>RTC_Alarm_IRQHandler</STRONG> (Thumb, 0 bytes, Stack size 0 bytes, startup_py32f403xx.o(.text))
<BR>[Address Reference Count : 1]<UL><LI> startup_py32f403xx.o(RESET)
</UL>
<P><STRONG><a name="[e]"></a>RTC_IRQHandler</STRONG> (Thumb, 0 bytes, Stack size 0 bytes, startup_py32f403xx.o(.text))
<BR>[Address Reference Count : 1]<UL><LI> startup_py32f403xx.o(RESET)
</UL>
<P><STRONG><a name="[39]"></a>SDIO_IRQHandler</STRONG> (Thumb, 0 bytes, Stack size 0 bytes, startup_py32f403xx.o(.text))
<BR>[Address Reference Count : 1]<UL><LI> startup_py32f403xx.o(RESET)
</UL>
<P><STRONG><a name="[2c]"></a>SPI1_IRQHandler</STRONG> (Thumb, 0 bytes, Stack size 0 bytes, startup_py32f403xx.o(.text))
<BR>[Address Reference Count : 1]<UL><LI> startup_py32f403xx.o(RESET)
</UL>
<P><STRONG><a name="[2d]"></a>SPI2_IRQHandler</STRONG> (Thumb, 0 bytes, Stack size 0 bytes, startup_py32f403xx.o(.text))
<BR>[Address Reference Count : 1]<UL><LI> startup_py32f403xx.o(RESET)
</UL>
<P><STRONG><a name="[3b]"></a>SPI3_IRQHandler</STRONG> (Thumb, 0 bytes, Stack size 0 bytes, startup_py32f403xx.o(.text))
<BR>[Address Reference Count : 1]<UL><LI> startup_py32f403xx.o(RESET)
</UL>
<P><STRONG><a name="[d]"></a>TAMPER_IRQHandler</STRONG> (Thumb, 0 bytes, Stack size 0 bytes, startup_py32f403xx.o(.text))
<BR>[Address Reference Count : 1]<UL><LI> startup_py32f403xx.o(RESET)
</UL>
<P><STRONG><a name="[21]"></a>TIM1_BRK_TIM9_IRQHandler</STRONG> (Thumb, 0 bytes, Stack size 0 bytes, startup_py32f403xx.o(.text))
<BR>[Address Reference Count : 1]<UL><LI> startup_py32f403xx.o(RESET)
</UL>
<P><STRONG><a name="[24]"></a>TIM1_CC_IRQHandler</STRONG> (Thumb, 0 bytes, Stack size 0 bytes, startup_py32f403xx.o(.text))
<BR>[Address Reference Count : 1]<UL><LI> startup_py32f403xx.o(RESET)
</UL>
<P><STRONG><a name="[23]"></a>TIM1_TRG_COM_TIM11_IRQHandler</STRONG> (Thumb, 0 bytes, Stack size 0 bytes, startup_py32f403xx.o(.text))
<BR>[Address Reference Count : 1]<UL><LI> startup_py32f403xx.o(RESET)
</UL>
<P><STRONG><a name="[22]"></a>TIM1_UP_TIM10_IRQHandler</STRONG> (Thumb, 0 bytes, Stack size 0 bytes, startup_py32f403xx.o(.text))
<BR>[Address Reference Count : 1]<UL><LI> startup_py32f403xx.o(RESET)
</UL>
<P><STRONG><a name="[25]"></a>TIM2_IRQHandler</STRONG> (Thumb, 0 bytes, Stack size 0 bytes, startup_py32f403xx.o(.text))
<BR>[Address Reference Count : 1]<UL><LI> startup_py32f403xx.o(RESET)
</UL>
<P><STRONG><a name="[26]"></a>TIM3_IRQHandler</STRONG> (Thumb, 0 bytes, Stack size 0 bytes, startup_py32f403xx.o(.text))
<BR>[Address Reference Count : 1]<UL><LI> startup_py32f403xx.o(RESET)
</UL>
<P><STRONG><a name="[27]"></a>TIM4_IRQHandler</STRONG> (Thumb, 0 bytes, Stack size 0 bytes, startup_py32f403xx.o(.text))
<BR>[Address Reference Count : 1]<UL><LI> startup_py32f403xx.o(RESET)
</UL>
<P><STRONG><a name="[3a]"></a>TIM5_IRQHandler</STRONG> (Thumb, 0 bytes, Stack size 0 bytes, startup_py32f403xx.o(.text))
<BR>[Address Reference Count : 1]<UL><LI> startup_py32f403xx.o(RESET)
</UL>
<P><STRONG><a name="[3e]"></a>TIM6_IRQHandler</STRONG> (Thumb, 0 bytes, Stack size 0 bytes, startup_py32f403xx.o(.text))
<BR>[Address Reference Count : 1]<UL><LI> startup_py32f403xx.o(RESET)
</UL>
<P><STRONG><a name="[3f]"></a>TIM7_IRQHandler</STRONG> (Thumb, 0 bytes, Stack size 0 bytes, startup_py32f403xx.o(.text))
<BR>[Address Reference Count : 1]<UL><LI> startup_py32f403xx.o(RESET)
</UL>
<P><STRONG><a name="[33]"></a>TIM8_BRK_TIM12_IRQHandler</STRONG> (Thumb, 0 bytes, Stack size 0 bytes, startup_py32f403xx.o(.text))
<BR>[Address Reference Count : 1]<UL><LI> startup_py32f403xx.o(RESET)
</UL>
<P><STRONG><a name="[36]"></a>TIM8_CC_IRQHandler</STRONG> (Thumb, 0 bytes, Stack size 0 bytes, startup_py32f403xx.o(.text))
<BR>[Address Reference Count : 1]<UL><LI> startup_py32f403xx.o(RESET)
</UL>
<P><STRONG><a name="[35]"></a>TIM8_TRG_COM_TIM14_IRQHandler</STRONG> (Thumb, 0 bytes, Stack size 0 bytes, startup_py32f403xx.o(.text))
<BR>[Address Reference Count : 1]<UL><LI> startup_py32f403xx.o(RESET)
</UL>
<P><STRONG><a name="[34]"></a>TIM8_UP_TIM13_IRQHandler</STRONG> (Thumb, 0 bytes, Stack size 0 bytes, startup_py32f403xx.o(.text))
<BR>[Address Reference Count : 1]<UL><LI> startup_py32f403xx.o(RESET)
</UL>
<P><STRONG><a name="[2e]"></a>USART1_IRQHandler</STRONG> (Thumb, 0 bytes, Stack size 0 bytes, startup_py32f403xx.o(.text))
<BR>[Address Reference Count : 1]<UL><LI> startup_py32f403xx.o(RESET)
</UL>
<P><STRONG><a name="[2f]"></a>USART2_IRQHandler</STRONG> (Thumb, 0 bytes, Stack size 0 bytes, startup_py32f403xx.o(.text))
<BR>[Address Reference Count : 1]<UL><LI> startup_py32f403xx.o(RESET)
</UL>
<P><STRONG><a name="[30]"></a>USART3_IRQHandler</STRONG> (Thumb, 0 bytes, Stack size 0 bytes, startup_py32f403xx.o(.text))
<BR>[Address Reference Count : 1]<UL><LI> startup_py32f403xx.o(RESET)
</UL>
<P><STRONG><a name="[3c]"></a>USART4_IRQHandler</STRONG> (Thumb, 0 bytes, Stack size 0 bytes, startup_py32f403xx.o(.text))
<BR>[Address Reference Count : 1]<UL><LI> startup_py32f403xx.o(RESET)
</UL>
<P><STRONG><a name="[3d]"></a>USART5_IRQHandler</STRONG> (Thumb, 0 bytes, Stack size 0 bytes, startup_py32f403xx.o(.text))
<BR>[Address Reference Count : 1]<UL><LI> startup_py32f403xx.o(RESET)
</UL>
<P><STRONG><a name="[b]"></a>WWDG_IRQHandler</STRONG> (Thumb, 0 bytes, Stack size 0 bytes, startup_py32f403xx.o(.text))
<BR>[Address Reference Count : 1]<UL><LI> startup_py32f403xx.o(RESET)
</UL>
<P><STRONG><a name="[88]"></a>__aeabi_memcpy</STRONG> (Thumb, 36 bytes, Stack size 0 bytes, memcpya.o(.text))
<BR><BR>[Called By]<UL><LI><a href="#[70]">&gt;&gt;</a>&nbsp;&nbsp;&nbsp;usbd_event_ep0_setup_complete_handler
</UL>

<P><STRONG><a name="[51]"></a>__aeabi_memcpy4</STRONG> (Thumb, 0 bytes, Stack size 0 bytes, memcpya.o(.text))
<BR><BR>[Called By]<UL><LI><a href="#[50]">&gt;&gt;</a>&nbsp;&nbsp;&nbsp;APP_LoadTrim
<LI><a href="#[62]">&gt;&gt;</a>&nbsp;&nbsp;&nbsp;HAL_RCC_GetSysClockFreq
</UL>

<P><STRONG><a name="[a1]"></a>__aeabi_memcpy8</STRONG> (Thumb, 0 bytes, Stack size 0 bytes, memcpya.o(.text), UNUSED)

<P><STRONG><a name="[4b]"></a>__aeabi_memset</STRONG> (Thumb, 14 bytes, Stack size 0 bytes, memseta.o(.text), UNUSED)
<BR><BR>[Called By]<UL><LI><a href="#[4c]">&gt;&gt;</a>&nbsp;&nbsp;&nbsp;_memset$wrapper
<LI><a href="#[4a]">&gt;&gt;</a>&nbsp;&nbsp;&nbsp;__aeabi_memclr
</UL>

<P><STRONG><a name="[a2]"></a>__aeabi_memset4</STRONG> (Thumb, 0 bytes, Stack size 0 bytes, memseta.o(.text), UNUSED)

<P><STRONG><a name="[a3]"></a>__aeabi_memset8</STRONG> (Thumb, 0 bytes, Stack size 0 bytes, memseta.o(.text), UNUSED)

<P><STRONG><a name="[4a]"></a>__aeabi_memclr</STRONG> (Thumb, 4 bytes, Stack size 0 bytes, memseta.o(.text), UNUSED)
<BR><BR>[Calls]<UL><LI><a href="#[4b]">&gt;&gt;</a>&nbsp;&nbsp;&nbsp;__aeabi_memset
</UL>

<P><STRONG><a name="[52]"></a>__aeabi_memclr4</STRONG> (Thumb, 0 bytes, Stack size 0 bytes, memseta.o(.text))
<BR><BR>[Called By]<UL><LI><a href="#[65]">&gt;&gt;</a>&nbsp;&nbsp;&nbsp;USBD_IRQHandler
<LI><a href="#[53]">&gt;&gt;</a>&nbsp;&nbsp;&nbsp;APP_SystemClockConfig
<LI><a href="#[50]">&gt;&gt;</a>&nbsp;&nbsp;&nbsp;APP_LoadTrim
</UL>

<P><STRONG><a name="[a4]"></a>__aeabi_memclr8</STRONG> (Thumb, 0 bytes, Stack size 0 bytes, memseta.o(.text), UNUSED)

<P><STRONG><a name="[4c]"></a>_memset$wrapper</STRONG> (Thumb, 18 bytes, Stack size 8 bytes, memseta.o(.text), UNUSED)
<BR><BR>[Calls]<UL><LI><a href="#[4b]">&gt;&gt;</a>&nbsp;&nbsp;&nbsp;__aeabi_memset
</UL>

<P><STRONG><a name="[49]"></a>__scatterload</STRONG> (Thumb, 28 bytes, Stack size 0 bytes, init.o(.text))
<BR><BR>[Calls]<UL><LI><a href="#[4d]">&gt;&gt;</a>&nbsp;&nbsp;&nbsp;__main_after_scatterload
</UL>
<BR>[Called By]<UL><LI><a href="#[48]">&gt;&gt;</a>&nbsp;&nbsp;&nbsp;_main_scatterload
</UL>

<P><STRONG><a name="[a5]"></a>__scatterload_rt2</STRONG> (Thumb, 0 bytes, Stack size 0 bytes, init.o(.text), UNUSED)

<P><STRONG><a name="[a6]"></a>__decompress</STRONG> (Thumb, 0 bytes, Stack size unknown bytes, __dczerorl.o(.text), UNUSED)

<P><STRONG><a name="[a7]"></a>__decompress0</STRONG> (Thumb, 58 bytes, Stack size unknown bytes, __dczerorl.o(.text), UNUSED)

<P><STRONG><a name="[55]"></a>APP_ErrorHandler</STRONG> (Thumb, 4 bytes, Stack size 0 bytes, main.o(i.APP_ErrorHandler))
<BR><BR>[Called By]<UL><LI><a href="#[53]">&gt;&gt;</a>&nbsp;&nbsp;&nbsp;APP_SystemClockConfig
</UL>

<P><STRONG><a name="[4e]"></a>APP_ErrorProc</STRONG> (Thumb, 8 bytes, Stack size 8 bytes, system_py32f403.o(i.APP_ErrorProc))
<BR><BR>[Stack]<UL><LI>Max Depth = 8<LI>Call Chain = APP_ErrorProc
</UL>
<BR>[Calls]<UL><LI><a href="#[4f]">&gt;&gt;</a>&nbsp;&nbsp;&nbsp;HAL_NVIC_SystemReset
</UL>
<BR>[Called By]<UL><LI><a href="#[50]">&gt;&gt;</a>&nbsp;&nbsp;&nbsp;APP_LoadTrim
</UL>

<P><STRONG><a name="[50]"></a>APP_LoadTrim</STRONG> (Thumb, 468 bytes, Stack size 280 bytes, system_py32f403.o(i.APP_LoadTrim))
<BR><BR>[Stack]<UL><LI>Max Depth = 288<LI>Call Chain = APP_LoadTrim &rArr; APP_ErrorProc
</UL>
<BR>[Calls]<UL><LI><a href="#[4e]">&gt;&gt;</a>&nbsp;&nbsp;&nbsp;APP_ErrorProc
<LI><a href="#[52]">&gt;&gt;</a>&nbsp;&nbsp;&nbsp;__aeabi_memclr4
<LI><a href="#[51]">&gt;&gt;</a>&nbsp;&nbsp;&nbsp;__aeabi_memcpy4
</UL>
<BR>[Called By]<UL><LI><a href="#[45]">&gt;&gt;</a>&nbsp;&nbsp;&nbsp;SystemInit
</UL>

<P><STRONG><a name="[5]"></a>BusFault_Handler</STRONG> (Thumb, 4 bytes, Stack size 0 bytes, py32f403_it.o(i.BusFault_Handler))
<BR>[Address Reference Count : 1]<UL><LI> startup_py32f403xx.o(RESET)
</UL>
<P><STRONG><a name="[8]"></a>DebugMon_Handler</STRONG> (Thumb, 2 bytes, Stack size 0 bytes, py32f403_it.o(i.DebugMon_Handler))
<BR>[Address Reference Count : 1]<UL><LI> startup_py32f403xx.o(RESET)
</UL>
<P><STRONG><a name="[61]"></a>HAL_GetTick</STRONG> (Thumb, 6 bytes, Stack size 0 bytes, py32f403_hal.o(i.HAL_GetTick))
<BR><BR>[Called By]<UL><LI><a href="#[54]">&gt;&gt;</a>&nbsp;&nbsp;&nbsp;HAL_RCC_OscConfig
<LI><a href="#[56]">&gt;&gt;</a>&nbsp;&nbsp;&nbsp;HAL_RCC_ClockConfig
</UL>

<P><STRONG><a name="[64]"></a>HAL_IncTick</STRONG> (Thumb, 16 bytes, Stack size 0 bytes, py32f403_hal.o(i.HAL_IncTick))
<BR><BR>[Called By]<UL><LI><a href="#[a]">&gt;&gt;</a>&nbsp;&nbsp;&nbsp;SysTick_Handler
</UL>

<P><STRONG><a name="[59]"></a>HAL_Init</STRONG> (Thumb, 22 bytes, Stack size 8 bytes, py32f403_hal.o(i.HAL_Init))
<BR><BR>[Stack]<UL><LI>Max Depth = 72<LI>Call Chain = HAL_Init &rArr; HAL_InitTick &rArr; HAL_NVIC_SetPriority &rArr; __NVIC_SetPriority
</UL>
<BR>[Calls]<UL><LI><a href="#[5c]">&gt;&gt;</a>&nbsp;&nbsp;&nbsp;HAL_MspInit
<LI><a href="#[5b]">&gt;&gt;</a>&nbsp;&nbsp;&nbsp;HAL_InitTick
<LI><a href="#[5a]">&gt;&gt;</a>&nbsp;&nbsp;&nbsp;HAL_NVIC_SetPriorityGrouping
</UL>
<BR>[Called By]<UL><LI><a href="#[44]">&gt;&gt;</a>&nbsp;&nbsp;&nbsp;main
</UL>

<P><STRONG><a name="[5b]"></a>HAL_InitTick</STRONG> (Thumb, 64 bytes, Stack size 16 bytes, py32f403_hal.o(i.HAL_InitTick))
<BR><BR>[Stack]<UL><LI>Max Depth = 64<LI>Call Chain = HAL_InitTick &rArr; HAL_NVIC_SetPriority &rArr; __NVIC_SetPriority
</UL>
<BR>[Calls]<UL><LI><a href="#[5e]">&gt;&gt;</a>&nbsp;&nbsp;&nbsp;HAL_NVIC_SetPriority
<LI><a href="#[5d]">&gt;&gt;</a>&nbsp;&nbsp;&nbsp;HAL_SYSTICK_Config
</UL>
<BR>[Called By]<UL><LI><a href="#[56]">&gt;&gt;</a>&nbsp;&nbsp;&nbsp;HAL_RCC_ClockConfig
<LI><a href="#[59]">&gt;&gt;</a>&nbsp;&nbsp;&nbsp;HAL_Init
</UL>

<P><STRONG><a name="[5c]"></a>HAL_MspInit</STRONG> (Thumb, 58 bytes, Stack size 8 bytes, py32f403_hal_msp.o(i.HAL_MspInit))
<BR><BR>[Stack]<UL><LI>Max Depth = 8<LI>Call Chain = HAL_MspInit
</UL>
<BR>[Called By]<UL><LI><a href="#[59]">&gt;&gt;</a>&nbsp;&nbsp;&nbsp;HAL_Init
</UL>

<P><STRONG><a name="[5e]"></a>HAL_NVIC_SetPriority</STRONG> (Thumb, 124 bytes, Stack size 40 bytes, py32f403_hal_cortex.o(i.HAL_NVIC_SetPriority))
<BR><BR>[Stack]<UL><LI>Max Depth = 48<LI>Call Chain = HAL_NVIC_SetPriority &rArr; __NVIC_SetPriority
</UL>
<BR>[Calls]<UL><LI><a href="#[60]">&gt;&gt;</a>&nbsp;&nbsp;&nbsp;__NVIC_SetPriority
<LI><a href="#[5f]">&gt;&gt;</a>&nbsp;&nbsp;&nbsp;__NVIC_GetPriorityGrouping
</UL>
<BR>[Called By]<UL><LI><a href="#[5b]">&gt;&gt;</a>&nbsp;&nbsp;&nbsp;HAL_InitTick
</UL>

<P><STRONG><a name="[5a]"></a>HAL_NVIC_SetPriorityGrouping</STRONG> (Thumb, 32 bytes, Stack size 0 bytes, py32f403_hal_cortex.o(i.HAL_NVIC_SetPriorityGrouping))
<BR><BR>[Called By]<UL><LI><a href="#[59]">&gt;&gt;</a>&nbsp;&nbsp;&nbsp;HAL_Init
</UL>

<P><STRONG><a name="[4f]"></a>HAL_NVIC_SystemReset</STRONG> (Thumb, 36 bytes, Stack size 0 bytes, py32f403_hal_cortex.o(i.HAL_NVIC_SystemReset))
<BR><BR>[Called By]<UL><LI><a href="#[4e]">&gt;&gt;</a>&nbsp;&nbsp;&nbsp;APP_ErrorProc
</UL>

<P><STRONG><a name="[56]"></a>HAL_RCC_ClockConfig</STRONG> (Thumb, 376 bytes, Stack size 16 bytes, py32f403_hal_rcc.o(i.HAL_RCC_ClockConfig))
<BR><BR>[Stack]<UL><LI>Max Depth = 112<LI>Call Chain = HAL_RCC_ClockConfig &rArr; HAL_RCC_GetSysClockFreq
</UL>
<BR>[Calls]<UL><LI><a href="#[62]">&gt;&gt;</a>&nbsp;&nbsp;&nbsp;HAL_RCC_GetSysClockFreq
<LI><a href="#[5b]">&gt;&gt;</a>&nbsp;&nbsp;&nbsp;HAL_InitTick
<LI><a href="#[61]">&gt;&gt;</a>&nbsp;&nbsp;&nbsp;HAL_GetTick
</UL>
<BR>[Called By]<UL><LI><a href="#[53]">&gt;&gt;</a>&nbsp;&nbsp;&nbsp;APP_SystemClockConfig
</UL>

<P><STRONG><a name="[62]"></a>HAL_RCC_GetSysClockFreq</STRONG> (Thumb, 148 bytes, Stack size 96 bytes, py32f403_hal_rcc.o(i.HAL_RCC_GetSysClockFreq))
<BR><BR>[Stack]<UL><LI>Max Depth = 96<LI>Call Chain = HAL_RCC_GetSysClockFreq
</UL>
<BR>[Calls]<UL><LI><a href="#[51]">&gt;&gt;</a>&nbsp;&nbsp;&nbsp;__aeabi_memcpy4
</UL>
<BR>[Called By]<UL><LI><a href="#[56]">&gt;&gt;</a>&nbsp;&nbsp;&nbsp;HAL_RCC_ClockConfig
</UL>

<P><STRONG><a name="[54]"></a>HAL_RCC_OscConfig</STRONG> (Thumb, 1396 bytes, Stack size 24 bytes, py32f403_hal_rcc.o(i.HAL_RCC_OscConfig))
<BR><BR>[Stack]<UL><LI>Max Depth = 32<LI>Call Chain = HAL_RCC_OscConfig &rArr; RCC_Delay
</UL>
<BR>[Calls]<UL><LI><a href="#[63]">&gt;&gt;</a>&nbsp;&nbsp;&nbsp;RCC_Delay
<LI><a href="#[61]">&gt;&gt;</a>&nbsp;&nbsp;&nbsp;HAL_GetTick
</UL>
<BR>[Called By]<UL><LI><a href="#[53]">&gt;&gt;</a>&nbsp;&nbsp;&nbsp;APP_SystemClockConfig
</UL>

<P><STRONG><a name="[5d]"></a>HAL_SYSTICK_Config</STRONG> (Thumb, 52 bytes, Stack size 16 bytes, py32f403_hal_cortex.o(i.HAL_SYSTICK_Config))
<BR><BR>[Stack]<UL><LI>Max Depth = 24<LI>Call Chain = HAL_SYSTICK_Config &rArr; __NVIC_SetPriority
</UL>
<BR>[Calls]<UL><LI><a href="#[60]">&gt;&gt;</a>&nbsp;&nbsp;&nbsp;__NVIC_SetPriority
</UL>
<BR>[Called By]<UL><LI><a href="#[5b]">&gt;&gt;</a>&nbsp;&nbsp;&nbsp;HAL_InitTick
</UL>

<P><STRONG><a name="[3]"></a>HardFault_Handler</STRONG> (Thumb, 4 bytes, Stack size 0 bytes, py32f403_it.o(i.HardFault_Handler))
<BR>[Address Reference Count : 1]<UL><LI> startup_py32f403xx.o(RESET)
</UL>
<P><STRONG><a name="[4]"></a>MemManage_Handler</STRONG> (Thumb, 4 bytes, Stack size 0 bytes, py32f403_it.o(i.MemManage_Handler))
<BR>[Address Reference Count : 1]<UL><LI> startup_py32f403xx.o(RESET)
</UL>
<P><STRONG><a name="[2]"></a>NMI_Handler</STRONG> (Thumb, 2 bytes, Stack size 0 bytes, py32f403_it.o(i.NMI_Handler))
<BR>[Address Reference Count : 1]<UL><LI> startup_py32f403xx.o(RESET)
</UL>
<P><STRONG><a name="[9]"></a>PendSV_Handler</STRONG> (Thumb, 2 bytes, Stack size 0 bytes, py32f403_it.o(i.PendSV_Handler))
<BR>[Address Reference Count : 1]<UL><LI> startup_py32f403xx.o(RESET)
</UL>
<P><STRONG><a name="[7]"></a>SVC_Handler</STRONG> (Thumb, 2 bytes, Stack size 0 bytes, py32f403_it.o(i.SVC_Handler))
<BR>[Address Reference Count : 1]<UL><LI> startup_py32f403xx.o(RESET)
</UL>
<P><STRONG><a name="[a]"></a>SysTick_Handler</STRONG> (Thumb, 8 bytes, Stack size 8 bytes, py32f403_it.o(i.SysTick_Handler))
<BR><BR>[Stack]<UL><LI>Max Depth = 8<LI>Call Chain = SysTick_Handler
</UL>
<BR>[Calls]<UL><LI><a href="#[64]">&gt;&gt;</a>&nbsp;&nbsp;&nbsp;HAL_IncTick
</UL>
<BR>[Address Reference Count : 1]<UL><LI> startup_py32f403xx.o(RESET)
</UL>
<P><STRONG><a name="[45]"></a>SystemInit</STRONG> (Thumb, 30 bytes, Stack size 8 bytes, system_py32f403.o(i.SystemInit))
<BR><BR>[Stack]<UL><LI>Max Depth = 296<LI>Call Chain = SystemInit &rArr; APP_LoadTrim &rArr; APP_ErrorProc
</UL>
<BR>[Calls]<UL><LI><a href="#[50]">&gt;&gt;</a>&nbsp;&nbsp;&nbsp;APP_LoadTrim
</UL>
<BR>[Address Reference Count : 1]<UL><LI> startup_py32f403xx.o(.text)
</UL>
<P><STRONG><a name="[65]"></a>USBD_IRQHandler</STRONG> (Thumb, 866 bytes, Stack size 32 bytes, usb_dc_py32.o(i.USBD_IRQHandler))
<BR><BR>[Stack]<UL><LI>Max Depth = 232<LI>Call Chain = USBD_IRQHandler &rArr; handle_ep0 &rArr; usbd_event_ep_out_complete_handler &rArr; usbd_setup_request_handler &rArr; usbd_standard_request_handler &rArr; usbd_std_interface_req_handler &rArr; usbd_set_interface &rArr; usbd_set_endpoint &rArr; usbd_ep_open &rArr; pyusb_get_fifo_size
</UL>
<BR>[Calls]<UL><LI><a href="#[52]">&gt;&gt;</a>&nbsp;&nbsp;&nbsp;__aeabi_memclr4
<LI><a href="#[6d]">&gt;&gt;</a>&nbsp;&nbsp;&nbsp;pyusb_write_packet
<LI><a href="#[6a]">&gt;&gt;</a>&nbsp;&nbsp;&nbsp;pyusb_set_active_ep
<LI><a href="#[6e]">&gt;&gt;</a>&nbsp;&nbsp;&nbsp;pyusb_read_packet
<LI><a href="#[66]">&gt;&gt;</a>&nbsp;&nbsp;&nbsp;pyusb_get_active_ep
<LI><a href="#[6b]">&gt;&gt;</a>&nbsp;&nbsp;&nbsp;handle_ep0
<LI><a href="#[69]">&gt;&gt;</a>&nbsp;&nbsp;&nbsp;usbd_event_suspend_handler
<LI><a href="#[68]">&gt;&gt;</a>&nbsp;&nbsp;&nbsp;usbd_event_resume_handler
<LI><a href="#[67]">&gt;&gt;</a>&nbsp;&nbsp;&nbsp;usbd_event_reset_handler
<LI><a href="#[6f]">&gt;&gt;</a>&nbsp;&nbsp;&nbsp;usbd_event_ep_out_complete_handler
<LI><a href="#[6c]">&gt;&gt;</a>&nbsp;&nbsp;&nbsp;usbd_event_ep_in_complete_handler
</UL>
<BR>[Called By]<UL><LI><a href="#[1e]">&gt;&gt;</a>&nbsp;&nbsp;&nbsp;USB_IRQHandler
</UL>

<P><STRONG><a name="[1e]"></a>USB_IRQHandler</STRONG> (Thumb, 8 bytes, Stack size 8 bytes, py32f403_it.o(i.USB_IRQHandler))
<BR><BR>[Stack]<UL><LI>Max Depth = 240<LI>Call Chain = USB_IRQHandler &rArr; USBD_IRQHandler &rArr; handle_ep0 &rArr; usbd_event_ep_out_complete_handler &rArr; usbd_setup_request_handler &rArr; usbd_standard_request_handler &rArr; usbd_std_interface_req_handler &rArr; usbd_set_interface &rArr; usbd_set_endpoint &rArr; usbd_ep_open &rArr; pyusb_get_fifo_size
</UL>
<BR>[Calls]<UL><LI><a href="#[65]">&gt;&gt;</a>&nbsp;&nbsp;&nbsp;USBD_IRQHandler
</UL>
<BR>[Address Reference Count : 1]<UL><LI> startup_py32f403xx.o(RESET)
</UL>
<P><STRONG><a name="[6]"></a>UsageFault_Handler</STRONG> (Thumb, 4 bytes, Stack size 0 bytes, py32f403_it.o(i.UsageFault_Handler))
<BR>[Address Reference Count : 1]<UL><LI> startup_py32f403xx.o(RESET)
</UL>
<P><STRONG><a name="[a8]"></a>__scatterload_copy</STRONG> (Thumb, 14 bytes, Stack size unknown bytes, handlers.o(i.__scatterload_copy), UNUSED)

<P><STRONG><a name="[a9]"></a>__scatterload_null</STRONG> (Thumb, 2 bytes, Stack size unknown bytes, handlers.o(i.__scatterload_null), UNUSED)

<P><STRONG><a name="[aa]"></a>__scatterload_zeroinit</STRONG> (Thumb, 14 bytes, Stack size unknown bytes, handlers.o(i.__scatterload_zeroinit), UNUSED)

<P><STRONG><a name="[58]"></a>hid_keyboard_init</STRONG> (Thumb, 38 bytes, Stack size 8 bytes, usbd_hid_keyboard_if.o(i.hid_keyboard_init))
<BR><BR>[Stack]<UL><LI>Max Depth = 24<LI>Call Chain = hid_keyboard_init &rArr; usbd_initialize &rArr; usb_dc_init
</UL>
<BR>[Calls]<UL><LI><a href="#[7b]">&gt;&gt;</a>&nbsp;&nbsp;&nbsp;usbd_initialize
<LI><a href="#[78]">&gt;&gt;</a>&nbsp;&nbsp;&nbsp;usbd_hid_init_intf
<LI><a href="#[77]">&gt;&gt;</a>&nbsp;&nbsp;&nbsp;usbd_desc_register
<LI><a href="#[79]">&gt;&gt;</a>&nbsp;&nbsp;&nbsp;usbd_add_interface
<LI><a href="#[7a]">&gt;&gt;</a>&nbsp;&nbsp;&nbsp;usbd_add_endpoint
</UL>
<BR>[Called By]<UL><LI><a href="#[57]">&gt;&gt;</a>&nbsp;&nbsp;&nbsp;APP_USBInit
</UL>

<P><STRONG><a name="[7c]"></a>hid_keyboard_test</STRONG> (Thumb, 48 bytes, Stack size 16 bytes, usbd_hid_keyboard_if.o(i.hid_keyboard_test))
<BR><BR>[Stack]<UL><LI>Max Depth = 56<LI>Call Chain = hid_keyboard_test &rArr; usbd_ep_start_write &rArr; pyusb_write_packet
</UL>
<BR>[Calls]<UL><LI><a href="#[7d]">&gt;&gt;</a>&nbsp;&nbsp;&nbsp;usbd_ep_start_write
</UL>
<BR>[Called By]<UL><LI><a href="#[44]">&gt;&gt;</a>&nbsp;&nbsp;&nbsp;main
</UL>

<P><STRONG><a name="[44]"></a>main</STRONG> (Thumb, 20 bytes, Stack size 0 bytes, main.o(i.main))
<BR><BR>[Stack]<UL><LI>Max Depth = 184<LI>Call Chain = main &rArr; APP_SystemClockConfig &rArr; HAL_RCC_ClockConfig &rArr; HAL_RCC_GetSysClockFreq
</UL>
<BR>[Calls]<UL><LI><a href="#[7c]">&gt;&gt;</a>&nbsp;&nbsp;&nbsp;hid_keyboard_test
<LI><a href="#[59]">&gt;&gt;</a>&nbsp;&nbsp;&nbsp;HAL_Init
<LI><a href="#[57]">&gt;&gt;</a>&nbsp;&nbsp;&nbsp;APP_USBInit
<LI><a href="#[53]">&gt;&gt;</a>&nbsp;&nbsp;&nbsp;APP_SystemClockConfig
</UL>
<BR>[Address Reference Count : 1]<UL><LI> entry9a.o(.ARM.Collect$$$$0000000B)
</UL>
<P><STRONG><a name="[7e]"></a>usb_dc_init</STRONG> (Thumb, 40 bytes, Stack size 8 bytes, usb_dc_py32.o(i.usb_dc_init))
<BR><BR>[Stack]<UL><LI>Max Depth = 8<LI>Call Chain = usb_dc_init
</UL>
<BR>[Calls]<UL><LI><a href="#[7f]">&gt;&gt;</a>&nbsp;&nbsp;&nbsp;usb_dc_low_level_init
<LI><a href="#[6a]">&gt;&gt;</a>&nbsp;&nbsp;&nbsp;pyusb_set_active_ep
</UL>
<BR>[Called By]<UL><LI><a href="#[7b]">&gt;&gt;</a>&nbsp;&nbsp;&nbsp;usbd_initialize
</UL>

<P><STRONG><a name="[7f]"></a>usb_dc_low_level_init</STRONG> (Thumb, 2 bytes, Stack size 0 bytes, usb_dc_py32.o(i.usb_dc_low_level_init))
<BR><BR>[Called By]<UL><LI><a href="#[7e]">&gt;&gt;</a>&nbsp;&nbsp;&nbsp;usb_dc_init
</UL>

<P><STRONG><a name="[7a]"></a>usbd_add_endpoint</STRONG> (Thumb, 42 bytes, Stack size 0 bytes, usbd_core.o(i.usbd_add_endpoint))
<BR><BR>[Called By]<UL><LI><a href="#[58]">&gt;&gt;</a>&nbsp;&nbsp;&nbsp;hid_keyboard_init
</UL>

<P><STRONG><a name="[79]"></a>usbd_add_interface</STRONG> (Thumb, 50 bytes, Stack size 8 bytes, usbd_core.o(i.usbd_add_interface))
<BR><BR>[Stack]<UL><LI>Max Depth = 8<LI>Call Chain = usbd_add_interface
</UL>
<BR>[Called By]<UL><LI><a href="#[58]">&gt;&gt;</a>&nbsp;&nbsp;&nbsp;hid_keyboard_init
</UL>

<P><STRONG><a name="[99]"></a>usbd_configure_done_callback</STRONG> (Thumb, 2 bytes, Stack size 0 bytes, usbd_hid_keyboard_if.o(i.usbd_configure_done_callback))
<BR><BR>[Called By]<UL><LI><a href="#[95]">&gt;&gt;</a>&nbsp;&nbsp;&nbsp;usbd_std_device_req_handler
</UL>

<P><STRONG><a name="[77]"></a>usbd_desc_register</STRONG> (Thumb, 14 bytes, Stack size 0 bytes, usbd_core.o(i.usbd_desc_register))
<BR><BR>[Called By]<UL><LI><a href="#[58]">&gt;&gt;</a>&nbsp;&nbsp;&nbsp;hid_keyboard_init
</UL>

<P><STRONG><a name="[86]"></a>usbd_ep0_reset_zlp_flag</STRONG> (Thumb, 8 bytes, Stack size 0 bytes, usb_dc_py32.o(i.usbd_ep0_reset_zlp_flag))
<BR><BR>[Called By]<UL><LI><a href="#[7d]">&gt;&gt;</a>&nbsp;&nbsp;&nbsp;usbd_ep_start_write
</UL>

<P><STRONG><a name="[89]"></a>usbd_ep0_set_zlp_flag</STRONG> (Thumb, 8 bytes, Stack size 0 bytes, usb_dc_py32.o(i.usbd_ep0_set_zlp_flag))
<BR><BR>[Called By]<UL><LI><a href="#[70]">&gt;&gt;</a>&nbsp;&nbsp;&nbsp;usbd_event_ep0_setup_complete_handler
</UL>

<P><STRONG><a name="[80]"></a>usbd_ep_clear_stall</STRONG> (Thumb, 122 bytes, Stack size 16 bytes, usb_dc_py32.o(i.usbd_ep_clear_stall))
<BR><BR>[Stack]<UL><LI>Max Depth = 16<LI>Call Chain = usbd_ep_clear_stall
</UL>
<BR>[Calls]<UL><LI><a href="#[6a]">&gt;&gt;</a>&nbsp;&nbsp;&nbsp;pyusb_set_active_ep
<LI><a href="#[66]">&gt;&gt;</a>&nbsp;&nbsp;&nbsp;pyusb_get_active_ep
</UL>
<BR>[Called By]<UL><LI><a href="#[97]">&gt;&gt;</a>&nbsp;&nbsp;&nbsp;usbd_std_endpoint_req_handler
</UL>

<P><STRONG><a name="[8d]"></a>usbd_ep_close</STRONG> (Thumb, 6 bytes, Stack size 0 bytes, usb_dc_py32.o(i.usbd_ep_close))
<BR><BR>[Called By]<UL><LI><a href="#[8c]">&gt;&gt;</a>&nbsp;&nbsp;&nbsp;usbd_reset_endpoint
</UL>

<P><STRONG><a name="[81]"></a>usbd_ep_is_stalled</STRONG> (Thumb, 82 bytes, Stack size 24 bytes, usb_dc_py32.o(i.usbd_ep_is_stalled))
<BR><BR>[Stack]<UL><LI>Max Depth = 24<LI>Call Chain = usbd_ep_is_stalled
</UL>
<BR>[Calls]<UL><LI><a href="#[6a]">&gt;&gt;</a>&nbsp;&nbsp;&nbsp;pyusb_set_active_ep
<LI><a href="#[66]">&gt;&gt;</a>&nbsp;&nbsp;&nbsp;pyusb_get_active_ep
</UL>
<BR>[Called By]<UL><LI><a href="#[97]">&gt;&gt;</a>&nbsp;&nbsp;&nbsp;usbd_std_endpoint_req_handler
</UL>

<P><STRONG><a name="[82]"></a>usbd_ep_open</STRONG> (Thumb, 424 bytes, Stack size 32 bytes, usb_dc_py32.o(i.usbd_ep_open))
<BR><BR>[Stack]<UL><LI>Max Depth = 40<LI>Call Chain = usbd_ep_open &rArr; pyusb_get_fifo_size
</UL>
<BR>[Calls]<UL><LI><a href="#[6a]">&gt;&gt;</a>&nbsp;&nbsp;&nbsp;pyusb_set_active_ep
<LI><a href="#[83]">&gt;&gt;</a>&nbsp;&nbsp;&nbsp;pyusb_get_fifo_size
<LI><a href="#[66]">&gt;&gt;</a>&nbsp;&nbsp;&nbsp;pyusb_get_active_ep
</UL>
<BR>[Called By]<UL><LI><a href="#[67]">&gt;&gt;</a>&nbsp;&nbsp;&nbsp;usbd_event_reset_handler
<LI><a href="#[8f]">&gt;&gt;</a>&nbsp;&nbsp;&nbsp;usbd_set_endpoint
</UL>

<P><STRONG><a name="[84]"></a>usbd_ep_set_stall</STRONG> (Thumb, 114 bytes, Stack size 16 bytes, usb_dc_py32.o(i.usbd_ep_set_stall))
<BR><BR>[Stack]<UL><LI>Max Depth = 16<LI>Call Chain = usbd_ep_set_stall
</UL>
<BR>[Calls]<UL><LI><a href="#[6a]">&gt;&gt;</a>&nbsp;&nbsp;&nbsp;pyusb_set_active_ep
<LI><a href="#[66]">&gt;&gt;</a>&nbsp;&nbsp;&nbsp;pyusb_get_active_ep
</UL>
<BR>[Called By]<UL><LI><a href="#[6f]">&gt;&gt;</a>&nbsp;&nbsp;&nbsp;usbd_event_ep_out_complete_handler
<LI><a href="#[70]">&gt;&gt;</a>&nbsp;&nbsp;&nbsp;usbd_event_ep0_setup_complete_handler
<LI><a href="#[97]">&gt;&gt;</a>&nbsp;&nbsp;&nbsp;usbd_std_endpoint_req_handler
</UL>

<P><STRONG><a name="[85]"></a>usbd_ep_start_read</STRONG> (Thumb, 190 bytes, Stack size 24 bytes, usb_dc_py32.o(i.usbd_ep_start_read))
<BR><BR>[Stack]<UL><LI>Max Depth = 24<LI>Call Chain = usbd_ep_start_read
</UL>
<BR>[Calls]<UL><LI><a href="#[6a]">&gt;&gt;</a>&nbsp;&nbsp;&nbsp;pyusb_set_active_ep
<LI><a href="#[66]">&gt;&gt;</a>&nbsp;&nbsp;&nbsp;pyusb_get_active_ep
</UL>
<BR>[Called By]<UL><LI><a href="#[6f]">&gt;&gt;</a>&nbsp;&nbsp;&nbsp;usbd_event_ep_out_complete_handler
<LI><a href="#[6c]">&gt;&gt;</a>&nbsp;&nbsp;&nbsp;usbd_event_ep_in_complete_handler
<LI><a href="#[70]">&gt;&gt;</a>&nbsp;&nbsp;&nbsp;usbd_event_ep0_setup_complete_handler
</UL>

<P><STRONG><a name="[7d]"></a>usbd_ep_start_write</STRONG> (Thumb, 410 bytes, Stack size 24 bytes, usb_dc_py32.o(i.usbd_ep_start_write))
<BR><BR>[Stack]<UL><LI>Max Depth = 40<LI>Call Chain = usbd_ep_start_write &rArr; pyusb_write_packet
</UL>
<BR>[Calls]<UL><LI><a href="#[86]">&gt;&gt;</a>&nbsp;&nbsp;&nbsp;usbd_ep0_reset_zlp_flag
<LI><a href="#[6d]">&gt;&gt;</a>&nbsp;&nbsp;&nbsp;pyusb_write_packet
<LI><a href="#[6a]">&gt;&gt;</a>&nbsp;&nbsp;&nbsp;pyusb_set_active_ep
<LI><a href="#[66]">&gt;&gt;</a>&nbsp;&nbsp;&nbsp;pyusb_get_active_ep
</UL>
<BR>[Called By]<UL><LI><a href="#[7c]">&gt;&gt;</a>&nbsp;&nbsp;&nbsp;hid_keyboard_test
<LI><a href="#[6f]">&gt;&gt;</a>&nbsp;&nbsp;&nbsp;usbd_event_ep_out_complete_handler
<LI><a href="#[6c]">&gt;&gt;</a>&nbsp;&nbsp;&nbsp;usbd_event_ep_in_complete_handler
<LI><a href="#[70]">&gt;&gt;</a>&nbsp;&nbsp;&nbsp;usbd_event_ep0_setup_complete_handler
</UL>

<P><STRONG><a name="[70]"></a>usbd_event_ep0_setup_complete_handler</STRONG> (Thumb, 226 bytes, Stack size 16 bytes, usbd_core.o(i.usbd_event_ep0_setup_complete_handler))
<BR><BR>[Stack]<UL><LI>Max Depth = 184<LI>Call Chain = usbd_event_ep0_setup_complete_handler &rArr; usbd_setup_request_handler &rArr; usbd_standard_request_handler &rArr; usbd_std_interface_req_handler &rArr; usbd_set_interface &rArr; usbd_set_endpoint &rArr; usbd_ep_open &rArr; pyusb_get_fifo_size
</UL>
<BR>[Calls]<UL><LI><a href="#[7d]">&gt;&gt;</a>&nbsp;&nbsp;&nbsp;usbd_ep_start_write
<LI><a href="#[88]">&gt;&gt;</a>&nbsp;&nbsp;&nbsp;__aeabi_memcpy
<LI><a href="#[85]">&gt;&gt;</a>&nbsp;&nbsp;&nbsp;usbd_ep_start_read
<LI><a href="#[84]">&gt;&gt;</a>&nbsp;&nbsp;&nbsp;usbd_ep_set_stall
<LI><a href="#[89]">&gt;&gt;</a>&nbsp;&nbsp;&nbsp;usbd_ep0_set_zlp_flag
<LI><a href="#[87]">&gt;&gt;</a>&nbsp;&nbsp;&nbsp;usbd_setup_request_handler
</UL>
<BR>[Called By]<UL><LI><a href="#[6b]">&gt;&gt;</a>&nbsp;&nbsp;&nbsp;handle_ep0
</UL>

<P><STRONG><a name="[6c]"></a>usbd_event_ep_in_complete_handler</STRONG> (Thumb, 132 bytes, Stack size 16 bytes, usbd_core.o(i.usbd_event_ep_in_complete_handler))
<BR><BR>[Stack]<UL><LI>Max Depth = 56<LI>Call Chain = usbd_event_ep_in_complete_handler &rArr; usbd_ep_start_write &rArr; pyusb_write_packet
</UL>
<BR>[Calls]<UL><LI><a href="#[7d]">&gt;&gt;</a>&nbsp;&nbsp;&nbsp;usbd_ep_start_write
<LI><a href="#[85]">&gt;&gt;</a>&nbsp;&nbsp;&nbsp;usbd_ep_start_read
</UL>
<BR>[Called By]<UL><LI><a href="#[65]">&gt;&gt;</a>&nbsp;&nbsp;&nbsp;USBD_IRQHandler
<LI><a href="#[6b]">&gt;&gt;</a>&nbsp;&nbsp;&nbsp;handle_ep0
</UL>

<P><STRONG><a name="[6f]"></a>usbd_event_ep_out_complete_handler</STRONG> (Thumb, 122 bytes, Stack size 16 bytes, usbd_core.o(i.usbd_event_ep_out_complete_handler))
<BR><BR>[Stack]<UL><LI>Max Depth = 184<LI>Call Chain = usbd_event_ep_out_complete_handler &rArr; usbd_setup_request_handler &rArr; usbd_standard_request_handler &rArr; usbd_std_interface_req_handler &rArr; usbd_set_interface &rArr; usbd_set_endpoint &rArr; usbd_ep_open &rArr; pyusb_get_fifo_size
</UL>
<BR>[Calls]<UL><LI><a href="#[7d]">&gt;&gt;</a>&nbsp;&nbsp;&nbsp;usbd_ep_start_write
<LI><a href="#[85]">&gt;&gt;</a>&nbsp;&nbsp;&nbsp;usbd_ep_start_read
<LI><a href="#[84]">&gt;&gt;</a>&nbsp;&nbsp;&nbsp;usbd_ep_set_stall
<LI><a href="#[87]">&gt;&gt;</a>&nbsp;&nbsp;&nbsp;usbd_setup_request_handler
</UL>
<BR>[Called By]<UL><LI><a href="#[65]">&gt;&gt;</a>&nbsp;&nbsp;&nbsp;USBD_IRQHandler
<LI><a href="#[6b]">&gt;&gt;</a>&nbsp;&nbsp;&nbsp;handle_ep0
</UL>

<P><STRONG><a name="[67]"></a>usbd_event_reset_handler</STRONG> (Thumb, 66 bytes, Stack size 8 bytes, usbd_core.o(i.usbd_event_reset_handler))
<BR><BR>[Stack]<UL><LI>Max Depth = 48<LI>Call Chain = usbd_event_reset_handler &rArr; usbd_ep_open &rArr; pyusb_get_fifo_size
</UL>
<BR>[Calls]<UL><LI><a href="#[8a]">&gt;&gt;</a>&nbsp;&nbsp;&nbsp;usbd_set_address
<LI><a href="#[82]">&gt;&gt;</a>&nbsp;&nbsp;&nbsp;usbd_ep_open
<LI><a href="#[8b]">&gt;&gt;</a>&nbsp;&nbsp;&nbsp;usbd_class_event_notify_handler
</UL>
<BR>[Called By]<UL><LI><a href="#[65]">&gt;&gt;</a>&nbsp;&nbsp;&nbsp;USBD_IRQHandler
</UL>

<P><STRONG><a name="[68]"></a>usbd_event_resume_handler</STRONG> (Thumb, 12 bytes, Stack size 8 bytes, usbd_core.o(i.usbd_event_resume_handler))
<BR><BR>[Stack]<UL><LI>Max Depth = 32<LI>Call Chain = usbd_event_resume_handler &rArr; usbd_class_event_notify_handler
</UL>
<BR>[Calls]<UL><LI><a href="#[8b]">&gt;&gt;</a>&nbsp;&nbsp;&nbsp;usbd_class_event_notify_handler
</UL>
<BR>[Called By]<UL><LI><a href="#[65]">&gt;&gt;</a>&nbsp;&nbsp;&nbsp;USBD_IRQHandler
</UL>

<P><STRONG><a name="[69]"></a>usbd_event_suspend_handler</STRONG> (Thumb, 12 bytes, Stack size 8 bytes, usbd_core.o(i.usbd_event_suspend_handler))
<BR><BR>[Stack]<UL><LI>Max Depth = 32<LI>Call Chain = usbd_event_suspend_handler &rArr; usbd_class_event_notify_handler
</UL>
<BR>[Calls]<UL><LI><a href="#[8b]">&gt;&gt;</a>&nbsp;&nbsp;&nbsp;usbd_class_event_notify_handler
</UL>
<BR>[Called By]<UL><LI><a href="#[65]">&gt;&gt;</a>&nbsp;&nbsp;&nbsp;USBD_IRQHandler
</UL>

<P><STRONG><a name="[78]"></a>usbd_hid_init_intf</STRONG> (Thumb, 22 bytes, Stack size 8 bytes, usbd_hid.o(i.usbd_hid_init_intf))
<BR><BR>[Stack]<UL><LI>Max Depth = 8<LI>Call Chain = usbd_hid_init_intf
</UL>
<BR>[Called By]<UL><LI><a href="#[58]">&gt;&gt;</a>&nbsp;&nbsp;&nbsp;hid_keyboard_init
</UL>

<P><STRONG><a name="[0]"></a>usbd_hid_int_callback</STRONG> (Thumb, 8 bytes, Stack size 0 bytes, usbd_hid_keyboard_if.o(i.usbd_hid_int_callback))
<BR>[Address Reference Count : 1]<UL><LI> usbd_hid_keyboard_if.o(.data)
</UL>
<P><STRONG><a name="[7b]"></a>usbd_initialize</STRONG> (Thumb, 8 bytes, Stack size 8 bytes, usbd_core.o(i.usbd_initialize))
<BR><BR>[Stack]<UL><LI>Max Depth = 16<LI>Call Chain = usbd_initialize &rArr; usb_dc_init
</UL>
<BR>[Calls]<UL><LI><a href="#[7e]">&gt;&gt;</a>&nbsp;&nbsp;&nbsp;usb_dc_init
</UL>
<BR>[Called By]<UL><LI><a href="#[58]">&gt;&gt;</a>&nbsp;&nbsp;&nbsp;hid_keyboard_init
</UL>

<P><STRONG><a name="[8a]"></a>usbd_set_address</STRONG> (Thumb, 18 bytes, Stack size 0 bytes, usb_dc_py32.o(i.usbd_set_address))
<BR><BR>[Called By]<UL><LI><a href="#[67]">&gt;&gt;</a>&nbsp;&nbsp;&nbsp;usbd_event_reset_handler
<LI><a href="#[95]">&gt;&gt;</a>&nbsp;&nbsp;&nbsp;usbd_std_device_req_handler
</UL>

<P><STRONG><a name="[72]"></a>usbh_hid_get_idle</STRONG> (Thumb, 8 bytes, Stack size 0 bytes, usbd_hid_keyboard_if.o(i.usbh_hid_get_idle))
<BR><BR>[Called By]<UL><LI><a href="#[47]">&gt;&gt;</a>&nbsp;&nbsp;&nbsp;hid_class_interface_request_handler
</UL>

<P><STRONG><a name="[73]"></a>usbh_hid_get_protocol</STRONG> (Thumb, 6 bytes, Stack size 0 bytes, usbd_hid.o(i.usbh_hid_get_protocol))
<BR><BR>[Called By]<UL><LI><a href="#[47]">&gt;&gt;</a>&nbsp;&nbsp;&nbsp;hid_class_interface_request_handler
</UL>

<P><STRONG><a name="[71]"></a>usbh_hid_get_report</STRONG> (Thumb, 6 bytes, Stack size 0 bytes, usbd_hid.o(i.usbh_hid_get_report))
<BR><BR>[Called By]<UL><LI><a href="#[47]">&gt;&gt;</a>&nbsp;&nbsp;&nbsp;hid_class_interface_request_handler
</UL>

<P><STRONG><a name="[75]"></a>usbh_hid_set_idle</STRONG> (Thumb, 6 bytes, Stack size 0 bytes, usbd_hid_keyboard_if.o(i.usbh_hid_set_idle))
<BR><BR>[Called By]<UL><LI><a href="#[47]">&gt;&gt;</a>&nbsp;&nbsp;&nbsp;hid_class_interface_request_handler
</UL>

<P><STRONG><a name="[76]"></a>usbh_hid_set_protocol</STRONG> (Thumb, 2 bytes, Stack size 0 bytes, usbd_hid.o(i.usbh_hid_set_protocol))
<BR><BR>[Called By]<UL><LI><a href="#[47]">&gt;&gt;</a>&nbsp;&nbsp;&nbsp;hid_class_interface_request_handler
</UL>

<P><STRONG><a name="[74]"></a>usbh_hid_set_report</STRONG> (Thumb, 6 bytes, Stack size 8 bytes, usbd_hid.o(i.usbh_hid_set_report))
<BR><BR>[Stack]<UL><LI>Max Depth = 8<LI>Call Chain = usbh_hid_set_report
</UL>
<BR>[Called By]<UL><LI><a href="#[47]">&gt;&gt;</a>&nbsp;&nbsp;&nbsp;hid_class_interface_request_handler
</UL>
<P>
<H3>
Local Symbols
</H3>
<P><STRONG><a name="[53]"></a>APP_SystemClockConfig</STRONG> (Thumb, 116 bytes, Stack size 72 bytes, main.o(i.APP_SystemClockConfig))
<BR><BR>[Stack]<UL><LI>Max Depth = 184<LI>Call Chain = APP_SystemClockConfig &rArr; HAL_RCC_ClockConfig &rArr; HAL_RCC_GetSysClockFreq
</UL>
<BR>[Calls]<UL><LI><a href="#[54]">&gt;&gt;</a>&nbsp;&nbsp;&nbsp;HAL_RCC_OscConfig
<LI><a href="#[56]">&gt;&gt;</a>&nbsp;&nbsp;&nbsp;HAL_RCC_ClockConfig
<LI><a href="#[55]">&gt;&gt;</a>&nbsp;&nbsp;&nbsp;APP_ErrorHandler
<LI><a href="#[52]">&gt;&gt;</a>&nbsp;&nbsp;&nbsp;__aeabi_memclr4
</UL>
<BR>[Called By]<UL><LI><a href="#[44]">&gt;&gt;</a>&nbsp;&nbsp;&nbsp;main
</UL>

<P><STRONG><a name="[57]"></a>APP_USBInit</STRONG> (Thumb, 108 bytes, Stack size 8 bytes, main.o(i.APP_USBInit))
<BR><BR>[Stack]<UL><LI>Max Depth = 32<LI>Call Chain = APP_USBInit &rArr; hid_keyboard_init &rArr; usbd_initialize &rArr; usb_dc_init
</UL>
<BR>[Calls]<UL><LI><a href="#[58]">&gt;&gt;</a>&nbsp;&nbsp;&nbsp;hid_keyboard_init
</UL>
<BR>[Called By]<UL><LI><a href="#[44]">&gt;&gt;</a>&nbsp;&nbsp;&nbsp;main
</UL>

<P><STRONG><a name="[63]"></a>RCC_Delay</STRONG> (Thumb, 36 bytes, Stack size 8 bytes, py32f403_hal_rcc.o(i.RCC_Delay))
<BR><BR>[Stack]<UL><LI>Max Depth = 8<LI>Call Chain = RCC_Delay
</UL>
<BR>[Called By]<UL><LI><a href="#[54]">&gt;&gt;</a>&nbsp;&nbsp;&nbsp;HAL_RCC_OscConfig
</UL>

<P><STRONG><a name="[5f]"></a>__NVIC_GetPriorityGrouping</STRONG> (Thumb, 10 bytes, Stack size 0 bytes, py32f403_hal_cortex.o(i.__NVIC_GetPriorityGrouping))
<BR><BR>[Called By]<UL><LI><a href="#[5e]">&gt;&gt;</a>&nbsp;&nbsp;&nbsp;HAL_NVIC_SetPriority
</UL>

<P><STRONG><a name="[60]"></a>__NVIC_SetPriority</STRONG> (Thumb, 32 bytes, Stack size 8 bytes, py32f403_hal_cortex.o(i.__NVIC_SetPriority))
<BR><BR>[Stack]<UL><LI>Max Depth = 8<LI>Call Chain = __NVIC_SetPriority
</UL>
<BR>[Called By]<UL><LI><a href="#[5e]">&gt;&gt;</a>&nbsp;&nbsp;&nbsp;HAL_NVIC_SetPriority
<LI><a href="#[5d]">&gt;&gt;</a>&nbsp;&nbsp;&nbsp;HAL_SYSTICK_Config
</UL>

<P><STRONG><a name="[9a]"></a>is_device_configured</STRONG> (Thumb, 16 bytes, Stack size 0 bytes, usbd_core.o(i.is_device_configured))
<BR><BR>[Called By]<UL><LI><a href="#[96]">&gt;&gt;</a>&nbsp;&nbsp;&nbsp;usbd_std_interface_req_handler
<LI><a href="#[97]">&gt;&gt;</a>&nbsp;&nbsp;&nbsp;usbd_std_endpoint_req_handler
</UL>

<P><STRONG><a name="[8b]"></a>usbd_class_event_notify_handler</STRONG> (Thumb, 38 bytes, Stack size 24 bytes, usbd_core.o(i.usbd_class_event_notify_handler))
<BR><BR>[Stack]<UL><LI>Max Depth = 24<LI>Call Chain = usbd_class_event_notify_handler
</UL>
<BR>[Called By]<UL><LI><a href="#[69]">&gt;&gt;</a>&nbsp;&nbsp;&nbsp;usbd_event_suspend_handler
<LI><a href="#[68]">&gt;&gt;</a>&nbsp;&nbsp;&nbsp;usbd_event_resume_handler
<LI><a href="#[67]">&gt;&gt;</a>&nbsp;&nbsp;&nbsp;usbd_event_reset_handler
<LI><a href="#[95]">&gt;&gt;</a>&nbsp;&nbsp;&nbsp;usbd_std_device_req_handler
<LI><a href="#[90]">&gt;&gt;</a>&nbsp;&nbsp;&nbsp;usbd_set_interface
</UL>

<P><STRONG><a name="[93]"></a>usbd_class_request_handler</STRONG> (Thumb, 122 bytes, Stack size 24 bytes, usbd_core.o(i.usbd_class_request_handler))
<BR><BR>[Stack]<UL><LI>Max Depth = 24<LI>Call Chain = usbd_class_request_handler
</UL>
<BR>[Called By]<UL><LI><a href="#[87]">&gt;&gt;</a>&nbsp;&nbsp;&nbsp;usbd_setup_request_handler
</UL>

<P><STRONG><a name="[98]"></a>usbd_get_descriptor</STRONG> (Thumb, 192 bytes, Stack size 24 bytes, usbd_core.o(i.usbd_get_descriptor))
<BR><BR>[Stack]<UL><LI>Max Depth = 24<LI>Call Chain = usbd_get_descriptor
</UL>
<BR>[Called By]<UL><LI><a href="#[95]">&gt;&gt;</a>&nbsp;&nbsp;&nbsp;usbd_std_device_req_handler
</UL>

<P><STRONG><a name="[92]"></a>usbd_print_setup</STRONG> (Thumb, 2 bytes, Stack size 0 bytes, usbd_core.o(i.usbd_print_setup))
<BR><BR>[Called By]<UL><LI><a href="#[87]">&gt;&gt;</a>&nbsp;&nbsp;&nbsp;usbd_setup_request_handler
</UL>

<P><STRONG><a name="[8c]"></a>usbd_reset_endpoint</STRONG> (Thumb, 48 bytes, Stack size 16 bytes, usbd_core.o(i.usbd_reset_endpoint))
<BR><BR>[Stack]<UL><LI>Max Depth = 16<LI>Call Chain = usbd_reset_endpoint
</UL>
<BR>[Calls]<UL><LI><a href="#[8d]">&gt;&gt;</a>&nbsp;&nbsp;&nbsp;usbd_ep_close
</UL>
<BR>[Called By]<UL><LI><a href="#[90]">&gt;&gt;</a>&nbsp;&nbsp;&nbsp;usbd_set_interface
<LI><a href="#[8e]">&gt;&gt;</a>&nbsp;&nbsp;&nbsp;usbd_set_configuration
</UL>

<P><STRONG><a name="[8e]"></a>usbd_set_configuration</STRONG> (Thumb, 104 bytes, Stack size 32 bytes, usbd_core.o(i.usbd_set_configuration))
<BR><BR>[Stack]<UL><LI>Max Depth = 88<LI>Call Chain = usbd_set_configuration &rArr; usbd_set_endpoint &rArr; usbd_ep_open &rArr; pyusb_get_fifo_size
</UL>
<BR>[Calls]<UL><LI><a href="#[8f]">&gt;&gt;</a>&nbsp;&nbsp;&nbsp;usbd_set_endpoint
<LI><a href="#[8c]">&gt;&gt;</a>&nbsp;&nbsp;&nbsp;usbd_reset_endpoint
</UL>
<BR>[Called By]<UL><LI><a href="#[95]">&gt;&gt;</a>&nbsp;&nbsp;&nbsp;usbd_std_device_req_handler
</UL>

<P><STRONG><a name="[8f]"></a>usbd_set_endpoint</STRONG> (Thumb, 46 bytes, Stack size 16 bytes, usbd_core.o(i.usbd_set_endpoint))
<BR><BR>[Stack]<UL><LI>Max Depth = 56<LI>Call Chain = usbd_set_endpoint &rArr; usbd_ep_open &rArr; pyusb_get_fifo_size
</UL>
<BR>[Calls]<UL><LI><a href="#[82]">&gt;&gt;</a>&nbsp;&nbsp;&nbsp;usbd_ep_open
</UL>
<BR>[Called By]<UL><LI><a href="#[90]">&gt;&gt;</a>&nbsp;&nbsp;&nbsp;usbd_set_interface
<LI><a href="#[8e]">&gt;&gt;</a>&nbsp;&nbsp;&nbsp;usbd_set_configuration
</UL>

<P><STRONG><a name="[90]"></a>usbd_set_interface</STRONG> (Thumb, 118 bytes, Stack size 40 bytes, usbd_core.o(i.usbd_set_interface))
<BR><BR>[Stack]<UL><LI>Max Depth = 96<LI>Call Chain = usbd_set_interface &rArr; usbd_set_endpoint &rArr; usbd_ep_open &rArr; pyusb_get_fifo_size
</UL>
<BR>[Calls]<UL><LI><a href="#[8f]">&gt;&gt;</a>&nbsp;&nbsp;&nbsp;usbd_set_endpoint
<LI><a href="#[8c]">&gt;&gt;</a>&nbsp;&nbsp;&nbsp;usbd_reset_endpoint
<LI><a href="#[8b]">&gt;&gt;</a>&nbsp;&nbsp;&nbsp;usbd_class_event_notify_handler
</UL>
<BR>[Called By]<UL><LI><a href="#[96]">&gt;&gt;</a>&nbsp;&nbsp;&nbsp;usbd_std_interface_req_handler
</UL>

<P><STRONG><a name="[87]"></a>usbd_setup_request_handler</STRONG> (Thumb, 126 bytes, Stack size 16 bytes, usbd_core.o(i.usbd_setup_request_handler))
<BR><BR>[Stack]<UL><LI>Max Depth = 168<LI>Call Chain = usbd_setup_request_handler &rArr; usbd_standard_request_handler &rArr; usbd_std_interface_req_handler &rArr; usbd_set_interface &rArr; usbd_set_endpoint &rArr; usbd_ep_open &rArr; pyusb_get_fifo_size
</UL>
<BR>[Calls]<UL><LI><a href="#[94]">&gt;&gt;</a>&nbsp;&nbsp;&nbsp;usbd_vendor_request_handler
<LI><a href="#[91]">&gt;&gt;</a>&nbsp;&nbsp;&nbsp;usbd_standard_request_handler
<LI><a href="#[92]">&gt;&gt;</a>&nbsp;&nbsp;&nbsp;usbd_print_setup
<LI><a href="#[93]">&gt;&gt;</a>&nbsp;&nbsp;&nbsp;usbd_class_request_handler
</UL>
<BR>[Called By]<UL><LI><a href="#[6f]">&gt;&gt;</a>&nbsp;&nbsp;&nbsp;usbd_event_ep_out_complete_handler
<LI><a href="#[70]">&gt;&gt;</a>&nbsp;&nbsp;&nbsp;usbd_event_ep0_setup_complete_handler
</UL>

<P><STRONG><a name="[91]"></a>usbd_standard_request_handler</STRONG> (Thumb, 98 bytes, Stack size 24 bytes, usbd_core.o(i.usbd_standard_request_handler))
<BR><BR>[Stack]<UL><LI>Max Depth = 152<LI>Call Chain = usbd_standard_request_handler &rArr; usbd_std_interface_req_handler &rArr; usbd_set_interface &rArr; usbd_set_endpoint &rArr; usbd_ep_open &rArr; pyusb_get_fifo_size
</UL>
<BR>[Calls]<UL><LI><a href="#[96]">&gt;&gt;</a>&nbsp;&nbsp;&nbsp;usbd_std_interface_req_handler
<LI><a href="#[97]">&gt;&gt;</a>&nbsp;&nbsp;&nbsp;usbd_std_endpoint_req_handler
<LI><a href="#[95]">&gt;&gt;</a>&nbsp;&nbsp;&nbsp;usbd_std_device_req_handler
</UL>
<BR>[Called By]<UL><LI><a href="#[87]">&gt;&gt;</a>&nbsp;&nbsp;&nbsp;usbd_setup_request_handler
</UL>

<P><STRONG><a name="[95]"></a>usbd_std_device_req_handler</STRONG> (Thumb, 188 bytes, Stack size 24 bytes, usbd_core.o(i.usbd_std_device_req_handler))
<BR><BR>[Stack]<UL><LI>Max Depth = 112<LI>Call Chain = usbd_std_device_req_handler &rArr; usbd_set_configuration &rArr; usbd_set_endpoint &rArr; usbd_ep_open &rArr; pyusb_get_fifo_size
</UL>
<BR>[Calls]<UL><LI><a href="#[99]">&gt;&gt;</a>&nbsp;&nbsp;&nbsp;usbd_configure_done_callback
<LI><a href="#[8a]">&gt;&gt;</a>&nbsp;&nbsp;&nbsp;usbd_set_address
<LI><a href="#[8e]">&gt;&gt;</a>&nbsp;&nbsp;&nbsp;usbd_set_configuration
<LI><a href="#[98]">&gt;&gt;</a>&nbsp;&nbsp;&nbsp;usbd_get_descriptor
<LI><a href="#[8b]">&gt;&gt;</a>&nbsp;&nbsp;&nbsp;usbd_class_event_notify_handler
</UL>
<BR>[Called By]<UL><LI><a href="#[91]">&gt;&gt;</a>&nbsp;&nbsp;&nbsp;usbd_standard_request_handler
</UL>

<P><STRONG><a name="[97]"></a>usbd_std_endpoint_req_handler</STRONG> (Thumb, 144 bytes, Stack size 32 bytes, usbd_core.o(i.usbd_std_endpoint_req_handler))
<BR><BR>[Stack]<UL><LI>Max Depth = 56<LI>Call Chain = usbd_std_endpoint_req_handler &rArr; usbd_ep_is_stalled
</UL>
<BR>[Calls]<UL><LI><a href="#[84]">&gt;&gt;</a>&nbsp;&nbsp;&nbsp;usbd_ep_set_stall
<LI><a href="#[81]">&gt;&gt;</a>&nbsp;&nbsp;&nbsp;usbd_ep_is_stalled
<LI><a href="#[80]">&gt;&gt;</a>&nbsp;&nbsp;&nbsp;usbd_ep_clear_stall
<LI><a href="#[9a]">&gt;&gt;</a>&nbsp;&nbsp;&nbsp;is_device_configured
</UL>
<BR>[Called By]<UL><LI><a href="#[91]">&gt;&gt;</a>&nbsp;&nbsp;&nbsp;usbd_standard_request_handler
</UL>

<P><STRONG><a name="[96]"></a>usbd_std_interface_req_handler</STRONG> (Thumb, 204 bytes, Stack size 32 bytes, usbd_core.o(i.usbd_std_interface_req_handler))
<BR><BR>[Stack]<UL><LI>Max Depth = 128<LI>Call Chain = usbd_std_interface_req_handler &rArr; usbd_set_interface &rArr; usbd_set_endpoint &rArr; usbd_ep_open &rArr; pyusb_get_fifo_size
</UL>
<BR>[Calls]<UL><LI><a href="#[90]">&gt;&gt;</a>&nbsp;&nbsp;&nbsp;usbd_set_interface
<LI><a href="#[9a]">&gt;&gt;</a>&nbsp;&nbsp;&nbsp;is_device_configured
</UL>
<BR>[Called By]<UL><LI><a href="#[91]">&gt;&gt;</a>&nbsp;&nbsp;&nbsp;usbd_standard_request_handler
</UL>

<P><STRONG><a name="[94]"></a>usbd_vendor_request_handler</STRONG> (Thumb, 188 bytes, Stack size 24 bytes, usbd_core.o(i.usbd_vendor_request_handler))
<BR><BR>[Stack]<UL><LI>Max Depth = 24<LI>Call Chain = usbd_vendor_request_handler
</UL>
<BR>[Called By]<UL><LI><a href="#[87]">&gt;&gt;</a>&nbsp;&nbsp;&nbsp;usbd_setup_request_handler
</UL>

<P><STRONG><a name="[6b]"></a>handle_ep0</STRONG> (Thumb, 324 bytes, Stack size 16 bytes, usb_dc_py32.o(i.handle_ep0))
<BR><BR>[Stack]<UL><LI>Max Depth = 200<LI>Call Chain = handle_ep0 &rArr; usbd_event_ep_out_complete_handler &rArr; usbd_setup_request_handler &rArr; usbd_standard_request_handler &rArr; usbd_std_interface_req_handler &rArr; usbd_set_interface &rArr; usbd_set_endpoint &rArr; usbd_ep_open &rArr; pyusb_get_fifo_size
</UL>
<BR>[Calls]<UL><LI><a href="#[6e]">&gt;&gt;</a>&nbsp;&nbsp;&nbsp;pyusb_read_packet
<LI><a href="#[6f]">&gt;&gt;</a>&nbsp;&nbsp;&nbsp;usbd_event_ep_out_complete_handler
<LI><a href="#[6c]">&gt;&gt;</a>&nbsp;&nbsp;&nbsp;usbd_event_ep_in_complete_handler
<LI><a href="#[70]">&gt;&gt;</a>&nbsp;&nbsp;&nbsp;usbd_event_ep0_setup_complete_handler
</UL>
<BR>[Called By]<UL><LI><a href="#[65]">&gt;&gt;</a>&nbsp;&nbsp;&nbsp;USBD_IRQHandler
</UL>

<P><STRONG><a name="[66]"></a>pyusb_get_active_ep</STRONG> (Thumb, 6 bytes, Stack size 0 bytes, usb_dc_py32.o(i.pyusb_get_active_ep))
<BR><BR>[Called By]<UL><LI><a href="#[7d]">&gt;&gt;</a>&nbsp;&nbsp;&nbsp;usbd_ep_start_write
<LI><a href="#[65]">&gt;&gt;</a>&nbsp;&nbsp;&nbsp;USBD_IRQHandler
<LI><a href="#[85]">&gt;&gt;</a>&nbsp;&nbsp;&nbsp;usbd_ep_start_read
<LI><a href="#[84]">&gt;&gt;</a>&nbsp;&nbsp;&nbsp;usbd_ep_set_stall
<LI><a href="#[82]">&gt;&gt;</a>&nbsp;&nbsp;&nbsp;usbd_ep_open
<LI><a href="#[81]">&gt;&gt;</a>&nbsp;&nbsp;&nbsp;usbd_ep_is_stalled
<LI><a href="#[80]">&gt;&gt;</a>&nbsp;&nbsp;&nbsp;usbd_ep_clear_stall
</UL>

<P><STRONG><a name="[83]"></a>pyusb_get_fifo_size</STRONG> (Thumb, 34 bytes, Stack size 8 bytes, usb_dc_py32.o(i.pyusb_get_fifo_size))
<BR><BR>[Stack]<UL><LI>Max Depth = 8<LI>Call Chain = pyusb_get_fifo_size
</UL>
<BR>[Called By]<UL><LI><a href="#[82]">&gt;&gt;</a>&nbsp;&nbsp;&nbsp;usbd_ep_open
</UL>

<P><STRONG><a name="[6e]"></a>pyusb_read_packet</STRONG> (Thumb, 34 bytes, Stack size 16 bytes, usb_dc_py32.o(i.pyusb_read_packet))
<BR><BR>[Stack]<UL><LI>Max Depth = 16<LI>Call Chain = pyusb_read_packet
</UL>
<BR>[Called By]<UL><LI><a href="#[65]">&gt;&gt;</a>&nbsp;&nbsp;&nbsp;USBD_IRQHandler
<LI><a href="#[6b]">&gt;&gt;</a>&nbsp;&nbsp;&nbsp;handle_ep0
</UL>

<P><STRONG><a name="[6a]"></a>pyusb_set_active_ep</STRONG> (Thumb, 6 bytes, Stack size 0 bytes, usb_dc_py32.o(i.pyusb_set_active_ep))
<BR><BR>[Called By]<UL><LI><a href="#[7d]">&gt;&gt;</a>&nbsp;&nbsp;&nbsp;usbd_ep_start_write
<LI><a href="#[65]">&gt;&gt;</a>&nbsp;&nbsp;&nbsp;USBD_IRQHandler
<LI><a href="#[85]">&gt;&gt;</a>&nbsp;&nbsp;&nbsp;usbd_ep_start_read
<LI><a href="#[84]">&gt;&gt;</a>&nbsp;&nbsp;&nbsp;usbd_ep_set_stall
<LI><a href="#[82]">&gt;&gt;</a>&nbsp;&nbsp;&nbsp;usbd_ep_open
<LI><a href="#[81]">&gt;&gt;</a>&nbsp;&nbsp;&nbsp;usbd_ep_is_stalled
<LI><a href="#[80]">&gt;&gt;</a>&nbsp;&nbsp;&nbsp;usbd_ep_clear_stall
<LI><a href="#[7e]">&gt;&gt;</a>&nbsp;&nbsp;&nbsp;usb_dc_init
</UL>

<P><STRONG><a name="[6d]"></a>pyusb_write_packet</STRONG> (Thumb, 34 bytes, Stack size 16 bytes, usb_dc_py32.o(i.pyusb_write_packet))
<BR><BR>[Stack]<UL><LI>Max Depth = 16<LI>Call Chain = pyusb_write_packet
</UL>
<BR>[Called By]<UL><LI><a href="#[7d]">&gt;&gt;</a>&nbsp;&nbsp;&nbsp;usbd_ep_start_write
<LI><a href="#[65]">&gt;&gt;</a>&nbsp;&nbsp;&nbsp;USBD_IRQHandler
</UL>

<P><STRONG><a name="[47]"></a>hid_class_interface_request_handler</STRONG> (Thumb, 144 bytes, Stack size 24 bytes, usbd_hid.o(i.hid_class_interface_request_handler))
<BR><BR>[Stack]<UL><LI>Max Depth = 32<LI>Call Chain = hid_class_interface_request_handler &rArr; usbh_hid_set_report
</UL>
<BR>[Calls]<UL><LI><a href="#[75]">&gt;&gt;</a>&nbsp;&nbsp;&nbsp;usbh_hid_set_idle
<LI><a href="#[72]">&gt;&gt;</a>&nbsp;&nbsp;&nbsp;usbh_hid_get_idle
<LI><a href="#[74]">&gt;&gt;</a>&nbsp;&nbsp;&nbsp;usbh_hid_set_report
<LI><a href="#[76]">&gt;&gt;</a>&nbsp;&nbsp;&nbsp;usbh_hid_set_protocol
<LI><a href="#[71]">&gt;&gt;</a>&nbsp;&nbsp;&nbsp;usbh_hid_get_report
<LI><a href="#[73]">&gt;&gt;</a>&nbsp;&nbsp;&nbsp;usbh_hid_get_protocol
</UL>
<BR>[Address Reference Count : 1]<UL><LI> usbd_hid.o(i.usbd_hid_init_intf)
</UL><P>
<H3>
Undefined Global Symbols
</H3><HR></body></html>
