<html>
<body>
<pre>
<h1>µVision Build Log</h1>
<h2>Tool Versions:</h2>
IDE-Version: ¦ÌVision V5.39.0.0
Copyright (C) 2023 ARM Ltd and ARM Germany GmbH. All rights reserved.
License Information: as swk-rd-260330, sa, LIC=CRMW3-AYUYP-E03N4-FZH8F-3DTAY-9EKVS
 
Tool Versions:
Toolchain:       MDK-ARM Professional  Version: 5.39.0.0
Toolchain Path:  D:\Keil_v5\ARM\ARMCC\Bin
C Compiler:      Armcc.exe V5.06 update 6 (build 750)
Assembler:       Armasm.exe V5.06 update 6 (build 750)
Linker/Locator:  ArmLink.exe V5.06 update 6 (build 750)
Library Manager: ArmAr.exe V5.06 update 6 (build 750)
Hex Converter:   FromElf.exe V5.06 update 6 (build 750)
CPU DLL:         SARMCM3.DLL V5.39.0.0
Dialog DLL:      DCM.DLL V1.17.5.0
Target DLL:      CMSIS_AGDI.dll V1.33.16.0
Dialog DLL:      TCM.DLL V1.56.4.0
 
<h2>Project:</h2>
D:\sike_local\PY32F403_Firmware_V1.4.5\Projects\PY32F403-STK\Applications\USB_Device\USBD_Keyboard\MDK-ARM\Project.uvprojx
Project File Date:  04/11/2026

<h2>Output:</h2>
*** Using Compiler 'V5.06 update 6 (build 750)', folder: 'D:\Keil_v5\ARM\ARMCC\Bin'
Build target 'Project'
assembling startup_py32f403xx.s...
compiling system_py32f403.c...
compiling py32f403_it.c...
compiling py32f403_hal_dma.c...
compiling py32f403xx_Start_Kit.c...
compiling py32f403_hal.c...
compiling py32f403_hal_msp.c...
compiling py32f403_hal_pwr_ex.c...
compiling main.c...
compiling py32f403_hal_gpio.c...
compiling py32f403_hal_cortex.c...
compiling py32f403_hal_pwr.c...
compiling py32f403_hal_rcc_ex.c...
compiling py32f403_hal_rcc.c...
compiling py32f403_hal_uart.c...
compiling usbd_hid_keyboard_if.c...
compiling usbd_core.c...
compiling usb_dc_py32.c...
compiling usbd_hid.c...
linking...
Program Size: Code=9344 RO-data=704 RW-data=404 ZI-data=4524  
FromELF: creating hex file...
".\Output\Project.axf" - 0 Error(s), 0 Warning(s).

<h2>Software Packages used:</h2>

Package Vendor: ARM
                http://www.keil.com/pack/ARM.CMSIS.5.9.0.pack
                ARM::CMSIS@5.9.0
                CMSIS (Common Microcontroller Software Interface Standard)
   * Component: CORE Version: 5.6.0

Package Vendor: Puya
                https://www.puyasemi.com/uploadfiles/Puya.PY32F4xx_DFP.1.0.6.pack
                Puya::PY32F4xx_DFP@1.0.6
                Puya PY32F4 Series Device Support

<h2>Collection of Component include folders:</h2>
  ./RTE/_Project
  D:/Keil_v5/Packs/ARM/CMSIS/5.9.0/CMSIS/Core/Include
  D:/Keil_v5/Packs/Puya/PY32F4xx_DFP/1.0.6/Drivers/CMSIS/Device/PUYA/PY32F4xx/Include

<h2>Collection of Component Files used:</h2>

   * Component: ARM::CMSIS:CORE@5.6.0
Build Time Elapsed:  00:00:01
</pre>
</body>
</html>
